TAP version 13
# Subtest: preparation stops until E3 correctness and real calibration plus indexed/bounded adapter exist
ok 1 - preparation stops until E3 correctness and real calibration plus indexed/bounded adapter exist
  ---
  duration_ms: 0.935041
  type: 'test'
  ...
# Subtest: source/fixture mismatches and fabricated zero-byte calibration cannot freeze runnable policy
ok 2 - source/fixture mismatches and fabricated zero-byte calibration cannot freeze runnable policy
  ---
  duration_ms: 0.448833
  type: 'test'
  ...
# Subtest: aged estimate retains proposed 1m identities; over-budget case explicitly shrinks diagnostic only
ok 3 - aged estimate retains proposed 1m identities; over-budget case explicitly shrinks diagnostic only
  ---
  duration_ms: 2.516083
  type: 'test'
  ...
# Subtest: disk space gate and exact prefunding bound all declared timed plus pending work
ok 4 - disk space gate and exact prefunding bound all declared timed plus pending work
  ---
  duration_ms: 0.715458
  type: 'test'
  ...
# Subtest: measurement separates stage rates; complete parity and all telemetry permit diagnostic pass
ok 5 - measurement separates stage rates; complete parity and all telemetry permit diagnostic pass
  ---
  duration_ms: 0.62825
  type: 'test'
  ...
# Subtest: producer duration miss fails even when output is exact after drain
ok 6 - producer duration miss fails even when output is exact after drain
  ---
  duration_ms: 0.336917
  type: 'test'
  ...
# Subtest: late drain cannot be counted as deadline output or settled financial throughput
ok 7 - late drain cannot be counted as deadline output or settled financial throughput
  ---
  duration_ms: 0.210292
  type: 'test'
  ...
# Subtest: cumulative offered cannot roll back between deadline and final cuts
ok 8 - cumulative offered cannot roll back between deadline and final cuts
  ---
  duration_ms: 0.270292
  type: 'test'
  ...
# Subtest: cumulative admitted cannot roll back between deadline and final cuts
ok 9 - cumulative admitted cannot roll back between deadline and final cuts
  ---
  duration_ms: 0.382042
  type: 'test'
  ...
# Subtest: cumulative decided cannot roll back between deadline and final cuts
ok 10 - cumulative decided cannot roll back between deadline and final cuts
  ---
  duration_ms: 0.537292
  type: 'test'
  ...
# Subtest: cumulative settled cannot roll back between deadline and final cuts
ok 11 - cumulative settled cannot roll back between deadline and final cuts
  ---
  duration_ms: 0.184625
  type: 'test'
  ...
# Subtest: deadline offers cannot exceed frozen expected workload even if final agrees
ok 12 - deadline offers cannot exceed frozen expected workload even if final agrees
  ---
  duration_ms: 0.125166
  type: 'test'
  ...
# Subtest: each cut rejects admission ordering and settlement accounting violations
ok 13 - each cut rejects admission ordering and settlement accounting violations
  ---
  duration_ms: 0.467959
  type: 'test'
  ...
# Subtest: pending may decrease during drain; only missed deadline settlement fails
ok 14 - pending may decrease during drain; only missed deadline settlement fails
  ---
  duration_ms: 0.437667
  type: 'test'
  ...
# Subtest: missing accounting or resource metrics are explicit limited attempt; count inconsistency fails
ok 15 - missing accounting or resource metrics are explicit limited attempt; count inconsistency fails
  ---
  duration_ms: 0.631625
  type: 'test'
  ...
# Subtest: lag growth, over-budget disk and unsupported latency clock cannot silently pass
ok 16 - lag growth, over-budget disk and unsupported latency clock cannot silently pass
  ---
  duration_ms: 0.104208
  type: 'test'
  ...
# Subtest: highest stable measured arm creates fresh/aged 300s pair with same business workload
ok 17 - highest stable measured arm creates fresh/aged 300s pair with same business workload
  ---
  duration_ms: 0.0915
  type: 'test'
  ...
# Subtest: missing restore cost, partial monitoring and observer slowdown remain limited preflight
ok 18 - missing restore cost, partial monitoring and observer slowdown remain limited preflight
  ---
  duration_ms: 0.110417
  type: 'test'
  ...
# Subtest: load and calibration entrypoints refuse before filesystem or adapter work without authorization
ok 19 - load and calibration entrypoints refuse before filesystem or adapter work without authorization
  ---
  duration_ms: 0.371959
  type: 'test'
  ...
# Subtest: calibration overrides cannot undercut measured physical byte budget or use invalid numbers
ok 20 - calibration overrides cannot undercut measured physical byte budget or use invalid numbers
  ---
  duration_ms: 0.324
  type: 'test'
  ...
# Subtest: valid byte override preserves conservative floor and may increase budget only
ok 21 - valid byte override preserves conservative floor and may increase budget only
  ---
  duration_ms: 0.095125
  type: 'test'
  ...
# Subtest: derived per-trade budget must remain safe integer before policy freezes
ok 22 - derived per-trade budget must remain safe integer before policy freezes
  ---
  duration_ms: 0.075459
  type: 'test'
  ...
# Subtest: invalid telemetry produces null derived metrics instead of non-finite values
ok 23 - invalid telemetry produces null derived metrics instead of non-finite values
  ---
  duration_ms: 0.408
  type: 'test'
  ...
# Subtest: invalid duration and zero trades cannot publish non-finite derived metrics
ok 24 - invalid duration and zero trades cannot publish non-finite derived metrics
  ---
  duration_ms: 0.303167
  type: 'test'
  ...
# Subtest: M3H missing conservative heap evidence blocks legacy real calibration
ok 25 - M3H missing conservative heap evidence blocks legacy real calibration
  ---
  duration_ms: 0.054625
  type: 'test'
  ...
# Subtest: M3H oversized retained heap cannot freeze despite fitting physical budget
ok 26 - M3H oversized retained heap cannot freeze despite fitting physical budget
  ---
  duration_ms: 0.060667
  type: 'test'
  ...
1..26
# tests 26
# suites 0
# pass 26
# fail 0
# cancelled 0
# skipped 0
# todo 0
# duration_ms 98.693208
