{
  "reviewInstance": "4 of 4, same-instance concrete-envelope supplement",
  "verdict": "Ready",
  "checkedUtc": "2026-10-06T03:05:15.936Z",
  "patchSha256": "da8ad0e573c9d4a17a4da81c425401b08a34f4d3c04b8f301ec4061c1564117b",
  "policySha256": "bb090140bef683b5d8d5e20487853eb71d862e28233583f0ee83a59ac998a587",
  "capability": {
    "maxHeapBytes": 8589934592,
    "buildSha256": "2a8dc310c26c5973dcdbbea5f4ac0061a2c296a574e71b253bf47d6c09fe5314",
    "classpathSha256": "90022116d4f2b9705298358286b26893fea72ed8f2afcee5d668f6743d97b1f5",
    "configSha256": "866eca6e3446fc0f723c768a54ae2f5b920a1becfc9bd1fd40986110064f9d84",
    "fixtureSha256": "fee7eead368d2ef2927aad1e53877907a4d74f9762b696d20f7e5575b1361e6d"
  },
  "clusterId": "redpanda.ddf9a1f7-1513-4776-b198-a4b776cc609c",
  "project": "reef-calcify-e4-timed3-8c6f",
  "latestInspectedUtc": "2026-10-06T03:05:15.616Z",
  "emptyStoreAndJournal": true,
  "proofOutputAbsent": true,
  "checks": [
    "freezeDiagnostic(request) exact policy",
    "verifyDiagnosticEvidence raw capability/correctness/fixture/config/source PASS",
    "validateRateSupervisor/validateRateResourcePolicy/validateBootstrapRuntime actual argv/output PASS",
    "explicit8GiB/profile14–16GiB/current annotation PASS",
    "canonical owned root; empty store/journal; absent unique proof output PASS",
    "successful raw capability/broker-scope command argv/stdout exact match PASS",
    "compiled Financial classes and ordered entire classpath current byte hashes PASS",
    "raw created/healthy latest inspect IDs/images/labels/volumes/endpoints/1CPU2GiB match registry PASS",
    "prior49 correctness raw digest and fixture/config economic policy equality PASS",
    "all10 reviewed source hashes and patch unchanged PASS"
  ],
  "hashes": {
    "arm5/frozen/adapter-before-annotation-correction.json": "a5989c22120bb83aba6de15205330958b868cc4d0145acde68938f06657b852d",
    "arm5/frozen/adapter.json": "5601c356463e35d3d55f317b99dfc96b0149102d55248839d7295f90f27efe57",
    "arm5/frozen/broker-scope-command.json": "56a74e2725ef8979dc7e38b6d3d0dd581180b25e47021a2469edbddf8af6270b",
    "arm5/frozen/capability-command.json": "1f4aaa223a931ec3b0c3ebef578a8a29d2744c5d2d8907bbc15995e6953278c3",
    "arm5/frozen/capability.json": "57532460b294bbdffa5f9a52a659d94d8775815ece34690c6e6fcbc558b3ae52",
    "arm5/frozen/config.json": "866eca6e3446fc0f723c768a54ae2f5b920a1becfc9bd1fd40986110064f9d84",
    "arm5/frozen/config.template.json": "866eca6e3446fc0f723c768a54ae2f5b920a1becfc9bd1fd40986110064f9d84",
    "arm5/frozen/correctness-compatibility.json": "91b51c5a198bffe2593733d68336351bdbef09100453f56602f20e67afb99b9a",
    "arm5/frozen/fixture.json": "fee7eead368d2ef2927aad1e53877907a4d74f9762b696d20f7e5575b1361e6d",
    "arm5/frozen/freeze-command.json": "23955aef3831d2a07792f5a4700888c28670d4a0c8100a133c18b69db27469b2",
    "arm5/frozen/policy.json": "751d95935aa2a602a6547332f68c17ef86c9f9e9aa42e0099b1d3401dc02249c",
    "arm5/frozen/prior-e3-correctness.json": "a702292c3507278993a7fa895f601357ca8aef477c6fec7a2e4ca45406d5cac6",
    "arm5/frozen/request.json": "c72acb6b65c89380d5f25294c1f79a2ad2683e5c2fc1642dd845954869e8d0b8",
    "arm5/frozen/supervisor-before-annotation-correction.json": "671cc18e4df074a974c309ef58c8aa2c848a7c4893290f3244a60232aa990f3f",
    "arm5/frozen/supervisor.json": "17d6cf1c0fa982e2b22d35b85b6c3e613aed6170c4161201a7d28ef14ea69903",
    "broker3/preflight.json": "16f40e8451d802cc2a6f0d11b32c095f1aa544e4c3379db524ddd75ce860a41d",
    "broker3/registration.json": "e395bde3d67a00f3ac0c7cd8d47209129663e3633d657206f5cf35369d6a2c2b",
    "broker3/create-012-created-inspect.json": "a729720af2658f0900800055c52b79d1a802625ab925d3bfbe8e023167550902",
    "broker3/create-013-created-volumes.json": "8450aa540102a5baa7eee52db780206b40cdf006f16d878dc6a6f870b9beff66",
    "broker3/bootstrap-01611-inspect.json": "cefec839f3ce92f8c8a814be1bfbb6f4cd38d34eb3e06edaffa9e246a5f38a41"
  },
  "transition": "Parent plans actual strict first-resource-sample plus wrapper-launch receipt then setup watcher handoff/exit; transition not yet executed or certified by this prelaunch supplement."
}
