TAP version 13
# Subtest: recognizes observed Maven request throttling and plugin-portal equivalent
ok 1 - recognizes observed Maven request throttling and plugin-portal equivalent
  ---
  duration_ms: 0.738959
  type: 'test'
  ...
# Subtest: successful first build runs once without waiting
ok 2 - successful first build runs once without waiting
  ---
  duration_ms: 0.424458
  type: 'test'
  ...
# Subtest: throttled builds retry with bounded backoff and require actual success
ok 3 - throttled builds retry with bounded backoff and require actual success
  ---
  duration_ms: 1.103541
  type: 'test'
  ...
# Subtest: persistent throttling stays red after three attempts
ok 4 - persistent throttling stays red after three attempts
  ---
  duration_ms: 0.547542
  type: 'test'
  ...
# Subtest: compile errors, interrupted builds and spawn errors do not retry
ok 5 - compile errors, interrupted builds and spawn errors do not retry
  ---
  duration_ms: 1.176291
  type: 'test'
  ...
# build output
# dependency error
# Subtest: subprocess runner captures both streams and preserves exit code
ok 6 - subprocess runner captures both streams and preserves exit code
  ---
  duration_ms: 51.108791
  type: 'test'
  ...
# Subtest: accepts a successful full CI run
ok 7 - accepts a successful full CI run
  ---
  duration_ms: 1.918208
  type: 'test'
  ...
# Subtest: accepts intentionally skipped full jobs for a bot-only pull request
ok 8 - accepts intentionally skipped full jobs for a bot-only pull request
  ---
  duration_ms: 0.1305
  type: 'test'
  ...
# Subtest: accepts an intentionally skipped replay on a human pull request
ok 9 - accepts an intentionally skipped replay on a human pull request
  ---
  duration_ms: 0.385917
  type: 'test'
  ...
# Subtest: rejects any failed full-CI job
ok 10 - rejects any failed full-CI job
  ---
  duration_ms: 0.657791
  type: 'test'
  ...
# Subtest: rejects a replay skip when replay is required
ok 11 - rejects a replay skip when replay is required
  ---
  duration_ms: 0.385666
  type: 'test'
  ...
# Subtest: rejects a failed scope classifier even when full CI is skipped
ok 12 - rejects a failed scope classifier even when full CI is skipped
  ---
  duration_ms: 0.214834
  type: 'test'
  ...
# arena actor diagnostics checks passed
# Subtest: scripts/dev/analyze-arena-actor-diagnostics.test.mjs
ok 3 - scripts/dev/analyze-arena-actor-diagnostics.test.mjs
  ---
  duration_ms: 85.366
  type: 'test'
  ...
# arena score breakdown checks passed
# Subtest: scripts/dev/arena-score-breakdown.test.mjs
ok 4 - scripts/dev/arena-score-breakdown.test.mjs
  ---
  duration_ms: 73.478583
  type: 'test'
  ...
# bot submission merged registry sync checks passed
# Subtest: scripts/dev/bot-submission-register-merged.test.mjs
ok 5 - scripts/dev/bot-submission-register-merged.test.mjs
  ---
  duration_ms: 486.2035
  type: 'test'
  ...
# Subtest: qualifies trade contexts/s and reports distinct order units
ok 16 - qualifies trade contexts/s and reports distinct order units
  ---
  duration_ms: 0.838334
  type: 'test'
  ...
# Subtest: after-deadline observation cannot rescue failed sustained throughput
ok 17 - after-deadline observation cannot rescue failed sustained throughput
  ---
  duration_ms: 0.9035
  type: 'test'
  ...
# Subtest: preflight does not contribute to measured throughput
ok 18 - preflight does not contribute to measured throughput
  ---
  duration_ms: 0.136375
  type: 'test'
  ...
# Subtest: missing baseline, verified count, or full-fact proof fails closed
ok 19 - missing baseline, verified count, or full-fact proof fails closed
  ---
  duration_ms: 0.523625
  type: 'test'
  ...
# Subtest: drain bound starts from HTTP completion, not later report receipt
ok 20 - drain bound starts from HTTP completion, not later report receipt
  ---
  duration_ms: 0.130209
  type: 'test'
  ...
# Subtest: short diagnostic cannot qualify
ok 21 - short diagnostic cannot qualify
  ---
  duration_ms: 0.072834
  type: 'test'
  ...
# Subtest: Go omits the disabled receipt-generation field
ok 22 - Go omits the disabled receipt-generation field
  ---
  duration_ms: 0.06575
  type: 'test'
  ...
# Subtest: direct config defaults to no preflight and distinct path units
ok 23 - direct config defaults to no preflight and distinct path units
  ---
  duration_ms: 0.464708
  type: 'test'
  ...
# Subtest: aggressor counts one timed order per trade and excludes 64 seeded makers
ok 24 - aggressor counts one timed order per trade and excludes 64 seeded makers
  ---
  duration_ms: 0.100666
  type: 'test'
  ...
# Subtest: aggressor report must agree with configured mode and trade aliases
ok 25 - aggressor report must agree with configured mode and trade aliases
  ---
  duration_ms: 0.073917
  type: 'test'
  ...
# Subtest: zero-trade maker baseline requires exactly the configured accepted orders
ok 26 - zero-trade maker baseline requires exactly the configured accepted orders
  ---
  duration_ms: 0.07175
  type: 'test'
  ...
# Subtest: prefix: complete manifest, duplicate and out-of-order members close once
ok 27 - prefix: complete manifest, duplicate and out-of-order members close once
  ---
  duration_ms: 1.928042
  type: 'test'
  ...
# Subtest: prefix: unresolved prior fill prevents opening until dependency closure
ok 28 - prefix: unresolved prior fill prevents opening until dependency closure
  ---
  duration_ms: 0.262375
  type: 'test'
  ...
# Subtest: prefix: zero-trade amendment/cancel are explicit coverage members
ok 29 - prefix: zero-trade amendment/cancel are explicit coverage members
  ---
  duration_ms: 1.722709
  type: 'test'
  ...
# Subtest: prefix: high water leaves fetched suffix in separate bounded budget
ok 30 - prefix: high water leaves fetched suffix in separate bounded budget
  ---
  duration_ms: 0.258959
  type: 'test'
  ...
# Subtest: prefix: reassignment preserves grant membership; timeout never reclaims
ok 31 - prefix: reassignment preserves grant membership; timeout never reclaims
  ---
  duration_ms: 0.552833
  type: 'test'
  ...
# Subtest: prefix: closed tombstone rejects late old duplicate without extra capacity
ok 32 - prefix: closed tombstone rejects late old duplicate without extra capacity
  ---
  duration_ms: 0.1525
  type: 'test'
  ...
# Subtest: prefix: missing source fact remains waiting, not algorithmic deadlock
ok 33 - prefix: missing source fact remains waiting, not algorithmic deadlock
  ---
  duration_ms: 0.114375
  type: 'test'
  ...
# Subtest: credit: complete manifest, duplicate and out-of-order members close once
ok 34 - credit: complete manifest, duplicate and out-of-order members close once
  ---
  duration_ms: 0.219417
  type: 'test'
  ...
# Subtest: credit: unresolved prior fill prevents opening until dependency closure
ok 35 - credit: unresolved prior fill prevents opening until dependency closure
  ---
  duration_ms: 0.172042
  type: 'test'
  ...
# Subtest: credit: zero-trade amendment/cancel are explicit coverage members
ok 36 - credit: zero-trade amendment/cancel are explicit coverage members
  ---
  duration_ms: 0.169041
  type: 'test'
  ...
# Subtest: credit: high water leaves fetched suffix in separate bounded budget
ok 37 - credit: high water leaves fetched suffix in separate bounded budget
  ---
  duration_ms: 0.157667
  type: 'test'
  ...
# Subtest: credit: reassignment preserves grant membership; timeout never reclaims
ok 38 - credit: reassignment preserves grant membership; timeout never reclaims
  ---
  duration_ms: 0.164333
  type: 'test'
  ...
# Subtest: credit: closed tombstone rejects late old duplicate without extra capacity
ok 39 - credit: closed tombstone rejects late old duplicate without extra capacity
  ---
  duration_ms: 0.842083
  type: 'test'
  ...
# Subtest: credit: missing source fact remains waiting, not algorithmic deadlock
ok 40 - credit: missing source fact remains waiting, not algorithmic deadlock
  ---
  duration_ms: 0.11325
  type: 'test'
  ...
# Subtest: source-prefix refuses B grant while ungranted A occupies FIFO; credits need bounded bypass
ok 41 - source-prefix refuses B grant while ungranted A occupies FIFO; credits need bounded bypass
  ---
  duration_ms: 0.294833
  type: 'test'
  ...
# Subtest: seal behind future burst: prefix excludes ordering, credit reserved bypass reaches closure
ok 42 - seal behind future burst: prefix excludes ordering, credit reserved bypass reaches closure
  ---
  duration_ms: 0.382375
  type: 'test'
  ...
# Subtest: future burst beyond bypass envelope produces retained counterexample, no lost admitted membership
ok 43 - future burst beyond bypass envelope produces retained counterexample, no lost admitted membership
  ---
  duration_ms: 0.133583
  type: 'test'
  ...
# Subtest: declared fanout overflow rejected before opening; unknown membership faults without release
ok 44 - declared fanout overflow rejected before opening; unknown membership faults without release
  ---
  duration_ms: 0.137
  type: 'test'
  ...
# Subtest: bounded exhaustive and seeded schedule families close all supplied facts within resources
ok 45 - bounded exhaustive and seeded schedule families close all supplied facts within resources
  ---
  duration_ms: 171.44825
  type: 'test'
  ...
# Subtest: healthy credit rejects unproved closure path before reserving capacity
ok 46 - healthy credit rejects unproved closure path before reserving capacity
  ---
  duration_ms: 0.162166
  type: 'test'
  ...
# Subtest: cyclic or forward prefix dependency manifests fail preflight instead of creating deadlock
ok 47 - cyclic or forward prefix dependency manifests fail preflight instead of creating deadlock
  ---
  duration_ms: 0.140125
  type: 'test'
  ...
# Subtest: prefix: checkpoint schema and required state reject truncated or mixed cuts
ok 48 - prefix: checkpoint schema and required state reject truncated or mixed cuts
  ---
  duration_ms: 1.534959
  type: 'test'
  ...
# Subtest: credit: checkpoint schema and required state reject truncated or mixed cuts
ok 49 - credit: checkpoint schema and required state reject truncated or mixed cuts
  ---
  duration_ms: 2.549875
  type: 'test'
  ...
# Subtest: preparation stops until E3 correctness and real calibration plus indexed/bounded adapter exist
ok 50 - preparation stops until E3 correctness and real calibration plus indexed/bounded adapter exist
  ---
  duration_ms: 2.126625
  type: 'test'
  ...
# Subtest: source/fixture mismatches and fabricated zero-byte calibration cannot freeze runnable policy
ok 51 - source/fixture mismatches and fabricated zero-byte calibration cannot freeze runnable policy
  ---
  duration_ms: 0.584042
  type: 'test'
  ...
# Subtest: aged estimate retains proposed 1m identities; over-budget case explicitly shrinks diagnostic only
ok 52 - aged estimate retains proposed 1m identities; over-budget case explicitly shrinks diagnostic only
  ---
  duration_ms: 0.2025
  type: 'test'
  ...
# Subtest: disk space gate and exact prefunding bound all declared timed plus pending work
ok 53 - disk space gate and exact prefunding bound all declared timed plus pending work
  ---
  duration_ms: 0.441416
  type: 'test'
  ...
# Subtest: measurement separates stage rates; complete parity and all telemetry permit diagnostic pass
ok 54 - measurement separates stage rates; complete parity and all telemetry permit diagnostic pass
  ---
  duration_ms: 0.690375
  type: 'test'
  ...
# Subtest: producer duration miss fails even when output is exact after drain
ok 55 - producer duration miss fails even when output is exact after drain
  ---
  duration_ms: 0.1765
  type: 'test'
  ...
# Subtest: late drain cannot be counted as deadline output or settled financial throughput
ok 56 - late drain cannot be counted as deadline output or settled financial throughput
  ---
  duration_ms: 0.694917
  type: 'test'
  ...
# Subtest: cumulative offered cannot roll back between deadline and final cuts
ok 57 - cumulative offered cannot roll back between deadline and final cuts
  ---
  duration_ms: 0.3375
  type: 'test'
  ...
# Subtest: cumulative admitted cannot roll back between deadline and final cuts
ok 58 - cumulative admitted cannot roll back between deadline and final cuts
  ---
  duration_ms: 0.122375
  type: 'test'
  ...
# Subtest: cumulative decided cannot roll back between deadline and final cuts
ok 59 - cumulative decided cannot roll back between deadline and final cuts
  ---
  duration_ms: 0.106417
  type: 'test'
  ...
# Subtest: cumulative settled cannot roll back between deadline and final cuts
ok 60 - cumulative settled cannot roll back between deadline and final cuts
  ---
  duration_ms: 0.100666
  type: 'test'
  ...
# Subtest: deadline offers cannot exceed frozen expected workload even if final agrees
ok 61 - deadline offers cannot exceed frozen expected workload even if final agrees
  ---
  duration_ms: 0.194458
  type: 'test'
  ...
# Subtest: each cut rejects admission ordering and settlement accounting violations
ok 62 - each cut rejects admission ordering and settlement accounting violations
  ---
  duration_ms: 0.624958
  type: 'test'
  ...
# Subtest: pending may decrease during drain; only missed deadline settlement fails
ok 63 - pending may decrease during drain; only missed deadline settlement fails
  ---
  duration_ms: 0.675917
  type: 'test'
  ...
# Subtest: missing accounting or resource metrics are explicit limited attempt; count inconsistency fails
ok 64 - missing accounting or resource metrics are explicit limited attempt; count inconsistency fails
  ---
  duration_ms: 0.276292
  type: 'test'
  ...
# Subtest: lag growth, over-budget disk and unsupported latency clock cannot silently pass
ok 65 - lag growth, over-budget disk and unsupported latency clock cannot silently pass
  ---
  duration_ms: 1.008583
  type: 'test'
  ...
# Subtest: highest stable measured arm creates fresh/aged 300s pair with same business workload
ok 66 - highest stable measured arm creates fresh/aged 300s pair with same business workload
  ---
  duration_ms: 0.17075
  type: 'test'
  ...
# Subtest: missing restore cost, partial monitoring and observer slowdown remain limited preflight
ok 67 - missing restore cost, partial monitoring and observer slowdown remain limited preflight
  ---
  duration_ms: 0.210791
  type: 'test'
  ...
# Subtest: load and calibration entrypoints refuse before filesystem or adapter work without authorization
ok 68 - load and calibration entrypoints refuse before filesystem or adapter work without authorization
  ---
  duration_ms: 0.926709
  type: 'test'
  ...
# Subtest: calibration overrides cannot undercut measured physical byte budget or use invalid numbers
ok 69 - calibration overrides cannot undercut measured physical byte budget or use invalid numbers
  ---
  duration_ms: 0.399833
  type: 'test'
  ...
# Subtest: valid byte override preserves conservative floor and may increase budget only
ok 70 - valid byte override preserves conservative floor and may increase budget only
  ---
  duration_ms: 0.177375
  type: 'test'
  ...
# Subtest: derived per-trade budget must remain safe integer before policy freezes
ok 71 - derived per-trade budget must remain safe integer before policy freezes
  ---
  duration_ms: 0.111959
  type: 'test'
  ...
# Subtest: invalid telemetry produces null derived metrics instead of non-finite values
ok 72 - invalid telemetry produces null derived metrics instead of non-finite values
  ---
  duration_ms: 1.435083
  type: 'test'
  ...
# Subtest: invalid duration and zero trades cannot publish non-finite derived metrics
ok 73 - invalid duration and zero trades cannot publish non-finite derived metrics
  ---
  duration_ms: 0.38275
  type: 'test'
  ...
# Subtest: stdout and stderr retain split UTF-8 and invalid bytes exactly
ok 74 - stdout and stderr retain split UTF-8 and invalid bytes exactly
  ---
  duration_ms: 4.180042
  type: 'test'
  ...
# Subtest: recorder persists binary output, failures and separate spawn diagnostics
ok 75 - recorder persists binary output, failures and separate spawn diagnostics
  ---
  duration_ms: 421.935917
  type: 'test'
  ...
# Subtest: USD_NANO: own hold consumption and competing withdrawal stay bounded
ok 76 - USD_NANO: own hold consumption and competing withdrawal stay bounded
  ---
  duration_ms: 2.538209
  type: 'test'
  ...
# Subtest: ACME_SHARE: own hold consumption and competing withdrawal stay bounded
ok 77 - ACME_SHARE: own hold consumption and competing withdrawal stay bounded
  ---
  duration_ms: 0.1945
  type: 'test'
  ...
# Subtest: cancel releases unmatched order only; captured obligation stays owned
ok 78 - cancel releases unmatched order only; captured obligation stays owned
  ---
  duration_ms: 0.085041
  type: 'test'
  ...
# Subtest: creation priority uses acceptance then stable owner ID; competing owner cannot spend hold
ok 79 - creation priority uses acceptance then stable owner ID; competing owner cannot spend hold
  ---
  duration_ms: 0.175333
  type: 'test'
  ...
# Subtest: exact-unit/range errors and conflicting transfers make no changes
ok 80 - exact-unit/range errors and conflicting transfers make no changes
  ---
  duration_ms: 0.238917
  type: 'test'
  ...
# CI pull request change-scope checks passed
# Subtest: scripts/dev/ci-pr-change-scope.test.mjs
ok 11 - scripts/dev/ci-pr-change-scope.test.mjs
  ---
  duration_ms: 94.991458
  type: 'test'
  ...
# CI workflow hardening guard checks passed
# Subtest: scripts/dev/ci-workflow-hardening.test.mjs
ok 12 - scripts/dev/ci-workflow-hardening.test.mjs
  ---
  duration_ms: 100.690041
  type: 'test'
  ...
# Subtest: parses archive partition month bounds
ok 83 - parses archive partition month bounds
  ---
  duration_ms: 1.259083
  type: 'test'
  ...
# Subtest: builds archive partition list SQL
ok 84 - builds archive partition list SQL
  ---
  duration_ms: 0.132917
  type: 'test'
  ...
# Subtest: builds monthly archive partition create SQL
ok 85 - builds monthly archive partition create SQL
  ---
  duration_ms: 0.084208
  type: 'test'
  ...
# Subtest: builds monthly archive partition drop SQL
ok 86 - builds monthly archive partition drop SQL
  ---
  duration_ms: 0.069042
  type: 'test'
  ...
# Subtest: builds monthly archive partition export SQL
ok 87 - builds monthly archive partition export SQL
  ---
  duration_ms: 0.074833
  type: 'test'
  ...
# Subtest: builds archive eligible count SQL
ok 88 - builds archive eligible count SQL
  ---
  duration_ms: 0.69775
  type: 'test'
  ...
# Subtest: builds bounded archive batch SQL
ok 89 - builds bounded archive batch SQL
  ---
  duration_ms: 0.134959
  type: 'test'
  ...
# Subtest: builds archive vacuum commands
ok 90 - builds archive vacuum commands
  ---
  duration_ms: 0.107917
  type: 'test'
  ...
# Subtest: builds command-log integrity summary SQL
ok 91 - builds command-log integrity summary SQL
  ---
  duration_ms: 0.555375
  type: 'test'
  ...
# Subtest: parses integrity summary rows
ok 92 - parses integrity summary rows
  ---
  duration_ms: 0.542375
  type: 'test'
  ...
# Subtest: finds nonzero integrity violations
ok 93 - finds nonzero integrity violations
  ---
  duration_ms: 0.074625
  type: 'test'
  ...
# Subtest: normalizes supported retention pin selector types
ok 94 - normalizes supported retention pin selector types
  ---
  duration_ms: 0.708458
  type: 'test'
  ...
# Subtest: builds upsert pin SQL with escaped values
ok 95 - builds upsert pin SQL with escaped values
  ---
  duration_ms: 0.145292
  type: 'test'
  ...
# Subtest: builds list and delete pin SQL
ok 96 - builds list and delete pin SQL
  ---
  duration_ms: 0.076667
  type: 'test'
  ...
# Subtest: parses prune duration values
ok 97 - parses prune duration values
  ---
  duration_ms: 0.815291
  type: 'test'
  ...
# Subtest: builds terminal-only eligible count SQL
ok 98 - builds terminal-only eligible count SQL
  ---
  duration_ms: 0.147833
  type: 'test'
  ...
# Subtest: builds batched delete for terminal command history
ok 99 - builds batched delete for terminal command history
  ---
  duration_ms: 0.092625
  type: 'test'
  ...
# Subtest: builds command-log orphan diagnostics and cleanup SQL
ok 100 - builds command-log orphan diagnostics and cleanup SQL
  ---
  duration_ms: 0.084042
  type: 'test'
  ...
# Subtest: builds active queue count SQL
ok 101 - builds active queue count SQL
  ---
  duration_ms: 0.12525
  type: 'test'
  ...
# Subtest: builds low-shared-memory vacuum commands
ok 102 - builds low-shared-memory vacuum commands
  ---
  duration_ms: 0.072417
  type: 'test'
  ...
# Subtest: builds retention pin exclusion predicate
ok 103 - builds retention pin exclusion predicate
  ---
  duration_ms: 0.058708
  type: 'test'
  ...
# arena score-v1 proof comparison checks passed
# Subtest: scripts/dev/compare-arena-score-v1-proof.test.mjs
ok 18 - scripts/dev/compare-arena-score-v1-proof.test.mjs
  ---
  duration_ms: 75.483125
  type: 'test'
  ...
# arena scoring calibration comparison checks passed
# Subtest: scripts/dev/compare-arena-scoring-calibration.test.mjs
ok 19 - scripts/dev/compare-arena-scoring-calibration.test.mjs
  ---
  duration_ms: 56.257334
  type: 'test'
  ...
# container image workflow guard checks passed
# Subtest: scripts/dev/container-images-workflow.test.mjs
ok 20 - scripts/dev/container-images-workflow.test.mjs
  ---
  duration_ms: 71.438166
  type: 'test'
  ...
# Subtest: discovers deterministic domain migrations
ok 107 - discovers deterministic domain migrations
  ---
  duration_ms: 74.1545
  type: 'test'
  ...
# Subtest: venue event batch integrity migration removes duplicate index and rejects conflicts
ok 108 - venue event batch integrity migration removes duplicate index and rejects conflicts
  ---
  duration_ms: 23.194375
  type: 'test'
  ...
# Subtest: audit hardening migration preserves first command outcome and counts actual canonical inserts
ok 109 - audit hardening migration preserves first command outcome and counts actual canonical inserts
  ---
  duration_ms: 18.8435
  type: 'test'
  ...
# Subtest: command-log integrity audit migration replaces dropped hot-path foreign key checks
ok 110 - command-log integrity audit migration replaces dropped hot-path foreign key checks
  ---
  duration_ms: 14.482125
  type: 'test'
  ...
# Subtest: typed top-of-book migration adds native numeric facts and indexes
ok 111 - typed top-of-book migration adds native numeric facts and indexes
  ---
  duration_ms: 15.155084
  type: 'test'
  ...
# Subtest: typed runtime event migration adds native UUID and timestamp facts
ok 112 - typed runtime event migration adds native UUID and timestamp facts
  ---
  duration_ms: 18.281458
  type: 'test'
  ...
# Subtest: typed submit result migration adds native audit facts
ok 113 - typed submit result migration adds native audit facts
  ---
  duration_ms: 17.125458
  type: 'test'
  ...
# Subtest: typed execution and trade migration adds native market facts
ok 114 - typed execution and trade migration adds native market facts
  ---
  duration_ms: 11.042
  type: 'test'
  ...
# Subtest: execution liquidity-role migration preserves canonical maker/taker attribution
ok 115 - execution liquidity-role migration preserves canonical maker/taker attribution
  ---
  duration_ms: 14.221209
  type: 'test'
  ...
# Subtest: execution replay migration rejects conflicting immutable facts
ok 116 - execution replay migration rejects conflicting immutable facts
  ---
  duration_ms: 14.690375
  type: 'test'
  ...
# Subtest: projection batch claim migration guards effects on both projection paths
ok 117 - projection batch claim migration guards effects on both projection paths
  ---
  duration_ms: 15.9665
  type: 'test'
  ...
# Subtest: typed order migration adds native order facts
ok 118 - typed order migration adds native order facts
  ---
  duration_ms: 17.072833
  type: 'test'
  ...
# Subtest: typed canonical time migration adds native audit timestamps
ok 119 - typed canonical time migration adds native audit timestamps
  ---
  duration_ms: 15.24825
  type: 'test'
  ...
# Subtest: batch payload gin index is removed from hot canonical materialization
ok 120 - batch payload gin index is removed from hot canonical materialization
  ---
  duration_ms: 12.639459
  type: 'test'
  ...
# Subtest: command-log archive migration creates partitioned terminal result archive
ok 121 - command-log archive migration creates partitioned terminal result archive
  ---
  duration_ms: 13.283209
  type: 'test'
  ...
# Subtest: runtime archive migrations create partitioned cold-history targets
ok 122 - runtime archive migrations create partitioned cold-history targets
  ---
  duration_ms: 14.977375
  type: 'test'
  ...
# Subtest: runtime projection lock-order migration hardens dirty queues
ok 123 - runtime projection lock-order migration hardens dirty queues
  ---
  duration_ms: 12.912542
  type: 'test'
  ...
# Subtest: runtime dirty queue migration moves rebuildable queues out of WAL
ok 124 - runtime dirty queue migration moves rebuildable queues out of WAL
  ---
  duration_ms: 15.666792
  type: 'test'
  ...
# Subtest: runtime event payload migration moves event JSON off hot rows
ok 125 - runtime event payload migration moves event JSON off hot rows
  ---
  duration_ms: 13.150959
  type: 'test'
  ...
# Subtest: idempotent lifecycle projection migration skips no-op row rewrites
ok 126 - idempotent lifecycle projection migration skips no-op row rewrites
  ---
  duration_ms: 13.091958
  type: 'test'
  ...
# Subtest: runtime event index migration drops legacy all-event indexes
ok 127 - runtime event index migration drops legacy all-event indexes
  ---
  duration_ms: 16.114292
  type: 'test'
  ...
# Subtest: command outcome projection preserves command correlation metadata
ok 128 - command outcome projection preserves command correlation metadata
  ---
  duration_ms: 14.948625
  type: 'test'
  ...
# Subtest: submit outcome projection migration splits command-status and timeline stages
ok 129 - submit outcome projection migration splits command-status and timeline stages
  ---
  duration_ms: 16.756334
  type: 'test'
  ...
# Subtest: wraps migration SQL with checksum ledger insert
ok 130 - wraps migration SQL with checksum ledger insert
  ---
  duration_ms: 14.698291
  type: 'test'
  ...
# Subtest: routes arena migrations only to arena database target
ok 131 - routes arena migrations only to arena database target
  ---
  duration_ms: 14.109708
  type: 'test'
  ...
# deploy receiver tests passed
# Subtest: scripts/dev/deploy-receiver.test.mjs
ok 22 - scripts/dev/deploy-receiver.test.mjs
  ---
  duration_ms: 196.7715
  type: 'test'
  ...
# Subtest: builds run export payload from stress report and artifact directory
ok 133 - builds run export payload from stress report and artifact directory
  ---
  duration_ms: 12.305167
  type: 'test'
  ...
# Subtest: extracts counts and latency from KPI report shape
ok 134 - extracts counts and latency from KPI report shape
  ---
  duration_ms: 0.152667
  type: 'test'
  ...
# Subtest: extracts counts, latency, and summary from arena local tick report
ok 135 - extracts counts, latency, and summary from arena local tick report
  ---
  duration_ms: 5.053917
  type: 'test'
  ...
# Subtest: parses cli flags
ok 136 - parses cli flags
  ---
  duration_ms: 0.168916
  type: 'test'
  ...
# dev profile checks passed
# Subtest: scripts/dev/lib/dev-profiles.test.mjs
ok 24 - scripts/dev/lib/dev-profiles.test.mjs
  ---
  duration_ms: 78.63925
  type: 'test'
  ...
# Subtest: devUp starts postgres, runs migrations, then starts full stack
ok 138 - devUp starts postgres, runs migrations, then starts full stack
  ---
  duration_ms: 1.3135
  type: 'test'
  ...
# Subtest: devUp fails before full stack when migrations fail
ok 139 - devUp fails before full stack when migrations fail
  ---
  duration_ms: 0.3995
  type: 'test'
  ...
# Subtest: devReset wipes volumes, migrates, starts stack, and can run smoke
ok 140 - devReset wipes volumes, migrates, starts stack, and can run smoke
  ---
  duration_ms: 0.239333
  type: 'test'
  ...
# Subtest: devReset skips smoke by default
ok 141 - devReset skips smoke by default
  ---
  duration_ms: 0.139708
  type: 'test'
  ...
# Subtest: devUp starts Arena storage only when the Arena overlay is selected
ok 142 - devUp starts Arena storage only when the Arena overlay is selected
  ---
  duration_ms: 0.197625
  type: 'test'
  ...
# Subtest: end-to-end guardrail includes expected business rejects
ok 143 - end-to-end guardrail includes expected business rejects
  ---
  duration_ms: 3.207375
  type: 'test'
  ...
# Subtest: valid-intent guardrail excludes expected business rejects
ok 144 - valid-intent guardrail excludes expected business rejects
  ---
  duration_ms: 0.12925
  type: 'test'
  ...
# Subtest: valid-intent guardrail still exposes system failures
ok 145 - valid-intent guardrail still exposes system failures
  ---
  duration_ms: 0.34725
  type: 'test'
  ...
# Subtest: end-to-end guardrail supports older reports without quality metrics
ok 146 - end-to-end guardrail supports older reports without quality metrics
  ---
  duration_ms: 0.08825
  type: 'test'
  ...
# Subtest: rejects unknown guardrail metrics
ok 147 - rejects unknown guardrail metrics
  ---
  duration_ms: 0.408875
  type: 'test'
  ...
# Subtest: stableStringify canonicalizes object key order
ok 148 - stableStringify canonicalizes object key order
  ---
  duration_ms: 10.752792
  type: 'test'
  ...
# Subtest: assertStableProjectionReplaySnapshot accepts identical stable read output
ok 149 - assertStableProjectionReplaySnapshot accepts identical stable read output
  ---
  duration_ms: 0.353416
  type: 'test'
  ...
# Subtest: assertStableProjectionReplaySnapshot rejects duplicate replay rows
ok 150 - assertStableProjectionReplaySnapshot rejects duplicate replay rows
  ---
  duration_ms: 0.462583
  type: 'test'
  ...
# Subtest: assertStableProjectionReplaySnapshot rejects API freshness drift
ok 151 - assertStableProjectionReplaySnapshot rejects API freshness drift
  ---
  duration_ms: 0.169792
  type: 'test'
  ...
# Subtest: assertClaimGuardedProjectionReplay accepts an exact duplicate blocked by its completed claim
ok 152 - assertClaimGuardedProjectionReplay accepts an exact duplicate blocked by its completed claim
  ---
  duration_ms: 0.203708
  type: 'test'
  ...
# Subtest: assertClaimGuardedProjectionReplay rejects a replay without an exact completed claim
ok 153 - assertClaimGuardedProjectionReplay rejects a replay without an exact completed claim
  ---
  duration_ms: 0.079042
  type: 'test'
  ...
# Subtest: assertClaimGuardedProjectionReplay rejects duplicate effects
ok 154 - assertClaimGuardedProjectionReplay rejects duplicate effects
  ---
  duration_ms: 0.069125
  type: 'test'
  ...
# arena actor calibration matrix checks passed
# Subtest: scripts/dev/run-arena-actor-calibration-matrix.test.mjs
ok 28 - scripts/dev/run-arena-actor-calibration-matrix.test.mjs
  ---
  duration_ms: 63.485084
  type: 'test'
  ...
# arena economic policy matrix checks passed
# Subtest: scripts/dev/run-arena-economic-policy-matrix.test.mjs
ok 29 - scripts/dev/run-arena-economic-policy-matrix.test.mjs
  ---
  duration_ms: 50.420875
  type: 'test'
  ...
# arena scoring calibration matrix checks passed
# Subtest: scripts/dev/run-arena-scoring-calibration-matrix.test.mjs
ok 30 - scripts/dev/run-arena-scoring-calibration-matrix.test.mjs
  ---
  duration_ms: 51.433459
  type: 'test'
  ...
# stream profile warning: stream-direct-nodb projector enabled for projection proof; do not use as no-DB throughput claim
# stream profile warning: noop-ceiling is API-front-door isolation only; 202 does not prove broker append
# stream profile guard checks passed
# Subtest: scripts/dev/stream-profile-guard.test.mjs
ok 31 - scripts/dev/stream-profile-guard.test.mjs
  ---
  duration_ms: 67.791541
  type: 'test'
  ...
1..158
# tests 158
# suites 0
# pass 158
# fail 0
# cancelled 0
# skipped 0
# todo 0
# duration_ms 800.096584
# start of coverage report
# ----------------------------------------------------------------------------------------------------------------------------------------------------------------------------------------------------------------------------------------------------------------------------------------------------
# file                                              | line % | branch % | funcs % | uncovered lines
# ----------------------------------------------------------------------------------------------------------------------------------------------------------------------------------------------------------------------------------------------------------------------------------------------------
# infra                                             |        |          |         | 
#  hetzner-core                                     |        |          |         | 
#   server                                          |        |          |         | 
#    deploy-receiver                                |        |          |         | 
#     server.mjs                                    |  56.30 |    75.00 |   58.33 | 37 48-55 57-60 62-71 73-91 93-116 136-137 139-140 142-143 145-146 149-153 155-159 161-165 199-200 213-214 216-217 221-244 246-250 271-278 286-287 291-292 304-305 318-320 375-376 387-389 406-458 460-469 472-477
# scripts                                           |        |          |         | 
#  ci                                               |        |          |         | 
#   build-container.mjs                             |  86.00 |    89.47 |   87.50 | 44-50
#   build-container.test.mjs                        | 100.00 |   100.00 |   83.33 | 
#   check-required-results.mjs                      |  79.37 |    73.33 |   50.00 | 25-26 51-59 62-63
#   check-required-results.test.mjs                 | 100.00 |   100.00 |  100.00 | 
#  dev                                              |        |          |         | 
#   analyze-arena-actor-diagnostics.mjs             |  95.49 |    55.93 |   95.77 | 53-62 153-154 157-158 325-326 408-410
#   analyze-arena-actor-diagnostics.test.mjs        | 100.00 |   100.00 |  100.00 | 
#   arena-score-breakdown.test.mjs                  | 100.00 |   100.00 |  100.00 | 
#   bot-submission-register-merged.mjs              |  78.95 |    32.00 |   95.00 | 18-20 24-25 28-29 46-47 70-72 90-92 107-108 138-141 143-144 151-152 157-158 166-167 169-170 172-173 183-184 186-187 214 225 249-250 259-272 274-276 284-285 288-289 296-297 320-323
#   bot-submission-register-merged.test.mjs         |  96.17 |    95.45 |   88.89 | 85-89 136-137 202 217
#   calcify-direct-capacity.mjs                     |  42.64 |    90.57 |   90.00 | 83-195
#   calcify-direct-capacity.test.mjs                | 100.00 |   100.00 |  100.00 | 
#   calcify-financial                               |        |          |         | 
#    gate-model.mjs                                 |  95.68 |    91.86 |   98.80 | 309-318 321-324
#    gate-model.test.mjs                            | 100.00 |   100.00 |  100.00 | 
#    lib                                            |        |          |         | 
#     output-capture.mjs                            | 100.00 |   100.00 |  100.00 | 
#    rate-proof.mjs                                 |  71.86 |    86.14 |   78.57 | 150-170 174-179 187 189-190 192-210 213-214 217-225 227-231
#    rate-proof.test.mjs                            | 100.00 |   100.00 |  100.00 | 
#    record-attempt.test.mjs                        | 100.00 |   100.00 |  100.00 | 
#    reservation-model.mjs                          |  97.10 |    76.27 |  100.00 | 63-64
#    reservation-model.test.mjs                     | 100.00 |   100.00 |  100.00 | 
#   ci-pr-change-scope.mjs                          |  71.43 |    78.79 |   77.78 | 20-21 39-40 77-97 101-105
#   ci-pr-change-scope.test.mjs                     | 100.00 |   100.00 |  100.00 | 
#   ci-workflow-hardening.test.mjs                  | 100.00 |    82.76 |  100.00 | 
#   command-log-archive-partitions.mjs              |  37.44 |    87.50 |   41.67 | 80-84 86-149 151-168 170-178 180-215 217-223 225-227
#   command-log-archive-partitions.test.mjs         | 100.00 |   100.00 |  100.00 | 
#   command-log-archive.mjs                         |  35.63 |    80.00 |   27.27 | 113-117 119-245 247-262 264-267 269-277 279-319 321-326 328-334
#   command-log-archive.test.mjs                    | 100.00 |   100.00 |  100.00 | 
#   command-log-integrity-check.mjs                 |  27.43 |    75.00 |   62.50 | 30-34 36-73 75-113
#   command-log-integrity-check.test.mjs            | 100.00 |   100.00 |  100.00 | 
#   command-log-pin.mjs                             |  32.73 |    80.00 |   55.56 | 48-52 54-113 115-150 152-161
#   command-log-pin.test.mjs                        | 100.00 |   100.00 |  100.00 | 
#   command-log-prune.mjs                           |  42.48 |    84.62 |   50.00 | 169-173 175-322 324-341 343-346 348-355 357-397 399-404 406-412
#   command-log-prune.test.mjs                      | 100.00 |   100.00 |  100.00 | 
#   compare-arena-score-v1-proof.mjs                |  85.14 |    40.26 |   94.44 | 9-21 118-119 173-190
#   compare-arena-score-v1-proof.test.mjs           | 100.00 |   100.00 |  100.00 | 
#   compare-arena-scoring-calibration.mjs           |  91.43 |    62.00 |  100.00 | 5-13
#   compare-arena-scoring-calibration.test.mjs      | 100.00 |   100.00 |  100.00 | 
#   container-images-workflow.test.mjs              | 100.00 |   100.00 |  100.00 | 
#   db                                              |        |          |         | 
#    migrate.mjs                                    |  34.74 |    76.19 |   64.71 | 33-35 61-62 71-72 93-110 112-152 154-192 202-239 241-278 281-285
#    migrate.test.mjs                               | 100.00 |   100.00 |  100.00 | 
#   deploy-receiver.test.mjs                        | 100.00 |   100.00 |  100.00 | 
#   export-simulation-run.mjs                       |  82.82 |    44.60 |   86.11 | 79-84 107-108 117-138 152-162 167-183 191 400-408 413-414 435 444 471-476 479-483
#   export-simulation-run.test.mjs                  | 100.00 |   100.00 |  100.00 | 
#   lib                                             |        |          |         | 
#    arena-score-breakdown.mjs                      |  99.59 |    66.92 |   96.08 | 441-442
#    bot-submission-contract.mjs                    |  66.67 |    45.45 |   80.00 | 8-9 14-18 27-28 30-31 36-37 39-40 42-43
#    compose-utils.mjs                              | 100.00 |   100.00 |  100.00 | 
#    db-diagnostics.mjs                             |   6.35 |   100.00 |    0.00 | 12-17 20-46 49-338 341-354 357-391 394-418 421-427 429-431 433-461 463-498 500-508 510-514 516-519 521-533 535-543 545-550 552-560 562-566 568-574 576-579 581-583
#    dev-profiles.test.mjs                          | 100.00 |   100.00 |  100.00 | 
#    dev-stack-profiles.mjs                         |  77.78 |    60.53 |   78.26 | 15-21 24-30 33-35 40 48-49 55 197-198 260-261 264 316-364 366-389 394
#    dev-stack.mjs                                  | 100.00 |    76.47 |  100.00 | 
#    dev-stack.test.mjs                             | 100.00 |   100.00 |   84.21 | 
#    dev-stress-profiles.mjs                        |  67.95 |    63.64 |   50.00 | 13-17 22-23 25-26 34 38-40 42-66 68-79
#    dev-utils.mjs                                  |  24.26 |    90.91 |   44.44 | 24-42 46-52 55-82 85-104 107-108 110-136
#    projection-replay-proof.mjs                    |  91.04 |    90.48 |  100.00 | 31-34 47-48
#    stream-profile-guard.mjs                       |  93.46 |    77.50 |   90.91 | 15-17 32 72-76 89
#    stress-session-config.mjs                      | 100.00 |    62.50 |  100.00 | 
#    stress-success-guardrail.mjs                   | 100.00 |    71.43 |  100.00 | 
#    stress-success-guardrail.test.mjs              | 100.00 |   100.00 |  100.00 | 
#   projection-replay-proof.test.mjs                | 100.00 |   100.00 |  100.00 | 
#   run-arena-actor-calibration-matrix.mjs          |  69.64 |    57.80 |   81.25 | 104-106 109-198 397-407 459-469 471-477 484-491 493-515 517-529 543-545 547-549 555 576-579
#   run-arena-actor-calibration-matrix.test.mjs     | 100.00 |   100.00 |  100.00 | 
#   run-arena-economic-policy-matrix.mjs            |  54.55 |    66.67 |   60.00 | 13-19 22-55 58-77 79-97 135-136 145-146 149-150 152-153 165-166 171-173 176-177 183-184 187-188 229 234-255 276-279 281-283 285-287 289-291
#   run-arena-economic-policy-matrix.test.mjs       | 100.00 |   100.00 |  100.00 | 
#   run-arena-scoring-calibration-matrix.mjs        |  54.24 |    84.38 |   66.67 | 21-24 27-64 107-129 131-143 162-164
#   run-arena-scoring-calibration-matrix.test.mjs   | 100.00 |   100.00 |  100.00 | 
#   stream-profile-guard.test.mjs                   | 100.00 |   100.00 |  100.00 | 
# ----------------------------------------------------------------------------------------------------------------------------------------------------------------------------------------------------------------------------------------------------------------------------------------------------
# all files                                         |  76.70 |    74.62 |   86.23 | 
# ----------------------------------------------------------------------------------------------------------------------------------------------------------------------------------------------------------------------------------------------------------------------------------------------------
# end of coverage report
