{"mode":"init","prefix":"p2-cap-237bc880-hot","args":[],"code":0}
SLF4J(W): No SLF4J providers were found.
SLF4J(W): Defaulting to no-operation (NOP) logger implementation
SLF4J(W): See https://www.slf4j.org/codes.html#noProviders for further details.

{"mode":"paired-seed","prefix":"p2-cap-237bc880-hot","args":[1000,"hot"],"code":0}
{"waves":1000,"trades":100000,"bytes":373057676,"elapsedMs":8006}
SLF4J(W): No SLF4J providers were found.
SLF4J(W): Defaulting to no-operation (NOP) logger implementation
SLF4J(W): See https://www.slf4j.org/codes.html#noProviders for further details.

{"mode":"measure","prefix":"p2-cap-237bc880-hot","args":[100000,120000],"code":0}
{"window":{"elapsedMs":5011,"records":12516,"rate":2497.6216659102506}}
{"window":{"elapsedMs":10049,"records":38213,"rate":5100.472471867803}}
{"window":{"elapsedMs":15084,"records":57009,"rate":3732.929848130158}}
{"window":{"elapsedMs":20148,"records":79810,"rate":4502.352758726511}}
{"result":{"expected":100000,"records":100000,"unique":100000,"duplicates":0,"identityChecks":true,"outputBytes":208555000,"elapsedMs":24287,"activeMs":22038,"durableRate":4537.425176230476,"pass":true,"windows":[{"elapsedMs":5011,"records":12516,"rate":2497.6216659102506},{"elapsedMs":10049,"records":38213,"rate":5100.472471867803},{"elapsedMs":15084,"records":57009,"rate":3732.929848130158},{"elapsedMs":20148,"records":79810,"rate":4502.352758726511}]}}
SLF4J(W): No SLF4J providers were found.
SLF4J(W): Defaulting to no-operation (NOP) logger implementation
SLF4J(W): See https://www.slf4j.org/codes.html#noProviders for further details.

{"mode":"paired-oracle","prefix":"p2-cap-237bc880-hot","args":[100000],"code":0}
{"result":{"records":100000,"expected":100000,"fullFactParity":true,"orderedUnique":true,"pass":true}}
SLF4J(W): No SLF4J providers were found.
SLF4J(W): Defaulting to no-operation (NOP) logger implementation
SLF4J(W): See https://www.slf4j.org/codes.html#noProviders for further details.

