{"mode":"init","prefix":"p2-cap-863faaaf-hot","args":[],"code":0}
SLF4J(W): No SLF4J providers were found.
SLF4J(W): Defaulting to no-operation (NOP) logger implementation
SLF4J(W): See https://www.slf4j.org/codes.html#noProviders for further details.

{"mode":"paired-seed","prefix":"p2-cap-863faaaf-hot","args":[1000,"hot"],"code":0}
{"waves":1000,"trades":100000,"bytes":373057676,"elapsedMs":11632}
SLF4J(W): No SLF4J providers were found.
SLF4J(W): Defaulting to no-operation (NOP) logger implementation
SLF4J(W): See https://www.slf4j.org/codes.html#noProviders for further details.

{"mode":"measure","prefix":"p2-cap-863faaaf-hot","args":[100000,120000],"code":0}
{"window":{"elapsedMs":5013,"records":21516,"rate":4291.342876301926}}
{"window":{"elapsedMs":10015,"records":64016,"rate":8496.826788662429}}
{"result":{"expected":100000,"records":100000,"unique":100000,"duplicates":0,"identityChecks":true,"outputBytes":208555000,"elapsedMs":14645,"activeMs":12450,"durableRate":8032.080396410901,"pass":true,"windows":[{"elapsedMs":5013,"records":21516,"rate":4291.342876301926},{"elapsedMs":10015,"records":64016,"rate":8496.826788662429}]}}
SLF4J(W): No SLF4J providers were found.
SLF4J(W): Defaulting to no-operation (NOP) logger implementation
SLF4J(W): See https://www.slf4j.org/codes.html#noProviders for further details.

{"mode":"paired-oracle","prefix":"p2-cap-863faaaf-hot","args":[100000],"code":0}
{"result":{"records":100000,"expected":100000,"fullFactParity":true,"orderedUnique":true,"pass":true}}
SLF4J(W): No SLF4J providers were found.
SLF4J(W): Defaulting to no-operation (NOP) logger implementation
SLF4J(W): See https://www.slf4j.org/codes.html#noProviders for further details.

