TAP version 13
# Subtest: external plan freezes four executable trigger/barrier definitions
ok 1 - external plan freezes four executable trigger/barrier definitions
  ---
  duration_ms: 0.905709
  type: 'test'
  ...
# Subtest: broker registration refuses missing, malformed, duplicate and unregistered IDs
ok 2 - broker registration refuses missing, malformed, duplicate and unregistered IDs
  ---
  duration_ms: 1.331166
  type: 'test'
  ...
# Subtest: daemon inspection requires exact IDs, owned labels and two live peers
ok 3 - daemon inspection requires exact IDs, owned labels and two live peers
  ---
  duration_ms: 1.1475
  type: 'test'
  ...
# Subtest: restoration validates ownership even when peer health fails after outage
ok 4 - restoration validates ownership even when peer health fails after outage
  ---
  duration_ms: 0.20125
  type: 'test'
  ...
# Subtest: recovery requires identical physical prefix and exact stable end for idle restart
ok 5 - recovery requires identical physical prefix and exact stable end for idle restart
  ---
  duration_ms: 0.53375
  type: 'test'
  ...
# Subtest: stale owner requires observed broker fencing, never generic error or elapsed time
ok 6 - stale owner requires observed broker fencing, never generic error or elapsed time
  ---
  duration_ms: 0.283084
  type: 'test'
  ...
# Subtest: producer failure arm invokes actual producer seam, observes zero abort outputs then restores
ok 7 - producer failure arm invokes actual producer seam, observes zero abort outputs then restores
  ---
  duration_ms: 0.467875
  type: 'test'
  ...
# Subtest: committed-before-ACK arm kills after read-committed barrier and persists ACK only after stable recovery
ok 8 - committed-before-ACK arm kills after read-committed barrier and persists ACK only after stable recovery
  ---
  duration_ms: 0.149458
  type: 'test'
  ...
# Subtest: stale-owner arm freezes before forward, takes over, resumes and demands fencing before end-offset proof
ok 9 - stale-owner arm freezes before forward, takes over, resumes and demands fencing before end-offset proof
  ---
  duration_ms: 0.422875
  type: 'test'
  ...
# Subtest: majority outage proves fresh outputs while target stopped and restores target on failure
ok 10 - majority outage proves fresh outputs while target stopped and restores target on failure
  ---
  duration_ms: 1.059458
  type: 'test'
  ...
1..10
# tests 10
# suites 0
# pass 10
# fail 0
# cancelled 0
# skipped 0
# todo 0
# duration_ms 56.093042
