TAP version 13
# Subtest: prefix: complete manifest, duplicate and out-of-order members close once
ok 1 - prefix: complete manifest, duplicate and out-of-order members close once
  ---
  duration_ms: 1.747375
  type: 'test'
  ...
# Subtest: prefix: unresolved prior fill prevents opening until dependency closure
ok 2 - prefix: unresolved prior fill prevents opening until dependency closure
  ---
  duration_ms: 0.460834
  type: 'test'
  ...
# Subtest: prefix: zero-trade amendment/cancel are explicit coverage members
ok 3 - prefix: zero-trade amendment/cancel are explicit coverage members
  ---
  duration_ms: 0.276875
  type: 'test'
  ...
# Subtest: prefix: high water leaves fetched suffix in separate bounded budget
ok 4 - prefix: high water leaves fetched suffix in separate bounded budget
  ---
  duration_ms: 0.218542
  type: 'test'
  ...
# Subtest: prefix: reassignment preserves grant membership; timeout never reclaims
ok 5 - prefix: reassignment preserves grant membership; timeout never reclaims
  ---
  duration_ms: 1.010083
  type: 'test'
  ...
# Subtest: prefix: closed tombstone rejects late old duplicate without extra capacity
ok 6 - prefix: closed tombstone rejects late old duplicate without extra capacity
  ---
  duration_ms: 0.154459
  type: 'test'
  ...
# Subtest: prefix: missing source fact remains waiting, not algorithmic deadlock
ok 7 - prefix: missing source fact remains waiting, not algorithmic deadlock
  ---
  duration_ms: 0.167208
  type: 'test'
  ...
# Subtest: credit: complete manifest, duplicate and out-of-order members close once
ok 8 - credit: complete manifest, duplicate and out-of-order members close once
  ---
  duration_ms: 0.228042
  type: 'test'
  ...
# Subtest: credit: unresolved prior fill prevents opening until dependency closure
ok 9 - credit: unresolved prior fill prevents opening until dependency closure
  ---
  duration_ms: 0.495083
  type: 'test'
  ...
# Subtest: credit: zero-trade amendment/cancel are explicit coverage members
ok 10 - credit: zero-trade amendment/cancel are explicit coverage members
  ---
  duration_ms: 0.496166
  type: 'test'
  ...
# Subtest: credit: high water leaves fetched suffix in separate bounded budget
ok 11 - credit: high water leaves fetched suffix in separate bounded budget
  ---
  duration_ms: 0.2325
  type: 'test'
  ...
# Subtest: credit: reassignment preserves grant membership; timeout never reclaims
ok 12 - credit: reassignment preserves grant membership; timeout never reclaims
  ---
  duration_ms: 0.137959
  type: 'test'
  ...
# Subtest: credit: closed tombstone rejects late old duplicate without extra capacity
ok 13 - credit: closed tombstone rejects late old duplicate without extra capacity
  ---
  duration_ms: 0.084084
  type: 'test'
  ...
# Subtest: credit: missing source fact remains waiting, not algorithmic deadlock
ok 14 - credit: missing source fact remains waiting, not algorithmic deadlock
  ---
  duration_ms: 0.070375
  type: 'test'
  ...
# Subtest: source-prefix refuses B grant while ungranted A occupies FIFO; credits need bounded bypass
ok 15 - source-prefix refuses B grant while ungranted A occupies FIFO; credits need bounded bypass
  ---
  duration_ms: 0.670167
  type: 'test'
  ...
# Subtest: seal behind future burst: prefix excludes ordering, credit reserved bypass reaches closure
ok 16 - seal behind future burst: prefix excludes ordering, credit reserved bypass reaches closure
  ---
  duration_ms: 0.375
  type: 'test'
  ...
# Subtest: future burst beyond bypass envelope produces retained counterexample, no lost admitted membership
ok 17 - future burst beyond bypass envelope produces retained counterexample, no lost admitted membership
  ---
  duration_ms: 0.117791
  type: 'test'
  ...
# Subtest: declared fanout overflow rejected before opening; unknown membership faults without release
ok 18 - declared fanout overflow rejected before opening; unknown membership faults without release
  ---
  duration_ms: 0.115833
  type: 'test'
  ...
# Subtest: bounded exhaustive and seeded schedule families close all supplied facts within resources
ok 19 - bounded exhaustive and seeded schedule families close all supplied facts within resources
  ---
  duration_ms: 76.086958
  type: 'test'
  ...
# Subtest: healthy credit rejects unproved closure path before reserving capacity
ok 20 - healthy credit rejects unproved closure path before reserving capacity
  ---
  duration_ms: 0.184708
  type: 'test'
  ...
# Subtest: cyclic or forward prefix dependency manifests fail preflight instead of creating deadlock
ok 21 - cyclic or forward prefix dependency manifests fail preflight instead of creating deadlock
  ---
  duration_ms: 0.143417
  type: 'test'
  ...
# Subtest: preparation stops until E3 correctness and real calibration plus indexed/bounded adapter exist
ok 22 - preparation stops until E3 correctness and real calibration plus indexed/bounded adapter exist
  ---
  duration_ms: 0.919917
  type: 'test'
  ...
# Subtest: source/fixture mismatches and fabricated zero-byte calibration cannot freeze runnable policy
ok 23 - source/fixture mismatches and fabricated zero-byte calibration cannot freeze runnable policy
  ---
  duration_ms: 0.166958
  type: 'test'
  ...
# Subtest: aged estimate retains proposed 1m identities; over-budget case explicitly shrinks diagnostic only
ok 24 - aged estimate retains proposed 1m identities; over-budget case explicitly shrinks diagnostic only
  ---
  duration_ms: 0.145167
  type: 'test'
  ...
# Subtest: disk space gate and exact prefunding bound all declared timed plus pending work
ok 25 - disk space gate and exact prefunding bound all declared timed plus pending work
  ---
  duration_ms: 0.364958
  type: 'test'
  ...
# Subtest: measurement separates stage rates; complete parity and all telemetry permit diagnostic pass
ok 26 - measurement separates stage rates; complete parity and all telemetry permit diagnostic pass
  ---
  duration_ms: 1.183041
  type: 'test'
  ...
# Subtest: producer duration miss fails even when output is exact after drain
ok 27 - producer duration miss fails even when output is exact after drain
  ---
  duration_ms: 0.350166
  type: 'test'
  ...
# Subtest: late drain cannot be counted as deadline output or settled financial throughput
ok 28 - late drain cannot be counted as deadline output or settled financial throughput
  ---
  duration_ms: 0.197583
  type: 'test'
  ...
# Subtest: cumulative offered cannot roll back between deadline and final cuts
ok 29 - cumulative offered cannot roll back between deadline and final cuts
  ---
  duration_ms: 0.148458
  type: 'test'
  ...
# Subtest: cumulative admitted cannot roll back between deadline and final cuts
ok 30 - cumulative admitted cannot roll back between deadline and final cuts
  ---
  duration_ms: 0.316709
  type: 'test'
  ...
# Subtest: cumulative decided cannot roll back between deadline and final cuts
ok 31 - cumulative decided cannot roll back between deadline and final cuts
  ---
  duration_ms: 0.520167
  type: 'test'
  ...
# Subtest: cumulative settled cannot roll back between deadline and final cuts
ok 32 - cumulative settled cannot roll back between deadline and final cuts
  ---
  duration_ms: 0.171667
  type: 'test'
  ...
# Subtest: deadline offers cannot exceed frozen expected workload even if final agrees
ok 33 - deadline offers cannot exceed frozen expected workload even if final agrees
  ---
  duration_ms: 0.113791
  type: 'test'
  ...
# Subtest: each cut rejects admission ordering and settlement accounting violations
ok 34 - each cut rejects admission ordering and settlement accounting violations
  ---
  duration_ms: 0.346541
  type: 'test'
  ...
# Subtest: pending may decrease during drain; only missed deadline settlement fails
ok 35 - pending may decrease during drain; only missed deadline settlement fails
  ---
  duration_ms: 0.424375
  type: 'test'
  ...
# Subtest: missing accounting or resource metrics are explicit limited attempt; count inconsistency fails
ok 36 - missing accounting or resource metrics are explicit limited attempt; count inconsistency fails
  ---
  duration_ms: 0.151375
  type: 'test'
  ...
# Subtest: lag growth, over-budget disk and unsupported latency clock cannot silently pass
ok 37 - lag growth, over-budget disk and unsupported latency clock cannot silently pass
  ---
  duration_ms: 0.085
  type: 'test'
  ...
# Subtest: highest stable measured arm creates fresh/aged 300s pair with same business workload
ok 38 - highest stable measured arm creates fresh/aged 300s pair with same business workload
  ---
  duration_ms: 0.091459
  type: 'test'
  ...
# Subtest: missing restore cost, partial monitoring and observer slowdown remain limited preflight
ok 39 - missing restore cost, partial monitoring and observer slowdown remain limited preflight
  ---
  duration_ms: 0.091584
  type: 'test'
  ...
# Subtest: load and calibration entrypoints refuse before filesystem or adapter work without authorization
ok 40 - load and calibration entrypoints refuse before filesystem or adapter work without authorization
  ---
  duration_ms: 0.361083
  type: 'test'
  ...
# Subtest: USD_NANO: own hold consumption and competing withdrawal stay bounded
ok 41 - USD_NANO: own hold consumption and competing withdrawal stay bounded
  ---
  duration_ms: 1.059709
  type: 'test'
  ...
# Subtest: ACME_SHARE: own hold consumption and competing withdrawal stay bounded
ok 42 - ACME_SHARE: own hold consumption and competing withdrawal stay bounded
  ---
  duration_ms: 0.22825
  type: 'test'
  ...
# Subtest: cancel releases unmatched order only; captured obligation stays owned
ok 43 - cancel releases unmatched order only; captured obligation stays owned
  ---
  duration_ms: 0.075959
  type: 'test'
  ...
# Subtest: creation priority uses acceptance then stable owner ID; competing owner cannot spend hold
ok 44 - creation priority uses acceptance then stable owner ID; competing owner cannot spend hold
  ---
  duration_ms: 0.147959
  type: 'test'
  ...
# Subtest: exact-unit/range errors and conflicting transfers make no changes
ok 45 - exact-unit/range errors and conflicting transfers make no changes
  ---
  duration_ms: 0.282542
  type: 'test'
  ...
1..45
# tests 45
# suites 0
# pass 45
# fail 0
# cancelled 0
# skipped 0
# todo 0
# duration_ms 141.325917
