 Network reef-calcify-financial-session-8c6f_default Creating 
 Network reef-calcify-financial-session-8c6f_default Creating 
 Network reef-calcify-financial-session-8c6f_default Created 
 Network reef-calcify-financial-session-8c6f_default Created 
 Container reef-calcify-financial-session-8c6f-rp2-1 Creating 
 Container reef-calcify-financial-session-8c6f-rp1-1 Creating 
 Container reef-calcify-financial-session-8c6f-rp0-1 Creating 
 Container reef-calcify-financial-session-8c6f-rp1-1 Created 
 Container reef-calcify-financial-session-8c6f-rp0-1 Created 
 Container reef-calcify-financial-session-8c6f-rp2-1 Created 
 Container reef-calcify-financial-session-8c6f-rp0-1 Starting 
 Container reef-calcify-financial-session-8c6f-rp1-1 Starting 
 Container reef-calcify-financial-session-8c6f-rp2-1 Starting 
 Container reef-calcify-financial-session-8c6f-rp2-1 Started 
 Container reef-calcify-financial-session-8c6f-rp1-1 Started 
 Container reef-calcify-financial-session-8c6f-rp0-1 Started 
 Container reef-calcify-financial-session-8c6f-rp0-1 Waiting 
 Container reef-calcify-financial-session-8c6f-rp1-1 Waiting 
 Container reef-calcify-financial-session-8c6f-rp2-1 Waiting 
 Container reef-calcify-financial-session-8c6f-rp0-1 Healthy 
 Container reef-calcify-financial-session-8c6f-rp1-1 Healthy 
 Container reef-calcify-financial-session-8c6f-rp2-1 Healthy 
