SLF4J(W): No SLF4J providers were found.
SLF4J(W): Defaulting to no-operation (NOP) logger implementation
SLF4J(W): See https://www.slf4j.org/codes.html#noProviders for further details.
OBSERVER_READY
{"window":{"elapsedMs":5078,"records":28271,"rate":5566.536970083222}}
{"window":{"elapsedMs":10093,"records":68407,"rate":8003.589411236851}}
{"window":{"elapsedMs":15142,"records":109179,"rate":8075.408107030425}}
{"window":{"elapsedMs":20172,"records":147616,"rate":7641.854546900473}}
{"window":{"elapsedMs":25248,"records":188016,"rate":7958.235286799385}}
{"window":{"elapsedMs":30342,"records":227616,"rate":7774.739042837528}}
{"window":{"elapsedMs":35421,"records":267616,"rate":7875.550744031581}}
{"window":{"elapsedMs":40504,"records":305616,"rate":7474.846098367604}}
{"window":{"elapsedMs":45595,"records":342616,"rate":7268.407718381954}}
{"window":{"elapsedMs":50641,"records":376816,"rate":6777.833709219043}}
{"window":{"elapsedMs":55699,"records":414093,"rate":7369.173121080904}}
{"window":{"elapsedMs":60747,"records":452216,"rate":7552.219341030084}}
{"window":{"elapsedMs":65775,"records":490516,"rate":7616.97387324046}}
{"window":{"elapsedMs":70778,"records":529813,"rate":7854.9136660596305}}
{"window":{"elapsedMs":75825,"records":565933,"rate":7157.610006390152}}
{"window":{"elapsedMs":80825,"records":603424,"rate":7497.855722458363}}
{"window":{"elapsedMs":85896,"records":641316,"rate":7471.882033279679}}
{"window":{"elapsedMs":90973,"records":677000,"rate":7028.74574495512}}
{"window":{"elapsedMs":95981,"records":716214,"rate":7829.684559597631}}
{"window":{"elapsedMs":101039,"records":754058,"rate":7482.420075386367}}
{"window":{"elapsedMs":106066,"records":791563,"rate":7461.109859573454}}
{"window":{"elapsedMs":111111,"records":829711,"rate":7561.386714582057}}
{"window":{"elapsedMs":116121,"records":867715,"rate":7585.569693170053}}
{"window":{"elapsedMs":121190,"records":907180,"rate":7785.5987029347625}}
{"window":{"elapsedMs":126281,"records":946942,"rate":7810.046606954979}}
{"window":{"elapsedMs":131337,"records":982725,"rate":7078.00710578823}}
{"window":{"elapsedMs":136338,"records":1025089,"rate":8469.996431181278}}
{"window":{"elapsedMs":141407,"records":1056864,"rate":6268.749683572406}}
{"window":{"elapsedMs":146462,"records":1056864,"rate":0.0}}
{"window":{"elapsedMs":151541,"records":1056864,"rate":0.0}}
{"window":{"elapsedMs":156622,"records":1056864,"rate":0.0}}
{"window":{"elapsedMs":161704,"records":1056864,"rate":0.0}}
{"window":{"elapsedMs":166786,"records":1056864,"rate":0.0}}
{"window":{"elapsedMs":171870,"records":1056864,"rate":0.0}}
{"window":{"elapsedMs":176953,"records":1056864,"rate":0.0}}
{"window":{"elapsedMs":182034,"records":1056864,"rate":0.0}}
{"window":{"elapsedMs":187109,"records":1056864,"rate":0.0}}
{"window":{"elapsedMs":192197,"records":1056864,"rate":0.0}}
{"window":{"elapsedMs":197263,"records":1056864,"rate":0.0}}
{"window":{"elapsedMs":202343,"records":1056864,"rate":0.0}}
{"window":{"elapsedMs":207421,"records":1056864,"rate":0.0}}
{"window":{"elapsedMs":212512,"records":1056864,"rate":0.0}}
{"window":{"elapsedMs":217601,"records":1056864,"rate":0.0}}
{"window":{"elapsedMs":222683,"records":1056864,"rate":0.0}}
{"window":{"elapsedMs":227756,"records":1056864,"rate":0.0}}
{"window":{"elapsedMs":232842,"records":1056864,"rate":0.0}}
{"window":{"elapsedMs":237925,"records":1056864,"rate":0.0}}
{"window":{"elapsedMs":243002,"records":1056864,"rate":0.0}}
{"window":{"elapsedMs":248087,"records":1056864,"rate":0.0}}
{"window":{"elapsedMs":253165,"records":1056864,"rate":0.0}}
{"window":{"elapsedMs":258246,"records":1056864,"rate":0.0}}
