SLF4J(W): No SLF4J providers were found.
SLF4J(W): Defaulting to no-operation (NOP) logger implementation
SLF4J(W): See https://www.slf4j.org/codes.html#noProviders for further details.
STATE CREATED -> REBALANCING
STATE REBALANCING -> RUNNING
{"partition":0,"stats":{"generation":1,"partition":0,"sourceCursor":244,"stagedInputOffset":24423,"resolvedCount":24424,"pendingCount":0,"indexedCount":49000,"decodedCount":245,"outputBytes":50893500,"faultSuffixCount":0,"faultInputOffset":-1,"fault":""}}
{"partition":1,"stats":{"generation":1,"partition":1,"sourceCursor":-1,"stagedInputOffset":-1,"resolvedCount":0,"pendingCount":0,"indexedCount":0,"decodedCount":0,"outputBytes":0,"faultSuffixCount":0,"faultInputOffset":-1,"fault":""}}
{"partition":0,"stats":{"generation":1,"partition":0,"sourceCursor":643,"stagedInputOffset":64314,"resolvedCount":64315,"pendingCount":0,"indexedCount":128800,"decodedCount":644,"outputBytes":134586423,"faultSuffixCount":0,"faultInputOffset":-1,"fault":""}}
{"partition":1,"stats":{"generation":1,"partition":1,"sourceCursor":-1,"stagedInputOffset":-1,"resolvedCount":0,"pendingCount":0,"indexedCount":0,"decodedCount":0,"outputBytes":0,"faultSuffixCount":0,"faultInputOffset":-1,"fault":""}}
{"partition":1,"stats":{"generation":1,"partition":1,"sourceCursor":-1,"stagedInputOffset":-1,"resolvedCount":0,"pendingCount":0,"indexedCount":0,"decodedCount":0,"outputBytes":0,"faultSuffixCount":0,"faultInputOffset":-1,"fault":""}}
{"partition":0,"stats":{"generation":1,"partition":0,"sourceCursor":1044,"stagedInputOffset":104414,"resolvedCount":104415,"pendingCount":0,"indexedCount":209000,"decodedCount":1045,"outputBytes":218837032,"faultSuffixCount":0,"faultInputOffset":-1,"fault":""}}
{"partition":0,"stats":{"generation":1,"partition":0,"sourceCursor":1431,"stagedInputOffset":143115,"resolvedCount":143116,"pendingCount":0,"indexedCount":286400,"decodedCount":1432,"outputBytes":301078204,"faultSuffixCount":0,"faultInputOffset":-1,"fault":""}}
{"partition":1,"stats":{"generation":1,"partition":1,"sourceCursor":-1,"stagedInputOffset":-1,"resolvedCount":0,"pendingCount":0,"indexedCount":0,"decodedCount":0,"outputBytes":0,"faultSuffixCount":0,"faultInputOffset":-1,"fault":""}}
{"partition":0,"stats":{"generation":1,"partition":0,"sourceCursor":1833,"stagedInputOffset":183307,"resolvedCount":183308,"pendingCount":0,"indexedCount":366800,"decodedCount":1834,"outputBytes":386487820,"faultSuffixCount":0,"faultInputOffset":-1,"fault":""}}
{"partition":1,"stats":{"generation":1,"partition":1,"sourceCursor":-1,"stagedInputOffset":-1,"resolvedCount":0,"pendingCount":0,"indexedCount":0,"decodedCount":0,"outputBytes":0,"faultSuffixCount":0,"faultInputOffset":-1,"fault":""}}
{"partition":0,"stats":{"generation":1,"partition":0,"sourceCursor":2222,"stagedInputOffset":222232,"resolvedCount":222233,"pendingCount":0,"indexedCount":444600,"decodedCount":2223,"outputBytes":469204976,"faultSuffixCount":0,"faultInputOffset":-1,"fault":""}}
{"partition":1,"stats":{"generation":1,"partition":1,"sourceCursor":-1,"stagedInputOffset":-1,"resolvedCount":0,"pendingCount":0,"indexedCount":0,"decodedCount":0,"outputBytes":0,"faultSuffixCount":0,"faultInputOffset":-1,"fault":""}}
{"partition":0,"stats":{"generation":1,"partition":0,"sourceCursor":2608,"stagedInputOffset":260852,"resolvedCount":260853,"pendingCount":0,"indexedCount":521800,"decodedCount":2609,"outputBytes":551274000,"faultSuffixCount":0,"faultInputOffset":-1,"fault":""}}
{"partition":1,"stats":{"generation":1,"partition":1,"sourceCursor":-1,"stagedInputOffset":-1,"resolvedCount":0,"pendingCount":0,"indexedCount":0,"decodedCount":0,"outputBytes":0,"faultSuffixCount":0,"faultInputOffset":-1,"fault":""}}
{"partition":0,"stats":{"generation":1,"partition":0,"sourceCursor":2981,"stagedInputOffset":298191,"resolvedCount":298192,"pendingCount":0,"indexedCount":596400,"decodedCount":2982,"outputBytes":630620912,"faultSuffixCount":0,"faultInputOffset":-1,"fault":""}}
{"partition":1,"stats":{"generation":1,"partition":1,"sourceCursor":-1,"stagedInputOffset":-1,"resolvedCount":0,"pendingCount":0,"indexedCount":0,"decodedCount":0,"outputBytes":0,"faultSuffixCount":0,"faultInputOffset":-1,"fault":""}}
{"partition":0,"stats":{"generation":1,"partition":0,"sourceCursor":3358,"stagedInputOffset":335815,"resolvedCount":335816,"pendingCount":0,"indexedCount":671800,"decodedCount":3359,"outputBytes":710573412,"faultSuffixCount":0,"faultInputOffset":-1,"fault":""}}
{"partition":1,"stats":{"generation":1,"partition":1,"sourceCursor":-1,"stagedInputOffset":-1,"resolvedCount":0,"pendingCount":0,"indexedCount":0,"decodedCount":0,"outputBytes":0,"faultSuffixCount":0,"faultInputOffset":-1,"fault":""}}
{"partition":0,"stats":{"generation":1,"partition":0,"sourceCursor":3689,"stagedInputOffset":368932,"resolvedCount":368933,"pendingCount":0,"indexedCount":738000,"decodedCount":3690,"outputBytes":780948344,"faultSuffixCount":0,"faultInputOffset":-1,"fault":""}}
{"partition":1,"stats":{"generation":1,"partition":1,"sourceCursor":-1,"stagedInputOffset":-1,"resolvedCount":0,"pendingCount":0,"indexedCount":0,"decodedCount":0,"outputBytes":0,"faultSuffixCount":0,"faultInputOffset":-1,"fault":""}}
{"partition":0,"stats":{"generation":1,"partition":0,"sourceCursor":4059,"stagedInputOffset":405923,"resolvedCount":405924,"pendingCount":0,"indexedCount":812000,"decodedCount":4060,"outputBytes":859555708,"faultSuffixCount":0,"faultInputOffset":-1,"fault":""}}
{"partition":1,"stats":{"generation":1,"partition":1,"sourceCursor":-1,"stagedInputOffset":-1,"resolvedCount":0,"pendingCount":0,"indexedCount":0,"decodedCount":0,"outputBytes":0,"faultSuffixCount":0,"faultInputOffset":-1,"fault":""}}
{"partition":0,"stats":{"generation":1,"partition":0,"sourceCursor":4436,"stagedInputOffset":443623,"resolvedCount":443624,"pendingCount":0,"indexedCount":887400,"decodedCount":4437,"outputBytes":939669716,"faultSuffixCount":0,"faultInputOffset":-1,"fault":""}}
{"partition":1,"stats":{"generation":1,"partition":1,"sourceCursor":-1,"stagedInputOffset":-1,"resolvedCount":0,"pendingCount":0,"indexedCount":0,"decodedCount":0,"outputBytes":0,"faultSuffixCount":0,"faultInputOffset":-1,"fault":""}}
{"partition":0,"stats":{"generation":1,"partition":0,"sourceCursor":4815,"stagedInputOffset":481523,"resolvedCount":481524,"pendingCount":0,"indexedCount":963200,"decodedCount":4816,"outputBytes":1020208732,"faultSuffixCount":0,"faultInputOffset":-1,"fault":""}}
{"partition":1,"stats":{"generation":1,"partition":1,"sourceCursor":-1,"stagedInputOffset":-1,"resolvedCount":0,"pendingCount":0,"indexedCount":0,"decodedCount":0,"outputBytes":0,"faultSuffixCount":0,"faultInputOffset":-1,"fault":""}}
{"partition":0,"stats":{"generation":1,"partition":0,"sourceCursor":5201,"stagedInputOffset":520115,"resolvedCount":520116,"pendingCount":0,"indexedCount":1040400,"decodedCount":5202,"outputBytes":1102218284,"faultSuffixCount":0,"faultInputOffset":-1,"fault":""}}
{"partition":1,"stats":{"generation":1,"partition":1,"sourceCursor":-1,"stagedInputOffset":-1,"resolvedCount":0,"pendingCount":0,"indexedCount":0,"decodedCount":0,"outputBytes":0,"faultSuffixCount":0,"faultInputOffset":-1,"fault":""}}
{"partition":0,"stats":{"generation":1,"partition":0,"sourceCursor":5567,"stagedInputOffset":556741,"resolvedCount":556742,"pendingCount":0,"indexedCount":1113600,"decodedCount":5568,"outputBytes":1180049972,"faultSuffixCount":0,"faultInputOffset":-1,"fault":""}}
{"partition":1,"stats":{"generation":1,"partition":1,"sourceCursor":-1,"stagedInputOffset":-1,"resolvedCount":0,"pendingCount":0,"indexedCount":0,"decodedCount":0,"outputBytes":0,"faultSuffixCount":0,"faultInputOffset":-1,"fault":""}}
{"partition":0,"stats":{"generation":1,"partition":0,"sourceCursor":5929,"stagedInputOffset":592914,"resolvedCount":592915,"pendingCount":0,"indexedCount":1186000,"decodedCount":5930,"outputBytes":1256919072,"faultSuffixCount":0,"faultInputOffset":-1,"fault":""}}
{"partition":1,"stats":{"generation":1,"partition":1,"sourceCursor":-1,"stagedInputOffset":-1,"resolvedCount":0,"pendingCount":0,"indexedCount":0,"decodedCount":0,"outputBytes":0,"faultSuffixCount":0,"faultInputOffset":-1,"fault":""}}
{"partition":0,"stats":{"generation":1,"partition":0,"sourceCursor":6318,"stagedInputOffset":631815,"resolvedCount":631816,"pendingCount":0,"indexedCount":1263800,"decodedCount":6319,"outputBytes":1339585252,"faultSuffixCount":0,"faultInputOffset":-1,"fault":""}}
{"partition":1,"stats":{"generation":1,"partition":1,"sourceCursor":-1,"stagedInputOffset":-1,"resolvedCount":0,"pendingCount":0,"indexedCount":0,"decodedCount":0,"outputBytes":0,"faultSuffixCount":0,"faultInputOffset":-1,"fault":""}}
{"partition":0,"stats":{"generation":1,"partition":0,"sourceCursor":6662,"stagedInputOffset":666223,"resolvedCount":666224,"pendingCount":0,"indexedCount":1332600,"decodedCount":6663,"outputBytes":1412703620,"faultSuffixCount":0,"faultInputOffset":-1,"fault":""}}
{"partition":1,"stats":{"generation":1,"partition":1,"sourceCursor":-1,"stagedInputOffset":-1,"resolvedCount":0,"pendingCount":0,"indexedCount":0,"decodedCount":0,"outputBytes":0,"faultSuffixCount":0,"faultInputOffset":-1,"fault":""}}
{"partition":0,"stats":{"generation":1,"partition":0,"sourceCursor":7050,"stagedInputOffset":705038,"resolvedCount":705039,"pendingCount":0,"indexedCount":1410200,"decodedCount":7051,"outputBytes":1495187032,"faultSuffixCount":0,"faultInputOffset":-1,"fault":""}}
{"partition":1,"stats":{"generation":1,"partition":1,"sourceCursor":-1,"stagedInputOffset":-1,"resolvedCount":0,"pendingCount":0,"indexedCount":0,"decodedCount":0,"outputBytes":0,"faultSuffixCount":0,"faultInputOffset":-1,"fault":""}}
{"partition":0,"stats":{"generation":1,"partition":0,"sourceCursor":7423,"stagedInputOffset":742323,"resolvedCount":742324,"pendingCount":0,"indexedCount":1484800,"decodedCount":7424,"outputBytes":1574419164,"faultSuffixCount":0,"faultInputOffset":-1,"fault":""}}
{"partition":1,"stats":{"generation":1,"partition":1,"sourceCursor":-1,"stagedInputOffset":-1,"resolvedCount":0,"pendingCount":0,"indexedCount":0,"decodedCount":0,"outputBytes":0,"faultSuffixCount":0,"faultInputOffset":-1,"fault":""}}
{"partition":0,"stats":{"generation":1,"partition":0,"sourceCursor":7804,"stagedInputOffset":780421,"resolvedCount":780422,"pendingCount":0,"indexedCount":1561000,"decodedCount":7805,"outputBytes":1655378940,"faultSuffixCount":0,"faultInputOffset":-1,"fault":""}}
{"partition":1,"stats":{"generation":1,"partition":1,"sourceCursor":-1,"stagedInputOffset":-1,"resolvedCount":0,"pendingCount":0,"indexedCount":0,"decodedCount":0,"outputBytes":0,"faultSuffixCount":0,"faultInputOffset":-1,"fault":""}}
{"partition":0,"stats":{"generation":1,"partition":0,"sourceCursor":8176,"stagedInputOffset":817615,"resolvedCount":817616,"pendingCount":0,"indexedCount":1635400,"decodedCount":8177,"outputBytes":1734417684,"faultSuffixCount":0,"faultInputOffset":-1,"fault":""}}
{"partition":1,"stats":{"generation":1,"partition":1,"sourceCursor":-1,"stagedInputOffset":-1,"resolvedCount":0,"pendingCount":0,"indexedCount":0,"decodedCount":0,"outputBytes":0,"faultSuffixCount":0,"faultInputOffset":-1,"fault":""}}
{"partition":0,"stats":{"generation":1,"partition":0,"sourceCursor":8553,"stagedInputOffset":855398,"resolvedCount":855399,"pendingCount":0,"indexedCount":1710800,"decodedCount":8554,"outputBytes":1814708089,"faultSuffixCount":0,"faultInputOffset":-1,"fault":""}}
{"partition":1,"stats":{"generation":1,"partition":1,"sourceCursor":-1,"stagedInputOffset":-1,"resolvedCount":0,"pendingCount":0,"indexedCount":0,"decodedCount":0,"outputBytes":0,"faultSuffixCount":0,"faultInputOffset":-1,"fault":""}}
{"partition":0,"stats":{"generation":1,"partition":0,"sourceCursor":8947,"stagedInputOffset":894715,"resolvedCount":894716,"pendingCount":0,"indexedCount":1789600,"decodedCount":8948,"outputBytes":1898258268,"faultSuffixCount":0,"faultInputOffset":-1,"fault":""}}
{"partition":1,"stats":{"generation":1,"partition":1,"sourceCursor":-1,"stagedInputOffset":-1,"resolvedCount":0,"pendingCount":0,"indexedCount":0,"decodedCount":0,"outputBytes":0,"faultSuffixCount":0,"faultInputOffset":-1,"fault":""}}
{"partition":0,"stats":{"generation":1,"partition":0,"sourceCursor":9342,"stagedInputOffset":934215,"resolvedCount":934216,"pendingCount":0,"indexedCount":1868600,"decodedCount":9343,"outputBytes":1982197348,"faultSuffixCount":0,"faultInputOffset":-1,"fault":""}}
{"partition":1,"stats":{"generation":1,"partition":1,"sourceCursor":-1,"stagedInputOffset":-1,"resolvedCount":0,"pendingCount":0,"indexedCount":0,"decodedCount":0,"outputBytes":0,"faultSuffixCount":0,"faultInputOffset":-1,"fault":""}}
{"partition":0,"stats":{"generation":1,"partition":0,"sourceCursor":9690,"stagedInputOffset":969015,"resolvedCount":969016,"pendingCount":0,"indexedCount":1938200,"decodedCount":9691,"outputBytes":2056148740,"faultSuffixCount":0,"faultInputOffset":-1,"fault":""}}
{"partition":1,"stats":{"generation":1,"partition":1,"sourceCursor":-1,"stagedInputOffset":-1,"resolvedCount":0,"pendingCount":0,"indexedCount":0,"decodedCount":0,"outputBytes":0,"faultSuffixCount":0,"faultInputOffset":-1,"fault":""}}
{"partition":1,"stats":{"generation":1,"partition":1,"sourceCursor":-1,"stagedInputOffset":-1,"resolvedCount":0,"pendingCount":0,"indexedCount":0,"decodedCount":0,"outputBytes":0,"faultSuffixCount":0,"faultInputOffset":-1,"fault":""}}
{"partition":0,"stats":{"generation":1,"partition":0,"sourceCursor":10100,"stagedInputOffset":1010014,"resolvedCount":1010015,"pendingCount":0,"indexedCount":2020200,"decodedCount":10101,"outputBytes":2143543661,"faultSuffixCount":0,"faultInputOffset":-1,"fault":""}}
{"partition":0,"stats":{"generation":1,"partition":0,"sourceCursor":10492,"stagedInputOffset":1049218,"resolvedCount":1049219,"pendingCount":0,"indexedCount":2098600,"decodedCount":10493,"outputBytes":2227912233,"faultSuffixCount":0,"faultInputOffset":-1,"fault":""}}
{"partition":1,"stats":{"generation":1,"partition":1,"sourceCursor":-1,"stagedInputOffset":-1,"resolvedCount":0,"pendingCount":0,"indexedCount":0,"decodedCount":0,"outputBytes":0,"faultSuffixCount":0,"faultInputOffset":-1,"fault":""}}
{"partition":1,"stats":{"generation":1,"partition":1,"sourceCursor":-1,"stagedInputOffset":-1,"resolvedCount":0,"pendingCount":0,"indexedCount":0,"decodedCount":0,"outputBytes":0,"faultSuffixCount":0,"faultInputOffset":-1,"fault":""}}
org.apache.kafka.streams.errors.StreamsException: stream-thread [p2-sus-1fadb3e2-hot-app-afc37f2a-5414-4526-b799-d3acf63b708a-StreamThread-2] task [0_1] Exception caught while punctuating processor 'resolve'
	at org.apache.kafka.streams.processor.internals.StreamTask.createStreamsException(StreamTask.java:1011)
	at org.apache.kafka.streams.processor.internals.StreamTask.punctuate(StreamTask.java:1001)
	at org.apache.kafka.streams.processor.internals.PunctuationQueue.maybePunctuate(PunctuationQueue.java:54)
	at org.apache.kafka.streams.processor.internals.StreamTask.maybePunctuateSystemTime(StreamTask.java:1266)
	at org.apache.kafka.streams.processor.internals.TaskExecutor.punctuate(TaskExecutor.java:268)
	at org.apache.kafka.streams.processor.internals.TaskManager.punctuate(TaskManager.java:1947)
	at org.apache.kafka.streams.processor.internals.StreamThread.runOnceWithoutProcessingThreads(StreamThread.java:1260)
	at org.apache.kafka.streams.processor.internals.StreamThread.runLoop(StreamThread.java:956)
	at org.apache.kafka.streams.processor.internals.StreamThread.run(StreamThread.java:916)
Caused by: java.util.concurrent.ExecutionException: org.apache.kafka.common.errors.TimeoutException: Timed out waiting for a node assignment. Call: listNodes
	at java.base/java.util.concurrent.CompletableFuture.reportGet(CompletableFuture.java:396)
	at java.base/java.util.concurrent.CompletableFuture.get(CompletableFuture.java:2096)
	at org.apache.kafka.common.internals.KafkaFutureImpl.get(KafkaFutureImpl.java:173)
	at com.reef.platform.calcify.BrokerVenueSourceReader.validateIdentity(BrokerVenueSourceReader.kt:36)
	at com.reef.platform.calcify.CalcifyResolverBrokerProbe$main$topology$1$1.validateIdentity(CalcifyResolverBrokerProbe.kt:160)
	at com.reef.platform.calcify.CalcifyResolverProcessor.drain(CalcifyResolverProcessor.kt:71)
	at com.reef.platform.calcify.CalcifyResolverProcessor.init$lambda$0(CalcifyResolverProcessor.kt:37)
	at org.apache.kafka.streams.processor.internals.StreamTask.lambda$punctuate$0(StreamTask.java:935)
	at org.apache.kafka.streams.processor.internals.metrics.StreamsMetricsImpl.maybeMeasureLatency(StreamsMetricsImpl.java:955)
	at org.apache.kafka.streams.processor.internals.StreamTask.punctuate(StreamTask.java:935)
	... 7 more
Caused by: org.apache.kafka.common.errors.TimeoutException: Timed out waiting for a node assignment. Call: listNodes
STATE RUNNING -> PENDING_ERROR
{"partition":1,"stats":{}}
