TAP version 13
# Subtest: capacity lock has fixed shared name in platform temporary directory
ok 1 - capacity lock has fixed shared name in platform temporary directory
  ---
  duration_ms: 0.80025
  type: 'test'
  ...
# Subtest: preparation stops until E3 correctness and real calibration plus indexed/bounded adapter exist
ok 2 - preparation stops until E3 correctness and real calibration plus indexed/bounded adapter exist
  ---
  duration_ms: 0.391334
  type: 'test'
  ...
# Subtest: source/fixture mismatches and fabricated zero-byte calibration cannot freeze runnable policy
ok 3 - source/fixture mismatches and fabricated zero-byte calibration cannot freeze runnable policy
  ---
  duration_ms: 0.082625
  type: 'test'
  ...
# Subtest: aged estimate retains proposed 1m identities; over-budget case explicitly shrinks diagnostic only
ok 4 - aged estimate retains proposed 1m identities; over-budget case explicitly shrinks diagnostic only
  ---
  duration_ms: 0.348292
  type: 'test'
  ...
# Subtest: disk space gate and exact prefunding bound all declared timed plus pending work
ok 5 - disk space gate and exact prefunding bound all declared timed plus pending work
  ---
  duration_ms: 0.509792
  type: 'test'
  ...
# Subtest: measurement separates stage rates; complete parity and all telemetry permit diagnostic pass
ok 6 - measurement separates stage rates; complete parity and all telemetry permit diagnostic pass
  ---
  duration_ms: 0.78675
  type: 'test'
  ...
# Subtest: producer duration miss fails even when output is exact after drain
ok 7 - producer duration miss fails even when output is exact after drain
  ---
  duration_ms: 0.427209
  type: 'test'
  ...
# Subtest: late drain cannot be counted as deadline output or settled financial throughput
ok 8 - late drain cannot be counted as deadline output or settled financial throughput
  ---
  duration_ms: 0.196
  type: 'test'
  ...
# Subtest: cumulative offered cannot roll back between deadline and final cuts
ok 9 - cumulative offered cannot roll back between deadline and final cuts
  ---
  duration_ms: 0.452375
  type: 'test'
  ...
# Subtest: cumulative admitted cannot roll back between deadline and final cuts
ok 10 - cumulative admitted cannot roll back between deadline and final cuts
  ---
  duration_ms: 0.406917
  type: 'test'
  ...
# Subtest: cumulative decided cannot roll back between deadline and final cuts
ok 11 - cumulative decided cannot roll back between deadline and final cuts
  ---
  duration_ms: 0.373083
  type: 'test'
  ...
# Subtest: cumulative settled cannot roll back between deadline and final cuts
ok 12 - cumulative settled cannot roll back between deadline and final cuts
  ---
  duration_ms: 0.611917
  type: 'test'
  ...
# Subtest: deadline offers cannot exceed frozen expected workload even if final agrees
ok 13 - deadline offers cannot exceed frozen expected workload even if final agrees
  ---
  duration_ms: 0.210125
  type: 'test'
  ...
# Subtest: each cut rejects admission ordering and settlement accounting violations
ok 14 - each cut rejects admission ordering and settlement accounting violations
  ---
  duration_ms: 0.763
  type: 'test'
  ...
# Subtest: pending may decrease during drain; only missed deadline settlement fails
ok 15 - pending may decrease during drain; only missed deadline settlement fails
  ---
  duration_ms: 0.443208
  type: 'test'
  ...
# Subtest: missing accounting or resource metrics are explicit limited attempt; count inconsistency fails
ok 16 - missing accounting or resource metrics are explicit limited attempt; count inconsistency fails
  ---
  duration_ms: 0.307083
  type: 'test'
  ...
# Subtest: lag growth, over-budget disk and unsupported latency clock cannot silently pass
ok 17 - lag growth, over-budget disk and unsupported latency clock cannot silently pass
  ---
  duration_ms: 0.135833
  type: 'test'
  ...
# Subtest: highest stable measured arm creates fresh/aged 300s pair with same business workload
ok 18 - highest stable measured arm creates fresh/aged 300s pair with same business workload
  ---
  duration_ms: 0.109708
  type: 'test'
  ...
# Subtest: missing restore cost, partial monitoring and observer slowdown remain limited preflight
ok 19 - missing restore cost, partial monitoring and observer slowdown remain limited preflight
  ---
  duration_ms: 0.151084
  type: 'test'
  ...
# Subtest: load and calibration entrypoints refuse before filesystem or adapter work without authorization
ok 20 - load and calibration entrypoints refuse before filesystem or adapter work without authorization
  ---
  duration_ms: 0.370292
  type: 'test'
  ...
# Subtest: calibration overrides cannot undercut measured physical byte budget or use invalid numbers
ok 21 - calibration overrides cannot undercut measured physical byte budget or use invalid numbers
  ---
  duration_ms: 0.391083
  type: 'test'
  ...
# Subtest: valid byte override preserves conservative floor and may increase budget only
ok 22 - valid byte override preserves conservative floor and may increase budget only
  ---
  duration_ms: 0.106125
  type: 'test'
  ...
# Subtest: derived per-trade budget must remain safe integer before policy freezes
ok 23 - derived per-trade budget must remain safe integer before policy freezes
  ---
  duration_ms: 0.098833
  type: 'test'
  ...
# Subtest: invalid telemetry produces null derived metrics instead of non-finite values
ok 24 - invalid telemetry produces null derived metrics instead of non-finite values
  ---
  duration_ms: 0.959167
  type: 'test'
  ...
# Subtest: invalid duration and zero trades cannot publish non-finite derived metrics
ok 25 - invalid duration and zero trades cannot publish non-finite derived metrics
  ---
  duration_ms: 0.550667
  type: 'test'
  ...
# Subtest: M3H missing conservative heap evidence blocks legacy real calibration
ok 26 - M3H missing conservative heap evidence blocks legacy real calibration
  ---
  duration_ms: 0.060167
  type: 'test'
  ...
# Subtest: M3H oversized retained heap cannot freeze despite fitting physical budget
ok 27 - M3H oversized retained heap cannot freeze despite fitting physical budget
  ---
  duration_ms: 0.0655
  type: 'test'
  ...
# Subtest: M3H finite checked formula includes timed+aged identities, pending and both reserves
ok 28 - M3H finite checked formula includes timed+aged identities, pending and both reserves
  ---
  duration_ms: 0.166709
  type: 'test'
  ...
# Subtest: M3H numeric controls reject missing, string, negative, NaN, infinity, unsafe and fractional values
ok 29 - M3H numeric controls reject missing, string, negative, NaN, infinity, unsafe and fractional values
  ---
  duration_ms: 1.450709
  type: 'test'
  ...
# Subtest: M3H child lower max recomputes limit, higher unauthorized max cannot raise request cap
ok 30 - M3H child lower max recomputes limit, higher unauthorized max cannot raise request cap
  ---
  duration_ms: 0.120042
  type: 'test'
  ...
# Subtest: M3H equality, unsupported counts and multiplication/addition overflow refuse
ok 31 - M3H equality, unsupported counts and multiplication/addition overflow refuse
  ---
  duration_ms: 0.172834
  type: 'test'
  ...
# Subtest: M3H fresh and aged overrun block without silently shrinking original heap workload
ok 32 - M3H fresh and aged overrun block without silently shrinking original heap workload
  ---
  duration_ms: 0.133041
  type: 'test'
  ...
# Subtest: M3H candidate/config/fixture/build/VM/review mismatch or legacy averages refuse
ok 33 - M3H candidate/config/fixture/build/VM/review mismatch or legacy averages refuse
  ---
  duration_ms: 0.432416
  type: 'test'
  ...
# Subtest: M3H executable raw bound/capability/review/fixture bytes hash and exact scope verified before adapter read
ok 34 - M3H executable raw bound/capability/review/fixture bytes hash and exact scope verified before adapter read
  ---
  duration_ms: 20.254125
  type: 'test'
  ...
# Subtest: M3H synthetic evidence and unpinned launcher cannot authorize executable load
ok 35 - M3H synthetic evidence and unpinned launcher cannot authorize executable load
  ---
  duration_ms: 3.26275
  type: 'test'
  ...
# Subtest: M3H runtime guard failure or missing lifecycle observation cannot publish diagnostic success
ok 36 - M3H runtime guard failure or missing lifecycle observation cannot publish diagnostic success
  ---
  duration_ms: 0.75675
  type: 'test'
  ...
# Subtest: M3H capability timeout escalates TERM to KILL with bounded output and retained process error
ok 37 - M3H capability timeout escalates TERM to KILL with bounded output and retained process error
  ---
  duration_ms: 20.056875
  type: 'test'
  ...
# Subtest: M3H symlink outside policy ownership and valid hash with changed raw identity refuse
ok 38 - M3H symlink outside policy ownership and valid hash with changed raw identity refuse
  ---
  duration_ms: 3.749959
  type: 'test'
  ...
1..38
# tests 38
# suites 0
# pass 38
# fail 0
# cancelled 0
# skipped 0
# todo 0
# duration_ms 109.489833
