Starting a Gradle Daemon (subsequent builds will be faster)
> Task :checkKotlinGradlePluginConfigurationErrors SKIPPED
> Task :compileKotlin UP-TO-DATE
> Task :compileJava UP-TO-DATE
> Task :verifyRuntimeOrderIdentityMigration
> Task :processResources UP-TO-DATE
> Task :classes UP-TO-DATE
> Task :jar UP-TO-DATE
> Task :processTestResources UP-TO-DATE
> Task :verifyNoTestSourceExclusions

> Task :compileTestKotlin
w: file:///Users/dsteele/repos/reef/.worktrees/calcify-sprint1-experiments/services/platform-runtime/src/test/kotlin/com/reef/platform/calcify/financial/FinancialOracle.kt:70:30 'fun fields(): (Mutable)Iterator<(Mutable)Map.(Mutable)Entry<String!, JsonNode!>!>!' is deprecated. Deprecated in Java.
w: file:///Users/dsteele/repos/reef/.worktrees/calcify-sprint1-experiments/services/platform-runtime/src/test/kotlin/com/reef/platform/calcify/financial/FinancialOracleTest.kt:28:34 'fun fields(): (Mutable)Iterator<(Mutable)Map.(Mutable)Entry<String!, JsonNode!>!>!' is deprecated. Deprecated in Java.
w: file:///Users/dsteele/repos/reef/.worktrees/calcify-sprint1-experiments/services/platform-runtime/src/test/kotlin/com/reef/platform/calcify/financial/FinancialOracleTest.kt:259:31 Cast is redundant.

> Task :compileTestJava NO-SOURCE
> Task :testClasses UP-TO-DATE
> Task :test
> Task :jacocoTestReport

[Incubating] Problems report is available at: file:///Users/dsteele/repos/reef/.worktrees/calcify-sprint1-experiments/services/platform-runtime/build/reports/problems/problems-report.html

BUILD SUCCESSFUL in 32s
10 actionable tasks: 5 executed, 5 up-to-date
Consider enabling configuration cache to speed up this build: https://docs.gradle.org/9.8.0/userguide/configuration_cache_enabling.html
