TAP version 13
# Subtest: capacity lock has fixed shared name in platform temporary directory
ok 1 - capacity lock has fixed shared name in platform temporary directory
  ---
  duration_ms: 0.774084
  type: 'test'
  ...
# Subtest: deadline CAPTURE decision may precede paired SETTLE durable admission
ok 2 - deadline CAPTURE decision may precede paired SETTLE durable admission
  ---
  duration_ms: 1.484333
  type: 'test'
  ...
# Subtest: stage counts reject decided beyond offered and settled beyond admission
ok 3 - stage counts reject decided beyond offered and settled beyond admission
  ---
  duration_ms: 0.830333
  type: 'test'
  ...
# Subtest: preparation stops until E3 correctness and real calibration plus indexed/bounded adapter exist
ok 4 - preparation stops until E3 correctness and real calibration plus indexed/bounded adapter exist
  ---
  duration_ms: 0.16475
  type: 'test'
  ...
# Subtest: source/fixture mismatches and fabricated zero-byte calibration cannot freeze runnable policy
ok 5 - source/fixture mismatches and fabricated zero-byte calibration cannot freeze runnable policy
  ---
  duration_ms: 0.153334
  type: 'test'
  ...
# Subtest: aged estimate retains proposed 1m identities; over-budget case explicitly shrinks diagnostic only
ok 6 - aged estimate retains proposed 1m identities; over-budget case explicitly shrinks diagnostic only
  ---
  duration_ms: 0.073917
  type: 'test'
  ...
# Subtest: disk space gate and exact prefunding bound all declared timed plus pending work
ok 7 - disk space gate and exact prefunding bound all declared timed plus pending work
  ---
  duration_ms: 0.140833
  type: 'test'
  ...
# Subtest: measurement separates stage rates; complete parity and all telemetry permit diagnostic pass
ok 8 - measurement separates stage rates; complete parity and all telemetry permit diagnostic pass
  ---
  duration_ms: 0.174375
  type: 'test'
  ...
# Subtest: producer duration miss fails even when output is exact after drain
ok 9 - producer duration miss fails even when output is exact after drain
  ---
  duration_ms: 0.403875
  type: 'test'
  ...
# Subtest: late drain cannot be counted as deadline output or settled financial throughput
ok 10 - late drain cannot be counted as deadline output or settled financial throughput
  ---
  duration_ms: 0.587292
  type: 'test'
  ...
# Subtest: cumulative offered cannot roll back between deadline and final cuts
ok 11 - cumulative offered cannot roll back between deadline and final cuts
  ---
  duration_ms: 0.317667
  type: 'test'
  ...
# Subtest: cumulative admitted cannot roll back between deadline and final cuts
ok 12 - cumulative admitted cannot roll back between deadline and final cuts
  ---
  duration_ms: 0.155583
  type: 'test'
  ...
# Subtest: cumulative decided cannot roll back between deadline and final cuts
ok 13 - cumulative decided cannot roll back between deadline and final cuts
  ---
  duration_ms: 0.137834
  type: 'test'
  ...
# Subtest: cumulative settled cannot roll back between deadline and final cuts
ok 14 - cumulative settled cannot roll back between deadline and final cuts
  ---
  duration_ms: 0.142375
  type: 'test'
  ...
# Subtest: deadline offers cannot exceed frozen expected workload even if final agrees
ok 15 - deadline offers cannot exceed frozen expected workload even if final agrees
  ---
  duration_ms: 0.148333
  type: 'test'
  ...
# Subtest: each cut rejects admission ordering and settlement accounting violations
ok 16 - each cut rejects admission ordering and settlement accounting violations
  ---
  duration_ms: 0.83175
  type: 'test'
  ...
# Subtest: pending may decrease during drain; only missed deadline settlement fails
ok 17 - pending may decrease during drain; only missed deadline settlement fails
  ---
  duration_ms: 0.462125
  type: 'test'
  ...
# Subtest: missing accounting or resource metrics are explicit limited attempt; count inconsistency fails
ok 18 - missing accounting or resource metrics are explicit limited attempt; count inconsistency fails
  ---
  duration_ms: 0.350667
  type: 'test'
  ...
# Subtest: lag growth, over-budget disk and unsupported latency clock cannot silently pass
ok 19 - lag growth, over-budget disk and unsupported latency clock cannot silently pass
  ---
  duration_ms: 0.150042
  type: 'test'
  ...
# Subtest: highest stable measured arm creates fresh/aged 300s pair with same business workload
ok 20 - highest stable measured arm creates fresh/aged 300s pair with same business workload
  ---
  duration_ms: 0.091959
  type: 'test'
  ...
# Subtest: missing restore cost, partial monitoring and observer slowdown remain limited preflight
ok 21 - missing restore cost, partial monitoring and observer slowdown remain limited preflight
  ---
  duration_ms: 0.159042
  type: 'test'
  ...
# Subtest: load and calibration entrypoints refuse before filesystem or adapter work without authorization
ok 22 - load and calibration entrypoints refuse before filesystem or adapter work without authorization
  ---
  duration_ms: 0.703542
  type: 'test'
  ...
# Subtest: calibration overrides cannot undercut measured physical byte budget or use invalid numbers
ok 23 - calibration overrides cannot undercut measured physical byte budget or use invalid numbers
  ---
  duration_ms: 0.433542
  type: 'test'
  ...
# Subtest: valid byte override preserves conservative floor and may increase budget only
ok 24 - valid byte override preserves conservative floor and may increase budget only
  ---
  duration_ms: 0.132333
  type: 'test'
  ...
# Subtest: derived per-trade budget must remain safe integer before policy freezes
ok 25 - derived per-trade budget must remain safe integer before policy freezes
  ---
  duration_ms: 0.090375
  type: 'test'
  ...
# Subtest: invalid telemetry produces null derived metrics instead of non-finite values
ok 26 - invalid telemetry produces null derived metrics instead of non-finite values
  ---
  duration_ms: 0.691875
  type: 'test'
  ...
# Subtest: invalid duration and zero trades cannot publish non-finite derived metrics
ok 27 - invalid duration and zero trades cannot publish non-finite derived metrics
  ---
  duration_ms: 0.517208
  type: 'test'
  ...
# Subtest: M3H missing conservative heap evidence blocks legacy real calibration
ok 28 - M3H missing conservative heap evidence blocks legacy real calibration
  ---
  duration_ms: 0.065958
  type: 'test'
  ...
# Subtest: M3H oversized retained heap cannot freeze despite fitting physical budget
ok 29 - M3H oversized retained heap cannot freeze despite fitting physical budget
  ---
  duration_ms: 0.071209
  type: 'test'
  ...
# Subtest: M3H finite checked formula includes timed+aged identities, pending and both reserves
ok 30 - M3H finite checked formula includes timed+aged identities, pending and both reserves
  ---
  duration_ms: 0.200667
  type: 'test'
  ...
# Subtest: M3H numeric controls reject missing, string, negative, NaN, infinity, unsafe and fractional values
ok 31 - M3H numeric controls reject missing, string, negative, NaN, infinity, unsafe and fractional values
  ---
  duration_ms: 1.647333
  type: 'test'
  ...
# Subtest: M3H child lower max recomputes limit, higher unauthorized max cannot raise request cap
ok 32 - M3H child lower max recomputes limit, higher unauthorized max cannot raise request cap
  ---
  duration_ms: 0.134208
  type: 'test'
  ...
# Subtest: M3H equality, unsupported counts and multiplication/addition overflow refuse
ok 33 - M3H equality, unsupported counts and multiplication/addition overflow refuse
  ---
  duration_ms: 0.2535
  type: 'test'
  ...
# Subtest: M3H fresh and aged overrun block without silently shrinking original heap workload
ok 34 - M3H fresh and aged overrun block without silently shrinking original heap workload
  ---
  duration_ms: 0.151291
  type: 'test'
  ...
# Subtest: M3H candidate/config/fixture/build/VM/review mismatch or legacy averages refuse
ok 35 - M3H candidate/config/fixture/build/VM/review mismatch or legacy averages refuse
  ---
  duration_ms: 0.492291
  type: 'test'
  ...
# Subtest: M3H executable raw bound/capability/review/fixture bytes hash and exact scope verified before adapter read
ok 36 - M3H executable raw bound/capability/review/fixture bytes hash and exact scope verified before adapter read
  ---
  duration_ms: 19.222791
  type: 'test'
  ...
# Subtest: M3H synthetic evidence and unpinned launcher cannot authorize executable load
ok 37 - M3H synthetic evidence and unpinned launcher cannot authorize executable load
  ---
  duration_ms: 3.588125
  type: 'test'
  ...
# Subtest: M3H runtime guard failure or missing lifecycle observation cannot publish diagnostic success
ok 38 - M3H runtime guard failure or missing lifecycle observation cannot publish diagnostic success
  ---
  duration_ms: 0.774458
  type: 'test'
  ...
# Subtest: M3H capability timeout escalates TERM to KILL with bounded output and retained process error
ok 39 - M3H capability timeout escalates TERM to KILL with bounded output and retained process error
  ---
  duration_ms: 18.78125
  type: 'test'
  ...
# Subtest: M3H symlink outside policy ownership and valid hash with changed raw identity refuse
ok 40 - M3H symlink outside policy ownership and valid hash with changed raw identity refuse
  ---
  duration_ms: 3.85975
  type: 'test'
  ...
# Subtest: empirical timed profile cannot enter conservative or bootstrap admission
ok 41 - empirical timed profile cannot enter conservative or bootstrap admission
  ---
  duration_ms: 0.558958
  type: 'test'
  ...
# Subtest: empirical assessment keeps actual deadline rates and never grants capacity
ok 42 - empirical assessment keeps actual deadline rates and never grants capacity
  ---
  duration_ms: 1.40025
  type: 'test'
  ...
# Subtest: empirical executable boundary verifies owned raw evidence, config and unchanged proof sources
ok 43 - empirical executable boundary verifies owned raw evidence, config and unchanged proof sources
  ---
  duration_ms: 7.402708
  type: 'test'
  ...
# Subtest: rate supervision binds exact command, output, allocation categories and finite timeout
ok 44 - rate supervision binds exact command, output, allocation categories and finite timeout
  ---
  duration_ms: 2.549041
  type: 'test'
  ...
# Subtest: actual financial runtime directories and full registry must match supervised resource identity
ok 45 - actual financial runtime directories and full registry must match supervised resource identity
  ---
  duration_ms: 1.193583
  type: 'test'
  ...
# Subtest: foreign bootstrap endpoint cannot borrow same broker IDs and local resource allocations
ok 46 - foreign bootstrap endpoint cannot borrow same broker IDs and local resource allocations
  ---
  duration_ms: 0.693666
  type: 'test'
  ...
# Subtest: supervisor evidence mismatch refuses before dependency setup; failed supervision still closes
ok 47 - supervisor evidence mismatch refuses before dependency setup; failed supervision still closes
  ---
  duration_ms: 5.88625
  type: 'test'
  ...
# Subtest: actual supervised child receives frozen environment through owned launch
ok 48 - actual supervised child receives frozen environment through owned launch
  ---
  duration_ms: 290.222792
  type: 'test'
  ...
# Subtest: all actual financial modes reject raw unregistered config before dependency setup
ok 49 - all actual financial modes reject raw unregistered config before dependency setup
  ---
  duration_ms: 5.860542
  type: 'test'
  ...
# Subtest: all actual financial modes refuse foreign frozen bootstrap argument before dependencies
ok 50 - all actual financial modes refuse foreign frozen bootstrap argument before dependencies
  ---
  duration_ms: 4.311333
  type: 'test'
  ...
# Subtest: actual financial runtime validates planned new paths and refuses symlinked registered directory before launch
ok 51 - actual financial runtime validates planned new paths and refuses symlinked registered directory before launch
  ---
  duration_ms: 3.964083
  type: 'test'
  ...
1..51
# tests 51
# suites 0
# pass 51
# fail 0
# cancelled 0
# skipped 0
# todo 0
# duration_ms 367.032375
