{"mode":"init","prefix":"p2-cap-47d3f803-hot","args":[],"code":0}
SLF4J(W): No SLF4J providers were found.
SLF4J(W): Defaulting to no-operation (NOP) logger implementation
SLF4J(W): See https://www.slf4j.org/codes.html#noProviders for further details.

{"mode":"paired-seed","prefix":"p2-cap-47d3f803-hot","args":[200,"hot"],"code":0}
{"waves":200,"trades":20000,"bytes":74309474,"elapsedMs":3245}
SLF4J(W): No SLF4J providers were found.
SLF4J(W): Defaulting to no-operation (NOP) logger implementation
SLF4J(W): See https://www.slf4j.org/codes.html#noProviders for further details.

{"mode":"measure","prefix":"p2-cap-47d3f803-hot","args":[20000,120000],"code":0}
{"window":{"elapsedMs":5027,"records":13307,"rate":2646.728083079227}}
{"result":{"expected":20000,"records":20000,"unique":20000,"duplicates":0,"identityChecks":true,"outputBytes":41431800,"elapsedMs":6673,"activeMs":4745,"durableRate":4214.117593900457,"pass":true,"windows":[{"elapsedMs":5027,"records":13307,"rate":2646.728083079227}]}}
SLF4J(W): No SLF4J providers were found.
SLF4J(W): Defaulting to no-operation (NOP) logger implementation
SLF4J(W): See https://www.slf4j.org/codes.html#noProviders for further details.

{"mode":"paired-oracle","prefix":"p2-cap-47d3f803-hot","args":[20000],"code":0}
{"result":{"records":20000,"expected":20000,"fullFactParity":true,"orderedUnique":true,"pass":true}}
SLF4J(W): No SLF4J providers were found.
SLF4J(W): Defaulting to no-operation (NOP) logger implementation
SLF4J(W): See https://www.slf4j.org/codes.html#noProviders for further details.

{"mode":"init","prefix":"p2-cap-47d3f803-spread","args":[],"code":0}
SLF4J(W): No SLF4J providers were found.
SLF4J(W): Defaulting to no-operation (NOP) logger implementation
SLF4J(W): See https://www.slf4j.org/codes.html#noProviders for further details.

{"mode":"paired-seed","prefix":"p2-cap-47d3f803-spread","args":[200,"spread"],"code":0}
{"waves":200,"trades":20000,"bytes":74310074,"elapsedMs":2738}
SLF4J(W): No SLF4J providers were found.
SLF4J(W): Defaulting to no-operation (NOP) logger implementation
SLF4J(W): See https://www.slf4j.org/codes.html#noProviders for further details.

{"mode":"measure","prefix":"p2-cap-47d3f803-spread","args":[20000,120000],"code":0}
{"window":{"elapsedMs":5002,"records":19060,"rate":3809.939489475604}}
{"result":{"expected":20000,"records":20000,"unique":20000,"duplicates":0,"identityChecks":true,"outputBytes":41662200,"elapsedMs":5568,"activeMs":3658,"durableRate":5466.128740382218,"pass":true,"windows":[{"elapsedMs":5002,"records":19060,"rate":3809.939489475604}]}}
SLF4J(W): No SLF4J providers were found.
SLF4J(W): Defaulting to no-operation (NOP) logger implementation
SLF4J(W): See https://www.slf4j.org/codes.html#noProviders for further details.

{"mode":"paired-oracle","prefix":"p2-cap-47d3f803-spread","args":[20000],"code":0}
{"result":{"records":20000,"expected":20000,"fullFactParity":true,"orderedUnique":true,"pass":true}}
SLF4J(W): No SLF4J providers were found.
SLF4J(W): Defaulting to no-operation (NOP) logger implementation
SLF4J(W): See https://www.slf4j.org/codes.html#noProviders for further details.

{"mode":"init","prefix":"p2-cap-47d3f803-skew","args":[],"code":0}
SLF4J(W): No SLF4J providers were found.
SLF4J(W): Defaulting to no-operation (NOP) logger implementation
SLF4J(W): See https://www.slf4j.org/codes.html#noProviders for further details.

{"mode":"paired-seed","prefix":"p2-cap-47d3f803-skew","args":[200,"skew"],"code":0}
{"waves":200,"trades":20000,"bytes":74309674,"elapsedMs":3023}
SLF4J(W): No SLF4J providers were found.
SLF4J(W): Defaulting to no-operation (NOP) logger implementation
SLF4J(W): See https://www.slf4j.org/codes.html#noProviders for further details.

{"mode":"measure","prefix":"p2-cap-47d3f803-skew","args":[20000,120000],"code":0}
{"window":{"elapsedMs":5074,"records":15411,"rate":3036.8872880742833}}
{"result":{"expected":20000,"records":20000,"unique":20000,"duplicates":0,"identityChecks":true,"outputBytes":41499000,"elapsedMs":6372,"activeMs":4486,"durableRate":4457.463125206152,"pass":true,"windows":[{"elapsedMs":5074,"records":15411,"rate":3036.8872880742833}]}}
SLF4J(W): No SLF4J providers were found.
SLF4J(W): Defaulting to no-operation (NOP) logger implementation
SLF4J(W): See https://www.slf4j.org/codes.html#noProviders for further details.

{"mode":"paired-oracle","prefix":"p2-cap-47d3f803-skew","args":[20000],"code":0}
{"result":{"records":20000,"expected":20000,"fullFactParity":true,"orderedUnique":true,"pass":true}}
SLF4J(W): No SLF4J providers were found.
SLF4J(W): Defaulting to no-operation (NOP) logger implementation
SLF4J(W): See https://www.slf4j.org/codes.html#noProviders for further details.

