SLF4J(W): No SLF4J providers were found.
SLF4J(W): Defaulting to no-operation (NOP) logger implementation
SLF4J(W): See https://www.slf4j.org/codes.html#noProviders for further details.
STATE CREATED -> REBALANCING
STATE REBALANCING -> RUNNING
{"partition":0,"stats":{"generation":1,"partition":0,"sourceCursor":326,"stagedInputOffset":32613,"resolvedCount":32614,"pendingCount":0,"indexedCount":65400,"decodedCount":327,"outputBytes":68076458,"acceptedCacheRows":256,"acceptedCacheBytes":181630,"faultSuffixCount":0,"faultInputOffset":-1,"fault":""}}
{"partition":1,"stats":{"generation":1,"partition":1,"sourceCursor":-1,"stagedInputOffset":-1,"resolvedCount":0,"pendingCount":0,"indexedCount":0,"decodedCount":0,"outputBytes":0,"acceptedCacheRows":0,"acceptedCacheBytes":0,"faultSuffixCount":0,"faultInputOffset":-1,"fault":""}}
{"partition":0,"stats":{"generation":1,"partition":0,"sourceCursor":878,"stagedInputOffset":87859,"resolvedCount":87860,"pendingCount":0,"indexedCount":175800,"decodedCount":879,"outputBytes":183984728,"acceptedCacheRows":256,"acceptedCacheBytes":181630,"faultSuffixCount":0,"faultInputOffset":-1,"fault":""}}
{"partition":1,"stats":{"generation":1,"partition":1,"sourceCursor":-1,"stagedInputOffset":-1,"resolvedCount":0,"pendingCount":0,"indexedCount":0,"decodedCount":0,"outputBytes":0,"acceptedCacheRows":0,"acceptedCacheBytes":0,"faultSuffixCount":0,"faultInputOffset":-1,"fault":""}}
{"partition":0,"stats":{"generation":1,"partition":0,"sourceCursor":1435,"stagedInputOffset":143523,"resolvedCount":143524,"pendingCount":0,"indexedCount":287200,"decodedCount":1436,"outputBytes":301945212,"acceptedCacheRows":256,"acceptedCacheBytes":184190,"faultSuffixCount":0,"faultInputOffset":-1,"fault":""}}
{"partition":1,"stats":{"generation":1,"partition":1,"sourceCursor":-1,"stagedInputOffset":-1,"resolvedCount":0,"pendingCount":0,"indexedCount":0,"decodedCount":0,"outputBytes":0,"acceptedCacheRows":0,"acceptedCacheBytes":0,"faultSuffixCount":0,"faultInputOffset":-1,"fault":""}}
{"partition":0,"stats":{"generation":1,"partition":0,"sourceCursor":1987,"stagedInputOffset":198714,"resolvedCount":198715,"pendingCount":0,"indexedCount":397600,"decodedCount":1988,"outputBytes":419228304,"acceptedCacheRows":256,"acceptedCacheBytes":184190,"faultSuffixCount":0,"faultInputOffset":-1,"fault":""}}
{"partition":1,"stats":{"generation":1,"partition":1,"sourceCursor":-1,"stagedInputOffset":-1,"resolvedCount":0,"pendingCount":0,"indexedCount":0,"decodedCount":0,"outputBytes":0,"acceptedCacheRows":0,"acceptedCacheBytes":0,"faultSuffixCount":0,"faultInputOffset":-1,"fault":""}}
{"partition":0,"stats":{"generation":1,"partition":0,"sourceCursor":2502,"stagedInputOffset":250278,"resolvedCount":250279,"pendingCount":0,"indexedCount":500600,"decodedCount":2503,"outputBytes":528803845,"acceptedCacheRows":256,"acceptedCacheBytes":184190,"faultSuffixCount":0,"faultInputOffset":-1,"fault":""}}
{"partition":1,"stats":{"generation":1,"partition":1,"sourceCursor":-1,"stagedInputOffset":-1,"resolvedCount":0,"pendingCount":0,"indexedCount":0,"decodedCount":0,"outputBytes":0,"acceptedCacheRows":0,"acceptedCacheBytes":0,"faultSuffixCount":0,"faultInputOffset":-1,"fault":""}}
{"partition":0,"stats":{"generation":1,"partition":0,"sourceCursor":2978,"stagedInputOffset":297816,"resolvedCount":297817,"pendingCount":0,"indexedCount":595800,"decodedCount":2979,"outputBytes":629824016,"acceptedCacheRows":256,"acceptedCacheBytes":184190,"faultSuffixCount":0,"faultInputOffset":-1,"fault":""}}
{"partition":1,"stats":{"generation":1,"partition":1,"sourceCursor":-1,"stagedInputOffset":-1,"resolvedCount":0,"pendingCount":0,"indexedCount":0,"decodedCount":0,"outputBytes":0,"acceptedCacheRows":0,"acceptedCacheBytes":0,"faultSuffixCount":0,"faultInputOffset":-1,"fault":""}}
{"partition":0,"stats":{"generation":1,"partition":0,"sourceCursor":3512,"stagedInputOffset":351215,"resolvedCount":351216,"pendingCount":0,"indexedCount":702600,"decodedCount":3513,"outputBytes":743299028,"acceptedCacheRows":256,"acceptedCacheBytes":184190,"faultSuffixCount":0,"faultInputOffset":-1,"fault":""}}
{"partition":1,"stats":{"generation":1,"partition":1,"sourceCursor":-1,"stagedInputOffset":-1,"resolvedCount":0,"pendingCount":0,"indexedCount":0,"decodedCount":0,"outputBytes":0,"acceptedCacheRows":0,"acceptedCacheBytes":0,"faultSuffixCount":0,"faultInputOffset":-1,"fault":""}}
{"partition":0,"stats":{"generation":1,"partition":0,"sourceCursor":4051,"stagedInputOffset":405111,"resolvedCount":405112,"pendingCount":0,"indexedCount":810400,"decodedCount":4052,"outputBytes":857830188,"acceptedCacheRows":256,"acceptedCacheBytes":184190,"faultSuffixCount":0,"faultInputOffset":-1,"fault":""}}
{"partition":1,"stats":{"generation":1,"partition":1,"sourceCursor":-1,"stagedInputOffset":-1,"resolvedCount":0,"pendingCount":0,"indexedCount":0,"decodedCount":0,"outputBytes":0,"acceptedCacheRows":0,"acceptedCacheBytes":0,"faultSuffixCount":0,"faultInputOffset":-1,"fault":""}}
{"partition":0,"stats":{"generation":1,"partition":0,"sourceCursor":4592,"stagedInputOffset":459215,"resolvedCount":459216,"pendingCount":0,"indexedCount":918600,"decodedCount":4593,"outputBytes":972803348,"acceptedCacheRows":256,"acceptedCacheBytes":184190,"faultSuffixCount":0,"faultInputOffset":-1,"fault":""}}
{"partition":1,"stats":{"generation":1,"partition":1,"sourceCursor":-1,"stagedInputOffset":-1,"resolvedCount":0,"pendingCount":0,"indexedCount":0,"decodedCount":0,"outputBytes":0,"acceptedCacheRows":0,"acceptedCacheBytes":0,"faultSuffixCount":0,"faultInputOffset":-1,"fault":""}}
{"partition":0,"stats":{"generation":1,"partition":0,"sourceCursor":5127,"stagedInputOffset":512753,"resolvedCount":512754,"pendingCount":0,"indexedCount":1025600,"decodedCount":5128,"outputBytes":1086573700,"acceptedCacheRows":256,"acceptedCacheBytes":184190,"faultSuffixCount":0,"faultInputOffset":-1,"fault":""}}
{"partition":1,"stats":{"generation":1,"partition":1,"sourceCursor":-1,"stagedInputOffset":-1,"resolvedCount":0,"pendingCount":0,"indexedCount":0,"decodedCount":0,"outputBytes":0,"acceptedCacheRows":0,"acceptedCacheBytes":0,"faultSuffixCount":0,"faultInputOffset":-1,"fault":""}}
{"partition":0,"stats":{"generation":1,"partition":0,"sourceCursor":5650,"stagedInputOffset":565015,"resolvedCount":565016,"pendingCount":0,"indexedCount":1130200,"decodedCount":5651,"outputBytes":1197632580,"acceptedCacheRows":256,"acceptedCacheBytes":184190,"faultSuffixCount":0,"faultInputOffset":-1,"fault":""}}
{"partition":1,"stats":{"generation":1,"partition":1,"sourceCursor":-1,"stagedInputOffset":-1,"resolvedCount":0,"pendingCount":0,"indexedCount":0,"decodedCount":0,"outputBytes":0,"acceptedCacheRows":0,"acceptedCacheBytes":0,"faultSuffixCount":0,"faultInputOffset":-1,"fault":""}}
{"partition":0,"stats":{"generation":1,"partition":0,"sourceCursor":6181,"stagedInputOffset":618123,"resolvedCount":618124,"pendingCount":0,"indexedCount":1236400,"decodedCount":6182,"outputBytes":1310489196,"acceptedCacheRows":256,"acceptedCacheBytes":184190,"faultSuffixCount":0,"faultInputOffset":-1,"fault":""}}
{"partition":1,"stats":{"generation":1,"partition":1,"sourceCursor":-1,"stagedInputOffset":-1,"resolvedCount":0,"pendingCount":0,"indexedCount":0,"decodedCount":0,"outputBytes":0,"acceptedCacheRows":0,"acceptedCacheBytes":0,"faultSuffixCount":0,"faultInputOffset":-1,"fault":""}}
{"partition":0,"stats":{"generation":1,"partition":0,"sourceCursor":6695,"stagedInputOffset":669515,"resolvedCount":669516,"pendingCount":0,"indexedCount":1339200,"decodedCount":6696,"outputBytes":1419699260,"acceptedCacheRows":256,"acceptedCacheBytes":184190,"faultSuffixCount":0,"faultInputOffset":-1,"fault":""}}
{"partition":1,"stats":{"generation":1,"partition":1,"sourceCursor":-1,"stagedInputOffset":-1,"resolvedCount":0,"pendingCount":0,"indexedCount":0,"decodedCount":0,"outputBytes":0,"acceptedCacheRows":0,"acceptedCacheBytes":0,"faultSuffixCount":0,"faultInputOffset":-1,"fault":""}}
{"partition":0,"stats":{"generation":1,"partition":0,"sourceCursor":7229,"stagedInputOffset":722942,"resolvedCount":722943,"pendingCount":0,"indexedCount":1446000,"decodedCount":7230,"outputBytes":1533233744,"acceptedCacheRows":256,"acceptedCacheBytes":184190,"faultSuffixCount":0,"faultInputOffset":-1,"fault":""}}
{"partition":1,"stats":{"generation":1,"partition":1,"sourceCursor":-1,"stagedInputOffset":-1,"resolvedCount":0,"pendingCount":0,"indexedCount":0,"decodedCount":0,"outputBytes":0,"acceptedCacheRows":0,"acceptedCacheBytes":0,"faultSuffixCount":0,"faultInputOffset":-1,"fault":""}}
{"partition":0,"stats":{"generation":1,"partition":0,"sourceCursor":7786,"stagedInputOffset":778616,"resolvedCount":778617,"pendingCount":0,"indexedCount":1557400,"decodedCount":7787,"outputBytes":1651543248,"acceptedCacheRows":256,"acceptedCacheBytes":184190,"faultSuffixCount":0,"faultInputOffset":-1,"fault":""}}
{"partition":1,"stats":{"generation":1,"partition":1,"sourceCursor":-1,"stagedInputOffset":-1,"resolvedCount":0,"pendingCount":0,"indexedCount":0,"decodedCount":0,"outputBytes":0,"acceptedCacheRows":0,"acceptedCacheBytes":0,"faultSuffixCount":0,"faultInputOffset":-1,"fault":""}}
{"partition":0,"stats":{"generation":1,"partition":0,"sourceCursor":8342,"stagedInputOffset":834245,"resolvedCount":834246,"pendingCount":0,"indexedCount":1668600,"decodedCount":8343,"outputBytes":1769757068,"acceptedCacheRows":256,"acceptedCacheBytes":184190,"faultSuffixCount":0,"faultInputOffset":-1,"fault":""}}
{"partition":1,"stats":{"generation":1,"partition":1,"sourceCursor":-1,"stagedInputOffset":-1,"resolvedCount":0,"pendingCount":0,"indexedCount":0,"decodedCount":0,"outputBytes":0,"acceptedCacheRows":0,"acceptedCacheBytes":0,"faultSuffixCount":0,"faultInputOffset":-1,"fault":""}}
{"partition":0,"stats":{"generation":1,"partition":0,"sourceCursor":8882,"stagedInputOffset":888221,"resolvedCount":888222,"pendingCount":0,"indexedCount":1776600,"decodedCount":8883,"outputBytes":1884458252,"acceptedCacheRows":256,"acceptedCacheBytes":184190,"faultSuffixCount":0,"faultInputOffset":-1,"fault":""}}
{"partition":1,"stats":{"generation":1,"partition":1,"sourceCursor":-1,"stagedInputOffset":-1,"resolvedCount":0,"pendingCount":0,"indexedCount":0,"decodedCount":0,"outputBytes":0,"acceptedCacheRows":0,"acceptedCacheBytes":0,"faultSuffixCount":0,"faultInputOffset":-1,"fault":""}}
{"partition":0,"stats":{"generation":1,"partition":0,"sourceCursor":9441,"stagedInputOffset":944118,"resolvedCount":944119,"pendingCount":0,"indexedCount":1888400,"decodedCount":9442,"outputBytes":2003241616,"acceptedCacheRows":256,"acceptedCacheBytes":184190,"faultSuffixCount":0,"faultInputOffset":-1,"fault":""}}
{"partition":1,"stats":{"generation":1,"partition":1,"sourceCursor":-1,"stagedInputOffset":-1,"resolvedCount":0,"pendingCount":0,"indexedCount":0,"decodedCount":0,"outputBytes":0,"acceptedCacheRows":0,"acceptedCacheBytes":0,"faultSuffixCount":0,"faultInputOffset":-1,"fault":""}}
{"partition":0,"stats":{"generation":1,"partition":0,"sourceCursor":9968,"stagedInputOffset":996815,"resolvedCount":996816,"pendingCount":0,"indexedCount":1993800,"decodedCount":9969,"outputBytes":2115224852,"acceptedCacheRows":256,"acceptedCacheBytes":184190,"faultSuffixCount":0,"faultInputOffset":-1,"fault":""}}
{"partition":1,"stats":{"generation":1,"partition":1,"sourceCursor":-1,"stagedInputOffset":-1,"resolvedCount":0,"pendingCount":0,"indexedCount":0,"decodedCount":0,"outputBytes":0,"acceptedCacheRows":0,"acceptedCacheBytes":0,"faultSuffixCount":0,"faultInputOffset":-1,"fault":""}}
{"partition":0,"stats":{"generation":1,"partition":0,"sourceCursor":10547,"stagedInputOffset":1054770,"resolvedCount":1054771,"pendingCount":0,"indexedCount":2109600,"decodedCount":10548,"outputBytes":2239860326,"acceptedCacheRows":256,"acceptedCacheBytes":186750,"faultSuffixCount":0,"faultInputOffset":-1,"fault":""}}
{"partition":1,"stats":{"generation":1,"partition":1,"sourceCursor":-1,"stagedInputOffset":-1,"resolvedCount":0,"pendingCount":0,"indexedCount":0,"decodedCount":0,"outputBytes":0,"acceptedCacheRows":0,"acceptedCacheBytes":0,"faultSuffixCount":0,"faultInputOffset":-1,"fault":""}}
{"partition":0,"stats":{"generation":1,"partition":0,"sourceCursor":11106,"stagedInputOffset":1110624,"resolvedCount":1110625,"pendingCount":0,"indexedCount":2221400,"decodedCount":11107,"outputBytes":2360060395,"acceptedCacheRows":256,"acceptedCacheBytes":186750,"faultSuffixCount":0,"faultInputOffset":-1,"fault":""}}
{"partition":1,"stats":{"generation":1,"partition":1,"sourceCursor":-1,"stagedInputOffset":-1,"resolvedCount":0,"pendingCount":0,"indexedCount":0,"decodedCount":0,"outputBytes":0,"acceptedCacheRows":0,"acceptedCacheBytes":0,"faultSuffixCount":0,"faultInputOffset":-1,"fault":""}}
{"partition":0,"stats":{"generation":1,"partition":0,"sourceCursor":11642,"stagedInputOffset":1164285,"resolvedCount":1164286,"pendingCount":0,"indexedCount":2328600,"decodedCount":11643,"outputBytes":2475541016,"acceptedCacheRows":256,"acceptedCacheBytes":186750,"faultSuffixCount":0,"faultInputOffset":-1,"fault":""}}
{"partition":1,"stats":{"generation":1,"partition":1,"sourceCursor":-1,"stagedInputOffset":-1,"resolvedCount":0,"pendingCount":0,"indexedCount":0,"decodedCount":0,"outputBytes":0,"acceptedCacheRows":0,"acceptedCacheBytes":0,"faultSuffixCount":0,"faultInputOffset":-1,"fault":""}}
{"partition":0,"stats":{"generation":1,"partition":0,"sourceCursor":12175,"stagedInputOffset":1217516,"resolvedCount":1217517,"pendingCount":0,"indexedCount":2435200,"decodedCount":12176,"outputBytes":2590096263,"acceptedCacheRows":256,"acceptedCacheBytes":186750,"faultSuffixCount":0,"faultInputOffset":-1,"fault":""}}
{"partition":1,"stats":{"generation":1,"partition":1,"sourceCursor":-1,"stagedInputOffset":-1,"resolvedCount":0,"pendingCount":0,"indexedCount":0,"decodedCount":0,"outputBytes":0,"acceptedCacheRows":0,"acceptedCacheBytes":0,"faultSuffixCount":0,"faultInputOffset":-1,"fault":""}}
{"partition":0,"stats":{"generation":1,"partition":0,"sourceCursor":12721,"stagedInputOffset":1272116,"resolvedCount":1272117,"pendingCount":0,"indexedCount":2544400,"decodedCount":12722,"outputBytes":2707597647,"acceptedCacheRows":256,"acceptedCacheBytes":186750,"faultSuffixCount":0,"faultInputOffset":-1,"fault":""}}
{"partition":1,"stats":{"generation":1,"partition":1,"sourceCursor":-1,"stagedInputOffset":-1,"resolvedCount":0,"pendingCount":0,"indexedCount":0,"decodedCount":0,"outputBytes":0,"acceptedCacheRows":0,"acceptedCacheBytes":0,"faultSuffixCount":0,"faultInputOffset":-1,"fault":""}}
{"partition":0,"stats":{"generation":1,"partition":0,"sourceCursor":13249,"stagedInputOffset":1324992,"resolvedCount":1324993,"pendingCount":0,"indexedCount":2650000,"decodedCount":13250,"outputBytes":2821388922,"acceptedCacheRows":256,"acceptedCacheBytes":186750,"faultSuffixCount":0,"faultInputOffset":-1,"fault":""}}
{"partition":1,"stats":{"generation":1,"partition":1,"sourceCursor":-1,"stagedInputOffset":-1,"resolvedCount":0,"pendingCount":0,"indexedCount":0,"decodedCount":0,"outputBytes":0,"acceptedCacheRows":0,"acceptedCacheBytes":0,"faultSuffixCount":0,"faultInputOffset":-1,"fault":""}}
{"partition":0,"stats":{"generation":1,"partition":0,"sourceCursor":13771,"stagedInputOffset":1377115,"resolvedCount":1377116,"pendingCount":0,"indexedCount":2754400,"decodedCount":13772,"outputBytes":2933559696,"acceptedCacheRows":256,"acceptedCacheBytes":186750,"faultSuffixCount":0,"faultInputOffset":-1,"fault":""}}
{"partition":1,"stats":{"generation":1,"partition":1,"sourceCursor":-1,"stagedInputOffset":-1,"resolvedCount":0,"pendingCount":0,"indexedCount":0,"decodedCount":0,"outputBytes":0,"acceptedCacheRows":0,"acceptedCacheBytes":0,"faultSuffixCount":0,"faultInputOffset":-1,"fault":""}}
{"partition":0,"stats":{"generation":1,"partition":0,"sourceCursor":14297,"stagedInputOffset":1429716,"resolvedCount":1429717,"pendingCount":0,"indexedCount":2859600,"decodedCount":14298,"outputBytes":3046759151,"acceptedCacheRows":256,"acceptedCacheBytes":186750,"faultSuffixCount":0,"faultInputOffset":-1,"fault":""}}
{"partition":1,"stats":{"generation":1,"partition":1,"sourceCursor":-1,"stagedInputOffset":-1,"resolvedCount":0,"pendingCount":0,"indexedCount":0,"decodedCount":0,"outputBytes":0,"acceptedCacheRows":0,"acceptedCacheBytes":0,"faultSuffixCount":0,"faultInputOffset":-1,"fault":""}}
{"partition":0,"stats":{"generation":1,"partition":0,"sourceCursor":14835,"stagedInputOffset":1483516,"resolvedCount":1483517,"pendingCount":0,"indexedCount":2967200,"decodedCount":14836,"outputBytes":3162538903,"acceptedCacheRows":256,"acceptedCacheBytes":186750,"faultSuffixCount":0,"faultInputOffset":-1,"fault":""}}
{"partition":1,"stats":{"generation":1,"partition":1,"sourceCursor":-1,"stagedInputOffset":-1,"resolvedCount":0,"pendingCount":0,"indexedCount":0,"decodedCount":0,"outputBytes":0,"acceptedCacheRows":0,"acceptedCacheBytes":0,"faultSuffixCount":0,"faultInputOffset":-1,"fault":""}}
{"partition":0,"stats":{"generation":1,"partition":0,"sourceCursor":15373,"stagedInputOffset":1537316,"resolvedCount":1537317,"pendingCount":0,"indexedCount":3074800,"decodedCount":15374,"outputBytes":3278318655,"acceptedCacheRows":256,"acceptedCacheBytes":186750,"faultSuffixCount":0,"faultInputOffset":-1,"fault":""}}
{"partition":1,"stats":{"generation":1,"partition":1,"sourceCursor":-1,"stagedInputOffset":-1,"resolvedCount":0,"pendingCount":0,"indexedCount":0,"decodedCount":0,"outputBytes":0,"acceptedCacheRows":0,"acceptedCacheBytes":0,"faultSuffixCount":0,"faultInputOffset":-1,"fault":""}}
{"partition":0,"stats":{"generation":1,"partition":0,"sourceCursor":15930,"stagedInputOffset":1593054,"resolvedCount":1593055,"pendingCount":0,"indexedCount":3186200,"decodedCount":15931,"outputBytes":3398269021,"acceptedCacheRows":256,"acceptedCacheBytes":186750,"faultSuffixCount":0,"faultInputOffset":-1,"fault":""}}
{"partition":1,"stats":{"generation":1,"partition":1,"sourceCursor":-1,"stagedInputOffset":-1,"resolvedCount":0,"pendingCount":0,"indexedCount":0,"decodedCount":0,"outputBytes":0,"acceptedCacheRows":0,"acceptedCacheBytes":0,"faultSuffixCount":0,"faultInputOffset":-1,"fault":""}}
{"partition":0,"stats":{"generation":1,"partition":0,"sourceCursor":16469,"stagedInputOffset":1646915,"resolvedCount":1646916,"pendingCount":0,"indexedCount":3294000,"decodedCount":16470,"outputBytes":3514214152,"acceptedCacheRows":256,"acceptedCacheBytes":187006,"faultSuffixCount":0,"faultInputOffset":-1,"fault":""}}
{"partition":1,"stats":{"generation":1,"partition":1,"sourceCursor":-1,"stagedInputOffset":-1,"resolvedCount":0,"pendingCount":0,"indexedCount":0,"decodedCount":0,"outputBytes":0,"acceptedCacheRows":0,"acceptedCacheBytes":0,"faultSuffixCount":0,"faultInputOffset":-1,"fault":""}}
{"partition":0,"stats":{"generation":1,"partition":0,"sourceCursor":17013,"stagedInputOffset":1701314,"resolvedCount":1701315,"pendingCount":0,"indexedCount":3402800,"decodedCount":17014,"outputBytes":3631500573,"acceptedCacheRows":256,"acceptedCacheBytes":187006,"faultSuffixCount":0,"faultInputOffset":-1,"fault":""}}
{"partition":1,"stats":{"generation":1,"partition":1,"sourceCursor":-1,"stagedInputOffset":-1,"resolvedCount":0,"pendingCount":0,"indexedCount":0,"decodedCount":0,"outputBytes":0,"acceptedCacheRows":0,"acceptedCacheBytes":0,"faultSuffixCount":0,"faultInputOffset":-1,"fault":""}}
{"partition":0,"stats":{"generation":1,"partition":0,"sourceCursor":17548,"stagedInputOffset":1754820,"resolvedCount":1754821,"pendingCount":0,"indexedCount":3509800,"decodedCount":17549,"outputBytes":3746861643,"acceptedCacheRows":256,"acceptedCacheBytes":187006,"faultSuffixCount":0,"faultInputOffset":-1,"fault":""}}
{"partition":1,"stats":{"generation":1,"partition":1,"sourceCursor":-1,"stagedInputOffset":-1,"resolvedCount":0,"pendingCount":0,"indexedCount":0,"decodedCount":0,"outputBytes":0,"acceptedCacheRows":0,"acceptedCacheBytes":0,"faultSuffixCount":0,"faultInputOffset":-1,"fault":""}}
{"partition":0,"stats":{"generation":1,"partition":0,"sourceCursor":18103,"stagedInputOffset":1810399,"resolvedCount":1810400,"pendingCount":0,"indexedCount":3620800,"decodedCount":18104,"outputBytes":3866692216,"acceptedCacheRows":256,"acceptedCacheBytes":187006,"faultSuffixCount":0,"faultInputOffset":-1,"fault":""}}
{"partition":1,"stats":{"generation":1,"partition":1,"sourceCursor":-1,"stagedInputOffset":-1,"resolvedCount":0,"pendingCount":0,"indexedCount":0,"decodedCount":0,"outputBytes":0,"acceptedCacheRows":0,"acceptedCacheBytes":0,"faultSuffixCount":0,"faultInputOffset":-1,"fault":""}}
{"partition":0,"stats":{"generation":1,"partition":0,"sourceCursor":18656,"stagedInputOffset":1865610,"resolvedCount":1865611,"pendingCount":0,"indexedCount":3731400,"decodedCount":18657,"outputBytes":3985729325,"acceptedCacheRows":256,"acceptedCacheBytes":187006,"faultSuffixCount":0,"faultInputOffset":-1,"fault":""}}
{"partition":1,"stats":{"generation":1,"partition":1,"sourceCursor":-1,"stagedInputOffset":-1,"resolvedCount":0,"pendingCount":0,"indexedCount":0,"decodedCount":0,"outputBytes":0,"acceptedCacheRows":0,"acceptedCacheBytes":0,"faultSuffixCount":0,"faultInputOffset":-1,"fault":""}}
{"partition":1,"stats":{"generation":1,"partition":1,"sourceCursor":-1,"stagedInputOffset":-1,"resolvedCount":0,"pendingCount":0,"indexedCount":0,"decodedCount":0,"outputBytes":0,"acceptedCacheRows":0,"acceptedCacheBytes":0,"faultSuffixCount":0,"faultInputOffset":-1,"fault":""}}
{"partition":0,"stats":{"generation":1,"partition":0,"sourceCursor":19213,"stagedInputOffset":1921320,"resolvedCount":1921321,"pendingCount":0,"indexedCount":3842800,"decodedCount":19214,"outputBytes":4105842303,"acceptedCacheRows":256,"acceptedCacheBytes":187006,"faultSuffixCount":0,"faultInputOffset":-1,"fault":""}}
{"partition":0,"stats":{"generation":1,"partition":0,"sourceCursor":19766,"stagedInputOffset":1976615,"resolvedCount":1976616,"pendingCount":0,"indexedCount":3953400,"decodedCount":19767,"outputBytes":4225060540,"acceptedCacheRows":256,"acceptedCacheBytes":187006,"faultSuffixCount":0,"faultInputOffset":-1,"fault":""}}
{"partition":1,"stats":{"generation":1,"partition":1,"sourceCursor":-1,"stagedInputOffset":-1,"resolvedCount":0,"pendingCount":0,"indexedCount":0,"decodedCount":0,"outputBytes":0,"acceptedCacheRows":0,"acceptedCacheBytes":0,"faultSuffixCount":0,"faultInputOffset":-1,"fault":""}}
{"partition":0,"stats":{"generation":1,"partition":0,"sourceCursor":20291,"stagedInputOffset":2029159,"resolvedCount":2029160,"pendingCount":0,"indexedCount":4058400,"decodedCount":20292,"outputBytes":4338347460,"acceptedCacheRows":256,"acceptedCacheBytes":187006,"faultSuffixCount":0,"faultInputOffset":-1,"fault":""}}
{"partition":1,"stats":{"generation":1,"partition":1,"sourceCursor":-1,"stagedInputOffset":-1,"resolvedCount":0,"pendingCount":0,"indexedCount":0,"decodedCount":0,"outputBytes":0,"acceptedCacheRows":0,"acceptedCacheBytes":0,"faultSuffixCount":0,"faultInputOffset":-1,"fault":""}}
{"partition":0,"stats":{"generation":1,"partition":0,"sourceCursor":20843,"stagedInputOffset":2084319,"resolvedCount":2084320,"pendingCount":0,"indexedCount":4168800,"decodedCount":20844,"outputBytes":4457274668,"acceptedCacheRows":256,"acceptedCacheBytes":187006,"faultSuffixCount":0,"faultInputOffset":-1,"fault":""}}
{"partition":1,"stats":{"generation":1,"partition":1,"sourceCursor":-1,"stagedInputOffset":-1,"resolvedCount":0,"pendingCount":0,"indexedCount":0,"decodedCount":0,"outputBytes":0,"acceptedCacheRows":0,"acceptedCacheBytes":0,"faultSuffixCount":0,"faultInputOffset":-1,"fault":""}}
{"partition":0,"stats":{"generation":1,"partition":0,"sourceCursor":21381,"stagedInputOffset":2138111,"resolvedCount":2138112,"pendingCount":0,"indexedCount":4276400,"decodedCount":21382,"outputBytes":4573252380,"acceptedCacheRows":256,"acceptedCacheBytes":187006,"faultSuffixCount":0,"faultInputOffset":-1,"fault":""}}
{"partition":1,"stats":{"generation":1,"partition":1,"sourceCursor":-1,"stagedInputOffset":-1,"resolvedCount":0,"pendingCount":0,"indexedCount":0,"decodedCount":0,"outputBytes":0,"acceptedCacheRows":0,"acceptedCacheBytes":0,"faultSuffixCount":0,"faultInputOffset":-1,"fault":""}}
{"partition":0,"stats":{"generation":1,"partition":0,"sourceCursor":21929,"stagedInputOffset":2192978,"resolvedCount":2192979,"pendingCount":0,"indexedCount":4386000,"decodedCount":21930,"outputBytes":4691547802,"acceptedCacheRows":256,"acceptedCacheBytes":187006,"faultSuffixCount":0,"faultInputOffset":-1,"fault":""}}
{"partition":1,"stats":{"generation":1,"partition":1,"sourceCursor":-1,"stagedInputOffset":-1,"resolvedCount":0,"pendingCount":0,"indexedCount":0,"decodedCount":0,"outputBytes":0,"acceptedCacheRows":0,"acceptedCacheBytes":0,"faultSuffixCount":0,"faultInputOffset":-1,"fault":""}}
{"partition":0,"stats":{"generation":1,"partition":0,"sourceCursor":22457,"stagedInputOffset":2245774,"resolvedCount":2245775,"pendingCount":0,"indexedCount":4491600,"decodedCount":22458,"outputBytes":4805378082,"acceptedCacheRows":256,"acceptedCacheBytes":187006,"faultSuffixCount":0,"faultInputOffset":-1,"fault":""}}
{"partition":1,"stats":{"generation":1,"partition":1,"sourceCursor":-1,"stagedInputOffset":-1,"resolvedCount":0,"pendingCount":0,"indexedCount":0,"decodedCount":0,"outputBytes":0,"acceptedCacheRows":0,"acceptedCacheBytes":0,"faultSuffixCount":0,"faultInputOffset":-1,"fault":""}}
{"partition":0,"stats":{"generation":1,"partition":0,"sourceCursor":22972,"stagedInputOffset":2297218,"resolvedCount":2297219,"pendingCount":0,"indexedCount":4594600,"decodedCount":22973,"outputBytes":4916293429,"acceptedCacheRows":256,"acceptedCacheBytes":187006,"faultSuffixCount":0,"faultInputOffset":-1,"fault":""}}
{"partition":1,"stats":{"generation":1,"partition":1,"sourceCursor":-1,"stagedInputOffset":-1,"resolvedCount":0,"pendingCount":0,"indexedCount":0,"decodedCount":0,"outputBytes":0,"acceptedCacheRows":0,"acceptedCacheBytes":0,"faultSuffixCount":0,"faultInputOffset":-1,"fault":""}}
{"partition":1,"stats":{"generation":1,"partition":1,"sourceCursor":-1,"stagedInputOffset":-1,"resolvedCount":0,"pendingCount":0,"indexedCount":0,"decodedCount":0,"outputBytes":0,"acceptedCacheRows":0,"acceptedCacheBytes":0,"faultSuffixCount":0,"faultInputOffset":-1,"fault":""}}
{"partition":0,"stats":{"generation":1,"partition":0,"sourceCursor":23479,"stagedInputOffset":2347918,"resolvedCount":2347919,"pendingCount":0,"indexedCount":4696000,"decodedCount":23480,"outputBytes":5025604657,"acceptedCacheRows":256,"acceptedCacheBytes":187006,"faultSuffixCount":0,"faultInputOffset":-1,"fault":""}}
{"partition":0,"stats":{"generation":1,"partition":0,"sourceCursor":23976,"stagedInputOffset":2397623,"resolvedCount":2397624,"pendingCount":0,"indexedCount":4795400,"decodedCount":23977,"outputBytes":5132770620,"acceptedCacheRows":256,"acceptedCacheBytes":187006,"faultSuffixCount":0,"faultInputOffset":-1,"fault":""}}
{"partition":1,"stats":{"generation":1,"partition":1,"sourceCursor":-1,"stagedInputOffset":-1,"resolvedCount":0,"pendingCount":0,"indexedCount":0,"decodedCount":0,"outputBytes":0,"acceptedCacheRows":0,"acceptedCacheBytes":0,"faultSuffixCount":0,"faultInputOffset":-1,"fault":""}}
{"partition":0,"stats":{"generation":1,"partition":0,"sourceCursor":24506,"stagedInputOffset":2450623,"resolvedCount":2450624,"pendingCount":0,"indexedCount":4901400,"decodedCount":24507,"outputBytes":5247040740,"acceptedCacheRows":256,"acceptedCacheBytes":187006,"faultSuffixCount":0,"faultInputOffset":-1,"fault":""}}
{"partition":1,"stats":{"generation":1,"partition":1,"sourceCursor":-1,"stagedInputOffset":-1,"resolvedCount":0,"pendingCount":0,"indexedCount":0,"decodedCount":0,"outputBytes":0,"acceptedCacheRows":0,"acceptedCacheBytes":0,"faultSuffixCount":0,"faultInputOffset":-1,"fault":""}}
{"partition":1,"stats":{"generation":1,"partition":1,"sourceCursor":-1,"stagedInputOffset":-1,"resolvedCount":0,"pendingCount":0,"indexedCount":0,"decodedCount":0,"outputBytes":0,"acceptedCacheRows":0,"acceptedCacheBytes":0,"faultSuffixCount":0,"faultInputOffset":-1,"fault":""}}
{"partition":0,"stats":{"generation":1,"partition":0,"sourceCursor":25022,"stagedInputOffset":2502235,"resolvedCount":2502236,"pendingCount":0,"indexedCount":5004600,"decodedCount":25023,"outputBytes":5358318264,"acceptedCacheRows":256,"acceptedCacheBytes":187006,"faultSuffixCount":0,"faultInputOffset":-1,"fault":""}}
{"partition":0,"stats":{"generation":1,"partition":0,"sourceCursor":25542,"stagedInputOffset":2554221,"resolvedCount":2554222,"pendingCount":0,"indexedCount":5108600,"decodedCount":25543,"outputBytes":5470402174,"acceptedCacheRows":256,"acceptedCacheBytes":187006,"faultSuffixCount":0,"faultInputOffset":-1,"fault":""}}
{"partition":1,"stats":{"generation":1,"partition":1,"sourceCursor":-1,"stagedInputOffset":-1,"resolvedCount":0,"pendingCount":0,"indexedCount":0,"decodedCount":0,"outputBytes":0,"acceptedCacheRows":0,"acceptedCacheBytes":0,"faultSuffixCount":0,"faultInputOffset":-1,"fault":""}}
{"partition":0,"stats":{"generation":1,"partition":0,"sourceCursor":26057,"stagedInputOffset":2605712,"resolvedCount":2605713,"pendingCount":0,"indexedCount":5211600,"decodedCount":26058,"outputBytes":5581418839,"acceptedCacheRows":256,"acceptedCacheBytes":187006,"faultSuffixCount":0,"faultInputOffset":-1,"fault":""}}
{"partition":1,"stats":{"generation":1,"partition":1,"sourceCursor":-1,"stagedInputOffset":-1,"resolvedCount":0,"pendingCount":0,"indexedCount":0,"decodedCount":0,"outputBytes":0,"acceptedCacheRows":0,"acceptedCacheBytes":0,"faultSuffixCount":0,"faultInputOffset":-1,"fault":""}}
{"partition":0,"stats":{"generation":1,"partition":0,"sourceCursor":26578,"stagedInputOffset":2657810,"resolvedCount":2657811,"pendingCount":0,"indexedCount":5315800,"decodedCount":26579,"outputBytes":5693744213,"acceptedCacheRows":256,"acceptedCacheBytes":187006,"faultSuffixCount":0,"faultInputOffset":-1,"fault":""}}
{"partition":1,"stats":{"generation":1,"partition":1,"sourceCursor":-1,"stagedInputOffset":-1,"resolvedCount":0,"pendingCount":0,"indexedCount":0,"decodedCount":0,"outputBytes":0,"acceptedCacheRows":0,"acceptedCacheBytes":0,"faultSuffixCount":0,"faultInputOffset":-1,"fault":""}}
{"partition":0,"stats":{"generation":1,"partition":0,"sourceCursor":27073,"stagedInputOffset":2707317,"resolvedCount":2707318,"pendingCount":0,"indexedCount":5414800,"decodedCount":27074,"outputBytes":5800483278,"acceptedCacheRows":256,"acceptedCacheBytes":187006,"faultSuffixCount":0,"faultInputOffset":-1,"fault":""}}
{"partition":1,"stats":{"generation":1,"partition":1,"sourceCursor":-1,"stagedInputOffset":-1,"resolvedCount":0,"pendingCount":0,"indexedCount":0,"decodedCount":0,"outputBytes":0,"acceptedCacheRows":0,"acceptedCacheBytes":0,"faultSuffixCount":0,"faultInputOffset":-1,"fault":""}}
{"partition":0,"stats":{"generation":1,"partition":0,"sourceCursor":27585,"stagedInputOffset":2758575,"resolvedCount":2758576,"pendingCount":0,"indexedCount":5517200,"decodedCount":27586,"outputBytes":5910997552,"acceptedCacheRows":256,"acceptedCacheBytes":187006,"faultSuffixCount":0,"faultInputOffset":-1,"fault":""}}
{"partition":1,"stats":{"generation":1,"partition":1,"sourceCursor":-1,"stagedInputOffset":-1,"resolvedCount":0,"pendingCount":0,"indexedCount":0,"decodedCount":0,"outputBytes":0,"acceptedCacheRows":0,"acceptedCacheBytes":0,"faultSuffixCount":0,"faultInputOffset":-1,"fault":""}}
{"partition":0,"stats":{"generation":1,"partition":0,"sourceCursor":28107,"stagedInputOffset":2810718,"resolvedCount":2810719,"pendingCount":0,"indexedCount":5621600,"decodedCount":28108,"outputBytes":6023419969,"acceptedCacheRows":256,"acceptedCacheBytes":187006,"faultSuffixCount":0,"faultInputOffset":-1,"fault":""}}
{"partition":1,"stats":{"generation":1,"partition":1,"sourceCursor":-1,"stagedInputOffset":-1,"resolvedCount":0,"pendingCount":0,"indexedCount":0,"decodedCount":0,"outputBytes":0,"acceptedCacheRows":0,"acceptedCacheBytes":0,"faultSuffixCount":0,"faultInputOffset":-1,"fault":""}}
{"partition":0,"stats":{"generation":1,"partition":0,"sourceCursor":28621,"stagedInputOffset":2862120,"resolvedCount":2862121,"pendingCount":0,"indexedCount":5724400,"decodedCount":28622,"outputBytes":6134244735,"acceptedCacheRows":256,"acceptedCacheBytes":187006,"faultSuffixCount":0,"faultInputOffset":-1,"fault":""}}
{"partition":1,"stats":{"generation":1,"partition":1,"sourceCursor":-1,"stagedInputOffset":-1,"resolvedCount":0,"pendingCount":0,"indexedCount":0,"decodedCount":0,"outputBytes":0,"acceptedCacheRows":0,"acceptedCacheBytes":0,"faultSuffixCount":0,"faultInputOffset":-1,"fault":""}}
{"partition":0,"stats":{"generation":1,"partition":0,"sourceCursor":29104,"stagedInputOffset":2910411,"resolvedCount":2910412,"pendingCount":0,"indexedCount":5821000,"decodedCount":29105,"outputBytes":6238362072,"acceptedCacheRows":256,"acceptedCacheBytes":187006,"faultSuffixCount":0,"faultInputOffset":-1,"fault":""}}
{"partition":1,"stats":{"generation":1,"partition":1,"sourceCursor":-1,"stagedInputOffset":-1,"resolvedCount":0,"pendingCount":0,"indexedCount":0,"decodedCount":0,"outputBytes":0,"acceptedCacheRows":0,"acceptedCacheBytes":0,"faultSuffixCount":0,"faultInputOffset":-1,"fault":""}}
{"partition":0,"stats":{"generation":1,"partition":0,"sourceCursor":29587,"stagedInputOffset":2958716,"resolvedCount":2958717,"pendingCount":0,"indexedCount":5917600,"decodedCount":29588,"outputBytes":6342509579,"acceptedCacheRows":256,"acceptedCacheBytes":187006,"faultSuffixCount":0,"faultInputOffset":-1,"fault":""}}
{"partition":1,"stats":{"generation":1,"partition":1,"sourceCursor":-1,"stagedInputOffset":-1,"resolvedCount":0,"pendingCount":0,"indexedCount":0,"decodedCount":0,"outputBytes":0,"acceptedCacheRows":0,"acceptedCacheBytes":0,"faultSuffixCount":0,"faultInputOffset":-1,"fault":""}}
{"partition":0,"stats":{"generation":1,"partition":0,"sourceCursor":30100,"stagedInputOffset":3010015,"resolvedCount":3010016,"pendingCount":0,"indexedCount":6020200,"decodedCount":30101,"outputBytes":6453112276,"acceptedCacheRows":256,"acceptedCacheBytes":187006,"faultSuffixCount":0,"faultInputOffset":-1,"fault":""}}
{"partition":1,"stats":{"generation":1,"partition":1,"sourceCursor":-1,"stagedInputOffset":-1,"resolvedCount":0,"pendingCount":0,"indexedCount":0,"decodedCount":0,"outputBytes":0,"acceptedCacheRows":0,"acceptedCacheBytes":0,"faultSuffixCount":0,"faultInputOffset":-1,"fault":""}}
{"partition":0,"stats":{"generation":1,"partition":0,"sourceCursor":30635,"stagedInputOffset":3063515,"resolvedCount":3063516,"pendingCount":0,"indexedCount":6127200,"decodedCount":30636,"outputBytes":6568460416,"acceptedCacheRows":256,"acceptedCacheBytes":187006,"faultSuffixCount":0,"faultInputOffset":-1,"fault":""}}
{"partition":1,"stats":{"generation":1,"partition":1,"sourceCursor":-1,"stagedInputOffset":-1,"resolvedCount":0,"pendingCount":0,"indexedCount":0,"decodedCount":0,"outputBytes":0,"acceptedCacheRows":0,"acceptedCacheBytes":0,"faultSuffixCount":0,"faultInputOffset":-1,"fault":""}}
{"partition":0,"stats":{"generation":1,"partition":0,"sourceCursor":31134,"stagedInputOffset":3113409,"resolvedCount":3113410,"pendingCount":0,"indexedCount":6227000,"decodedCount":31135,"outputBytes":6676033882,"acceptedCacheRows":256,"acceptedCacheBytes":187006,"faultSuffixCount":0,"faultInputOffset":-1,"fault":""}}
{"partition":1,"stats":{"generation":1,"partition":1,"sourceCursor":-1,"stagedInputOffset":-1,"resolvedCount":0,"pendingCount":0,"indexedCount":0,"decodedCount":0,"outputBytes":0,"acceptedCacheRows":0,"acceptedCacheBytes":0,"faultSuffixCount":0,"faultInputOffset":-1,"fault":""}}
{"partition":0,"stats":{"generation":1,"partition":0,"sourceCursor":31649,"stagedInputOffset":3164916,"resolvedCount":3164917,"pendingCount":0,"indexedCount":6330000,"decodedCount":31650,"outputBytes":6787085027,"acceptedCacheRows":256,"acceptedCacheBytes":187006,"faultSuffixCount":0,"faultInputOffset":-1,"fault":""}}
{"partition":1,"stats":{"generation":1,"partition":1,"sourceCursor":-1,"stagedInputOffset":-1,"resolvedCount":0,"pendingCount":0,"indexedCount":0,"decodedCount":0,"outputBytes":0,"acceptedCacheRows":0,"acceptedCacheBytes":0,"faultSuffixCount":0,"faultInputOffset":-1,"fault":""}}
{"partition":0,"stats":{"generation":1,"partition":0,"sourceCursor":32175,"stagedInputOffset":3217510,"resolvedCount":3217511,"pendingCount":0,"indexedCount":6435200,"decodedCount":32176,"outputBytes":6900479801,"acceptedCacheRows":256,"acceptedCacheBytes":187006,"faultSuffixCount":0,"faultInputOffset":-1,"fault":""}}
{"partition":1,"stats":{"generation":1,"partition":1,"sourceCursor":-1,"stagedInputOffset":-1,"resolvedCount":0,"pendingCount":0,"indexedCount":0,"decodedCount":0,"outputBytes":0,"acceptedCacheRows":0,"acceptedCacheBytes":0,"faultSuffixCount":0,"faultInputOffset":-1,"fault":""}}
{"partition":0,"stats":{"generation":1,"partition":0,"sourceCursor":32724,"stagedInputOffset":3272416,"resolvedCount":3272417,"pendingCount":0,"indexedCount":6545000,"decodedCount":32725,"outputBytes":7018859327,"acceptedCacheRows":256,"acceptedCacheBytes":187006,"faultSuffixCount":0,"faultInputOffset":-1,"fault":""}}
{"partition":1,"stats":{"generation":1,"partition":1,"sourceCursor":-1,"stagedInputOffset":-1,"resolvedCount":0,"pendingCount":0,"indexedCount":0,"decodedCount":0,"outputBytes":0,"acceptedCacheRows":0,"acceptedCacheBytes":0,"faultSuffixCount":0,"faultInputOffset":-1,"fault":""}}
{"partition":0,"stats":{"generation":1,"partition":0,"sourceCursor":32999,"stagedInputOffset":3299999,"resolvedCount":3300000,"pendingCount":0,"indexedCount":6600000,"decodedCount":33000,"outputBytes":7078329400,"acceptedCacheRows":256,"acceptedCacheBytes":187006,"faultSuffixCount":0,"faultInputOffset":-1,"fault":""}}
{"partition":1,"stats":{"generation":1,"partition":1,"sourceCursor":-1,"stagedInputOffset":-1,"resolvedCount":0,"pendingCount":0,"indexedCount":0,"decodedCount":0,"outputBytes":0,"acceptedCacheRows":0,"acceptedCacheBytes":0,"faultSuffixCount":0,"faultInputOffset":-1,"fault":""}}
{"partition":0,"stats":{"generation":1,"partition":0,"sourceCursor":32999,"stagedInputOffset":3299999,"resolvedCount":3300000,"pendingCount":0,"indexedCount":6600000,"decodedCount":33000,"outputBytes":7078329400,"acceptedCacheRows":256,"acceptedCacheBytes":187006,"faultSuffixCount":0,"faultInputOffset":-1,"fault":""}}
{"partition":1,"stats":{"generation":1,"partition":1,"sourceCursor":-1,"stagedInputOffset":-1,"resolvedCount":0,"pendingCount":0,"indexedCount":0,"decodedCount":0,"outputBytes":0,"acceptedCacheRows":0,"acceptedCacheBytes":0,"faultSuffixCount":0,"faultInputOffset":-1,"fault":""}}
{"partition":0,"stats":{"generation":1,"partition":0,"sourceCursor":32999,"stagedInputOffset":3299999,"resolvedCount":3300000,"pendingCount":0,"indexedCount":6600000,"decodedCount":33000,"outputBytes":7078329400,"acceptedCacheRows":256,"acceptedCacheBytes":187006,"faultSuffixCount":0,"faultInputOffset":-1,"fault":""}}
{"partition":1,"stats":{"generation":1,"partition":1,"sourceCursor":-1,"stagedInputOffset":-1,"resolvedCount":0,"pendingCount":0,"indexedCount":0,"decodedCount":0,"outputBytes":0,"acceptedCacheRows":0,"acceptedCacheBytes":0,"faultSuffixCount":0,"faultInputOffset":-1,"fault":""}}
{"partition":0,"stats":{"generation":1,"partition":0,"sourceCursor":32999,"stagedInputOffset":3299999,"resolvedCount":3300000,"pendingCount":0,"indexedCount":6600000,"decodedCount":33000,"outputBytes":7078329400,"acceptedCacheRows":256,"acceptedCacheBytes":187006,"faultSuffixCount":0,"faultInputOffset":-1,"fault":""}}
{"partition":1,"stats":{"generation":1,"partition":1,"sourceCursor":-1,"stagedInputOffset":-1,"resolvedCount":0,"pendingCount":0,"indexedCount":0,"decodedCount":0,"outputBytes":0,"acceptedCacheRows":0,"acceptedCacheBytes":0,"faultSuffixCount":0,"faultInputOffset":-1,"fault":""}}
{"partition":0,"stats":{"generation":1,"partition":0,"sourceCursor":32999,"stagedInputOffset":3299999,"resolvedCount":3300000,"pendingCount":0,"indexedCount":6600000,"decodedCount":33000,"outputBytes":7078329400,"acceptedCacheRows":256,"acceptedCacheBytes":187006,"faultSuffixCount":0,"faultInputOffset":-1,"fault":""}}
{"partition":1,"stats":{"generation":1,"partition":1,"sourceCursor":-1,"stagedInputOffset":-1,"resolvedCount":0,"pendingCount":0,"indexedCount":0,"decodedCount":0,"outputBytes":0,"acceptedCacheRows":0,"acceptedCacheBytes":0,"faultSuffixCount":0,"faultInputOffset":-1,"fault":""}}
{"partition":0,"stats":{"generation":1,"partition":0,"sourceCursor":32999,"stagedInputOffset":3299999,"resolvedCount":3300000,"pendingCount":0,"indexedCount":6600000,"decodedCount":33000,"outputBytes":7078329400,"acceptedCacheRows":256,"acceptedCacheBytes":187006,"faultSuffixCount":0,"faultInputOffset":-1,"fault":""}}
{"partition":1,"stats":{"generation":1,"partition":1,"sourceCursor":-1,"stagedInputOffset":-1,"resolvedCount":0,"pendingCount":0,"indexedCount":0,"decodedCount":0,"outputBytes":0,"acceptedCacheRows":0,"acceptedCacheBytes":0,"faultSuffixCount":0,"faultInputOffset":-1,"fault":""}}
{"partition":0,"stats":{"generation":1,"partition":0,"sourceCursor":32999,"stagedInputOffset":3299999,"resolvedCount":3300000,"pendingCount":0,"indexedCount":6600000,"decodedCount":33000,"outputBytes":7078329400,"acceptedCacheRows":256,"acceptedCacheBytes":187006,"faultSuffixCount":0,"faultInputOffset":-1,"fault":""}}
{"partition":1,"stats":{"generation":1,"partition":1,"sourceCursor":-1,"stagedInputOffset":-1,"resolvedCount":0,"pendingCount":0,"indexedCount":0,"decodedCount":0,"outputBytes":0,"acceptedCacheRows":0,"acceptedCacheBytes":0,"faultSuffixCount":0,"faultInputOffset":-1,"fault":""}}
{"partition":1,"stats":{"generation":1,"partition":1,"sourceCursor":-1,"stagedInputOffset":-1,"resolvedCount":0,"pendingCount":0,"indexedCount":0,"decodedCount":0,"outputBytes":0,"acceptedCacheRows":0,"acceptedCacheBytes":0,"faultSuffixCount":0,"faultInputOffset":-1,"fault":""}}
{"partition":0,"stats":{"generation":1,"partition":0,"sourceCursor":32999,"stagedInputOffset":3299999,"resolvedCount":3300000,"pendingCount":0,"indexedCount":6600000,"decodedCount":33000,"outputBytes":7078329400,"acceptedCacheRows":256,"acceptedCacheBytes":187006,"faultSuffixCount":0,"faultInputOffset":-1,"fault":""}}
{"partition":1,"stats":{"generation":1,"partition":1,"sourceCursor":-1,"stagedInputOffset":-1,"resolvedCount":0,"pendingCount":0,"indexedCount":0,"decodedCount":0,"outputBytes":0,"acceptedCacheRows":0,"acceptedCacheBytes":0,"faultSuffixCount":0,"faultInputOffset":-1,"fault":""}}
{"partition":0,"stats":{"generation":1,"partition":0,"sourceCursor":32999,"stagedInputOffset":3299999,"resolvedCount":3300000,"pendingCount":0,"indexedCount":6600000,"decodedCount":33000,"outputBytes":7078329400,"acceptedCacheRows":256,"acceptedCacheBytes":187006,"faultSuffixCount":0,"faultInputOffset":-1,"fault":""}}
{"partition":1,"stats":{"generation":1,"partition":1,"sourceCursor":-1,"stagedInputOffset":-1,"resolvedCount":0,"pendingCount":0,"indexedCount":0,"decodedCount":0,"outputBytes":0,"acceptedCacheRows":0,"acceptedCacheBytes":0,"faultSuffixCount":0,"faultInputOffset":-1,"fault":""}}
{"partition":0,"stats":{"generation":1,"partition":0,"sourceCursor":32999,"stagedInputOffset":3299999,"resolvedCount":3300000,"pendingCount":0,"indexedCount":6600000,"decodedCount":33000,"outputBytes":7078329400,"acceptedCacheRows":256,"acceptedCacheBytes":187006,"faultSuffixCount":0,"faultInputOffset":-1,"fault":""}}
{"partition":1,"stats":{"generation":1,"partition":1,"sourceCursor":-1,"stagedInputOffset":-1,"resolvedCount":0,"pendingCount":0,"indexedCount":0,"decodedCount":0,"outputBytes":0,"acceptedCacheRows":0,"acceptedCacheBytes":0,"faultSuffixCount":0,"faultInputOffset":-1,"fault":""}}
{"partition":0,"stats":{"generation":1,"partition":0,"sourceCursor":32999,"stagedInputOffset":3299999,"resolvedCount":3300000,"pendingCount":0,"indexedCount":6600000,"decodedCount":33000,"outputBytes":7078329400,"acceptedCacheRows":256,"acceptedCacheBytes":187006,"faultSuffixCount":0,"faultInputOffset":-1,"fault":""}}
{"partition":0,"stats":{"generation":1,"partition":0,"sourceCursor":32999,"stagedInputOffset":3299999,"resolvedCount":3300000,"pendingCount":0,"indexedCount":6600000,"decodedCount":33000,"outputBytes":7078329400,"acceptedCacheRows":256,"acceptedCacheBytes":187006,"faultSuffixCount":0,"faultInputOffset":-1,"fault":""}}
{"partition":1,"stats":{"generation":1,"partition":1,"sourceCursor":-1,"stagedInputOffset":-1,"resolvedCount":0,"pendingCount":0,"indexedCount":0,"decodedCount":0,"outputBytes":0,"acceptedCacheRows":0,"acceptedCacheBytes":0,"faultSuffixCount":0,"faultInputOffset":-1,"fault":""}}
{"partition":0,"stats":{"generation":1,"partition":0,"sourceCursor":32999,"stagedInputOffset":3299999,"resolvedCount":3300000,"pendingCount":0,"indexedCount":6600000,"decodedCount":33000,"outputBytes":7078329400,"acceptedCacheRows":256,"acceptedCacheBytes":187006,"faultSuffixCount":0,"faultInputOffset":-1,"fault":""}}
{"partition":1,"stats":{"generation":1,"partition":1,"sourceCursor":-1,"stagedInputOffset":-1,"resolvedCount":0,"pendingCount":0,"indexedCount":0,"decodedCount":0,"outputBytes":0,"acceptedCacheRows":0,"acceptedCacheBytes":0,"faultSuffixCount":0,"faultInputOffset":-1,"fault":""}}
{"partition":1,"stats":{"generation":1,"partition":1,"sourceCursor":-1,"stagedInputOffset":-1,"resolvedCount":0,"pendingCount":0,"indexedCount":0,"decodedCount":0,"outputBytes":0,"acceptedCacheRows":0,"acceptedCacheBytes":0,"faultSuffixCount":0,"faultInputOffset":-1,"fault":""}}
{"partition":0,"stats":{"generation":1,"partition":0,"sourceCursor":32999,"stagedInputOffset":3299999,"resolvedCount":3300000,"pendingCount":0,"indexedCount":6600000,"decodedCount":33000,"outputBytes":7078329400,"acceptedCacheRows":256,"acceptedCacheBytes":187006,"faultSuffixCount":0,"faultInputOffset":-1,"fault":""}}
{"partition":1,"stats":{"generation":1,"partition":1,"sourceCursor":-1,"stagedInputOffset":-1,"resolvedCount":0,"pendingCount":0,"indexedCount":0,"decodedCount":0,"outputBytes":0,"acceptedCacheRows":0,"acceptedCacheBytes":0,"faultSuffixCount":0,"faultInputOffset":-1,"fault":""}}
{"partition":0,"stats":{"generation":1,"partition":0,"sourceCursor":32999,"stagedInputOffset":3299999,"resolvedCount":3300000,"pendingCount":0,"indexedCount":6600000,"decodedCount":33000,"outputBytes":7078329400,"acceptedCacheRows":256,"acceptedCacheBytes":187006,"faultSuffixCount":0,"faultInputOffset":-1,"fault":""}}
{"partition":0,"stats":{"generation":1,"partition":0,"sourceCursor":32999,"stagedInputOffset":3299999,"resolvedCount":3300000,"pendingCount":0,"indexedCount":6600000,"decodedCount":33000,"outputBytes":7078329400,"acceptedCacheRows":256,"acceptedCacheBytes":187006,"faultSuffixCount":0,"faultInputOffset":-1,"fault":""}}
{"partition":1,"stats":{"generation":1,"partition":1,"sourceCursor":-1,"stagedInputOffset":-1,"resolvedCount":0,"pendingCount":0,"indexedCount":0,"decodedCount":0,"outputBytes":0,"acceptedCacheRows":0,"acceptedCacheBytes":0,"faultSuffixCount":0,"faultInputOffset":-1,"fault":""}}
{"partition":0,"stats":{"generation":1,"partition":0,"sourceCursor":32999,"stagedInputOffset":3299999,"resolvedCount":3300000,"pendingCount":0,"indexedCount":6600000,"decodedCount":33000,"outputBytes":7078329400,"acceptedCacheRows":256,"acceptedCacheBytes":187006,"faultSuffixCount":0,"faultInputOffset":-1,"fault":""}}
{"partition":1,"stats":{"generation":1,"partition":1,"sourceCursor":-1,"stagedInputOffset":-1,"resolvedCount":0,"pendingCount":0,"indexedCount":0,"decodedCount":0,"outputBytes":0,"acceptedCacheRows":0,"acceptedCacheBytes":0,"faultSuffixCount":0,"faultInputOffset":-1,"fault":""}}
{"partition":1,"stats":{"generation":1,"partition":1,"sourceCursor":-1,"stagedInputOffset":-1,"resolvedCount":0,"pendingCount":0,"indexedCount":0,"decodedCount":0,"outputBytes":0,"acceptedCacheRows":0,"acceptedCacheBytes":0,"faultSuffixCount":0,"faultInputOffset":-1,"fault":""}}
{"partition":0,"stats":{"generation":1,"partition":0,"sourceCursor":32999,"stagedInputOffset":3299999,"resolvedCount":3300000,"pendingCount":0,"indexedCount":6600000,"decodedCount":33000,"outputBytes":7078329400,"acceptedCacheRows":256,"acceptedCacheBytes":187006,"faultSuffixCount":0,"faultInputOffset":-1,"fault":""}}
{"partition":0,"stats":{"generation":1,"partition":0,"sourceCursor":32999,"stagedInputOffset":3299999,"resolvedCount":3300000,"pendingCount":0,"indexedCount":6600000,"decodedCount":33000,"outputBytes":7078329400,"acceptedCacheRows":256,"acceptedCacheBytes":187006,"faultSuffixCount":0,"faultInputOffset":-1,"fault":""}}
{"partition":1,"stats":{"generation":1,"partition":1,"sourceCursor":-1,"stagedInputOffset":-1,"resolvedCount":0,"pendingCount":0,"indexedCount":0,"decodedCount":0,"outputBytes":0,"acceptedCacheRows":0,"acceptedCacheBytes":0,"faultSuffixCount":0,"faultInputOffset":-1,"fault":""}}
{"partition":1,"stats":{"generation":1,"partition":1,"sourceCursor":-1,"stagedInputOffset":-1,"resolvedCount":0,"pendingCount":0,"indexedCount":0,"decodedCount":0,"outputBytes":0,"acceptedCacheRows":0,"acceptedCacheBytes":0,"faultSuffixCount":0,"faultInputOffset":-1,"fault":""}}
{"partition":0,"stats":{"generation":1,"partition":0,"sourceCursor":32999,"stagedInputOffset":3299999,"resolvedCount":3300000,"pendingCount":0,"indexedCount":6600000,"decodedCount":33000,"outputBytes":7078329400,"acceptedCacheRows":256,"acceptedCacheBytes":187006,"faultSuffixCount":0,"faultInputOffset":-1,"fault":""}}
{"partition":1,"stats":{"generation":1,"partition":1,"sourceCursor":-1,"stagedInputOffset":-1,"resolvedCount":0,"pendingCount":0,"indexedCount":0,"decodedCount":0,"outputBytes":0,"acceptedCacheRows":0,"acceptedCacheBytes":0,"faultSuffixCount":0,"faultInputOffset":-1,"fault":""}}
{"partition":0,"stats":{"generation":1,"partition":0,"sourceCursor":32999,"stagedInputOffset":3299999,"resolvedCount":3300000,"pendingCount":0,"indexedCount":6600000,"decodedCount":33000,"outputBytes":7078329400,"acceptedCacheRows":256,"acceptedCacheBytes":187006,"faultSuffixCount":0,"faultInputOffset":-1,"fault":""}}
