SLF4J(W): No SLF4J providers were found.
SLF4J(W): Defaulting to no-operation (NOP) logger implementation
SLF4J(W): See https://www.slf4j.org/codes.html#noProviders for further details.
OBSERVER_READY
{"window":{"elapsedMs":5082,"records":38131,"rate":7502.891479118975}}
{"window":{"elapsedMs":10112,"records":93525,"rate":11011.742069612234}}
{"window":{"elapsedMs":15189,"records":150215,"rate":11165.570468189799}}
{"window":{"elapsedMs":20269,"records":205311,"rate":10846.072904029104}}
{"window":{"elapsedMs":25333,"records":257316,"rate":10269.22538610697}}
{"window":{"elapsedMs":30351,"records":306216,"rate":9744.900573491883}}
{"window":{"elapsedMs":35361,"records":359215,"rate":10578.90507563985}}
{"window":{"elapsedMs":40363,"records":413916,"rate":10935.64785504858}}
{"window":{"elapsedMs":45401,"records":468215,"rate":10777.685441879612}}
{"window":{"elapsedMs":50458,"records":522221,"rate":10679.68723207654}}
{"window":{"elapsedMs":55527,"records":575216,"rate":10454.283358508854}}
{"window":{"elapsedMs":60565,"records":628516,"rate":10580.338603461661}}
{"window":{"elapsedMs":65599,"records":680217,"rate":10270.942521033545}}
{"window":{"elapsedMs":70680,"records":734716,"rate":10724.958331611273}}
{"window":{"elapsedMs":75767,"records":791517,"rate":11166.931315592656}}
{"window":{"elapsedMs":80778,"records":847581,"rate":11188.703913267274}}
{"window":{"elapsedMs":85861,"records":902519,"rate":10808.327849541816}}
{"window":{"elapsedMs":90954,"records":959317,"rate":11150.604864225152}}
{"window":{"elapsedMs":95978,"records":1013151,"rate":10716.066034851296}}
{"window":{"elapsedMs":101001,"records":1071200,"rate":11556.91919897748}}
{"window":{"elapsedMs":106049,"records":1126719,"rate":10997.195295864509}}
{"window":{"elapsedMs":111054,"records":1179811,"rate":10609.235918127239}}
{"window":{"elapsedMs":116109,"records":1234500,"rate":10817.521512230065}}
{"window":{"elapsedMs":121143,"records":1288416,"rate":10710.027751647276}}
{"window":{"elapsedMs":126164,"records":1342521,"rate":10775.5407757119}}
{"window":{"elapsedMs":131216,"records":1394225,"rate":10236.026675934429}}
{"window":{"elapsedMs":136226,"records":1447316,"rate":10595.253769910374}}
{"window":{"elapsedMs":141277,"records":1501622,"rate":10751.88087907188}}
{"window":{"elapsedMs":146284,"records":1556411,"rate":10942.6216711275}}
{"window":{"elapsedMs":151299,"records":1612521,"rate":11189.316844695408}}
{"window":{"elapsedMs":156310,"records":1666496,"rate":10770.151913267104}}
{"window":{"elapsedMs":161320,"records":1720890,"rate":10857.426974766884}}
{"window":{"elapsedMs":166334,"records":1774716,"rate":10735.11207445837}}
{"window":{"elapsedMs":171344,"records":1830021,"rate":11038.626177291362}}
{"window":{"elapsedMs":176381,"records":1885516,"rate":11019.08153928272}}
{"window":{"elapsedMs":181467,"records":1942417,"rate":11187.344445621651}}
{"window":{"elapsedMs":186470,"records":1998216,"rate":11151.76682476778}}
{"window":{"elapsedMs":191560,"records":2051321,"rate":10433.472930928661}}
{"window":{"elapsedMs":196598,"records":2106960,"rate":11044.045639951424}}
{"window":{"elapsedMs":201663,"records":2161310,"rate":10730.282246025414}}
{"window":{"elapsedMs":206673,"records":2215421,"rate":10800.319722995868}}
{"window":{"elapsedMs":211746,"records":2268617,"rate":10487.219305911374}}
{"window":{"elapsedMs":216755,"records":2320512,"rate":10360.480984208696}}
{"window":{"elapsedMs":221823,"records":2371317,"rate":10023.45209410118}}
{"window":{"elapsedMs":226873,"records":2421721,"rate":9981.278830723848}}
{"window":{"elapsedMs":231922,"records":2475300,"rate":10611.977016105266}}
{"window":{"elapsedMs":236972,"records":2527696,"rate":10376.934359286655}}
{"window":{"elapsedMs":242056,"records":2580116,"rate":10309.316704756606}}
{"window":{"elapsedMs":247079,"records":2632415,"rate":10411.566941863937}}
{"window":{"elapsedMs":252090,"records":2682839,"rate":10063.021859666855}}
{"window":{"elapsedMs":257100,"records":2733816,"rate":10176.341493242917}}
{"window":{"elapsedMs":262170,"records":2786085,"rate":10308.04247548915}}
{"window":{"elapsedMs":267231,"records":2837117,"rate":10083.354172140149}}
{"window":{"elapsedMs":272303,"records":2888228,"rate":10078.092101282253}}
{"window":{"elapsedMs":277321,"records":2936646,"rate":9648.511739781523}}
{"window":{"elapsedMs":282327,"records":2986021,"rate":9862.769345429258}}
{"window":{"elapsedMs":287359,"records":3039710,"rate":10670.845334904805}}
{"window":{"elapsedMs":292430,"records":3092545,"rate":10417.715782995849}}
{"window":{"elapsedMs":297463,"records":3142822,"rate":9990.566633439865}}
{"mark":{"records":3172490,"elapsedMs":300307}}
{"window":{"elapsedMs":302536,"records":3195321,"rate":10348.276823990374}}
{"window":{"elapsedMs":307633,"records":3250516,"rate":10827.778906881966}}
{"result":{"startedEpochMs":1790818630012,"expected":3300000,"records":3300000,"unique":3300000,"duplicates":0,"identityChecks":true,"outputBytes":7078329400,"elapsedMs":312431,"activeMs":311150,"durableRate":10605.799594284275,"pass":true,"windows":[{"elapsedMs":5082,"records":38131,"rate":7502.891479118975},{"elapsedMs":10112,"records":93525,"rate":11011.742069612234},{"elapsedMs":15189,"records":150215,"rate":11165.570468189799},{"elapsedMs":20269,"records":205311,"rate":10846.072904029104},{"elapsedMs":25333,"records":257316,"rate":10269.22538610697},{"elapsedMs":30351,"records":306216,"rate":9744.900573491883},{"elapsedMs":35361,"records":359215,"rate":10578.90507563985},{"elapsedMs":40363,"records":413916,"rate":10935.64785504858},{"elapsedMs":45401,"records":468215,"rate":10777.685441879612},{"elapsedMs":50458,"records":522221,"rate":10679.68723207654},{"elapsedMs":55527,"records":575216,"rate":10454.283358508854},{"elapsedMs":60565,"records":628516,"rate":10580.338603461661},{"elapsedMs":65599,"records":680217,"rate":10270.942521033545},{"elapsedMs":70680,"records":734716,"rate":10724.958331611273},{"elapsedMs":75767,"records":791517,"rate":11166.931315592656},{"elapsedMs":80778,"records":847581,"rate":11188.703913267274},{"elapsedMs":85861,"records":902519,"rate":10808.327849541816},{"elapsedMs":90954,"records":959317,"rate":11150.604864225152},{"elapsedMs":95978,"records":1013151,"rate":10716.066034851296},{"elapsedMs":101001,"records":1071200,"rate":11556.91919897748},{"elapsedMs":106049,"records":1126719,"rate":10997.195295864509},{"elapsedMs":111054,"records":1179811,"rate":10609.235918127239},{"elapsedMs":116109,"records":1234500,"rate":10817.521512230065},{"elapsedMs":121143,"records":1288416,"rate":10710.027751647276},{"elapsedMs":126164,"records":1342521,"rate":10775.5407757119},{"elapsedMs":131216,"records":1394225,"rate":10236.026675934429},{"elapsedMs":136226,"records":1447316,"rate":10595.253769910374},{"elapsedMs":141277,"records":1501622,"rate":10751.88087907188},{"elapsedMs":146284,"records":1556411,"rate":10942.6216711275},{"elapsedMs":151299,"records":1612521,"rate":11189.316844695408},{"elapsedMs":156310,"records":1666496,"rate":10770.151913267104},{"elapsedMs":161320,"records":1720890,"rate":10857.426974766884},{"elapsedMs":166334,"records":1774716,"rate":10735.11207445837},{"elapsedMs":171344,"records":1830021,"rate":11038.626177291362},{"elapsedMs":176381,"records":1885516,"rate":11019.08153928272},{"elapsedMs":181467,"records":1942417,"rate":11187.344445621651},{"elapsedMs":186470,"records":1998216,"rate":11151.76682476778},{"elapsedMs":191560,"records":2051321,"rate":10433.472930928661},{"elapsedMs":196598,"records":2106960,"rate":11044.045639951424},{"elapsedMs":201663,"records":2161310,"rate":10730.282246025414},{"elapsedMs":206673,"records":2215421,"rate":10800.319722995868},{"elapsedMs":211746,"records":2268617,"rate":10487.219305911374},{"elapsedMs":216755,"records":2320512,"rate":10360.480984208696},{"elapsedMs":221823,"records":2371317,"rate":10023.45209410118},{"elapsedMs":226873,"records":2421721,"rate":9981.278830723848},{"elapsedMs":231922,"records":2475300,"rate":10611.977016105266},{"elapsedMs":236972,"records":2527696,"rate":10376.934359286655},{"elapsedMs":242056,"records":2580116,"rate":10309.316704756606},{"elapsedMs":247079,"records":2632415,"rate":10411.566941863937},{"elapsedMs":252090,"records":2682839,"rate":10063.021859666855},{"elapsedMs":257100,"records":2733816,"rate":10176.341493242917},{"elapsedMs":262170,"records":2786085,"rate":10308.04247548915},{"elapsedMs":267231,"records":2837117,"rate":10083.354172140149},{"elapsedMs":272303,"records":2888228,"rate":10078.092101282253},{"elapsedMs":277321,"records":2936646,"rate":9648.511739781523},{"elapsedMs":282327,"records":2986021,"rate":9862.769345429258},{"elapsedMs":287359,"records":3039710,"rate":10670.845334904805},{"elapsedMs":292430,"records":3092545,"rate":10417.715782995849},{"elapsedMs":297463,"records":3142822,"rate":9990.566633439865},{"elapsedMs":302536,"records":3195321,"rate":10348.276823990374},{"elapsedMs":307633,"records":3250516,"rate":10827.778906881966}]}}
