Launching JShell execution engine threw: FailOverExecutionControlProvider: FAILED: 0:jdi:hostname(127.0.0.1) --
  Exception: java.net.SocketException: Operation not permitted
                  java.base/sun.nio.ch.Net.bind0(Native Method)
                  java.base/sun.nio.ch.Net.bind(Net.java:565)
                  java.base/sun.nio.ch.Net.bind(Net.java:554)
                  java.base/sun.nio.ch.NioSocketImpl.bind(NioSocketImpl.java:636)
                  java.base/java.net.ServerSocket.bind(ServerSocket.java:391)
FailOverExecutionControlProvider: FAILED: 1:jdi:launch(true) --
  Exception: java.net.SocketException: Operation not permitted
                  java.base/sun.nio.ch.Net.bind0(Native Method)
                  java.base/sun.nio.ch.Net.bind(Net.java:565)
                  java.base/sun.nio.ch.Net.bind(Net.java:554)
                  java.base/sun.nio.ch.NioSocketImpl.bind(NioSocketImpl.java:636)
                  java.base/java.net.ServerSocket.bind(ServerSocket.java:391)
FailOverExecutionControlProvider: FAILED: 2:jdi --
  Exception: java.net.SocketException: Operation not permitted
                  java.base/sun.nio.ch.Net.bind0(Native Method)
                  java.base/sun.nio.ch.Net.bind(Net.java:565)
                  java.base/sun.nio.ch.Net.bind(Net.java:554)
                  java.base/sun.nio.ch.NioSocketImpl.bind(NioSocketImpl.java:636)
                  java.base/java.net.ServerSocket.bind(ServerSocket.java:391)

