Traceback (most recent call last):
  File "/Users/dsteele/repos/reef/.worktrees/calcify-sprint1-experiments/.planning/sprint1-proof-bounded/guard_process_tree_controls.py", line 40, in <module>
    while not all(dead(pid) for pid in leaves) and time.monotonic()<deadline:time.sleep(0.1)
              ^^^
  File "/Users/dsteele/repos/reef/.worktrees/calcify-sprint1-experiments/.planning/sprint1-proof-bounded/guard_process_tree_controls.py", line 40, in <genexpr>
    while not all(dead(pid) for pid in leaves) and time.monotonic()<deadline:time.sleep(0.1)
                  ~~~~^^^^^
  File "/Users/dsteele/repos/reef/.worktrees/calcify-sprint1-experiments/.planning/sprint1-proof-bounded/guard_process_tree_controls.py", line 10, in dead
    probe=subprocess.run(['ps','-p',str(pid),'-o','stat='],capture_output=True,text=True,timeout=5)
  File "/opt/homebrew/Cellar/python@3.14/3.14.6/Frameworks/Python.framework/Versions/3.14/lib/python3.14/subprocess.py", line 555, in run
    with Popen(*popenargs, **kwargs) as process:
         ~~~~~^^^^^^^^^^^^^^^^^^^^^^
  File "/opt/homebrew/Cellar/python@3.14/3.14.6/Frameworks/Python.framework/Versions/3.14/lib/python3.14/subprocess.py", line 1039, in __init__
    self._execute_child(args, executable, preexec_fn, close_fds,
    ~~~~~~~~~~~~~~~~~~~^^^^^^^^^^^^^^^^^^^^^^^^^^^^^^^^^^^^^^^^^
                        pass_fds, cwd, env,
                        ^^^^^^^^^^^^^^^^^^^
    ...<5 lines>...
                        gid, gids, uid, umask,
                        ^^^^^^^^^^^^^^^^^^^^^^
                        start_new_session, process_group)
                        ^^^^^^^^^^^^^^^^^^^^^^^^^^^^^^^^^
  File "/opt/homebrew/Cellar/python@3.14/3.14.6/Frameworks/Python.framework/Versions/3.14/lib/python3.14/subprocess.py", line 1990, in _execute_child
    raise child_exception_type(errno_num, err_msg, err_filename)
PermissionError: [Errno 1] Operation not permitted: 'ps'
