TAP version 13
# Subtest: finite bootstrap freeze remains empirical and never manufactures heap costs
ok 1 - finite bootstrap freeze remains empirical and never manufactures heap costs
  ---
  duration_ms: 1.525959
  type: 'test'
  ...
# Subtest: bootstrap refuses cohort expansion, changed caps, conventional arms and mismatched review
ok 2 - bootstrap refuses cohort expansion, changed caps, conventional arms and mismatched review
  ---
  duration_ms: 0.896666
  type: 'test'
  ...
# Subtest: bounded inventory reader rejects oversize and invalid JSON
ok 3 - bounded inventory reader rejects oversize and invalid JSON
  ---
  duration_ms: 5.830625
  type: 'test'
  ...
# Subtest: adapter publishes collector evidence exclusively within frozen proof path
ok 4 - adapter publishes collector evidence exclusively within frozen proof path
  ---
  duration_ms: 5.04975
  type: 'test'
  ...
1..4
# tests 4
# suites 0
# pass 4
# fail 0
# cancelled 0
# skipped 0
# todo 0
# duration_ms 61.002833
