TAP version 13
# Subtest: finite bootstrap freeze remains empirical and never manufactures heap costs
ok 1 - finite bootstrap freeze remains empirical and never manufactures heap costs
  ---
  duration_ms: 1.258375
  type: 'test'
  ...
# Subtest: bootstrap refuses cohort expansion, changed caps, conventional arms and mismatched review
ok 2 - bootstrap refuses cohort expansion, changed caps, conventional arms and mismatched review
  ---
  duration_ms: 0.83475
  type: 'test'
  ...
# Subtest: fixed budgets retain bounded correctness profile
ok 3 - fixed budgets retain bounded correctness profile
  ---
  duration_ms: 0.944125
  type: 'test'
  ...
# Subtest: preflight rejects unsupported schema, duplicate IDs, scope and wrapper paths
ok 4 - preflight rejects unsupported schema, duplicate IDs, scope and wrapper paths
  ---
  duration_ms: 0.722209
  type: 'test'
  ...
# Subtest: frozen preflight clone prevents caller changing cleanup resources
ok 5 - frozen preflight clone prevents caller changing cleanup resources
  ---
  duration_ms: 0.231083
  type: 'test'
  ...
# Subtest: exact resource set and labels required on every sample
ok 6 - exact resource set and labels required on every sample
  ---
  duration_ms: 0.375
  type: 'test'
  ...
# Subtest: negative/nonfinite readings and stale/future heartbeat fail closed
ok 7 - negative/nonfinite readings and stale/future heartbeat fail closed
  ---
  duration_ms: 0.49975
  type: 'test'
  ...
# Subtest: each resource budget aborts at exact threshold
ok 8 - each resource budget aborts at exact threshold
  ---
  duration_ms: 0.182125
  type: 'test'
  ...
# Subtest: host allocation joins broker allocation and cannot be absent, duplicated or logical
ok 9 - host allocation joins broker allocation and cannot be absent, duplicated or logical
  ---
  duration_ms: 0.349917
  type: 'test'
  ...
# Subtest: host allocation registration requires distinct owned categories and proof directory
ok 10 - host allocation registration requires distinct owned categories and proof directory
  ---
  duration_ms: 0.569833
  type: 'test'
  ...
# Subtest: host sampler measures actual allocated blocks and rejects symlink or missing paths
ok 11 - host sampler measures actual allocated blocks and rejects symlink or missing paths
  ---
  duration_ms: 14.990917
  type: 'test'
  ...
# Subtest: intentional STOP charges evidenced conservative bound and requires healthy peers
ok 12 - intentional STOP charges evidenced conservative bound and requires healthy peers
  ---
  duration_ms: 0.83475
  type: 'test'
  ...
# Subtest: observer startup throw prevents launch, still stops registered brokers
ok 13 - observer startup throw prevents launch, still stops registered brokers
  ---
  duration_ms: 1.663
  type: 'test'
  ...
# Subtest: observer throw/stale/hung and sample record failure kill owned group and brokers
ok 14 - observer throw/stale/hung and sample record failure kill owned group and brokers
  ---
  duration_ms: 12.481417
  type: 'test'
  ...
# Subtest: wrapper failure and proof timeout kill owned group and registered brokers
ok 15 - wrapper failure and proof timeout kill owned group and registered brokers
  ---
  duration_ms: 0.651791
  type: 'test'
  ...
# Subtest: success requires final sample and exit status handshake before completion
ok 16 - success requires final sample and exit status handshake before completion
  ---
  duration_ms: 0.390542
  type: 'test'
  ...
# Subtest: final sample failure cannot report successful wrapper as proof completion
ok 17 - final sample failure cannot report successful wrapper as proof completion
  ---
  duration_ms: 0.216
  type: 'test'
  ...
# Subtest: cleanup failures are recorded and never relabel proof as successful
ok 18 - cleanup failures are recorded and never relabel proof as successful
  ---
  duration_ms: 0.218875
  type: 'test'
  ...
# Subtest: hanging journal, prelaunch interrupt and synchronous cleanup throws fail closed
ok 19 - hanging journal, prelaunch interrupt and synchronous cleanup throws fail closed
  ---
  duration_ms: 43.344083
  type: 'test'
  ...
# Subtest: monitor plus journal elapsed time cannot launch with stale initial sample
ok 20 - monitor plus journal elapsed time cannot launch with stale initial sample
  ---
  duration_ms: 0.218084
  type: 'test'
  ...
# Subtest: slow initial monitor anchors first and later sample starts to sample timestamp
ok 21 - slow initial monitor anchors first and later sample starts to sample timestamp
  ---
  duration_ms: 0.279084
  type: 'test'
  ...
# Subtest: polling clock jump past heartbeat deadline stops owned wrapper before new sample
ok 22 - polling clock jump past heartbeat deadline stops owned wrapper before new sample
  ---
  duration_ms: 0.141458
  type: 'test'
  ...
# Subtest: elapsed launch time cannot continue with stale heartbeat
ok 23 - elapsed launch time cannot continue with stale heartbeat
  ---
  duration_ms: 0.150583
  type: 'test'
  ...
# Subtest: hanging or throwing completion write returns failure after bounded cleanup
ok 24 - hanging or throwing completion write returns failure after bounded cleanup
  ---
  duration_ms: 11.488375
  type: 'test'
  ...
# Subtest: polling jitter within early sample lead keeps strict freshness and bounded cadence
ok 25 - polling jitter within early sample lead keeps strict freshness and bounded cadence
  ---
  duration_ms: 0.3775
  type: 'test'
  ...
# Subtest: real asynchronous monitor/write time and polling jitter stay within five-second sample window
ok 26 - real asynchronous monitor/write time and polling jitter stay within five-second sample window
  ---
  duration_ms: 5085.58425
  type: 'test'
  ...
# Subtest: timed-out completion receives cancellation and cannot publish after delayed data write
ok 27 - timed-out completion receives cancellation and cannot publish after delayed data write
  ---
  duration_ms: 61.819417
  type: 'test'
  ...
# Subtest: Attempt2 cycle2 preflight requires exactly one adjacent literal phase flag and directory
ok 28 - Attempt2 cycle2 preflight requires exactly one adjacent literal phase flag and directory
  ---
  duration_ms: 1.348333
  type: 'test'
  ...
# {"control":"three-second-parent-recovery","startingSamples":[27600,28400,29200],"grantAtMs":26800,"recoveryDeadlineMs":56800,"scope":"actual adapter and file protocol; injected Docker and monotonic clock"}
# Subtest: Attempt2 cycle2 three-second recovery records multiple measured starting samples; other phases keep five-second cadence
ok 29 - Attempt2 cycle2 three-second recovery records multiple measured starting samples; other phases keep five-second cadence
  ---
  duration_ms: 498.942875
  type: 'test'
  ...
# Subtest: Attempt2 group2 actual adapter and file protocol accept one STOP starting healthy cycle with stable reservation
ok 30 - Attempt2 group2 actual adapter and file protocol accept one STOP starting healthy cycle with stable reservation
  ---
  duration_ms: 255.939959
  type: 'test'
  ...
# {"control":"healthy-only-restriction-mutant","orderedObservations":["healthy","stopped","starting"],"rejectedAt":"starting","scope":"single predicate restriction mutation; not complete old source"}
# Subtest: Attempt2 healthy-only restriction mutant reaches STOP then rejects actual adapter starting observation
ok 31 - Attempt2 healthy-only restriction mutant reaches STOP then rejects actual adapter starting observation
  ---
  duration_ms: 4.408
  type: 'test'
  ...
# Subtest: Attempt2 group1 initial stopped starting unhealthy and unconfigured fault reject before launch
ok 32 - Attempt2 group1 initial stopped starting unhealthy and unconfigured fault reject before launch
  ---
  duration_ms: 36.738542
  type: 'test'
  ...
# Subtest: Attempt2 group3 START requires authorized directly observed stopped barrier even without periodic STOP sample
ok 33 - Attempt2 group3 START requires authorized directly observed stopped barrier even without periodic STOP sample
  ---
  duration_ms: 2.075542
  type: 'test'
  ...
# Subtest: Attempt2 group4 exact identity artifacts immutable replay path and missing ACK fail closed
ok 34 - Attempt2 group4 exact identity artifacts immutable replay path and missing ACK fail closed
  ---
  duration_ms: 7.256667
  type: 'test'
  ...
# Subtest: Attempt2 group5 either peer lifecycle health and generation fail in every phase
ok 35 - Attempt2 group5 either peer lifecycle health and generation fail in every phase
  ---
  duration_ms: 54.421292
  type: 'test'
  ...
# Subtest: Attempt2 group6 target invalid grace second generation stopped-after-running and old probe fail
ok 36 - Attempt2 group6 target invalid grace second generation stopped-after-running and old probe fail
  ---
  duration_ms: 16.116542
  type: 'test'
  ...
# Subtest: Attempt2 group7 fixed recovery deadline boundaries persistence and starting never renew anchor
ok 37 - Attempt2 group7 fixed recovery deadline boundaries persistence and starting never renew anchor
  ---
  duration_ms: 8.702708
  type: 'test'
  ...
# Subtest: Attempt2 group8 target du bound strict malformed and observer hung retain fixed charged bytes
ok 38 - Attempt2 group8 target du bound strict malformed and observer hung retain fixed charged bytes
  ---
  duration_ms: 41.911792
  type: 'test'
  ...
# Subtest: Attempt2 group9 protocol read ACK and authorization evidence cannot suspend strict observer gate
ok 39 - Attempt2 group9 protocol read ACK and authorization evidence cannot suspend strict observer gate
  ---
  duration_ms: 286.202667
  type: 'test'
  ...
# Subtest: Attempt2 group10 incomplete cycle exit cannot complete and rejected raw inspect survives diagnostics failure
ok 40 - Attempt2 group10 incomplete cycle exit cannot complete and rejected raw inspect survives diagnostics failure
  ---
  duration_ms: 13.20675
  type: 'test'
  ...
# Subtest: Docker adapter samples running peers, reserves stopped target and retains registered volumes
ok 41 - Docker adapter samples running peers, reserves stopped target and retains registered volumes
  ---
  duration_ms: 1.198958
  type: 'test'
  ...
# Subtest: Docker adapter does not skip running du failure or accept changed image metadata
ok 42 - Docker adapter does not skip running du failure or accept changed image metadata
  ---
  duration_ms: 1.521375
  type: 'test'
  ...
# Subtest: adapter completion uses atomic synchronous commit rather than uncancellable asynchronous rename
ok 43 - adapter completion uses atomic synchronous commit rather than uncancellable asynchronous rename
  ---
  duration_ms: 24.868042
  type: 'test'
  ...
# Subtest: adapter timed-out temporary data write cannot publish late successful completion
ok 44 - adapter timed-out temporary data write cannot publish late successful completion
  ---
  duration_ms: 231.6815
  type: 'test'
  ...
# Subtest: adapter checks elapsed deadline before commit when write continuation delays timer callback
ok 45 - adapter checks elapsed deadline before commit when write continuation delays timer callback
  ---
  duration_ms: 208.858416
  type: 'test'
  ...
# Subtest: synchronous adapter commit cannot interleave with timeout callback at publication boundary
ok 46 - synchronous adapter commit cannot interleave with timeout callback at publication boundary
  ---
  duration_ms: 1081.125125
  type: 'test'
  ...
# Subtest: observer failure stops active owned wrapper/STOP leaf while sentinel survives
ok 47 - observer failure stops active owned wrapper/STOP leaf while sentinel survives
  ---
  duration_ms: 477.118667
  type: 'test'
  ...
# Subtest: owned group kills stopped TERM-resistant leaf after leader exits; unrelated sentinel survives
ok 48 - owned group kills stopped TERM-resistant leaf after leader exits; unrelated sentinel survives
  ---
  duration_ms: 784.533584
  type: 'test'
  ...
# Subtest: capacity lock has fixed shared name in platform temporary directory
ok 49 - capacity lock has fixed shared name in platform temporary directory
  ---
  duration_ms: 0.829458
  type: 'test'
  ...
# Subtest: deadline CAPTURE decision may precede paired SETTLE durable admission
ok 50 - deadline CAPTURE decision may precede paired SETTLE durable admission
  ---
  duration_ms: 1.38425
  type: 'test'
  ...
# Subtest: stage counts reject decided beyond offered and settled beyond admission
ok 51 - stage counts reject decided beyond offered and settled beyond admission
  ---
  duration_ms: 0.826625
  type: 'test'
  ...
# Subtest: preparation stops until E3 correctness and real calibration plus indexed/bounded adapter exist
ok 52 - preparation stops until E3 correctness and real calibration plus indexed/bounded adapter exist
  ---
  duration_ms: 0.194875
  type: 'test'
  ...
# Subtest: source/fixture mismatches and fabricated zero-byte calibration cannot freeze runnable policy
ok 53 - source/fixture mismatches and fabricated zero-byte calibration cannot freeze runnable policy
  ---
  duration_ms: 0.159333
  type: 'test'
  ...
# Subtest: aged estimate retains proposed 1m identities; over-budget case explicitly shrinks diagnostic only
ok 54 - aged estimate retains proposed 1m identities; over-budget case explicitly shrinks diagnostic only
  ---
  duration_ms: 0.072292
  type: 'test'
  ...
# Subtest: disk space gate and exact prefunding bound all declared timed plus pending work
ok 55 - disk space gate and exact prefunding bound all declared timed plus pending work
  ---
  duration_ms: 0.166
  type: 'test'
  ...
# Subtest: measurement separates stage rates; complete parity and all telemetry permit diagnostic pass
ok 56 - measurement separates stage rates; complete parity and all telemetry permit diagnostic pass
  ---
  duration_ms: 0.182292
  type: 'test'
  ...
# Subtest: producer duration miss fails even when output is exact after drain
ok 57 - producer duration miss fails even when output is exact after drain
  ---
  duration_ms: 1.027625
  type: 'test'
  ...
# Subtest: late drain cannot be counted as deadline output or settled financial throughput
ok 58 - late drain cannot be counted as deadline output or settled financial throughput
  ---
  duration_ms: 0.69525
  type: 'test'
  ...
# Subtest: cumulative offered cannot roll back between deadline and final cuts
ok 59 - cumulative offered cannot roll back between deadline and final cuts
  ---
  duration_ms: 0.293417
  type: 'test'
  ...
# Subtest: cumulative admitted cannot roll back between deadline and final cuts
ok 60 - cumulative admitted cannot roll back between deadline and final cuts
  ---
  duration_ms: 0.149167
  type: 'test'
  ...
# Subtest: cumulative decided cannot roll back between deadline and final cuts
ok 61 - cumulative decided cannot roll back between deadline and final cuts
  ---
  duration_ms: 0.146083
  type: 'test'
  ...
# Subtest: cumulative settled cannot roll back between deadline and final cuts
ok 62 - cumulative settled cannot roll back between deadline and final cuts
  ---
  duration_ms: 0.135625
  type: 'test'
  ...
# Subtest: deadline offers cannot exceed frozen expected workload even if final agrees
ok 63 - deadline offers cannot exceed frozen expected workload even if final agrees
  ---
  duration_ms: 0.149667
  type: 'test'
  ...
# Subtest: each cut rejects admission ordering and settlement accounting violations
ok 64 - each cut rejects admission ordering and settlement accounting violations
  ---
  duration_ms: 0.788125
  type: 'test'
  ...
# Subtest: pending may decrease during drain; only missed deadline settlement fails
ok 65 - pending may decrease during drain; only missed deadline settlement fails
  ---
  duration_ms: 0.51075
  type: 'test'
  ...
# Subtest: missing accounting or resource metrics are explicit limited attempt; count inconsistency fails
ok 66 - missing accounting or resource metrics are explicit limited attempt; count inconsistency fails
  ---
  duration_ms: 0.371167
  type: 'test'
  ...
# Subtest: lag growth, over-budget disk and unsupported latency clock cannot silently pass
ok 67 - lag growth, over-budget disk and unsupported latency clock cannot silently pass
  ---
  duration_ms: 0.205666
  type: 'test'
  ...
# Subtest: highest stable measured arm creates fresh/aged 300s pair with same business workload
ok 68 - highest stable measured arm creates fresh/aged 300s pair with same business workload
  ---
  duration_ms: 0.173417
  type: 'test'
  ...
# Subtest: missing restore cost, partial monitoring and observer slowdown remain limited preflight
ok 69 - missing restore cost, partial monitoring and observer slowdown remain limited preflight
  ---
  duration_ms: 0.252583
  type: 'test'
  ...
# Subtest: load and calibration entrypoints refuse before filesystem or adapter work without authorization
ok 70 - load and calibration entrypoints refuse before filesystem or adapter work without authorization
  ---
  duration_ms: 0.408917
  type: 'test'
  ...
# Subtest: calibration overrides cannot undercut measured physical byte budget or use invalid numbers
ok 71 - calibration overrides cannot undercut measured physical byte budget or use invalid numbers
  ---
  duration_ms: 0.565792
  type: 'test'
  ...
# Subtest: valid byte override preserves conservative floor and may increase budget only
ok 72 - valid byte override preserves conservative floor and may increase budget only
  ---
  duration_ms: 0.152166
  type: 'test'
  ...
# Subtest: derived per-trade budget must remain safe integer before policy freezes
ok 73 - derived per-trade budget must remain safe integer before policy freezes
  ---
  duration_ms: 0.091333
  type: 'test'
  ...
# Subtest: invalid telemetry produces null derived metrics instead of non-finite values
ok 74 - invalid telemetry produces null derived metrics instead of non-finite values
  ---
  duration_ms: 1.222583
  type: 'test'
  ...
# Subtest: invalid duration and zero trades cannot publish non-finite derived metrics
ok 75 - invalid duration and zero trades cannot publish non-finite derived metrics
  ---
  duration_ms: 0.5855
  type: 'test'
  ...
# Subtest: M3H missing conservative heap evidence blocks legacy real calibration
ok 76 - M3H missing conservative heap evidence blocks legacy real calibration
  ---
  duration_ms: 0.080083
  type: 'test'
  ...
# Subtest: M3H oversized retained heap cannot freeze despite fitting physical budget
ok 77 - M3H oversized retained heap cannot freeze despite fitting physical budget
  ---
  duration_ms: 0.070792
  type: 'test'
  ...
# Subtest: M3H finite checked formula includes timed+aged identities, pending and both reserves
ok 78 - M3H finite checked formula includes timed+aged identities, pending and both reserves
  ---
  duration_ms: 0.210584
  type: 'test'
  ...
# Subtest: M3H numeric controls reject missing, string, negative, NaN, infinity, unsafe and fractional values
ok 79 - M3H numeric controls reject missing, string, negative, NaN, infinity, unsafe and fractional values
  ---
  duration_ms: 1.662834
  type: 'test'
  ...
# Subtest: M3H child lower max recomputes limit, higher unauthorized max cannot raise request cap
ok 80 - M3H child lower max recomputes limit, higher unauthorized max cannot raise request cap
  ---
  duration_ms: 0.149834
  type: 'test'
  ...
# Subtest: M3H equality, unsupported counts and multiplication/addition overflow refuse
ok 81 - M3H equality, unsupported counts and multiplication/addition overflow refuse
  ---
  duration_ms: 0.193792
  type: 'test'
  ...
# Subtest: M3H fresh and aged overrun block without silently shrinking original heap workload
ok 82 - M3H fresh and aged overrun block without silently shrinking original heap workload
  ---
  duration_ms: 0.156542
  type: 'test'
  ...
# Subtest: M3H candidate/config/fixture/build/VM/review mismatch or legacy averages refuse
ok 83 - M3H candidate/config/fixture/build/VM/review mismatch or legacy averages refuse
  ---
  duration_ms: 0.497167
  type: 'test'
  ...
# Subtest: M3H executable raw bound/capability/review/fixture bytes hash and exact scope verified before adapter read
ok 84 - M3H executable raw bound/capability/review/fixture bytes hash and exact scope verified before adapter read
  ---
  duration_ms: 21.359917
  type: 'test'
  ...
# Subtest: M3H synthetic evidence and unpinned launcher cannot authorize executable load
ok 85 - M3H synthetic evidence and unpinned launcher cannot authorize executable load
  ---
  duration_ms: 4.162834
  type: 'test'
  ...
# Subtest: M3H runtime guard failure or missing lifecycle observation cannot publish diagnostic success
ok 86 - M3H runtime guard failure or missing lifecycle observation cannot publish diagnostic success
  ---
  duration_ms: 0.771292
  type: 'test'
  ...
# Subtest: M3H capability timeout escalates TERM to KILL with bounded output and retained process error
ok 87 - M3H capability timeout escalates TERM to KILL with bounded output and retained process error
  ---
  duration_ms: 16.93075
  type: 'test'
  ...
# Subtest: M3H symlink outside policy ownership and valid hash with changed raw identity refuse
ok 88 - M3H symlink outside policy ownership and valid hash with changed raw identity refuse
  ---
  duration_ms: 3.450875
  type: 'test'
  ...
# Subtest: rate supervision binds exact command, output, allocation categories and finite timeout
ok 89 - rate supervision binds exact command, output, allocation categories and finite timeout
  ---
  duration_ms: 3.323375
  type: 'test'
  ...
# Subtest: supervisor evidence mismatch refuses before dependency setup; failed supervision still closes
ok 90 - supervisor evidence mismatch refuses before dependency setup; failed supervision still closes
  ---
  duration_ms: 6.680167
  type: 'test'
  ...
# Subtest: actual supervised child receives frozen environment through owned launch
ok 91 - actual supervised child receives frozen environment through owned launch
  ---
  duration_ms: 288.697208
  type: 'test'
  ...
1..91
# tests 91
# suites 0
# pass 91
# fail 0
# cancelled 0
# skipped 0
# todo 0
# duration_ms 9336.066166
