TAP version 13
# Subtest: finite bootstrap freeze remains empirical and never manufactures heap costs
ok 1 - finite bootstrap freeze remains empirical and never manufactures heap costs
  ---
  duration_ms: 2.124125
  type: 'test'
  ...
# Subtest: bootstrap refuses cohort expansion, changed caps, conventional arms and mismatched review
ok 2 - bootstrap refuses cohort expansion, changed caps, conventional arms and mismatched review
  ---
  duration_ms: 0.860875
  type: 'test'
  ...
# Subtest: bounded inventory reader rejects oversize and invalid JSON
ok 3 - bounded inventory reader rejects oversize and invalid JSON
  ---
  duration_ms: 9.330625
  type: 'test'
  ...
# Subtest: adapter publishes collector evidence exclusively within frozen proof path
ok 4 - adapter publishes collector evidence exclusively within frozen proof path
  ---
  duration_ms: 6.445917
  type: 'test'
  ...
# Subtest: capacity lock has fixed shared name in platform temporary directory
ok 5 - capacity lock has fixed shared name in platform temporary directory
  ---
  duration_ms: 0.833542
  type: 'test'
  ...
# Subtest: deadline CAPTURE decision may precede paired SETTLE durable admission
ok 6 - deadline CAPTURE decision may precede paired SETTLE durable admission
  ---
  duration_ms: 1.191875
  type: 'test'
  ...
# Subtest: stage counts reject decided beyond offered and settled beyond admission
ok 7 - stage counts reject decided beyond offered and settled beyond admission
  ---
  duration_ms: 1.648084
  type: 'test'
  ...
# Subtest: preparation stops until E3 correctness and real calibration plus indexed/bounded adapter exist
ok 8 - preparation stops until E3 correctness and real calibration plus indexed/bounded adapter exist
  ---
  duration_ms: 0.194167
  type: 'test'
  ...
# Subtest: source/fixture mismatches and fabricated zero-byte calibration cannot freeze runnable policy
ok 9 - source/fixture mismatches and fabricated zero-byte calibration cannot freeze runnable policy
  ---
  duration_ms: 0.1455
  type: 'test'
  ...
# Subtest: aged estimate retains proposed 1m identities; over-budget case explicitly shrinks diagnostic only
ok 10 - aged estimate retains proposed 1m identities; over-budget case explicitly shrinks diagnostic only
  ---
  duration_ms: 0.072375
  type: 'test'
  ...
# Subtest: disk space gate and exact prefunding bound all declared timed plus pending work
ok 11 - disk space gate and exact prefunding bound all declared timed plus pending work
  ---
  duration_ms: 0.154333
  type: 'test'
  ...
# Subtest: measurement separates stage rates; complete parity and all telemetry permit diagnostic pass
ok 12 - measurement separates stage rates; complete parity and all telemetry permit diagnostic pass
  ---
  duration_ms: 0.187959
  type: 'test'
  ...
# Subtest: producer duration miss fails even when output is exact after drain
ok 13 - producer duration miss fails even when output is exact after drain
  ---
  duration_ms: 0.40725
  type: 'test'
  ...
# Subtest: late drain cannot be counted as deadline output or settled financial throughput
ok 14 - late drain cannot be counted as deadline output or settled financial throughput
  ---
  duration_ms: 0.609333
  type: 'test'
  ...
# Subtest: cumulative offered cannot roll back between deadline and final cuts
ok 15 - cumulative offered cannot roll back between deadline and final cuts
  ---
  duration_ms: 0.272125
  type: 'test'
  ...
# Subtest: cumulative admitted cannot roll back between deadline and final cuts
ok 16 - cumulative admitted cannot roll back between deadline and final cuts
  ---
  duration_ms: 0.146916
  type: 'test'
  ...
# Subtest: cumulative decided cannot roll back between deadline and final cuts
ok 17 - cumulative decided cannot roll back between deadline and final cuts
  ---
  duration_ms: 0.132708
  type: 'test'
  ...
# Subtest: cumulative settled cannot roll back between deadline and final cuts
ok 18 - cumulative settled cannot roll back between deadline and final cuts
  ---
  duration_ms: 0.14125
  type: 'test'
  ...
# Subtest: deadline offers cannot exceed frozen expected workload even if final agrees
ok 19 - deadline offers cannot exceed frozen expected workload even if final agrees
  ---
  duration_ms: 0.146333
  type: 'test'
  ...
# Subtest: each cut rejects admission ordering and settlement accounting violations
ok 20 - each cut rejects admission ordering and settlement accounting violations
  ---
  duration_ms: 0.82075
  type: 'test'
  ...
# Subtest: pending may decrease during drain; only missed deadline settlement fails
ok 21 - pending may decrease during drain; only missed deadline settlement fails
  ---
  duration_ms: 0.483667
  type: 'test'
  ...
# Subtest: missing accounting or resource metrics are explicit limited attempt; count inconsistency fails
ok 22 - missing accounting or resource metrics are explicit limited attempt; count inconsistency fails
  ---
  duration_ms: 0.357584
  type: 'test'
  ...
# Subtest: lag growth, over-budget disk and unsupported latency clock cannot silently pass
ok 23 - lag growth, over-budget disk and unsupported latency clock cannot silently pass
  ---
  duration_ms: 0.149291
  type: 'test'
  ...
# Subtest: highest stable measured arm creates fresh/aged 300s pair with same business workload
ok 24 - highest stable measured arm creates fresh/aged 300s pair with same business workload
  ---
  duration_ms: 0.095292
  type: 'test'
  ...
# Subtest: missing restore cost, partial monitoring and observer slowdown remain limited preflight
ok 25 - missing restore cost, partial monitoring and observer slowdown remain limited preflight
  ---
  duration_ms: 0.1565
  type: 'test'
  ...
# Subtest: load and calibration entrypoints refuse before filesystem or adapter work without authorization
ok 26 - load and calibration entrypoints refuse before filesystem or adapter work without authorization
  ---
  duration_ms: 0.354042
  type: 'test'
  ...
# Subtest: calibration overrides cannot undercut measured physical byte budget or use invalid numbers
ok 27 - calibration overrides cannot undercut measured physical byte budget or use invalid numbers
  ---
  duration_ms: 0.394166
  type: 'test'
  ...
# Subtest: valid byte override preserves conservative floor and may increase budget only
ok 28 - valid byte override preserves conservative floor and may increase budget only
  ---
  duration_ms: 0.109125
  type: 'test'
  ...
# Subtest: derived per-trade budget must remain safe integer before policy freezes
ok 29 - derived per-trade budget must remain safe integer before policy freezes
  ---
  duration_ms: 0.082542
  type: 'test'
  ...
# Subtest: invalid telemetry produces null derived metrics instead of non-finite values
ok 30 - invalid telemetry produces null derived metrics instead of non-finite values
  ---
  duration_ms: 1.150208
  type: 'test'
  ...
# Subtest: invalid duration and zero trades cannot publish non-finite derived metrics
ok 31 - invalid duration and zero trades cannot publish non-finite derived metrics
  ---
  duration_ms: 0.529583
  type: 'test'
  ...
# Subtest: M3H missing conservative heap evidence blocks legacy real calibration
ok 32 - M3H missing conservative heap evidence blocks legacy real calibration
  ---
  duration_ms: 0.067833
  type: 'test'
  ...
# Subtest: M3H oversized retained heap cannot freeze despite fitting physical budget
ok 33 - M3H oversized retained heap cannot freeze despite fitting physical budget
  ---
  duration_ms: 0.069125
  type: 'test'
  ...
# Subtest: M3H finite checked formula includes timed+aged identities, pending and both reserves
ok 34 - M3H finite checked formula includes timed+aged identities, pending and both reserves
  ---
  duration_ms: 0.185917
  type: 'test'
  ...
# Subtest: M3H numeric controls reject missing, string, negative, NaN, infinity, unsafe and fractional values
ok 35 - M3H numeric controls reject missing, string, negative, NaN, infinity, unsafe and fractional values
  ---
  duration_ms: 1.662583
  type: 'test'
  ...
# Subtest: M3H child lower max recomputes limit, higher unauthorized max cannot raise request cap
ok 36 - M3H child lower max recomputes limit, higher unauthorized max cannot raise request cap
  ---
  duration_ms: 0.135583
  type: 'test'
  ...
# Subtest: M3H equality, unsupported counts and multiplication/addition overflow refuse
ok 37 - M3H equality, unsupported counts and multiplication/addition overflow refuse
  ---
  duration_ms: 0.196959
  type: 'test'
  ...
# Subtest: M3H fresh and aged overrun block without silently shrinking original heap workload
ok 38 - M3H fresh and aged overrun block without silently shrinking original heap workload
  ---
  duration_ms: 0.150125
  type: 'test'
  ...
# Subtest: M3H candidate/config/fixture/build/VM/review mismatch or legacy averages refuse
ok 39 - M3H candidate/config/fixture/build/VM/review mismatch or legacy averages refuse
  ---
  duration_ms: 0.487458
  type: 'test'
  ...
# Subtest: M3H executable raw bound/capability/review/fixture bytes hash and exact scope verified before adapter read
ok 40 - M3H executable raw bound/capability/review/fixture bytes hash and exact scope verified before adapter read
  ---
  duration_ms: 21.667333
  type: 'test'
  ...
# Subtest: M3H synthetic evidence and unpinned launcher cannot authorize executable load
ok 41 - M3H synthetic evidence and unpinned launcher cannot authorize executable load
  ---
  duration_ms: 4.328542
  type: 'test'
  ...
# Subtest: M3H runtime guard failure or missing lifecycle observation cannot publish diagnostic success
ok 42 - M3H runtime guard failure or missing lifecycle observation cannot publish diagnostic success
  ---
  duration_ms: 0.77425
  type: 'test'
  ...
# Subtest: M3H capability timeout escalates TERM to KILL with bounded output and retained process error
ok 43 - M3H capability timeout escalates TERM to KILL with bounded output and retained process error
  ---
  duration_ms: 19.479166
  type: 'test'
  ...
# Subtest: M3H symlink outside policy ownership and valid hash with changed raw identity refuse
ok 44 - M3H symlink outside policy ownership and valid hash with changed raw identity refuse
  ---
  duration_ms: 4.316292
  type: 'test'
  ...
# Subtest: rate supervision binds exact command, output, allocation categories and finite timeout
ok 45 - rate supervision binds exact command, output, allocation categories and finite timeout
  ---
  duration_ms: 2.996291
  type: 'test'
  ...
# Subtest: supervisor evidence mismatch refuses before dependency setup; failed supervision still closes
ok 46 - supervisor evidence mismatch refuses before dependency setup; failed supervision still closes
  ---
  duration_ms: 8.09925
  type: 'test'
  ...
# Subtest: actual supervised child receives frozen environment through owned launch
ok 47 - actual supervised child receives frozen environment through owned launch
  ---
  duration_ms: 291.273417
  type: 'test'
  ...
1..47
# tests 47
# suites 0
# pass 47
# fail 0
# cancelled 0
# skipped 0
# todo 0
# duration_ms 354.888666
