TAP version 13
# Subtest: bounded inventory reader rejects oversize and invalid JSON
ok 1 - bounded inventory reader rejects oversize and invalid JSON
  ---
  duration_ms: 5.914417
  type: 'test'
  ...
# Subtest: adapter publishes collector evidence exclusively within frozen proof path
ok 2 - adapter publishes collector evidence exclusively within frozen proof path
  ---
  duration_ms: 5.0445
  type: 'test'
  ...
1..2
# tests 2
# suites 0
# pass 2
# fail 0
# cancelled 0
# skipped 0
# todo 0
# duration_ms 60.128583
