TAP version 13
# Subtest: adapter completion uses atomic synchronous commit rather than uncancellable asynchronous rename
ok 1 - adapter completion uses atomic synchronous commit rather than uncancellable asynchronous rename
  ---
  duration_ms: 27.586
  type: 'test'
  ...
# Subtest: adapter timed-out temporary data write cannot publish late successful completion
ok 2 - adapter timed-out temporary data write cannot publish late successful completion
  ---
  duration_ms: 96.735833
  type: 'test'
  ...
# Subtest: adapter checks elapsed deadline before commit when write continuation delays timer callback
ok 3 - adapter checks elapsed deadline before commit when write continuation delays timer callback
  ---
  duration_ms: 98.971667
  type: 'test'
  ...
# Subtest: synchronous adapter commit cannot interleave with timeout callback at publication boundary
ok 4 - synchronous adapter commit cannot interleave with timeout callback at publication boundary
  ---
  duration_ms: 49.4015
  type: 'test'
  ...
1..4
# tests 4
# suites 0
# pass 4
# fail 0
# cancelled 0
# skipped 0
# todo 0
# duration_ms 321.323791
