TAP version 13
# Subtest: fixed budgets retain bounded correctness profile
ok 1 - fixed budgets retain bounded correctness profile
  ---
  duration_ms: 1.240083
  type: 'test'
  ...
# Subtest: preflight rejects unsupported schema, duplicate IDs, scope and wrapper paths
ok 2 - preflight rejects unsupported schema, duplicate IDs, scope and wrapper paths
  ---
  duration_ms: 0.782667
  type: 'test'
  ...
# Subtest: frozen preflight clone prevents caller changing cleanup resources
ok 3 - frozen preflight clone prevents caller changing cleanup resources
  ---
  duration_ms: 0.260375
  type: 'test'
  ...
# Subtest: exact resource set and labels required on every sample
ok 4 - exact resource set and labels required on every sample
  ---
  duration_ms: 0.300917
  type: 'test'
  ...
# Subtest: negative/nonfinite readings and stale/future heartbeat fail closed
ok 5 - negative/nonfinite readings and stale/future heartbeat fail closed
  ---
  duration_ms: 0.977375
  type: 'test'
  ...
# Subtest: each resource budget aborts at exact threshold
ok 6 - each resource budget aborts at exact threshold
  ---
  duration_ms: 0.207708
  type: 'test'
  ...
# Subtest: intentional STOP charges evidenced conservative bound and requires healthy peers
ok 7 - intentional STOP charges evidenced conservative bound and requires healthy peers
  ---
  duration_ms: 0.352625
  type: 'test'
  ...
# Subtest: observer startup throw prevents launch, still stops registered brokers
ok 8 - observer startup throw prevents launch, still stops registered brokers
  ---
  duration_ms: 1.5665
  type: 'test'
  ...
# Subtest: observer throw/stale/hung and sample record failure kill owned group and brokers
ok 9 - observer throw/stale/hung and sample record failure kill owned group and brokers
  ---
  duration_ms: 12.03625
  type: 'test'
  ...
# Subtest: wrapper failure and proof timeout kill owned group and registered brokers
ok 10 - wrapper failure and proof timeout kill owned group and registered brokers
  ---
  duration_ms: 5.356
  type: 'test'
  ...
# Subtest: success requires final sample and exit status handshake before completion
ok 11 - success requires final sample and exit status handshake before completion
  ---
  duration_ms: 2.9285
  type: 'test'
  ...
# Subtest: final sample failure cannot report successful wrapper as proof completion
ok 12 - final sample failure cannot report successful wrapper as proof completion
  ---
  duration_ms: 0.818417
  type: 'test'
  ...
# Subtest: cleanup failures are recorded and never relabel proof as successful
ok 13 - cleanup failures are recorded and never relabel proof as successful
  ---
  duration_ms: 0.776209
  type: 'test'
  ...
# Subtest: owned group kills stopped TERM-resistant leaf after leader exits; unrelated sentinel survives
ok 14 - owned group kills stopped TERM-resistant leaf after leader exits; unrelated sentinel survives
  ---
  duration_ms: 787.247875
  type: 'test'
  ...
1..14
# tests 14
# suites 0
# pass 14
# fail 0
# cancelled 0
# skipped 0
# todo 0
# duration_ms 960.759125
