4	/proof-rp0/cloud_storage_cache
48	/proof-rp0/redpanda/controller/0_0
52	/proof-rp0/redpanda/controller
256	/proof-rp0/redpanda/kvstore/0_0
260	/proof-rp0/redpanda/kvstore
316	/proof-rp0/redpanda
28	/proof-rp0/kafka/financial-s1-97924e15-postf75b5d61-golden-golden-5-input/0_64
32	/proof-rp0/kafka/financial-s1-97924e15-postf75b5d61-golden-golden-5-input
20	/proof-rp0/kafka/financial-s1-97924e15-postf75b5d61-golden-golden-7-input/0_79
24	/proof-rp0/kafka/financial-s1-97924e15-postf75b5d61-golden-golden-7-input
28	/proof-rp0/kafka/financial-s1-97924e15-postf75b5d61-core-mutation-4-input/0_61
32	/proof-rp0/kafka/financial-s1-97924e15-postf75b5d61-core-mutation-4-input
36	/proof-rp0/kafka/financial-s1-97924e15-postf75b5d61-golden-golden-4-results/0_59
40	/proof-rp0/kafka/financial-s1-97924e15-postf75b5d61-golden-golden-4-results
20	/proof-rp0/kafka/financial-s1-97924e15-postf75b5d61-core-mutation-8-input/0_82
24	/proof-rp0/kafka/financial-s1-97924e15-postf75b5d61-core-mutation-8-input
80	/proof-rp0/kafka/financial-s1-97924e15-postf75b5d61-core-happy-app-financial-state-changelog/0_35
84	/proof-rp0/kafka/financial-s1-97924e15-postf75b5d61-core-happy-app-financial-state-changelog
20	/proof-rp0/kafka/financial-s1-97924e15-postf75b5d61-golden-golden-2-input/0_46
24	/proof-rp0/kafka/financial-s1-97924e15-postf75b5d61-golden-golden-2-input
44	/proof-rp0/kafka/financial-s1-97924e15-postf75b5d61-golden-golden-6-app-financial-state-changelog/0_74
48	/proof-rp0/kafka/financial-s1-97924e15-postf75b5d61-golden-golden-6-app-financial-state-changelog
32	/proof-rp0/kafka/financial-s1-97924e15-postf75b5d61-core-mutation-5-results/0_68
36	/proof-rp0/kafka/financial-s1-97924e15-postf75b5d61-core-mutation-5-results
44	/proof-rp0/kafka/financial-s1-97924e15-postf75b5d61-golden-golden-7-app-financial-state-changelog/0_81
48	/proof-rp0/kafka/financial-s1-97924e15-postf75b5d61-golden-golden-7-app-financial-state-changelog
56	/proof-rp0/kafka/financial-s1-97924e15-postf75b5d61-golden-golden-8-app-financial-state-changelog/0_87
60	/proof-rp0/kafka/financial-s1-97924e15-postf75b5d61-golden-golden-8-app-financial-state-changelog
36	/proof-rp0/kafka/financial-s1-97924e15-postf75b5d61-golden-golden-8-results/0_86
40	/proof-rp0/kafka/financial-s1-97924e15-postf75b5d61-golden-golden-8-results
44	/proof-rp0/kafka/financial-s1-97924e15-postf75b5d61-core-happy-results/0_32
48	/proof-rp0/kafka/financial-s1-97924e15-postf75b5d61-core-happy-results
32	/proof-rp0/kafka/financial-s1-97924e15-postf75b5d61-core-mutation-4-results/0_62
36	/proof-rp0/kafka/financial-s1-97924e15-postf75b5d61-core-mutation-4-results
56	/proof-rp0/kafka/financial-s1-97924e15-postf75b5d61-golden-golden-5-app-financial-state-changelog/0_66
60	/proof-rp0/kafka/financial-s1-97924e15-postf75b5d61-golden-golden-5-app-financial-state-changelog
20	/proof-rp0/kafka/financial-s1-97924e15-postf75b5d61-golden-golden-6-input/0_70
24	/proof-rp0/kafka/financial-s1-97924e15-postf75b5d61-golden-golden-6-input
32	/proof-rp0/kafka/financial-s1-97924e15-postf75b5d61-golden-golden-0-results/0_34
36	/proof-rp0/kafka/financial-s1-97924e15-postf75b5d61-golden-golden-0-results
64	/proof-rp0/kafka/financial-s1-97924e15-postf75b5d61-core-mutation-7-app-financial-state-changelog/0_78
68	/proof-rp0/kafka/financial-s1-97924e15-postf75b5d61-core-mutation-7-app-financial-state-changelog
32	/proof-rp0/kafka/financial-s1-97924e15-postf75b5d61-core-mutation-9-results/0_89
36	/proof-rp0/kafka/financial-s1-97924e15-postf75b5d61-core-mutation-9-results
28	/proof-rp0/kafka/financial-s1-97924e15-postf75b5d61-golden-golden-6-results/0_71
32	/proof-rp0/kafka/financial-s1-97924e15-postf75b5d61-golden-golden-6-results
32	/proof-rp0/kafka/financial-s1-97924e15-postf75b5d61-golden-golden-3-results/0_53
36	/proof-rp0/kafka/financial-s1-97924e15-postf75b5d61-golden-golden-3-results
20	/proof-rp0/kafka/financial-s1-97924e15-postf75b5d61-core-mutation-7-input/0_76
24	/proof-rp0/kafka/financial-s1-97924e15-postf75b5d61-core-mutation-7-input
60	/proof-rp0/kafka/financial-s1-97924e15-postf75b5d61-core-mutation-0-app-financial-state-changelog/0_39
64	/proof-rp0/kafka/financial-s1-97924e15-postf75b5d61-core-mutation-0-app-financial-state-changelog
20	/proof-rp0/kafka/financial-s1-97924e15-postf75b5d61-core-mutation-3-input/0_55
24	/proof-rp0/kafka/financial-s1-97924e15-postf75b5d61-core-mutation-3-input
32	/proof-rp0/kafka/financial-s1-97924e15-postf75b5d61-core-mutation-7-results/0_77
36	/proof-rp0/kafka/financial-s1-97924e15-postf75b5d61-core-mutation-7-results
40	/proof-rp0/kafka/financial-s1-97924e15-postf75b5d61-core-mutation-1-results/0_44
44	/proof-rp0/kafka/financial-s1-97924e15-postf75b5d61-core-mutation-1-results
36	/proof-rp0/kafka/financial-s1-97924e15-postf75b5d61-golden-golden-5-results/0_65
40	/proof-rp0/kafka/financial-s1-97924e15-postf75b5d61-golden-golden-5-results
32	/proof-rp0/kafka/financial-s1-97924e15-postf75b5d61-golden-golden-2-results/0_47
36	/proof-rp0/kafka/financial-s1-97924e15-postf75b5d61-golden-golden-2-results
20	/proof-rp0/kafka/financial-s1-97924e15-postf75b5d61-golden-golden-3-input/0_52
24	/proof-rp0/kafka/financial-s1-97924e15-postf75b5d61-golden-golden-3-input
20	/proof-rp0/kafka/financial-s1-97924e15-postf75b5d61-core-mutation-5-input/0_67
24	/proof-rp0/kafka/financial-s1-97924e15-postf75b5d61-core-mutation-5-input
32	/proof-rp0/kafka/financial-s1-97924e15-postf75b5d61-golden-golden-1-results/0_41
36	/proof-rp0/kafka/financial-s1-97924e15-postf75b5d61-golden-golden-1-results
20	/proof-rp0/kafka/financial-s1-97924e15-postf75b5d61-golden-golden-8-input/0_85
24	/proof-rp0/kafka/financial-s1-97924e15-postf75b5d61-golden-golden-8-input
28	/proof-rp0/kafka/financial-s1-97924e15-postf75b5d61-core-mutation-0-input/0_37
32	/proof-rp0/kafka/financial-s1-97924e15-postf75b5d61-core-mutation-0-input
44	/proof-rp0/kafka/financial-s1-97924e15-postf75b5d61-golden-golden-1-app-financial-state-changelog/0_42
48	/proof-rp0/kafka/financial-s1-97924e15-postf75b5d61-golden-golden-1-app-financial-state-changelog
28	/proof-rp0/kafka/financial-s1-97924e15-postf75b5d61-golden-golden-7-results/0_80
32	/proof-rp0/kafka/financial-s1-97924e15-postf75b5d61-golden-golden-7-results
64	/proof-rp0/kafka/financial-s1-97924e15-postf75b5d61-core-mutation-9-app-financial-state-changelog/0_90
68	/proof-rp0/kafka/financial-s1-97924e15-postf75b5d61-core-mutation-9-app-financial-state-changelog
64	/proof-rp0/kafka/financial-s1-97924e15-postf75b5d61-core-mutation-4-app-financial-state-changelog/0_63
68	/proof-rp0/kafka/financial-s1-97924e15-postf75b5d61-core-mutation-4-app-financial-state-changelog
56	/proof-rp0/kafka/financial-s1-97924e15-postf75b5d61-golden-golden-4-app-financial-state-changelog/0_60
60	/proof-rp0/kafka/financial-s1-97924e15-postf75b5d61-golden-golden-4-app-financial-state-changelog
40	/proof-rp0/kafka/__consumer_offsets/2_28
68	/proof-rp0/kafka/__consumer_offsets/1_28
40	/proof-rp0/kafka/__consumer_offsets/0_28
152	/proof-rp0/kafka/__consumer_offsets
20	/proof-rp0/kafka/financial-s1-97924e15-postf75b5d61-core-mutation-6-input/0_72
24	/proof-rp0/kafka/financial-s1-97924e15-postf75b5d61-core-mutation-6-input
64	/proof-rp0/kafka/financial-s1-97924e15-postf75b5d61-core-mutation-3-app-financial-state-changelog/0_57
68	/proof-rp0/kafka/financial-s1-97924e15-postf75b5d61-core-mutation-3-app-financial-state-changelog
44	/proof-rp0/kafka/financial-s1-97924e15-postf75b5d61-happy-happy-results/0_25
48	/proof-rp0/kafka/financial-s1-97924e15-postf75b5d61-happy-happy-results
44	/proof-rp0/kafka/financial-s1-97924e15-postf75b5d61-core-mutation-6-results/0_73
48	/proof-rp0/kafka/financial-s1-97924e15-postf75b5d61-core-mutation-6-results
20	/proof-rp0/kafka/financial-s1-97924e15-postf75b5d61-golden-golden-9-input/0_91
24	/proof-rp0/kafka/financial-s1-97924e15-postf75b5d61-golden-golden-9-input
20	/proof-rp0/kafka/financial-s1-97924e15-postf75b5d61-golden-golden-1-input/0_40
24	/proof-rp0/kafka/financial-s1-97924e15-postf75b5d61-golden-golden-1-input
60	/proof-rp0/kafka/financial-s1-97924e15-postf75b5d61-core-mutation-1-app-financial-state-changelog/0_45
64	/proof-rp0/kafka/financial-s1-97924e15-postf75b5d61-core-mutation-1-app-financial-state-changelog
64	/proof-rp0/kafka/financial-s1-97924e15-postf75b5d61-core-mutation-6-app-financial-state-changelog/0_75
68	/proof-rp0/kafka/financial-s1-97924e15-postf75b5d61-core-mutation-6-app-financial-state-changelog
20	/proof-rp0/kafka/financial-s1-97924e15-postf75b5d61-core-mutation-9-input/0_88
24	/proof-rp0/kafka/financial-s1-97924e15-postf75b5d61-core-mutation-9-input
72	/proof-rp0/kafka/financial-s1-97924e15-postf75b5d61-happy-happy-app-financial-state-changelog/0_29
76	/proof-rp0/kafka/financial-s1-97924e15-postf75b5d61-happy-happy-app-financial-state-changelog
20	/proof-rp0/kafka/financial-s1-97924e15-postf75b5d61-core-mutation-1-input/0_43
24	/proof-rp0/kafka/financial-s1-97924e15-postf75b5d61-core-mutation-1-input
32	/proof-rp0/kafka/financial-s1-97924e15-postf75b5d61-core-mutation-0-results/0_38
36	/proof-rp0/kafka/financial-s1-97924e15-postf75b5d61-core-mutation-0-results
64	/proof-rp0/kafka/financial-s1-97924e15-postf75b5d61-core-mutation-5-app-financial-state-changelog/0_69
68	/proof-rp0/kafka/financial-s1-97924e15-postf75b5d61-core-mutation-5-app-financial-state-changelog
20	/proof-rp0/kafka/financial-s1-97924e15-postf75b5d61-core-mutation-2-input/0_49
24	/proof-rp0/kafka/financial-s1-97924e15-postf75b5d61-core-mutation-2-input
44	/proof-rp0/kafka/financial-s1-97924e15-postf75b5d61-golden-golden-2-app-financial-state-changelog/0_48
48	/proof-rp0/kafka/financial-s1-97924e15-postf75b5d61-golden-golden-2-app-financial-state-changelog
40	/proof-rp0/kafka/financial-s1-97924e15-postf75b5d61-core-mutation-3-results/0_56
44	/proof-rp0/kafka/financial-s1-97924e15-postf75b5d61-core-mutation-3-results
32	/proof-rp0/kafka/financial-s1-97924e15-postf75b5d61-core-mutation-2-results/0_50
36	/proof-rp0/kafka/financial-s1-97924e15-postf75b5d61-core-mutation-2-results
64	/proof-rp0/kafka/financial-s1-97924e15-postf75b5d61-core-mutation-2-app-financial-state-changelog/0_51
68	/proof-rp0/kafka/financial-s1-97924e15-postf75b5d61-core-mutation-2-app-financial-state-changelog
20	/proof-rp0/kafka/financial-s1-97924e15-postf75b5d61-golden-golden-0-input/0_33
24	/proof-rp0/kafka/financial-s1-97924e15-postf75b5d61-golden-golden-0-input
32	/proof-rp0/kafka/financial-s1-97924e15-postf75b5d61-core-mutation-8-results/0_83
36	/proof-rp0/kafka/financial-s1-97924e15-postf75b5d61-core-mutation-8-results
64	/proof-rp0/kafka/financial-s1-97924e15-postf75b5d61-core-mutation-8-app-financial-state-changelog/0_84
68	/proof-rp0/kafka/financial-s1-97924e15-postf75b5d61-core-mutation-8-app-financial-state-changelog
20	/proof-rp0/kafka/financial-s1-97924e15-postf75b5d61-golden-golden-9-results/0_92
24	/proof-rp0/kafka/financial-s1-97924e15-postf75b5d61-golden-golden-9-results
32	/proof-rp0/kafka/financial-s1-97924e15-postf75b5d61-core-happy-input/0_31
36	/proof-rp0/kafka/financial-s1-97924e15-postf75b5d61-core-happy-input
28	/proof-rp0/kafka/financial-s1-97924e15-postf75b5d61-golden-golden-4-input/0_58
32	/proof-rp0/kafka/financial-s1-97924e15-postf75b5d61-golden-golden-4-input
52	/proof-rp0/kafka/financial-s1-97924e15-postf75b5d61-golden-golden-3-app-financial-state-changelog/0_54
56	/proof-rp0/kafka/financial-s1-97924e15-postf75b5d61-golden-golden-3-app-financial-state-changelog
24	/proof-rp0/kafka/financial-s1-97924e15-postf75b5d61-happy-happy-input/0_24
28	/proof-rp0/kafka/financial-s1-97924e15-postf75b5d61-happy-happy-input
48	/proof-rp0/kafka/financial-s1-97924e15-postf75b5d61-golden-golden-0-app-financial-state-changelog/0_36
52	/proof-rp0/kafka/financial-s1-97924e15-postf75b5d61-golden-golden-0-app-financial-state-changelog
2888	/proof-rp0/kafka
4	/proof-rp0/crash_reports
28	/proof-rp0/kafka_internal/tx/37_26
20	/proof-rp0/kafka_internal/tx/23_26
20	/proof-rp0/kafka_internal/tx/44_26
24	/proof-rp0/kafka_internal/tx/8_26
20	/proof-rp0/kafka_internal/tx/13_26
20	/proof-rp0/kafka_internal/tx/19_26
20	/proof-rp0/kafka_internal/tx/35_26
36	/proof-rp0/kafka_internal/tx/24_26
24	/proof-rp0/kafka_internal/tx/22_26
20	/proof-rp0/kafka_internal/tx/9_26
20	/proof-rp0/kafka_internal/tx/6_26
20	/proof-rp0/kafka_internal/tx/14_26
28	/proof-rp0/kafka_internal/tx/2_26
20	/proof-rp0/kafka_internal/tx/3_26
24	/proof-rp0/kafka_internal/tx/5_26
28	/proof-rp0/kafka_internal/tx/46_26
28	/proof-rp0/kafka_internal/tx/40_26
20	/proof-rp0/kafka_internal/tx/4_26
28	/proof-rp0/kafka_internal/tx/48_26
28	/proof-rp0/kafka_internal/tx/47_26
20	/proof-rp0/kafka_internal/tx/29_26
24	/proof-rp0/kafka_internal/tx/18_26
20	/proof-rp0/kafka_internal/tx/17_26
28	/proof-rp0/kafka_internal/tx/10_26
20	/proof-rp0/kafka_internal/tx/11_26
28	/proof-rp0/kafka_internal/tx/41_26
20	/proof-rp0/kafka_internal/tx/45_26
20	/proof-rp0/kafka_internal/tx/43_26
20	/proof-rp0/kafka_internal/tx/28_26
20	/proof-rp0/kafka_internal/tx/49_26
20	/proof-rp0/kafka_internal/tx/26_26
32	/proof-rp0/kafka_internal/tx/21_26
28	/proof-rp0/kafka_internal/tx/25_26
24	/proof-rp0/kafka_internal/tx/12_26
20	/proof-rp0/kafka_internal/tx/1_26
20	/proof-rp0/kafka_internal/tx/27_26
20	/proof-rp0/kafka_internal/tx/20_26
20	/proof-rp0/kafka_internal/tx/31_26
20	/proof-rp0/kafka_internal/tx/39_26
20	/proof-rp0/kafka_internal/tx/32_26
20	/proof-rp0/kafka_internal/tx/30_26
20	/proof-rp0/kafka_internal/tx/36_26
24	/proof-rp0/kafka_internal/tx/16_26
20	/proof-rp0/kafka_internal/tx/42_26
20	/proof-rp0/kafka_internal/tx/33_26
20	/proof-rp0/kafka_internal/tx/7_26
24	/proof-rp0/kafka_internal/tx/38_26
20	/proof-rp0/kafka_internal/tx/0_26
32	/proof-rp0/kafka_internal/tx/34_26
24	/proof-rp0/kafka_internal/tx/15_26
1148	/proof-rp0/kafka_internal/tx
32	/proof-rp0/kafka_internal/id_allocator/0_27
36	/proof-rp0/kafka_internal/id_allocator
1188	/proof-rp0/kafka_internal
4408	/proof-rp0
