TAP version 13
# Subtest: readiness rejects signal-terminated worker despite retained startup receipts
ok 1 - readiness rejects signal-terminated worker despite retained startup receipts
  ---
  duration_ms: 3.987834
  type: 'test'
  ...
# Subtest: external plan freezes four executable trigger/barrier definitions
ok 2 - external plan freezes four executable trigger/barrier definitions
  ---
  duration_ms: 0.43575
  type: 'test'
  ...
# Subtest: broker registration refuses missing, malformed, duplicate and unregistered IDs
ok 3 - broker registration refuses missing, malformed, duplicate and unregistered IDs
  ---
  duration_ms: 0.576625
  type: 'test'
  ...
# Subtest: daemon inspection requires exact IDs, owned labels and two live peers
ok 4 - daemon inspection requires exact IDs, owned labels and two live peers
  ---
  duration_ms: 1.432208
  type: 'test'
  ...
# Subtest: restoration validates ownership even when peer health fails after outage
ok 5 - restoration validates ownership even when peer health fails after outage
  ---
  duration_ms: 0.340416
  type: 'test'
  ...
# Subtest: recovery requires identical physical prefix and exact stable end for idle restart
ok 6 - recovery requires identical physical prefix and exact stable end for idle restart
  ---
  duration_ms: 0.585166
  type: 'test'
  ...
# Subtest: idle restart refuses checkpoint divergence despite unchanged economic output
ok 7 - idle restart refuses checkpoint divergence despite unchanged economic output
  ---
  duration_ms: 0.117083
  type: 'test'
  ...
# Subtest: stale owner requires observed broker fencing, never generic error or elapsed time
ok 8 - stale owner requires observed broker fencing, never generic error or elapsed time
  ---
  duration_ms: 0.267458
  type: 'test'
  ...
# Subtest: producer failure arm invokes actual producer seam, observes zero abort outputs then restores
ok 9 - producer failure arm invokes actual producer seam, observes zero abort outputs then restores
  ---
  duration_ms: 0.587791
  type: 'test'
  ...
# Subtest: committed-before-ACK arm kills after read-committed barrier and persists ACK only after stable recovery
ok 10 - committed-before-ACK arm kills after read-committed barrier and persists ACK only after stable recovery
  ---
  duration_ms: 0.41275
  type: 'test'
  ...
# Subtest: stale-owner arm freezes before forward, takes over, resumes and demands fencing before end-offset proof
ok 11 - stale-owner arm freezes before forward, takes over, resumes and demands fencing before end-offset proof
  ---
  duration_ms: 0.306792
  type: 'test'
  ...
# Subtest: majority outage proves fresh outputs while target stopped and restores target on failure
ok 12 - majority outage proves fresh outputs while target stopped and restores target on failure
  ---
  duration_ms: 0.226542
  type: 'test'
  ...
# Subtest: failed START is not retried by majority-arm finally or granted new recovery time
ok 13 - failed START is not retried by majority-arm finally or granted new recovery time
  ---
  duration_ms: 0.105
  type: 'test'
  ...
# Subtest: actual runner outage adapter waits for STOP and stopped grants then uses fixed START generation deadline
ok 14 - actual runner outage adapter waits for STOP and stopped grants then uses fixed START generation deadline
  ---
  duration_ms: 4.682083
  type: 'test'
  ...
# Subtest: actual runner recovery rejects peer failure immediately and slow START cannot reset fixed deadline
ok 15 - actual runner recovery rejects peer failure immediately and slow START cannot reset fixed deadline
  ---
  duration_ms: 2.634041
  type: 'test'
  ...
# Subtest: fixed budgets retain bounded correctness profile
ok 16 - fixed budgets retain bounded correctness profile
  ---
  duration_ms: 1.30675
  type: 'test'
  ...
# Subtest: preflight rejects unsupported schema, duplicate IDs, scope and wrapper paths
ok 17 - preflight rejects unsupported schema, duplicate IDs, scope and wrapper paths
  ---
  duration_ms: 0.698542
  type: 'test'
  ...
# Subtest: frozen preflight clone prevents caller changing cleanup resources
ok 18 - frozen preflight clone prevents caller changing cleanup resources
  ---
  duration_ms: 0.257834
  type: 'test'
  ...
# Subtest: exact resource set and labels required on every sample
ok 19 - exact resource set and labels required on every sample
  ---
  duration_ms: 0.287209
  type: 'test'
  ...
# Subtest: negative/nonfinite readings and stale/future heartbeat fail closed
ok 20 - negative/nonfinite readings and stale/future heartbeat fail closed
  ---
  duration_ms: 0.456542
  type: 'test'
  ...
# Subtest: each resource budget aborts at exact threshold
ok 21 - each resource budget aborts at exact threshold
  ---
  duration_ms: 0.140667
  type: 'test'
  ...
# Subtest: intentional STOP charges evidenced conservative bound and requires healthy peers
ok 22 - intentional STOP charges evidenced conservative bound and requires healthy peers
  ---
  duration_ms: 0.302917
  type: 'test'
  ...
# Subtest: observer startup throw prevents launch, still stops registered brokers
ok 23 - observer startup throw prevents launch, still stops registered brokers
  ---
  duration_ms: 1.534167
  type: 'test'
  ...
# Subtest: observer throw/stale/hung and sample record failure kill owned group and brokers
ok 24 - observer throw/stale/hung and sample record failure kill owned group and brokers
  ---
  duration_ms: 14.433625
  type: 'test'
  ...
# Subtest: wrapper failure and proof timeout kill owned group and registered brokers
ok 25 - wrapper failure and proof timeout kill owned group and registered brokers
  ---
  duration_ms: 1.525375
  type: 'test'
  ...
# Subtest: success requires final sample and exit status handshake before completion
ok 26 - success requires final sample and exit status handshake before completion
  ---
  duration_ms: 0.351125
  type: 'test'
  ...
# Subtest: final sample failure cannot report successful wrapper as proof completion
ok 27 - final sample failure cannot report successful wrapper as proof completion
  ---
  duration_ms: 0.231667
  type: 'test'
  ...
# Subtest: cleanup failures are recorded and never relabel proof as successful
ok 28 - cleanup failures are recorded and never relabel proof as successful
  ---
  duration_ms: 0.21625
  type: 'test'
  ...
# Subtest: hanging journal, prelaunch interrupt and synchronous cleanup throws fail closed
ok 29 - hanging journal, prelaunch interrupt and synchronous cleanup throws fail closed
  ---
  duration_ms: 44.211458
  type: 'test'
  ...
# Subtest: monitor plus journal elapsed time cannot launch with stale initial sample
ok 30 - monitor plus journal elapsed time cannot launch with stale initial sample
  ---
  duration_ms: 0.267333
  type: 'test'
  ...
# Subtest: slow initial monitor anchors first and later sample starts to sample timestamp
ok 31 - slow initial monitor anchors first and later sample starts to sample timestamp
  ---
  duration_ms: 0.394833
  type: 'test'
  ...
# Subtest: polling clock jump past heartbeat deadline stops owned wrapper before new sample
ok 32 - polling clock jump past heartbeat deadline stops owned wrapper before new sample
  ---
  duration_ms: 0.183417
  type: 'test'
  ...
# Subtest: elapsed launch time cannot continue with stale heartbeat
ok 33 - elapsed launch time cannot continue with stale heartbeat
  ---
  duration_ms: 0.170208
  type: 'test'
  ...
# Subtest: hanging or throwing completion write returns failure after bounded cleanup
ok 34 - hanging or throwing completion write returns failure after bounded cleanup
  ---
  duration_ms: 10.628917
  type: 'test'
  ...
# Subtest: polling jitter within early sample lead keeps strict freshness and bounded cadence
ok 35 - polling jitter within early sample lead keeps strict freshness and bounded cadence
  ---
  duration_ms: 0.341416
  type: 'test'
  ...
# Subtest: real asynchronous monitor/write time and polling jitter stay within five-second sample window
ok 36 - real asynchronous monitor/write time and polling jitter stay within five-second sample window
  ---
  duration_ms: 5087.381417
  type: 'test'
  ...
# Subtest: timed-out completion receives cancellation and cannot publish after delayed data write
ok 37 - timed-out completion receives cancellation and cannot publish after delayed data write
  ---
  duration_ms: 62.681167
  type: 'test'
  ...
# Subtest: Attempt2 group2 actual adapter and file protocol accept one STOP starting healthy cycle with stable reservation
ok 38 - Attempt2 group2 actual adapter and file protocol accept one STOP starting healthy cycle with stable reservation
  ---
  duration_ms: 224.042125
  type: 'test'
  ...
# {"control":"healthy-only-restriction-mutant","orderedObservations":["healthy","stopped","starting"],"rejectedAt":"starting","scope":"single predicate restriction mutation; not complete old source"}
# Subtest: Attempt2 healthy-only restriction mutant reaches STOP then rejects actual adapter starting observation
ok 39 - Attempt2 healthy-only restriction mutant reaches STOP then rejects actual adapter starting observation
  ---
  duration_ms: 3.810542
  type: 'test'
  ...
# Subtest: Attempt2 group1 initial stopped starting unhealthy and unconfigured fault reject before launch
ok 40 - Attempt2 group1 initial stopped starting unhealthy and unconfigured fault reject before launch
  ---
  duration_ms: 33.463208
  type: 'test'
  ...
# Subtest: Attempt2 group3 START requires authorized directly observed stopped barrier even without periodic STOP sample
ok 41 - Attempt2 group3 START requires authorized directly observed stopped barrier even without periodic STOP sample
  ---
  duration_ms: 2.180708
  type: 'test'
  ...
# Subtest: Attempt2 group4 exact identity artifacts immutable replay path and missing ACK fail closed
ok 42 - Attempt2 group4 exact identity artifacts immutable replay path and missing ACK fail closed
  ---
  duration_ms: 8.4255
  type: 'test'
  ...
# Subtest: Attempt2 group5 either peer lifecycle health and generation fail in every phase
ok 43 - Attempt2 group5 either peer lifecycle health and generation fail in every phase
  ---
  duration_ms: 56.344792
  type: 'test'
  ...
# Subtest: Attempt2 group6 target invalid grace second generation stopped-after-running and old probe fail
ok 44 - Attempt2 group6 target invalid grace second generation stopped-after-running and old probe fail
  ---
  duration_ms: 17.689542
  type: 'test'
  ...
# Subtest: Attempt2 group7 fixed recovery deadline boundaries persistence and starting never renew anchor
ok 45 - Attempt2 group7 fixed recovery deadline boundaries persistence and starting never renew anchor
  ---
  duration_ms: 7.872458
  type: 'test'
  ...
# Subtest: Attempt2 group8 target du bound strict malformed and observer hung retain fixed charged bytes
ok 46 - Attempt2 group8 target du bound strict malformed and observer hung retain fixed charged bytes
  ---
  duration_ms: 41.340667
  type: 'test'
  ...
# Subtest: Attempt2 group9 protocol read ACK and authorization evidence cannot suspend strict observer gate
ok 47 - Attempt2 group9 protocol read ACK and authorization evidence cannot suspend strict observer gate
  ---
  duration_ms: 290.201666
  type: 'test'
  ...
# Subtest: Attempt2 group10 incomplete cycle exit cannot complete and rejected raw inspect survives diagnostics failure
ok 48 - Attempt2 group10 incomplete cycle exit cannot complete and rejected raw inspect survives diagnostics failure
  ---
  duration_ms: 11.260375
  type: 'test'
  ...
# Subtest: Docker adapter samples running peers, reserves stopped target and retains registered volumes
ok 49 - Docker adapter samples running peers, reserves stopped target and retains registered volumes
  ---
  duration_ms: 1.586334
  type: 'test'
  ...
# Subtest: Docker adapter does not skip running du failure or accept changed image metadata
ok 50 - Docker adapter does not skip running du failure or accept changed image metadata
  ---
  duration_ms: 2.062791
  type: 'test'
  ...
# Subtest: adapter completion uses atomic synchronous commit rather than uncancellable asynchronous rename
ok 51 - adapter completion uses atomic synchronous commit rather than uncancellable asynchronous rename
  ---
  duration_ms: 24.823166
  type: 'test'
  ...
# Subtest: adapter timed-out temporary data write cannot publish late successful completion
ok 52 - adapter timed-out temporary data write cannot publish late successful completion
  ---
  duration_ms: 231.392
  type: 'test'
  ...
# Subtest: adapter checks elapsed deadline before commit when write continuation delays timer callback
ok 53 - adapter checks elapsed deadline before commit when write continuation delays timer callback
  ---
  duration_ms: 206.200791
  type: 'test'
  ...
# Subtest: synchronous adapter commit cannot interleave with timeout callback at publication boundary
ok 54 - synchronous adapter commit cannot interleave with timeout callback at publication boundary
  ---
  duration_ms: 1083.428416
  type: 'test'
  ...
# Subtest: observer failure stops active owned wrapper/STOP leaf while sentinel survives
ok 55 - observer failure stops active owned wrapper/STOP leaf while sentinel survives
  ---
  duration_ms: 480.769708
  type: 'test'
  ...
# Subtest: owned group kills stopped TERM-resistant leaf after leader exits; unrelated sentinel survives
ok 56 - owned group kills stopped TERM-resistant leaf after leader exits; unrelated sentinel survives
  ---
  duration_ms: 779.927292
  type: 'test'
  ...
1..56
# tests 56
# suites 0
# pass 56
# fail 0
# cancelled 0
# skipped 0
# todo 0
# duration_ms 8785.831375
