4	/var/lib/redpanda/data/cloud_storage_cache
68	/var/lib/redpanda/data/redpanda/controller/0_0
72	/var/lib/redpanda/data/redpanda/controller
16408	/var/lib/redpanda/data/redpanda/kvstore/0_0
16412	/var/lib/redpanda/data/redpanda/kvstore
16488	/var/lib/redpanda/data/redpanda
8380	/var/lib/redpanda/data/kafka/financial-s1-97924e15-bounded-f56b30b1-core-mutation-18-app-financial-state-changelog/0_153
8384	/var/lib/redpanda/data/kafka/financial-s1-97924e15-bounded-f56b30b1-core-mutation-18-app-financial-state-changelog
7844	/var/lib/redpanda/data/kafka/financial-s1-97924e15-bounded-f56b30b1-golden-golden-12-input/0_118
7848	/var/lib/redpanda/data/kafka/financial-s1-97924e15-bounded-f56b30b1-golden-golden-12-input
8124	/var/lib/redpanda/data/kafka/financial-s1-97924e15-bounded-f56b30b1-golden-golden-16-results/0_143
8128	/var/lib/redpanda/data/kafka/financial-s1-97924e15-bounded-f56b30b1-golden-golden-16-results
8528	/var/lib/redpanda/data/kafka/financial-s1-97924e15-bounded-f56b30b1-golden-golden-4-app-financial-state-changelog/0_69
8532	/var/lib/redpanda/data/kafka/financial-s1-97924e15-bounded-f56b30b1-golden-golden-4-app-financial-state-changelog
8172	/var/lib/redpanda/data/kafka/financial-s1-97924e15-bounded-f56b30b1-core-mutation-17-results/0_146
8176	/var/lib/redpanda/data/kafka/financial-s1-97924e15-bounded-f56b30b1-core-mutation-17-results
8172	/var/lib/redpanda/data/kafka/financial-s1-97924e15-bounded-f56b30b1-core-mutation-13-input/0_121
8176	/var/lib/redpanda/data/kafka/financial-s1-97924e15-bounded-f56b30b1-core-mutation-13-input
8060	/var/lib/redpanda/data/kafka/financial-s1-97924e15-bounded-f56b30b1-core-mutation-1-input/0_52
8064	/var/lib/redpanda/data/kafka/financial-s1-97924e15-bounded-f56b30b1-core-mutation-1-input
8188	/var/lib/redpanda/data/kafka/financial-s1-97924e15-bounded-f56b30b1-golden-golden-6-input/0_79
8192	/var/lib/redpanda/data/kafka/financial-s1-97924e15-bounded-f56b30b1-golden-golden-6-input
8144	/var/lib/redpanda/data/kafka/financial-s1-97924e15-bounded-f56b30b1-core-mutation-3-app-financial-state-changelog/0_66
8148	/var/lib/redpanda/data/kafka/financial-s1-97924e15-bounded-f56b30b1-core-mutation-3-app-financial-state-changelog
8624	/var/lib/redpanda/data/kafka/financial-s1-97924e15-bounded-f56b30b1-golden-golden-15-results/0_137
8628	/var/lib/redpanda/data/kafka/financial-s1-97924e15-bounded-f56b30b1-golden-golden-15-results
8076	/var/lib/redpanda/data/kafka/financial-s1-97924e15-bounded-f56b30b1-golden-golden-1-input/0_46
8080	/var/lib/redpanda/data/kafka/financial-s1-97924e15-bounded-f56b30b1-golden-golden-1-input
7932	/var/lib/redpanda/data/kafka/financial-s1-97924e15-bounded-f56b30b1-core-mutation-1-results/0_53
7936	/var/lib/redpanda/data/kafka/financial-s1-97924e15-bounded-f56b30b1-core-mutation-1-results
8544	/var/lib/redpanda/data/kafka/financial-s1-97924e15-bounded-f56b30b1-golden-golden-18-app-financial-state-changelog/0_159
8548	/var/lib/redpanda/data/kafka/financial-s1-97924e15-bounded-f56b30b1-golden-golden-18-app-financial-state-changelog
8160	/var/lib/redpanda/data/kafka/financial-s1-97924e15-bounded-f56b30b1-golden-golden-14-app-financial-state-changelog/0_132
8164	/var/lib/redpanda/data/kafka/financial-s1-97924e15-bounded-f56b30b1-golden-golden-14-app-financial-state-changelog
8116	/var/lib/redpanda/data/kafka/financial-s1-97924e15-bounded-f56b30b1-golden-golden-19-input/0_163
8120	/var/lib/redpanda/data/kafka/financial-s1-97924e15-bounded-f56b30b1-golden-golden-19-input
8608	/var/lib/redpanda/data/kafka/financial-s1-97924e15-bounded-f56b30b1-golden-golden-9-results/0_98
8612	/var/lib/redpanda/data/kafka/financial-s1-97924e15-bounded-f56b30b1-golden-golden-9-results
8508	/var/lib/redpanda/data/kafka/financial-s1-97924e15-bounded-f56b30b1-core-mutation-0-input/0_48
8512	/var/lib/redpanda/data/kafka/financial-s1-97924e15-bounded-f56b30b1-core-mutation-0-input
8100	/var/lib/redpanda/data/kafka/financial-s1-97924e15-bounded-f56b30b1-golden-golden-2-input/0_54
8104	/var/lib/redpanda/data/kafka/financial-s1-97924e15-bounded-f56b30b1-golden-golden-2-input
8516	/var/lib/redpanda/data/kafka/financial-s1-97924e15-bounded-f56b30b1-core-mutation-10-results/0_104
8520	/var/lib/redpanda/data/kafka/financial-s1-97924e15-bounded-f56b30b1-core-mutation-10-results
8336	/var/lib/redpanda/data/kafka/financial-s1-97924e15-bounded-f56b30b1-golden-golden-1-results/0_47
8340	/var/lib/redpanda/data/kafka/financial-s1-97924e15-bounded-f56b30b1-golden-golden-1-results
8048	/var/lib/redpanda/data/kafka/financial-s1-97924e15-bounded-f56b30b1-golden-golden-4-input/0_67
8052	/var/lib/redpanda/data/kafka/financial-s1-97924e15-bounded-f56b30b1-golden-golden-4-input
8616	/var/lib/redpanda/data/kafka/financial-s1-97924e15-bounded-f56b30b1-golden-golden-18-input/0_157
8620	/var/lib/redpanda/data/kafka/financial-s1-97924e15-bounded-f56b30b1-golden-golden-18-input
8128	/var/lib/redpanda/data/kafka/financial-s1-97924e15-bounded-f56b30b1-golden-golden-0-app-financial-state-changelog/0_43
8132	/var/lib/redpanda/data/kafka/financial-s1-97924e15-bounded-f56b30b1-golden-golden-0-app-financial-state-changelog
7856	/var/lib/redpanda/data/kafka/financial-s1-97924e15-bounded-f56b30b1-golden-golden-1-app-financial-state-changelog/0_50
7860	/var/lib/redpanda/data/kafka/financial-s1-97924e15-bounded-f56b30b1-golden-golden-1-app-financial-state-changelog
8120	/var/lib/redpanda/data/kafka/financial-s1-97924e15-bounded-f56b30b1-golden-golden-15-app-financial-state-changelog/0_138
8124	/var/lib/redpanda/data/kafka/financial-s1-97924e15-bounded-f56b30b1-golden-golden-15-app-financial-state-changelog
8460	/var/lib/redpanda/data/kafka/financial-s1-97924e15-bounded-f56b30b1-core-mutation-3-results/0_65
8464	/var/lib/redpanda/data/kafka/financial-s1-97924e15-bounded-f56b30b1-core-mutation-3-results
7952	/var/lib/redpanda/data/kafka/financial-s1-97924e15-bounded-f56b30b1-core-happy-input/0_38
7956	/var/lib/redpanda/data/kafka/financial-s1-97924e15-bounded-f56b30b1-core-happy-input
8152	/var/lib/redpanda/data/kafka/financial-s1-97924e15-bounded-f56b30b1-core-mutation-12-app-financial-state-changelog/0_117
8156	/var/lib/redpanda/data/kafka/financial-s1-97924e15-bounded-f56b30b1-core-mutation-12-app-financial-state-changelog
8412	/var/lib/redpanda/data/kafka/financial-s1-97924e15-bounded-f56b30b1-core-mutation-6-app-financial-state-changelog/0_84
8416	/var/lib/redpanda/data/kafka/financial-s1-97924e15-bounded-f56b30b1-core-mutation-6-app-financial-state-changelog
8460	/var/lib/redpanda/data/kafka/financial-s1-97924e15-bounded-f56b30b1-golden-golden-18-results/0_158
8464	/var/lib/redpanda/data/kafka/financial-s1-97924e15-bounded-f56b30b1-golden-golden-18-results
8196	/var/lib/redpanda/data/kafka/financial-s1-97924e15-bounded-f56b30b1-golden-golden-14-results/0_131
8200	/var/lib/redpanda/data/kafka/financial-s1-97924e15-bounded-f56b30b1-golden-golden-14-results
8212	/var/lib/redpanda/data/kafka/financial-s1-97924e15-bounded-f56b30b1-core-mutation-2-input/0_58
8216	/var/lib/redpanda/data/kafka/financial-s1-97924e15-bounded-f56b30b1-core-mutation-2-input
8280	/var/lib/redpanda/data/kafka/financial-s1-97924e15-bounded-f56b30b1-core-mutation-6-input/0_82
8284	/var/lib/redpanda/data/kafka/financial-s1-97924e15-bounded-f56b30b1-core-mutation-6-input
8540	/var/lib/redpanda/data/kafka/financial-s1-97924e15-bounded-f56b30b1-golden-golden-14-input/0_130
8544	/var/lib/redpanda/data/kafka/financial-s1-97924e15-bounded-f56b30b1-golden-golden-14-input
8008	/var/lib/redpanda/data/kafka/financial-s1-97924e15-bounded-f56b30b1-golden-golden-12-results/0_119
8012	/var/lib/redpanda/data/kafka/financial-s1-97924e15-bounded-f56b30b1-golden-golden-12-results
8484	/var/lib/redpanda/data/kafka/financial-s1-97924e15-bounded-f56b30b1-core-staged-phase-loss-results/0_170
8488	/var/lib/redpanda/data/kafka/financial-s1-97924e15-bounded-f56b30b1-core-staged-phase-loss-results
8616	/var/lib/redpanda/data/kafka/financial-s1-97924e15-bounded-f56b30b1-golden-golden-5-results/0_74
8620	/var/lib/redpanda/data/kafka/financial-s1-97924e15-bounded-f56b30b1-golden-golden-5-results
8256	/var/lib/redpanda/data/kafka/financial-s1-97924e15-bounded-f56b30b1-core-mutation-8-results/0_95
8260	/var/lib/redpanda/data/kafka/financial-s1-97924e15-bounded-f56b30b1-core-mutation-8-results
8348	/var/lib/redpanda/data/kafka/financial-s1-97924e15-bounded-f56b30b1-golden-golden-7-app-financial-state-changelog/0_87
8352	/var/lib/redpanda/data/kafka/financial-s1-97924e15-bounded-f56b30b1-golden-golden-7-app-financial-state-changelog
8000	/var/lib/redpanda/data/kafka/financial-s1-97924e15-bounded-f56b30b1-core-mutation-17-input/0_145
8004	/var/lib/redpanda/data/kafka/financial-s1-97924e15-bounded-f56b30b1-core-mutation-17-input
8084	/var/lib/redpanda/data/kafka/financial-s1-97924e15-bounded-f56b30b1-core-mutation-5-app-financial-state-changelog/0_78
8088	/var/lib/redpanda/data/kafka/financial-s1-97924e15-bounded-f56b30b1-core-mutation-5-app-financial-state-changelog
8292	/var/lib/redpanda/data/kafka/financial-s1-97924e15-bounded-f56b30b1-golden-golden-11-app-financial-state-changelog/0_114
8296	/var/lib/redpanda/data/kafka/financial-s1-97924e15-bounded-f56b30b1-golden-golden-11-app-financial-state-changelog
8160	/var/lib/redpanda/data/kafka/financial-s1-97924e15-bounded-f56b30b1-golden-golden-17-app-financial-state-changelog/0_152
8164	/var/lib/redpanda/data/kafka/financial-s1-97924e15-bounded-f56b30b1-golden-golden-17-app-financial-state-changelog
8280	/var/lib/redpanda/data/kafka/financial-s1-97924e15-bounded-f56b30b1-core-mutation-18-input/0_150
8284	/var/lib/redpanda/data/kafka/financial-s1-97924e15-bounded-f56b30b1-core-mutation-18-input
8056	/var/lib/redpanda/data/kafka/financial-s1-97924e15-bounded-f56b30b1-golden-golden-7-results/0_86
8060	/var/lib/redpanda/data/kafka/financial-s1-97924e15-bounded-f56b30b1-golden-golden-7-results
8280	/var/lib/redpanda/data/kafka/financial-s1-97924e15-bounded-f56b30b1-core-mutation-3-input/0_64
8284	/var/lib/redpanda/data/kafka/financial-s1-97924e15-bounded-f56b30b1-core-mutation-3-input
8540	/var/lib/redpanda/data/kafka/financial-s1-97924e15-bounded-f56b30b1-golden-golden-7-input/0_85
8544	/var/lib/redpanda/data/kafka/financial-s1-97924e15-bounded-f56b30b1-golden-golden-7-input
8444	/var/lib/redpanda/data/kafka/financial-s1-97924e15-bounded-f56b30b1-core-mutation-15-input/0_133
8448	/var/lib/redpanda/data/kafka/financial-s1-97924e15-bounded-f56b30b1-core-mutation-15-input
8624	/var/lib/redpanda/data/kafka/financial-s1-97924e15-bounded-f56b30b1-golden-golden-10-input/0_105
8628	/var/lib/redpanda/data/kafka/financial-s1-97924e15-bounded-f56b30b1-golden-golden-10-input
8372	/var/lib/redpanda/data/kafka/financial-s1-97924e15-bounded-f56b30b1-core-mutation-10-app-financial-state-changelog/0_107
8376	/var/lib/redpanda/data/kafka/financial-s1-97924e15-bounded-f56b30b1-core-mutation-10-app-financial-state-changelog
8172	/var/lib/redpanda/data/kafka/financial-s1-97924e15-bounded-f56b30b1-core-mutation-10-input/0_103
8176	/var/lib/redpanda/data/kafka/financial-s1-97924e15-bounded-f56b30b1-core-mutation-10-input
8092	/var/lib/redpanda/data/kafka/financial-s1-97924e15-bounded-f56b30b1-core-mutation-6-results/0_83
8096	/var/lib/redpanda/data/kafka/financial-s1-97924e15-bounded-f56b30b1-core-mutation-6-results
8332	/var/lib/redpanda/data/kafka/financial-s1-97924e15-bounded-f56b30b1-core-mutation-2-results/0_59
8336	/var/lib/redpanda/data/kafka/financial-s1-97924e15-bounded-f56b30b1-core-mutation-2-results
8256	/var/lib/redpanda/data/kafka/financial-s1-97924e15-bounded-f56b30b1-core-mutation-5-input/0_76
8260	/var/lib/redpanda/data/kafka/financial-s1-97924e15-bounded-f56b30b1-core-mutation-5-input
8460	/var/lib/redpanda/data/kafka/financial-s1-97924e15-bounded-f56b30b1-core-staged-phase-loss-input/0_169
8464	/var/lib/redpanda/data/kafka/financial-s1-97924e15-bounded-f56b30b1-core-staged-phase-loss-input
8032	/var/lib/redpanda/data/kafka/financial-s1-97924e15-bounded-f56b30b1-core-local-state-loss-input/0_166
8036	/var/lib/redpanda/data/kafka/financial-s1-97924e15-bounded-f56b30b1-core-local-state-loss-input
7828	/var/lib/redpanda/data/kafka/financial-s1-97924e15-bounded-f56b30b1-core-forward-results/0_155
7832	/var/lib/redpanda/data/kafka/financial-s1-97924e15-bounded-f56b30b1-core-forward-results
8312	/var/lib/redpanda/data/kafka/financial-s1-97924e15-bounded-f56b30b1-golden-golden-6-results/0_80
8316	/var/lib/redpanda/data/kafka/financial-s1-97924e15-bounded-f56b30b1-golden-golden-6-results
8168	/var/lib/redpanda/data/kafka/financial-s1-97924e15-bounded-f56b30b1-core-mutation-8-app-financial-state-changelog/0_96
8172	/var/lib/redpanda/data/kafka/financial-s1-97924e15-bounded-f56b30b1-core-mutation-8-app-financial-state-changelog
8528	/var/lib/redpanda/data/kafka/financial-s1-97924e15-bounded-f56b30b1-golden-golden-2-results/0_55
8532	/var/lib/redpanda/data/kafka/financial-s1-97924e15-bounded-f56b30b1-golden-golden-2-results
8252	/var/lib/redpanda/data/kafka/financial-s1-97924e15-bounded-f56b30b1-core-mutation-9-app-financial-state-changelog/0_102
8256	/var/lib/redpanda/data/kafka/financial-s1-97924e15-bounded-f56b30b1-core-mutation-9-app-financial-state-changelog
8516	/var/lib/redpanda/data/kafka/financial-s1-97924e15-bounded-f56b30b1-golden-golden-8-input/0_91
8520	/var/lib/redpanda/data/kafka/financial-s1-97924e15-bounded-f56b30b1-golden-golden-8-input
8316	/var/lib/redpanda/data/kafka/financial-s1-97924e15-bounded-f56b30b1-golden-golden-13-app-financial-state-changelog/0_126
8320	/var/lib/redpanda/data/kafka/financial-s1-97924e15-bounded-f56b30b1-golden-golden-13-app-financial-state-changelog
8640	/var/lib/redpanda/data/kafka/financial-s1-97924e15-bounded-f56b30b1-golden-golden-3-input/0_60
8644	/var/lib/redpanda/data/kafka/financial-s1-97924e15-bounded-f56b30b1-golden-golden-3-input
8380	/var/lib/redpanda/data/kafka/financial-s1-97924e15-bounded-f56b30b1-core-mutation-4-app-financial-state-changelog/0_72
8384	/var/lib/redpanda/data/kafka/financial-s1-97924e15-bounded-f56b30b1-core-mutation-4-app-financial-state-changelog
8120	/var/lib/redpanda/data/kafka/financial-s1-97924e15-bounded-f56b30b1-core-mutation-16-app-financial-state-changelog/0_141
8124	/var/lib/redpanda/data/kafka/financial-s1-97924e15-bounded-f56b30b1-core-mutation-16-app-financial-state-changelog
8112	/var/lib/redpanda/data/kafka/__consumer_offsets/2_42
8096	/var/lib/redpanda/data/kafka/__consumer_offsets/1_42
7912	/var/lib/redpanda/data/kafka/__consumer_offsets/0_42
24124	/var/lib/redpanda/data/kafka/__consumer_offsets
8484	/var/lib/redpanda/data/kafka/financial-s1-97924e15-bounded-f56b30b1-core-serialization-results/0_161
8488	/var/lib/redpanda/data/kafka/financial-s1-97924e15-bounded-f56b30b1-core-serialization-results
8600	/var/lib/redpanda/data/kafka/financial-s1-97924e15-bounded-f56b30b1-golden-golden-11-input/0_112
8604	/var/lib/redpanda/data/kafka/financial-s1-97924e15-bounded-f56b30b1-golden-golden-11-input
8420	/var/lib/redpanda/data/kafka/financial-s1-97924e15-bounded-f56b30b1-core-mutation-7-results/0_89
8424	/var/lib/redpanda/data/kafka/financial-s1-97924e15-bounded-f56b30b1-core-mutation-7-results
8368	/var/lib/redpanda/data/kafka/financial-s1-97924e15-bounded-f56b30b1-golden-golden-3-app-financial-state-changelog/0_63
8372	/var/lib/redpanda/data/kafka/financial-s1-97924e15-bounded-f56b30b1-golden-golden-3-app-financial-state-changelog
8436	/var/lib/redpanda/data/kafka/financial-s1-97924e15-bounded-f56b30b1-core-forward-input/0_154
8440	/var/lib/redpanda/data/kafka/financial-s1-97924e15-bounded-f56b30b1-core-forward-input
8312	/var/lib/redpanda/data/kafka/financial-s1-97924e15-bounded-f56b30b1-golden-golden-17-input/0_148
8316	/var/lib/redpanda/data/kafka/financial-s1-97924e15-bounded-f56b30b1-golden-golden-17-input
8012	/var/lib/redpanda/data/kafka/financial-s1-97924e15-bounded-f56b30b1-core-mutation-11-results/0_110
8016	/var/lib/redpanda/data/kafka/financial-s1-97924e15-bounded-f56b30b1-core-mutation-11-results
8272	/var/lib/redpanda/data/kafka/financial-s1-97924e15-bounded-f56b30b1-core-mutation-9-input/0_99
8276	/var/lib/redpanda/data/kafka/financial-s1-97924e15-bounded-f56b30b1-core-mutation-9-input
8360	/var/lib/redpanda/data/kafka/financial-s1-97924e15-bounded-f56b30b1-golden-golden-4-results/0_68
8364	/var/lib/redpanda/data/kafka/financial-s1-97924e15-bounded-f56b30b1-golden-golden-4-results
8252	/var/lib/redpanda/data/kafka/financial-s1-97924e15-bounded-f56b30b1-core-local-state-loss-app-financial-state-changelog/0_168
8256	/var/lib/redpanda/data/kafka/financial-s1-97924e15-bounded-f56b30b1-core-local-state-loss-app-financial-state-changelog
8404	/var/lib/redpanda/data/kafka/financial-s1-97924e15-bounded-f56b30b1-core-mutation-5-results/0_77
8408	/var/lib/redpanda/data/kafka/financial-s1-97924e15-bounded-f56b30b1-core-mutation-5-results
8452	/var/lib/redpanda/data/kafka/financial-s1-97924e15-bounded-f56b30b1-core-mutation-15-results/0_134
8456	/var/lib/redpanda/data/kafka/financial-s1-97924e15-bounded-f56b30b1-core-mutation-15-results
8200	/var/lib/redpanda/data/kafka/financial-s1-97924e15-bounded-f56b30b1-core-mutation-2-app-financial-state-changelog/0_62
8204	/var/lib/redpanda/data/kafka/financial-s1-97924e15-bounded-f56b30b1-core-mutation-2-app-financial-state-changelog
8504	/var/lib/redpanda/data/kafka/financial-s1-97924e15-bounded-f56b30b1-golden-golden-12-app-financial-state-changelog/0_120
8508	/var/lib/redpanda/data/kafka/financial-s1-97924e15-bounded-f56b30b1-golden-golden-12-app-financial-state-changelog
7820	/var/lib/redpanda/data/kafka/financial-s1-97924e15-bounded-f56b30b1-golden-golden-0-input/0_36
7824	/var/lib/redpanda/data/kafka/financial-s1-97924e15-bounded-f56b30b1-golden-golden-0-input
8032	/var/lib/redpanda/data/kafka/financial-s1-97924e15-bounded-f56b30b1-golden-golden-19-results/0_164
8036	/var/lib/redpanda/data/kafka/financial-s1-97924e15-bounded-f56b30b1-golden-golden-19-results
8064	/var/lib/redpanda/data/kafka/financial-s1-97924e15-bounded-f56b30b1-core-mutation-17-app-financial-state-changelog/0_147
8068	/var/lib/redpanda/data/kafka/financial-s1-97924e15-bounded-f56b30b1-core-mutation-17-app-financial-state-changelog
8388	/var/lib/redpanda/data/kafka/financial-s1-97924e15-bounded-f56b30b1-core-forward-app-financial-state-changelog/0_156
8392	/var/lib/redpanda/data/kafka/financial-s1-97924e15-bounded-f56b30b1-core-forward-app-financial-state-changelog
7908	/var/lib/redpanda/data/kafka/financial-s1-97924e15-bounded-f56b30b1-core-mutation-7-app-financial-state-changelog/0_90
7912	/var/lib/redpanda/data/kafka/financial-s1-97924e15-bounded-f56b30b1-core-mutation-7-app-financial-state-changelog
8444	/var/lib/redpanda/data/kafka/financial-s1-97924e15-bounded-f56b30b1-golden-golden-0-results/0_37
8448	/var/lib/redpanda/data/kafka/financial-s1-97924e15-bounded-f56b30b1-golden-golden-0-results
8304	/var/lib/redpanda/data/kafka/financial-s1-97924e15-bounded-f56b30b1-core-mutation-14-input/0_127
8308	/var/lib/redpanda/data/kafka/financial-s1-97924e15-bounded-f56b30b1-core-mutation-14-input
7864	/var/lib/redpanda/data/kafka/financial-s1-97924e15-bounded-f56b30b1-golden-golden-3-results/0_61
7868	/var/lib/redpanda/data/kafka/financial-s1-97924e15-bounded-f56b30b1-golden-golden-3-results
8036	/var/lib/redpanda/data/kafka/financial-s1-97924e15-bounded-f56b30b1-golden-golden-8-app-financial-state-changelog/0_93
8040	/var/lib/redpanda/data/kafka/financial-s1-97924e15-bounded-f56b30b1-golden-golden-8-app-financial-state-changelog
8308	/var/lib/redpanda/data/kafka/financial-s1-97924e15-bounded-f56b30b1-golden-golden-5-app-financial-state-changelog/0_75
8312	/var/lib/redpanda/data/kafka/financial-s1-97924e15-bounded-f56b30b1-golden-golden-5-app-financial-state-changelog
8316	/var/lib/redpanda/data/kafka/financial-s1-97924e15-bounded-f56b30b1-core-staged-phase-loss-app-financial-state-changelog/0_171
8320	/var/lib/redpanda/data/kafka/financial-s1-97924e15-bounded-f56b30b1-core-staged-phase-loss-app-financial-state-changelog
8516	/var/lib/redpanda/data/kafka/financial-s1-97924e15-bounded-f56b30b1-core-mutation-13-results/0_122
8520	/var/lib/redpanda/data/kafka/financial-s1-97924e15-bounded-f56b30b1-core-mutation-13-results
8576	/var/lib/redpanda/data/kafka/financial-s1-97924e15-bounded-f56b30b1-core-mutation-1-app-financial-state-changelog/0_57
8580	/var/lib/redpanda/data/kafka/financial-s1-97924e15-bounded-f56b30b1-core-mutation-1-app-financial-state-changelog
8572	/var/lib/redpanda/data/kafka/financial-s1-97924e15-bounded-f56b30b1-core-mutation-15-app-financial-state-changelog/0_135
8576	/var/lib/redpanda/data/kafka/financial-s1-97924e15-bounded-f56b30b1-core-mutation-15-app-financial-state-changelog
7980	/var/lib/redpanda/data/kafka/financial-s1-97924e15-bounded-f56b30b1-golden-golden-9-app-financial-state-changelog/0_101
7984	/var/lib/redpanda/data/kafka/financial-s1-97924e15-bounded-f56b30b1-golden-golden-9-app-financial-state-changelog
8084	/var/lib/redpanda/data/kafka/financial-s1-97924e15-bounded-f56b30b1-golden-golden-8-results/0_92
8088	/var/lib/redpanda/data/kafka/financial-s1-97924e15-bounded-f56b30b1-golden-golden-8-results
7972	/var/lib/redpanda/data/kafka/financial-s1-97924e15-bounded-f56b30b1-golden-golden-10-results/0_106
7976	/var/lib/redpanda/data/kafka/financial-s1-97924e15-bounded-f56b30b1-golden-golden-10-results
8212	/var/lib/redpanda/data/kafka/financial-s1-97924e15-bounded-f56b30b1-core-mutation-12-input/0_115
8216	/var/lib/redpanda/data/kafka/financial-s1-97924e15-bounded-f56b30b1-core-mutation-12-input
8468	/var/lib/redpanda/data/kafka/financial-s1-97924e15-bounded-f56b30b1-golden-golden-11-results/0_113
8472	/var/lib/redpanda/data/kafka/financial-s1-97924e15-bounded-f56b30b1-golden-golden-11-results
7868	/var/lib/redpanda/data/kafka/financial-s1-97924e15-bounded-f56b30b1-core-mutation-4-input/0_70
7872	/var/lib/redpanda/data/kafka/financial-s1-97924e15-bounded-f56b30b1-core-mutation-4-input
8420	/var/lib/redpanda/data/kafka/financial-s1-97924e15-bounded-f56b30b1-core-mutation-9-results/0_100
8424	/var/lib/redpanda/data/kafka/financial-s1-97924e15-bounded-f56b30b1-core-mutation-9-results
8428	/var/lib/redpanda/data/kafka/financial-s1-97924e15-bounded-f56b30b1-golden-golden-15-input/0_136
8432	/var/lib/redpanda/data/kafka/financial-s1-97924e15-bounded-f56b30b1-golden-golden-15-input
8432	/var/lib/redpanda/data/kafka/financial-s1-97924e15-bounded-f56b30b1-golden-golden-16-app-financial-state-changelog/0_144
8436	/var/lib/redpanda/data/kafka/financial-s1-97924e15-bounded-f56b30b1-golden-golden-16-app-financial-state-changelog
8440	/var/lib/redpanda/data/kafka/financial-s1-97924e15-bounded-f56b30b1-core-mutation-4-results/0_71
8444	/var/lib/redpanda/data/kafka/financial-s1-97924e15-bounded-f56b30b1-core-mutation-4-results
8204	/var/lib/redpanda/data/kafka/financial-s1-97924e15-bounded-f56b30b1-golden-golden-9-input/0_97
8208	/var/lib/redpanda/data/kafka/financial-s1-97924e15-bounded-f56b30b1-golden-golden-9-input
8508	/var/lib/redpanda/data/kafka/financial-s1-97924e15-bounded-f56b30b1-golden-golden-13-input/0_124
8512	/var/lib/redpanda/data/kafka/financial-s1-97924e15-bounded-f56b30b1-golden-golden-13-input
8404	/var/lib/redpanda/data/kafka/financial-s1-97924e15-bounded-f56b30b1-golden-golden-13-results/0_125
8408	/var/lib/redpanda/data/kafka/financial-s1-97924e15-bounded-f56b30b1-golden-golden-13-results
8064	/var/lib/redpanda/data/kafka/financial-s1-97924e15-bounded-f56b30b1-core-mutation-18-results/0_151
8068	/var/lib/redpanda/data/kafka/financial-s1-97924e15-bounded-f56b30b1-core-mutation-18-results
7836	/var/lib/redpanda/data/kafka/financial-s1-97924e15-bounded-f56b30b1-golden-golden-5-input/0_73
7840	/var/lib/redpanda/data/kafka/financial-s1-97924e15-bounded-f56b30b1-golden-golden-5-input
8320	/var/lib/redpanda/data/kafka/financial-s1-97924e15-bounded-f56b30b1-golden-golden-2-app-financial-state-changelog/0_56
8324	/var/lib/redpanda/data/kafka/financial-s1-97924e15-bounded-f56b30b1-golden-golden-2-app-financial-state-changelog
7956	/var/lib/redpanda/data/kafka/financial-s1-97924e15-bounded-f56b30b1-core-serialization-app-financial-state-changelog/0_162
7960	/var/lib/redpanda/data/kafka/financial-s1-97924e15-bounded-f56b30b1-core-serialization-app-financial-state-changelog
8096	/var/lib/redpanda/data/kafka/financial-s1-97924e15-bounded-f56b30b1-golden-golden-17-results/0_149
8100	/var/lib/redpanda/data/kafka/financial-s1-97924e15-bounded-f56b30b1-golden-golden-17-results
7972	/var/lib/redpanda/data/kafka/financial-s1-97924e15-bounded-f56b30b1-core-mutation-11-app-financial-state-changelog/0_111
7976	/var/lib/redpanda/data/kafka/financial-s1-97924e15-bounded-f56b30b1-core-mutation-11-app-financial-state-changelog
8388	/var/lib/redpanda/data/kafka/financial-s1-97924e15-bounded-f56b30b1-core-mutation-0-results/0_49
8392	/var/lib/redpanda/data/kafka/financial-s1-97924e15-bounded-f56b30b1-core-mutation-0-results
8112	/var/lib/redpanda/data/kafka/financial-s1-97924e15-bounded-f56b30b1-core-mutation-0-app-financial-state-changelog/0_51
8116	/var/lib/redpanda/data/kafka/financial-s1-97924e15-bounded-f56b30b1-core-mutation-0-app-financial-state-changelog
8588	/var/lib/redpanda/data/kafka/financial-s1-97924e15-bounded-f56b30b1-golden-golden-19-app-financial-state-changelog/0_165
8592	/var/lib/redpanda/data/kafka/financial-s1-97924e15-bounded-f56b30b1-golden-golden-19-app-financial-state-changelog
8600	/var/lib/redpanda/data/kafka/financial-s1-97924e15-bounded-f56b30b1-core-serialization-input/0_160
8604	/var/lib/redpanda/data/kafka/financial-s1-97924e15-bounded-f56b30b1-core-serialization-input
8008	/var/lib/redpanda/data/kafka/financial-s1-97924e15-bounded-f56b30b1-core-mutation-14-results/0_128
8012	/var/lib/redpanda/data/kafka/financial-s1-97924e15-bounded-f56b30b1-core-mutation-14-results
8232	/var/lib/redpanda/data/kafka/financial-s1-97924e15-bounded-f56b30b1-core-mutation-16-input/0_139
8236	/var/lib/redpanda/data/kafka/financial-s1-97924e15-bounded-f56b30b1-core-mutation-16-input
8628	/var/lib/redpanda/data/kafka/financial-s1-97924e15-bounded-f56b30b1-golden-golden-6-app-financial-state-changelog/0_81
8632	/var/lib/redpanda/data/kafka/financial-s1-97924e15-bounded-f56b30b1-golden-golden-6-app-financial-state-changelog
8372	/var/lib/redpanda/data/kafka/financial-s1-97924e15-bounded-f56b30b1-core-mutation-14-app-financial-state-changelog/0_129
8376	/var/lib/redpanda/data/kafka/financial-s1-97924e15-bounded-f56b30b1-core-mutation-14-app-financial-state-changelog
8436	/var/lib/redpanda/data/kafka/financial-s1-97924e15-bounded-f56b30b1-golden-golden-16-input/0_142
8440	/var/lib/redpanda/data/kafka/financial-s1-97924e15-bounded-f56b30b1-golden-golden-16-input
7920	/var/lib/redpanda/data/kafka/financial-s1-97924e15-bounded-f56b30b1-core-mutation-12-results/0_116
7924	/var/lib/redpanda/data/kafka/financial-s1-97924e15-bounded-f56b30b1-core-mutation-12-results
7880	/var/lib/redpanda/data/kafka/financial-s1-97924e15-bounded-f56b30b1-golden-golden-10-app-financial-state-changelog/0_108
7884	/var/lib/redpanda/data/kafka/financial-s1-97924e15-bounded-f56b30b1-golden-golden-10-app-financial-state-changelog
8648	/var/lib/redpanda/data/kafka/financial-s1-97924e15-bounded-f56b30b1-core-happy-results/0_39
8652	/var/lib/redpanda/data/kafka/financial-s1-97924e15-bounded-f56b30b1-core-happy-results
8008	/var/lib/redpanda/data/kafka/financial-s1-97924e15-bounded-f56b30b1-core-mutation-7-input/0_88
8012	/var/lib/redpanda/data/kafka/financial-s1-97924e15-bounded-f56b30b1-core-mutation-7-input
8428	/var/lib/redpanda/data/kafka/financial-s1-97924e15-bounded-f56b30b1-core-mutation-8-input/0_94
8432	/var/lib/redpanda/data/kafka/financial-s1-97924e15-bounded-f56b30b1-core-mutation-8-input
7876	/var/lib/redpanda/data/kafka/financial-s1-97924e15-bounded-f56b30b1-core-local-state-loss-results/0_167
7880	/var/lib/redpanda/data/kafka/financial-s1-97924e15-bounded-f56b30b1-core-local-state-loss-results
8156	/var/lib/redpanda/data/kafka/financial-s1-97924e15-bounded-f56b30b1-core-happy-app-financial-state-changelog/0_44
8160	/var/lib/redpanda/data/kafka/financial-s1-97924e15-bounded-f56b30b1-core-happy-app-financial-state-changelog
8484	/var/lib/redpanda/data/kafka/financial-s1-97924e15-bounded-f56b30b1-core-mutation-11-input/0_109
8488	/var/lib/redpanda/data/kafka/financial-s1-97924e15-bounded-f56b30b1-core-mutation-11-input
8248	/var/lib/redpanda/data/kafka/financial-s1-97924e15-bounded-f56b30b1-core-mutation-16-results/0_140
8252	/var/lib/redpanda/data/kafka/financial-s1-97924e15-bounded-f56b30b1-core-mutation-16-results
8596	/var/lib/redpanda/data/kafka/financial-s1-97924e15-bounded-f56b30b1-core-mutation-13-app-financial-state-changelog/0_123
8600	/var/lib/redpanda/data/kafka/financial-s1-97924e15-bounded-f56b30b1-core-mutation-13-app-financial-state-changelog
1115980	/var/lib/redpanda/data/kafka
4	/var/lib/redpanda/data/crash_reports
8092	/var/lib/redpanda/data/kafka_internal/tx/15_40
8068	/var/lib/redpanda/data/kafka_internal/tx/0_40
8584	/var/lib/redpanda/data/kafka_internal/tx/17_40
8048	/var/lib/redpanda/data/kafka_internal/tx/31_40
7836	/var/lib/redpanda/data/kafka_internal/tx/48_40
7936	/var/lib/redpanda/data/kafka_internal/tx/32_40
8148	/var/lib/redpanda/data/kafka_internal/tx/47_40
8084	/var/lib/redpanda/data/kafka_internal/tx/29_40
7860	/var/lib/redpanda/data/kafka_internal/tx/7_40
8348	/var/lib/redpanda/data/kafka_internal/tx/42_40
7992	/var/lib/redpanda/data/kafka_internal/tx/26_40
7920	/var/lib/redpanda/data/kafka_internal/tx/19_40
7828	/var/lib/redpanda/data/kafka_internal/tx/37_40
8584	/var/lib/redpanda/data/kafka_internal/tx/13_40
8556	/var/lib/redpanda/data/kafka_internal/tx/3_40
8196	/var/lib/redpanda/data/kafka_internal/tx/24_40
8484	/var/lib/redpanda/data/kafka_internal/tx/40_40
8280	/var/lib/redpanda/data/kafka_internal/tx/28_40
8148	/var/lib/redpanda/data/kafka_internal/tx/22_40
8192	/var/lib/redpanda/data/kafka_internal/tx/8_40
8336	/var/lib/redpanda/data/kafka_internal/tx/27_40
8204	/var/lib/redpanda/data/kafka_internal/tx/33_40
7888	/var/lib/redpanda/data/kafka_internal/tx/23_40
8204	/var/lib/redpanda/data/kafka_internal/tx/34_40
8120	/var/lib/redpanda/data/kafka_internal/tx/16_40
8156	/var/lib/redpanda/data/kafka_internal/tx/9_40
8632	/var/lib/redpanda/data/kafka_internal/tx/11_40
8508	/var/lib/redpanda/data/kafka_internal/tx/6_40
8240	/var/lib/redpanda/data/kafka_internal/tx/14_40
8404	/var/lib/redpanda/data/kafka_internal/tx/5_40
8084	/var/lib/redpanda/data/kafka_internal/tx/36_40
8368	/var/lib/redpanda/data/kafka_internal/tx/30_40
8116	/var/lib/redpanda/data/kafka_internal/tx/43_40
8376	/var/lib/redpanda/data/kafka_internal/tx/39_40
8212	/var/lib/redpanda/data/kafka_internal/tx/45_40
7876	/var/lib/redpanda/data/kafka_internal/tx/35_40
8180	/var/lib/redpanda/data/kafka_internal/tx/25_40
8272	/var/lib/redpanda/data/kafka_internal/tx/49_40
7888	/var/lib/redpanda/data/kafka_internal/tx/41_40
7984	/var/lib/redpanda/data/kafka_internal/tx/4_40
8368	/var/lib/redpanda/data/kafka_internal/tx/20_40
8444	/var/lib/redpanda/data/kafka_internal/tx/18_40
7992	/var/lib/redpanda/data/kafka_internal/tx/2_40
7944	/var/lib/redpanda/data/kafka_internal/tx/44_40
8108	/var/lib/redpanda/data/kafka_internal/tx/46_40
8624	/var/lib/redpanda/data/kafka_internal/tx/10_40
7960	/var/lib/redpanda/data/kafka_internal/tx/12_40
8584	/var/lib/redpanda/data/kafka_internal/tx/1_40
7852	/var/lib/redpanda/data/kafka_internal/tx/38_40
8492	/var/lib/redpanda/data/kafka_internal/tx/21_40
409604	/var/lib/redpanda/data/kafka_internal/tx
8080	/var/lib/redpanda/data/kafka_internal/id_allocator/0_41
8084	/var/lib/redpanda/data/kafka_internal/id_allocator
417692	/var/lib/redpanda/data/kafka_internal
1550180	/var/lib/redpanda/data
