4	/var/lib/redpanda/data/cloud_storage_cache
68	/var/lib/redpanda/data/redpanda/controller/0_0
72	/var/lib/redpanda/data/redpanda/controller
16408	/var/lib/redpanda/data/redpanda/kvstore/0_0
16412	/var/lib/redpanda/data/redpanda/kvstore
16488	/var/lib/redpanda/data/redpanda
7840	/var/lib/redpanda/data/kafka/financial-s1-97924e15-bounded-f56b30b1-core-mutation-18-app-financial-state-changelog/0_153
7844	/var/lib/redpanda/data/kafka/financial-s1-97924e15-bounded-f56b30b1-core-mutation-18-app-financial-state-changelog
8272	/var/lib/redpanda/data/kafka/financial-s1-97924e15-bounded-f56b30b1-golden-golden-12-input/0_118
8276	/var/lib/redpanda/data/kafka/financial-s1-97924e15-bounded-f56b30b1-golden-golden-12-input
7852	/var/lib/redpanda/data/kafka/financial-s1-97924e15-bounded-f56b30b1-golden-golden-16-results/0_143
7856	/var/lib/redpanda/data/kafka/financial-s1-97924e15-bounded-f56b30b1-golden-golden-16-results
8216	/var/lib/redpanda/data/kafka/financial-s1-97924e15-bounded-f56b30b1-golden-golden-4-app-financial-state-changelog/0_69
8220	/var/lib/redpanda/data/kafka/financial-s1-97924e15-bounded-f56b30b1-golden-golden-4-app-financial-state-changelog
8280	/var/lib/redpanda/data/kafka/financial-s1-97924e15-bounded-f56b30b1-core-mutation-17-results/0_146
8284	/var/lib/redpanda/data/kafka/financial-s1-97924e15-bounded-f56b30b1-core-mutation-17-results
7944	/var/lib/redpanda/data/kafka/financial-s1-97924e15-bounded-f56b30b1-core-mutation-13-input/0_121
7948	/var/lib/redpanda/data/kafka/financial-s1-97924e15-bounded-f56b30b1-core-mutation-13-input
8360	/var/lib/redpanda/data/kafka/financial-s1-97924e15-bounded-f56b30b1-core-mutation-1-input/0_52
8364	/var/lib/redpanda/data/kafka/financial-s1-97924e15-bounded-f56b30b1-core-mutation-1-input
7860	/var/lib/redpanda/data/kafka/financial-s1-97924e15-bounded-f56b30b1-golden-golden-6-input/0_79
7864	/var/lib/redpanda/data/kafka/financial-s1-97924e15-bounded-f56b30b1-golden-golden-6-input
8536	/var/lib/redpanda/data/kafka/financial-s1-97924e15-bounded-f56b30b1-core-mutation-3-app-financial-state-changelog/0_66
8540	/var/lib/redpanda/data/kafka/financial-s1-97924e15-bounded-f56b30b1-core-mutation-3-app-financial-state-changelog
7860	/var/lib/redpanda/data/kafka/financial-s1-97924e15-bounded-f56b30b1-golden-golden-15-results/0_137
7864	/var/lib/redpanda/data/kafka/financial-s1-97924e15-bounded-f56b30b1-golden-golden-15-results
8492	/var/lib/redpanda/data/kafka/financial-s1-97924e15-bounded-f56b30b1-golden-golden-1-input/0_46
8496	/var/lib/redpanda/data/kafka/financial-s1-97924e15-bounded-f56b30b1-golden-golden-1-input
8292	/var/lib/redpanda/data/kafka/financial-s1-97924e15-bounded-f56b30b1-core-mutation-1-results/0_53
8296	/var/lib/redpanda/data/kafka/financial-s1-97924e15-bounded-f56b30b1-core-mutation-1-results
8136	/var/lib/redpanda/data/kafka/financial-s1-97924e15-bounded-f56b30b1-golden-golden-18-app-financial-state-changelog/0_159
8140	/var/lib/redpanda/data/kafka/financial-s1-97924e15-bounded-f56b30b1-golden-golden-18-app-financial-state-changelog
8480	/var/lib/redpanda/data/kafka/financial-s1-97924e15-bounded-f56b30b1-golden-golden-14-app-financial-state-changelog/0_132
8484	/var/lib/redpanda/data/kafka/financial-s1-97924e15-bounded-f56b30b1-golden-golden-14-app-financial-state-changelog
7928	/var/lib/redpanda/data/kafka/financial-s1-97924e15-bounded-f56b30b1-golden-golden-19-input/0_163
7932	/var/lib/redpanda/data/kafka/financial-s1-97924e15-bounded-f56b30b1-golden-golden-19-input
8256	/var/lib/redpanda/data/kafka/financial-s1-97924e15-bounded-f56b30b1-golden-golden-9-results/0_98
8260	/var/lib/redpanda/data/kafka/financial-s1-97924e15-bounded-f56b30b1-golden-golden-9-results
7992	/var/lib/redpanda/data/kafka/financial-s1-97924e15-bounded-f56b30b1-core-mutation-0-input/0_48
7996	/var/lib/redpanda/data/kafka/financial-s1-97924e15-bounded-f56b30b1-core-mutation-0-input
7820	/var/lib/redpanda/data/kafka/financial-s1-97924e15-bounded-f56b30b1-golden-golden-2-input/0_54
7824	/var/lib/redpanda/data/kafka/financial-s1-97924e15-bounded-f56b30b1-golden-golden-2-input
8344	/var/lib/redpanda/data/kafka/financial-s1-97924e15-bounded-f56b30b1-core-mutation-10-results/0_104
8348	/var/lib/redpanda/data/kafka/financial-s1-97924e15-bounded-f56b30b1-core-mutation-10-results
8468	/var/lib/redpanda/data/kafka/financial-s1-97924e15-bounded-f56b30b1-golden-golden-1-results/0_47
8472	/var/lib/redpanda/data/kafka/financial-s1-97924e15-bounded-f56b30b1-golden-golden-1-results
8624	/var/lib/redpanda/data/kafka/financial-s1-97924e15-bounded-f56b30b1-golden-golden-4-input/0_67
8628	/var/lib/redpanda/data/kafka/financial-s1-97924e15-bounded-f56b30b1-golden-golden-4-input
8568	/var/lib/redpanda/data/kafka/financial-s1-97924e15-bounded-f56b30b1-golden-golden-18-input/0_157
8572	/var/lib/redpanda/data/kafka/financial-s1-97924e15-bounded-f56b30b1-golden-golden-18-input
8584	/var/lib/redpanda/data/kafka/financial-s1-97924e15-bounded-f56b30b1-golden-golden-0-app-financial-state-changelog/0_43
8588	/var/lib/redpanda/data/kafka/financial-s1-97924e15-bounded-f56b30b1-golden-golden-0-app-financial-state-changelog
8300	/var/lib/redpanda/data/kafka/financial-s1-97924e15-bounded-f56b30b1-golden-golden-1-app-financial-state-changelog/0_50
8304	/var/lib/redpanda/data/kafka/financial-s1-97924e15-bounded-f56b30b1-golden-golden-1-app-financial-state-changelog
8480	/var/lib/redpanda/data/kafka/financial-s1-97924e15-bounded-f56b30b1-golden-golden-15-app-financial-state-changelog/0_138
8484	/var/lib/redpanda/data/kafka/financial-s1-97924e15-bounded-f56b30b1-golden-golden-15-app-financial-state-changelog
7984	/var/lib/redpanda/data/kafka/financial-s1-97924e15-bounded-f56b30b1-core-mutation-3-results/0_65
7988	/var/lib/redpanda/data/kafka/financial-s1-97924e15-bounded-f56b30b1-core-mutation-3-results
8040	/var/lib/redpanda/data/kafka/financial-s1-97924e15-bounded-f56b30b1-core-happy-input/0_38
8044	/var/lib/redpanda/data/kafka/financial-s1-97924e15-bounded-f56b30b1-core-happy-input
8240	/var/lib/redpanda/data/kafka/financial-s1-97924e15-bounded-f56b30b1-core-mutation-12-app-financial-state-changelog/0_117
8244	/var/lib/redpanda/data/kafka/financial-s1-97924e15-bounded-f56b30b1-core-mutation-12-app-financial-state-changelog
8456	/var/lib/redpanda/data/kafka/financial-s1-97924e15-bounded-f56b30b1-core-mutation-6-app-financial-state-changelog/0_84
8460	/var/lib/redpanda/data/kafka/financial-s1-97924e15-bounded-f56b30b1-core-mutation-6-app-financial-state-changelog
8256	/var/lib/redpanda/data/kafka/financial-s1-97924e15-bounded-f56b30b1-golden-golden-18-results/0_158
8260	/var/lib/redpanda/data/kafka/financial-s1-97924e15-bounded-f56b30b1-golden-golden-18-results
7968	/var/lib/redpanda/data/kafka/financial-s1-97924e15-bounded-f56b30b1-golden-golden-14-results/0_131
7972	/var/lib/redpanda/data/kafka/financial-s1-97924e15-bounded-f56b30b1-golden-golden-14-results
8556	/var/lib/redpanda/data/kafka/financial-s1-97924e15-bounded-f56b30b1-core-mutation-2-input/0_58
8560	/var/lib/redpanda/data/kafka/financial-s1-97924e15-bounded-f56b30b1-core-mutation-2-input
8368	/var/lib/redpanda/data/kafka/financial-s1-97924e15-bounded-f56b30b1-core-mutation-6-input/0_82
8372	/var/lib/redpanda/data/kafka/financial-s1-97924e15-bounded-f56b30b1-core-mutation-6-input
7976	/var/lib/redpanda/data/kafka/financial-s1-97924e15-bounded-f56b30b1-golden-golden-14-input/0_130
7980	/var/lib/redpanda/data/kafka/financial-s1-97924e15-bounded-f56b30b1-golden-golden-14-input
8000	/var/lib/redpanda/data/kafka/financial-s1-97924e15-bounded-f56b30b1-golden-golden-12-results/0_119
8004	/var/lib/redpanda/data/kafka/financial-s1-97924e15-bounded-f56b30b1-golden-golden-12-results
7936	/var/lib/redpanda/data/kafka/financial-s1-97924e15-bounded-f56b30b1-core-staged-phase-loss-results/0_170
7940	/var/lib/redpanda/data/kafka/financial-s1-97924e15-bounded-f56b30b1-core-staged-phase-loss-results
8632	/var/lib/redpanda/data/kafka/financial-s1-97924e15-bounded-f56b30b1-golden-golden-5-results/0_74
8636	/var/lib/redpanda/data/kafka/financial-s1-97924e15-bounded-f56b30b1-golden-golden-5-results
7968	/var/lib/redpanda/data/kafka/financial-s1-97924e15-bounded-f56b30b1-core-mutation-8-results/0_95
7972	/var/lib/redpanda/data/kafka/financial-s1-97924e15-bounded-f56b30b1-core-mutation-8-results
7816	/var/lib/redpanda/data/kafka/financial-s1-97924e15-bounded-f56b30b1-golden-golden-7-app-financial-state-changelog/0_87
7820	/var/lib/redpanda/data/kafka/financial-s1-97924e15-bounded-f56b30b1-golden-golden-7-app-financial-state-changelog
7896	/var/lib/redpanda/data/kafka/financial-s1-97924e15-bounded-f56b30b1-core-mutation-17-input/0_145
7900	/var/lib/redpanda/data/kafka/financial-s1-97924e15-bounded-f56b30b1-core-mutation-17-input
8652	/var/lib/redpanda/data/kafka/financial-s1-97924e15-bounded-f56b30b1-core-mutation-5-app-financial-state-changelog/0_78
8656	/var/lib/redpanda/data/kafka/financial-s1-97924e15-bounded-f56b30b1-core-mutation-5-app-financial-state-changelog
7832	/var/lib/redpanda/data/kafka/financial-s1-97924e15-bounded-f56b30b1-golden-golden-11-app-financial-state-changelog/0_114
7836	/var/lib/redpanda/data/kafka/financial-s1-97924e15-bounded-f56b30b1-golden-golden-11-app-financial-state-changelog
8560	/var/lib/redpanda/data/kafka/financial-s1-97924e15-bounded-f56b30b1-golden-golden-17-app-financial-state-changelog/0_152
8564	/var/lib/redpanda/data/kafka/financial-s1-97924e15-bounded-f56b30b1-golden-golden-17-app-financial-state-changelog
8384	/var/lib/redpanda/data/kafka/financial-s1-97924e15-bounded-f56b30b1-core-mutation-18-input/0_150
8388	/var/lib/redpanda/data/kafka/financial-s1-97924e15-bounded-f56b30b1-core-mutation-18-input
8624	/var/lib/redpanda/data/kafka/financial-s1-97924e15-bounded-f56b30b1-golden-golden-7-results/0_86
8628	/var/lib/redpanda/data/kafka/financial-s1-97924e15-bounded-f56b30b1-golden-golden-7-results
8264	/var/lib/redpanda/data/kafka/financial-s1-97924e15-bounded-f56b30b1-core-mutation-3-input/0_64
8268	/var/lib/redpanda/data/kafka/financial-s1-97924e15-bounded-f56b30b1-core-mutation-3-input
8048	/var/lib/redpanda/data/kafka/financial-s1-97924e15-bounded-f56b30b1-golden-golden-7-input/0_85
8052	/var/lib/redpanda/data/kafka/financial-s1-97924e15-bounded-f56b30b1-golden-golden-7-input
8212	/var/lib/redpanda/data/kafka/financial-s1-97924e15-bounded-f56b30b1-core-mutation-15-input/0_133
8216	/var/lib/redpanda/data/kafka/financial-s1-97924e15-bounded-f56b30b1-core-mutation-15-input
8188	/var/lib/redpanda/data/kafka/financial-s1-97924e15-bounded-f56b30b1-golden-golden-10-input/0_105
8192	/var/lib/redpanda/data/kafka/financial-s1-97924e15-bounded-f56b30b1-golden-golden-10-input
7832	/var/lib/redpanda/data/kafka/financial-s1-97924e15-bounded-f56b30b1-core-mutation-10-app-financial-state-changelog/0_107
7836	/var/lib/redpanda/data/kafka/financial-s1-97924e15-bounded-f56b30b1-core-mutation-10-app-financial-state-changelog
8312	/var/lib/redpanda/data/kafka/financial-s1-97924e15-bounded-f56b30b1-core-mutation-10-input/0_103
8316	/var/lib/redpanda/data/kafka/financial-s1-97924e15-bounded-f56b30b1-core-mutation-10-input
8240	/var/lib/redpanda/data/kafka/financial-s1-97924e15-bounded-f56b30b1-core-mutation-6-results/0_83
8244	/var/lib/redpanda/data/kafka/financial-s1-97924e15-bounded-f56b30b1-core-mutation-6-results
8416	/var/lib/redpanda/data/kafka/financial-s1-97924e15-bounded-f56b30b1-core-mutation-2-results/0_59
8420	/var/lib/redpanda/data/kafka/financial-s1-97924e15-bounded-f56b30b1-core-mutation-2-results
8404	/var/lib/redpanda/data/kafka/financial-s1-97924e15-bounded-f56b30b1-core-mutation-5-input/0_76
8408	/var/lib/redpanda/data/kafka/financial-s1-97924e15-bounded-f56b30b1-core-mutation-5-input
8288	/var/lib/redpanda/data/kafka/financial-s1-97924e15-bounded-f56b30b1-core-staged-phase-loss-input/0_169
8292	/var/lib/redpanda/data/kafka/financial-s1-97924e15-bounded-f56b30b1-core-staged-phase-loss-input
7960	/var/lib/redpanda/data/kafka/financial-s1-97924e15-bounded-f56b30b1-core-local-state-loss-input/0_166
7964	/var/lib/redpanda/data/kafka/financial-s1-97924e15-bounded-f56b30b1-core-local-state-loss-input
8368	/var/lib/redpanda/data/kafka/financial-s1-97924e15-bounded-f56b30b1-core-forward-results/0_155
8372	/var/lib/redpanda/data/kafka/financial-s1-97924e15-bounded-f56b30b1-core-forward-results
8232	/var/lib/redpanda/data/kafka/financial-s1-97924e15-bounded-f56b30b1-golden-golden-6-results/0_80
8236	/var/lib/redpanda/data/kafka/financial-s1-97924e15-bounded-f56b30b1-golden-golden-6-results
7940	/var/lib/redpanda/data/kafka/financial-s1-97924e15-bounded-f56b30b1-core-mutation-8-app-financial-state-changelog/0_96
7944	/var/lib/redpanda/data/kafka/financial-s1-97924e15-bounded-f56b30b1-core-mutation-8-app-financial-state-changelog
8284	/var/lib/redpanda/data/kafka/financial-s1-97924e15-bounded-f56b30b1-golden-golden-2-results/0_55
8288	/var/lib/redpanda/data/kafka/financial-s1-97924e15-bounded-f56b30b1-golden-golden-2-results
7892	/var/lib/redpanda/data/kafka/financial-s1-97924e15-bounded-f56b30b1-core-mutation-9-app-financial-state-changelog/0_102
7896	/var/lib/redpanda/data/kafka/financial-s1-97924e15-bounded-f56b30b1-core-mutation-9-app-financial-state-changelog
8024	/var/lib/redpanda/data/kafka/financial-s1-97924e15-bounded-f56b30b1-golden-golden-8-input/0_91
8028	/var/lib/redpanda/data/kafka/financial-s1-97924e15-bounded-f56b30b1-golden-golden-8-input
8136	/var/lib/redpanda/data/kafka/financial-s1-97924e15-bounded-f56b30b1-golden-golden-13-app-financial-state-changelog/0_126
8140	/var/lib/redpanda/data/kafka/financial-s1-97924e15-bounded-f56b30b1-golden-golden-13-app-financial-state-changelog
8220	/var/lib/redpanda/data/kafka/financial-s1-97924e15-bounded-f56b30b1-golden-golden-3-input/0_60
8224	/var/lib/redpanda/data/kafka/financial-s1-97924e15-bounded-f56b30b1-golden-golden-3-input
8628	/var/lib/redpanda/data/kafka/financial-s1-97924e15-bounded-f56b30b1-core-mutation-4-app-financial-state-changelog/0_72
8632	/var/lib/redpanda/data/kafka/financial-s1-97924e15-bounded-f56b30b1-core-mutation-4-app-financial-state-changelog
8096	/var/lib/redpanda/data/kafka/financial-s1-97924e15-bounded-f56b30b1-core-mutation-16-app-financial-state-changelog/0_141
8100	/var/lib/redpanda/data/kafka/financial-s1-97924e15-bounded-f56b30b1-core-mutation-16-app-financial-state-changelog
8612	/var/lib/redpanda/data/kafka/__consumer_offsets/2_42
8620	/var/lib/redpanda/data/kafka/__consumer_offsets/1_42
8204	/var/lib/redpanda/data/kafka/__consumer_offsets/0_42
25440	/var/lib/redpanda/data/kafka/__consumer_offsets
7944	/var/lib/redpanda/data/kafka/financial-s1-97924e15-bounded-f56b30b1-core-serialization-results/0_161
7948	/var/lib/redpanda/data/kafka/financial-s1-97924e15-bounded-f56b30b1-core-serialization-results
7936	/var/lib/redpanda/data/kafka/financial-s1-97924e15-bounded-f56b30b1-golden-golden-11-input/0_112
7940	/var/lib/redpanda/data/kafka/financial-s1-97924e15-bounded-f56b30b1-golden-golden-11-input
7944	/var/lib/redpanda/data/kafka/financial-s1-97924e15-bounded-f56b30b1-core-mutation-7-results/0_89
7948	/var/lib/redpanda/data/kafka/financial-s1-97924e15-bounded-f56b30b1-core-mutation-7-results
8196	/var/lib/redpanda/data/kafka/financial-s1-97924e15-bounded-f56b30b1-golden-golden-3-app-financial-state-changelog/0_63
8200	/var/lib/redpanda/data/kafka/financial-s1-97924e15-bounded-f56b30b1-golden-golden-3-app-financial-state-changelog
8240	/var/lib/redpanda/data/kafka/financial-s1-97924e15-bounded-f56b30b1-core-forward-input/0_154
8244	/var/lib/redpanda/data/kafka/financial-s1-97924e15-bounded-f56b30b1-core-forward-input
8412	/var/lib/redpanda/data/kafka/financial-s1-97924e15-bounded-f56b30b1-golden-golden-17-input/0_148
8416	/var/lib/redpanda/data/kafka/financial-s1-97924e15-bounded-f56b30b1-golden-golden-17-input
7856	/var/lib/redpanda/data/kafka/financial-s1-97924e15-bounded-f56b30b1-core-mutation-11-results/0_110
7860	/var/lib/redpanda/data/kafka/financial-s1-97924e15-bounded-f56b30b1-core-mutation-11-results
8468	/var/lib/redpanda/data/kafka/financial-s1-97924e15-bounded-f56b30b1-core-mutation-9-input/0_99
8472	/var/lib/redpanda/data/kafka/financial-s1-97924e15-bounded-f56b30b1-core-mutation-9-input
8476	/var/lib/redpanda/data/kafka/financial-s1-97924e15-bounded-f56b30b1-golden-golden-4-results/0_68
8480	/var/lib/redpanda/data/kafka/financial-s1-97924e15-bounded-f56b30b1-golden-golden-4-results
8300	/var/lib/redpanda/data/kafka/financial-s1-97924e15-bounded-f56b30b1-core-local-state-loss-app-financial-state-changelog/0_168
8304	/var/lib/redpanda/data/kafka/financial-s1-97924e15-bounded-f56b30b1-core-local-state-loss-app-financial-state-changelog
8492	/var/lib/redpanda/data/kafka/financial-s1-97924e15-bounded-f56b30b1-core-mutation-5-results/0_77
8496	/var/lib/redpanda/data/kafka/financial-s1-97924e15-bounded-f56b30b1-core-mutation-5-results
8032	/var/lib/redpanda/data/kafka/financial-s1-97924e15-bounded-f56b30b1-core-mutation-15-results/0_134
8036	/var/lib/redpanda/data/kafka/financial-s1-97924e15-bounded-f56b30b1-core-mutation-15-results
8432	/var/lib/redpanda/data/kafka/financial-s1-97924e15-bounded-f56b30b1-core-mutation-2-app-financial-state-changelog/0_62
8436	/var/lib/redpanda/data/kafka/financial-s1-97924e15-bounded-f56b30b1-core-mutation-2-app-financial-state-changelog
8400	/var/lib/redpanda/data/kafka/financial-s1-97924e15-bounded-f56b30b1-golden-golden-12-app-financial-state-changelog/0_120
8404	/var/lib/redpanda/data/kafka/financial-s1-97924e15-bounded-f56b30b1-golden-golden-12-app-financial-state-changelog
8212	/var/lib/redpanda/data/kafka/financial-s1-97924e15-bounded-f56b30b1-golden-golden-0-input/0_36
8216	/var/lib/redpanda/data/kafka/financial-s1-97924e15-bounded-f56b30b1-golden-golden-0-input
8368	/var/lib/redpanda/data/kafka/financial-s1-97924e15-bounded-f56b30b1-golden-golden-19-results/0_164
8372	/var/lib/redpanda/data/kafka/financial-s1-97924e15-bounded-f56b30b1-golden-golden-19-results
8496	/var/lib/redpanda/data/kafka/financial-s1-97924e15-bounded-f56b30b1-core-mutation-17-app-financial-state-changelog/0_147
8500	/var/lib/redpanda/data/kafka/financial-s1-97924e15-bounded-f56b30b1-core-mutation-17-app-financial-state-changelog
7996	/var/lib/redpanda/data/kafka/financial-s1-97924e15-bounded-f56b30b1-core-forward-app-financial-state-changelog/0_156
8000	/var/lib/redpanda/data/kafka/financial-s1-97924e15-bounded-f56b30b1-core-forward-app-financial-state-changelog
8424	/var/lib/redpanda/data/kafka/financial-s1-97924e15-bounded-f56b30b1-core-mutation-7-app-financial-state-changelog/0_90
8428	/var/lib/redpanda/data/kafka/financial-s1-97924e15-bounded-f56b30b1-core-mutation-7-app-financial-state-changelog
8196	/var/lib/redpanda/data/kafka/financial-s1-97924e15-bounded-f56b30b1-golden-golden-0-results/0_37
8200	/var/lib/redpanda/data/kafka/financial-s1-97924e15-bounded-f56b30b1-golden-golden-0-results
8600	/var/lib/redpanda/data/kafka/financial-s1-97924e15-bounded-f56b30b1-core-mutation-14-input/0_127
8604	/var/lib/redpanda/data/kafka/financial-s1-97924e15-bounded-f56b30b1-core-mutation-14-input
8652	/var/lib/redpanda/data/kafka/financial-s1-97924e15-bounded-f56b30b1-golden-golden-3-results/0_61
8656	/var/lib/redpanda/data/kafka/financial-s1-97924e15-bounded-f56b30b1-golden-golden-3-results
8020	/var/lib/redpanda/data/kafka/financial-s1-97924e15-bounded-f56b30b1-golden-golden-8-app-financial-state-changelog/0_93
8024	/var/lib/redpanda/data/kafka/financial-s1-97924e15-bounded-f56b30b1-golden-golden-8-app-financial-state-changelog
8628	/var/lib/redpanda/data/kafka/financial-s1-97924e15-bounded-f56b30b1-golden-golden-5-app-financial-state-changelog/0_75
8632	/var/lib/redpanda/data/kafka/financial-s1-97924e15-bounded-f56b30b1-golden-golden-5-app-financial-state-changelog
8276	/var/lib/redpanda/data/kafka/financial-s1-97924e15-bounded-f56b30b1-core-staged-phase-loss-app-financial-state-changelog/0_171
8280	/var/lib/redpanda/data/kafka/financial-s1-97924e15-bounded-f56b30b1-core-staged-phase-loss-app-financial-state-changelog
8576	/var/lib/redpanda/data/kafka/financial-s1-97924e15-bounded-f56b30b1-core-mutation-13-results/0_122
8580	/var/lib/redpanda/data/kafka/financial-s1-97924e15-bounded-f56b30b1-core-mutation-13-results
8584	/var/lib/redpanda/data/kafka/financial-s1-97924e15-bounded-f56b30b1-core-mutation-1-app-financial-state-changelog/0_57
8588	/var/lib/redpanda/data/kafka/financial-s1-97924e15-bounded-f56b30b1-core-mutation-1-app-financial-state-changelog
8424	/var/lib/redpanda/data/kafka/financial-s1-97924e15-bounded-f56b30b1-core-mutation-15-app-financial-state-changelog/0_135
8428	/var/lib/redpanda/data/kafka/financial-s1-97924e15-bounded-f56b30b1-core-mutation-15-app-financial-state-changelog
8080	/var/lib/redpanda/data/kafka/financial-s1-97924e15-bounded-f56b30b1-golden-golden-9-app-financial-state-changelog/0_101
8084	/var/lib/redpanda/data/kafka/financial-s1-97924e15-bounded-f56b30b1-golden-golden-9-app-financial-state-changelog
8352	/var/lib/redpanda/data/kafka/financial-s1-97924e15-bounded-f56b30b1-golden-golden-8-results/0_92
8356	/var/lib/redpanda/data/kafka/financial-s1-97924e15-bounded-f56b30b1-golden-golden-8-results
8152	/var/lib/redpanda/data/kafka/financial-s1-97924e15-bounded-f56b30b1-golden-golden-10-results/0_106
8156	/var/lib/redpanda/data/kafka/financial-s1-97924e15-bounded-f56b30b1-golden-golden-10-results
7944	/var/lib/redpanda/data/kafka/financial-s1-97924e15-bounded-f56b30b1-core-mutation-12-input/0_115
7948	/var/lib/redpanda/data/kafka/financial-s1-97924e15-bounded-f56b30b1-core-mutation-12-input
8524	/var/lib/redpanda/data/kafka/financial-s1-97924e15-bounded-f56b30b1-golden-golden-11-results/0_113
8528	/var/lib/redpanda/data/kafka/financial-s1-97924e15-bounded-f56b30b1-golden-golden-11-results
8124	/var/lib/redpanda/data/kafka/financial-s1-97924e15-bounded-f56b30b1-core-mutation-4-input/0_70
8128	/var/lib/redpanda/data/kafka/financial-s1-97924e15-bounded-f56b30b1-core-mutation-4-input
8428	/var/lib/redpanda/data/kafka/financial-s1-97924e15-bounded-f56b30b1-core-mutation-9-results/0_100
8432	/var/lib/redpanda/data/kafka/financial-s1-97924e15-bounded-f56b30b1-core-mutation-9-results
8436	/var/lib/redpanda/data/kafka/financial-s1-97924e15-bounded-f56b30b1-golden-golden-15-input/0_136
8440	/var/lib/redpanda/data/kafka/financial-s1-97924e15-bounded-f56b30b1-golden-golden-15-input
8152	/var/lib/redpanda/data/kafka/financial-s1-97924e15-bounded-f56b30b1-golden-golden-16-app-financial-state-changelog/0_144
8156	/var/lib/redpanda/data/kafka/financial-s1-97924e15-bounded-f56b30b1-golden-golden-16-app-financial-state-changelog
8316	/var/lib/redpanda/data/kafka/financial-s1-97924e15-bounded-f56b30b1-core-mutation-4-results/0_71
8320	/var/lib/redpanda/data/kafka/financial-s1-97924e15-bounded-f56b30b1-core-mutation-4-results
8492	/var/lib/redpanda/data/kafka/financial-s1-97924e15-bounded-f56b30b1-golden-golden-9-input/0_97
8496	/var/lib/redpanda/data/kafka/financial-s1-97924e15-bounded-f56b30b1-golden-golden-9-input
8304	/var/lib/redpanda/data/kafka/financial-s1-97924e15-bounded-f56b30b1-golden-golden-13-input/0_124
8308	/var/lib/redpanda/data/kafka/financial-s1-97924e15-bounded-f56b30b1-golden-golden-13-input
8060	/var/lib/redpanda/data/kafka/financial-s1-97924e15-bounded-f56b30b1-golden-golden-13-results/0_125
8064	/var/lib/redpanda/data/kafka/financial-s1-97924e15-bounded-f56b30b1-golden-golden-13-results
8656	/var/lib/redpanda/data/kafka/financial-s1-97924e15-bounded-f56b30b1-core-mutation-18-results/0_151
8660	/var/lib/redpanda/data/kafka/financial-s1-97924e15-bounded-f56b30b1-core-mutation-18-results
8492	/var/lib/redpanda/data/kafka/financial-s1-97924e15-bounded-f56b30b1-golden-golden-5-input/0_73
8496	/var/lib/redpanda/data/kafka/financial-s1-97924e15-bounded-f56b30b1-golden-golden-5-input
8508	/var/lib/redpanda/data/kafka/financial-s1-97924e15-bounded-f56b30b1-golden-golden-2-app-financial-state-changelog/0_56
8512	/var/lib/redpanda/data/kafka/financial-s1-97924e15-bounded-f56b30b1-golden-golden-2-app-financial-state-changelog
8200	/var/lib/redpanda/data/kafka/financial-s1-97924e15-bounded-f56b30b1-core-serialization-app-financial-state-changelog/0_162
8204	/var/lib/redpanda/data/kafka/financial-s1-97924e15-bounded-f56b30b1-core-serialization-app-financial-state-changelog
8416	/var/lib/redpanda/data/kafka/financial-s1-97924e15-bounded-f56b30b1-golden-golden-17-results/0_149
8420	/var/lib/redpanda/data/kafka/financial-s1-97924e15-bounded-f56b30b1-golden-golden-17-results
7904	/var/lib/redpanda/data/kafka/financial-s1-97924e15-bounded-f56b30b1-core-mutation-11-app-financial-state-changelog/0_111
7908	/var/lib/redpanda/data/kafka/financial-s1-97924e15-bounded-f56b30b1-core-mutation-11-app-financial-state-changelog
7872	/var/lib/redpanda/data/kafka/financial-s1-97924e15-bounded-f56b30b1-core-mutation-0-results/0_49
7876	/var/lib/redpanda/data/kafka/financial-s1-97924e15-bounded-f56b30b1-core-mutation-0-results
8104	/var/lib/redpanda/data/kafka/financial-s1-97924e15-bounded-f56b30b1-core-mutation-0-app-financial-state-changelog/0_51
8108	/var/lib/redpanda/data/kafka/financial-s1-97924e15-bounded-f56b30b1-core-mutation-0-app-financial-state-changelog
8612	/var/lib/redpanda/data/kafka/financial-s1-97924e15-bounded-f56b30b1-golden-golden-19-app-financial-state-changelog/0_165
8616	/var/lib/redpanda/data/kafka/financial-s1-97924e15-bounded-f56b30b1-golden-golden-19-app-financial-state-changelog
8452	/var/lib/redpanda/data/kafka/financial-s1-97924e15-bounded-f56b30b1-core-serialization-input/0_160
8456	/var/lib/redpanda/data/kafka/financial-s1-97924e15-bounded-f56b30b1-core-serialization-input
7960	/var/lib/redpanda/data/kafka/financial-s1-97924e15-bounded-f56b30b1-core-mutation-14-results/0_128
7964	/var/lib/redpanda/data/kafka/financial-s1-97924e15-bounded-f56b30b1-core-mutation-14-results
8108	/var/lib/redpanda/data/kafka/financial-s1-97924e15-bounded-f56b30b1-core-mutation-16-input/0_139
8112	/var/lib/redpanda/data/kafka/financial-s1-97924e15-bounded-f56b30b1-core-mutation-16-input
8064	/var/lib/redpanda/data/kafka/financial-s1-97924e15-bounded-f56b30b1-golden-golden-6-app-financial-state-changelog/0_81
8068	/var/lib/redpanda/data/kafka/financial-s1-97924e15-bounded-f56b30b1-golden-golden-6-app-financial-state-changelog
8340	/var/lib/redpanda/data/kafka/financial-s1-97924e15-bounded-f56b30b1-core-mutation-14-app-financial-state-changelog/0_129
8344	/var/lib/redpanda/data/kafka/financial-s1-97924e15-bounded-f56b30b1-core-mutation-14-app-financial-state-changelog
8328	/var/lib/redpanda/data/kafka/financial-s1-97924e15-bounded-f56b30b1-golden-golden-16-input/0_142
8332	/var/lib/redpanda/data/kafka/financial-s1-97924e15-bounded-f56b30b1-golden-golden-16-input
8084	/var/lib/redpanda/data/kafka/financial-s1-97924e15-bounded-f56b30b1-core-mutation-12-results/0_116
8088	/var/lib/redpanda/data/kafka/financial-s1-97924e15-bounded-f56b30b1-core-mutation-12-results
7940	/var/lib/redpanda/data/kafka/financial-s1-97924e15-bounded-f56b30b1-golden-golden-10-app-financial-state-changelog/0_108
7944	/var/lib/redpanda/data/kafka/financial-s1-97924e15-bounded-f56b30b1-golden-golden-10-app-financial-state-changelog
8164	/var/lib/redpanda/data/kafka/financial-s1-97924e15-bounded-f56b30b1-core-happy-results/0_39
8168	/var/lib/redpanda/data/kafka/financial-s1-97924e15-bounded-f56b30b1-core-happy-results
8344	/var/lib/redpanda/data/kafka/financial-s1-97924e15-bounded-f56b30b1-core-mutation-7-input/0_88
8348	/var/lib/redpanda/data/kafka/financial-s1-97924e15-bounded-f56b30b1-core-mutation-7-input
8108	/var/lib/redpanda/data/kafka/financial-s1-97924e15-bounded-f56b30b1-core-mutation-8-input/0_94
8112	/var/lib/redpanda/data/kafka/financial-s1-97924e15-bounded-f56b30b1-core-mutation-8-input
8436	/var/lib/redpanda/data/kafka/financial-s1-97924e15-bounded-f56b30b1-core-local-state-loss-results/0_167
8440	/var/lib/redpanda/data/kafka/financial-s1-97924e15-bounded-f56b30b1-core-local-state-loss-results
8172	/var/lib/redpanda/data/kafka/financial-s1-97924e15-bounded-f56b30b1-core-happy-app-financial-state-changelog/0_44
8176	/var/lib/redpanda/data/kafka/financial-s1-97924e15-bounded-f56b30b1-core-happy-app-financial-state-changelog
8024	/var/lib/redpanda/data/kafka/financial-s1-97924e15-bounded-f56b30b1-core-mutation-11-input/0_109
8028	/var/lib/redpanda/data/kafka/financial-s1-97924e15-bounded-f56b30b1-core-mutation-11-input
8264	/var/lib/redpanda/data/kafka/financial-s1-97924e15-bounded-f56b30b1-core-mutation-16-results/0_140
8268	/var/lib/redpanda/data/kafka/financial-s1-97924e15-bounded-f56b30b1-core-mutation-16-results
8604	/var/lib/redpanda/data/kafka/financial-s1-97924e15-bounded-f56b30b1-core-mutation-13-app-financial-state-changelog/0_123
8608	/var/lib/redpanda/data/kafka/financial-s1-97924e15-bounded-f56b30b1-core-mutation-13-app-financial-state-changelog
1114000	/var/lib/redpanda/data/kafka
4	/var/lib/redpanda/data/crash_reports
8212	/var/lib/redpanda/data/kafka_internal/tx/15_40
7968	/var/lib/redpanda/data/kafka_internal/tx/0_40
8556	/var/lib/redpanda/data/kafka_internal/tx/17_40
7952	/var/lib/redpanda/data/kafka_internal/tx/31_40
8288	/var/lib/redpanda/data/kafka_internal/tx/48_40
7812	/var/lib/redpanda/data/kafka_internal/tx/32_40
8592	/var/lib/redpanda/data/kafka_internal/tx/47_40
7844	/var/lib/redpanda/data/kafka_internal/tx/29_40
7828	/var/lib/redpanda/data/kafka_internal/tx/7_40
8472	/var/lib/redpanda/data/kafka_internal/tx/42_40
8256	/var/lib/redpanda/data/kafka_internal/tx/26_40
7896	/var/lib/redpanda/data/kafka_internal/tx/19_40
7884	/var/lib/redpanda/data/kafka_internal/tx/37_40
7904	/var/lib/redpanda/data/kafka_internal/tx/13_40
8312	/var/lib/redpanda/data/kafka_internal/tx/3_40
7992	/var/lib/redpanda/data/kafka_internal/tx/24_40
7976	/var/lib/redpanda/data/kafka_internal/tx/40_40
8304	/var/lib/redpanda/data/kafka_internal/tx/28_40
7852	/var/lib/redpanda/data/kafka_internal/tx/22_40
7972	/var/lib/redpanda/data/kafka_internal/tx/8_40
8592	/var/lib/redpanda/data/kafka_internal/tx/27_40
8532	/var/lib/redpanda/data/kafka_internal/tx/33_40
7844	/var/lib/redpanda/data/kafka_internal/tx/23_40
7928	/var/lib/redpanda/data/kafka_internal/tx/34_40
7940	/var/lib/redpanda/data/kafka_internal/tx/16_40
8360	/var/lib/redpanda/data/kafka_internal/tx/9_40
8548	/var/lib/redpanda/data/kafka_internal/tx/11_40
7852	/var/lib/redpanda/data/kafka_internal/tx/6_40
8084	/var/lib/redpanda/data/kafka_internal/tx/14_40
8148	/var/lib/redpanda/data/kafka_internal/tx/5_40
8468	/var/lib/redpanda/data/kafka_internal/tx/36_40
8352	/var/lib/redpanda/data/kafka_internal/tx/30_40
7868	/var/lib/redpanda/data/kafka_internal/tx/43_40
8396	/var/lib/redpanda/data/kafka_internal/tx/39_40
8584	/var/lib/redpanda/data/kafka_internal/tx/45_40
8280	/var/lib/redpanda/data/kafka_internal/tx/35_40
8608	/var/lib/redpanda/data/kafka_internal/tx/25_40
8288	/var/lib/redpanda/data/kafka_internal/tx/49_40
8360	/var/lib/redpanda/data/kafka_internal/tx/41_40
8172	/var/lib/redpanda/data/kafka_internal/tx/4_40
8360	/var/lib/redpanda/data/kafka_internal/tx/20_40
8568	/var/lib/redpanda/data/kafka_internal/tx/18_40
7960	/var/lib/redpanda/data/kafka_internal/tx/2_40
7992	/var/lib/redpanda/data/kafka_internal/tx/44_40
8336	/var/lib/redpanda/data/kafka_internal/tx/46_40
8436	/var/lib/redpanda/data/kafka_internal/tx/10_40
8232	/var/lib/redpanda/data/kafka_internal/tx/12_40
8116	/var/lib/redpanda/data/kafka_internal/tx/1_40
8024	/var/lib/redpanda/data/kafka_internal/tx/38_40
8212	/var/lib/redpanda/data/kafka_internal/tx/21_40
409316	/var/lib/redpanda/data/kafka_internal/tx
8136	/var/lib/redpanda/data/kafka_internal/id_allocator/0_41
8140	/var/lib/redpanda/data/kafka_internal/id_allocator
417460	/var/lib/redpanda/data/kafka_internal
1547968	/var/lib/redpanda/data
