To honour the JVM settings for this build a single-use Daemon process will be forked. For more on this, please refer to https://docs.gradle.org/9.8.0/userguide/gradle_daemon.html#sec:disabling_the_daemon in the Gradle documentation.
Daemon will be stopped at the end of the build 

> Task :dependencies

------------------------------------------------------------
Root project 'platform-runtime'
------------------------------------------------------------

testRuntimeClasspath - Runtime classpath of 'test'.
+--- org.jetbrains.kotlin:kotlin-stdlib -> 2.4.20
|    \--- org.jetbrains:annotations:13.0 -> 23.0.0
+--- org.jetbrains.kotlinx:kotlinx-coroutines-core:1.11.0
|    \--- org.jetbrains.kotlinx:kotlinx-coroutines-core-jvm:1.11.0
|         +--- org.jetbrains:annotations:23.0.0
|         +--- org.jetbrains.kotlinx:kotlinx-coroutines-bom:1.11.0
|         |    +--- org.jetbrains.kotlinx:kotlinx-coroutines-core-jvm:1.11.0 (c)
|         |    \--- org.jetbrains.kotlinx:kotlinx-coroutines-core:1.11.0 (c)
|         \--- org.jetbrains.kotlin:kotlin-stdlib:2.2.20 -> 2.4.20 (*)
+--- com.fasterxml.jackson.core:jackson-databind:2.22.3
|    +--- com.fasterxml.jackson.core:jackson-annotations:2.22
|    +--- com.fasterxml.jackson.core:jackson-core:2.22.3
|    |    \--- com.fasterxml.jackson:jackson-bom:2.22.3
|    |         +--- com.fasterxml.jackson.core:jackson-annotations:2.22 (c)
|    |         +--- com.fasterxml.jackson.core:jackson-core:2.22.3 (c)
|    |         \--- com.fasterxml.jackson.core:jackson-databind:2.22.3 (c)
|    \--- com.fasterxml.jackson:jackson-bom:2.22.3 (*)
+--- org.postgresql:postgresql:42.7.13
|    \--- org.checkerframework:checker-qual:3.55.1
+--- com.zaxxer:HikariCP:7.1.0
|    \--- org.slf4j:slf4j-api:2.0.17
+--- io.grpc:grpc-netty-shaded:1.84.0
|    +--- io.grpc:grpc-util:1.84.0
|    |    +--- io.grpc:grpc-api:1.84.0
|    |    |    +--- com.google.code.findbugs:jsr305:3.0.2
|    |    |    +--- com.google.errorprone:error_prone_annotations:2.50.0
|    |    |    \--- com.google.guava:guava:33.6.0-android
|    |    |         +--- com.google.guava:failureaccess:1.0.3
|    |    |         +--- com.google.guava:listenablefuture:9999.0-empty-to-avoid-conflict-with-guava
|    |    |         +--- org.jspecify:jspecify:1.0.0
|    |    |         +--- com.google.errorprone:error_prone_annotations:2.47.0 -> 2.50.0
|    |    |         \--- com.google.j2objc:j2objc-annotations:3.1
|    |    +--- io.grpc:grpc-core:1.84.0
|    |    |    +--- io.grpc:grpc-api:1.84.0 (*)
|    |    |    +--- com.google.code.gson:gson:2.14.0
|    |    |    |    \--- com.google.errorprone:error_prone_annotations:2.48.0 -> 2.50.0
|    |    |    +--- com.google.android:annotations:4.1.1.4
|    |    |    +--- org.codehaus.mojo:animal-sniffer-annotations:1.27
|    |    |    +--- com.google.errorprone:error_prone_annotations:2.50.0
|    |    |    +--- com.google.guava:guava:33.6.0-android (*)
|    |    |    +--- io.perfmark:perfmark-api:0.27.0
|    |    |    \--- io.grpc:grpc-context:1.84.0
|    |    |         \--- io.grpc:grpc-api:1.84.0 (*)
|    |    +--- org.codehaus.mojo:animal-sniffer-annotations:1.27
|    |    \--- com.google.guava:guava:33.6.0-android (*)
|    +--- io.grpc:grpc-core:1.84.0 (*)
|    +--- com.google.guava:guava:33.6.0-android (*)
|    +--- com.google.errorprone:error_prone_annotations:2.50.0
|    +--- io.perfmark:perfmark-api:0.27.0
|    +--- io.grpc:grpc-api:1.84.0 (*)
|    \--- org.codehaus.mojo:animal-sniffer-annotations:1.27
+--- io.grpc:grpc-protobuf:1.84.0
|    +--- io.grpc:grpc-api:1.84.0 (*)
|    +--- com.google.code.findbugs:jsr305:3.0.2
|    +--- com.google.protobuf:protobuf-java:3.25.9 -> 4.36.2
|    +--- com.google.api.grpc:proto-google-common-protos:2.64.1
|    |    \--- com.google.protobuf:protobuf-java:3.25.8 -> 4.36.2
|    +--- com.google.guava:guava:33.6.0-android (*)
|    \--- io.grpc:grpc-protobuf-lite:1.84.0
|         +--- io.grpc:grpc-api:1.84.0 (*)
|         +--- com.google.code.findbugs:jsr305:3.0.2
|         \--- com.google.guava:guava:33.6.0-android (*)
+--- io.grpc:grpc-stub:1.84.0
|    +--- io.grpc:grpc-api:1.84.0 (*)
|    +--- org.codehaus.mojo:animal-sniffer-annotations:1.27
|    +--- com.google.guava:guava:33.6.0-android (*)
|    \--- com.google.errorprone:error_prone_annotations:2.50.0
+--- io.nats:jnats:2.26.3
|    +--- org.bouncycastle:bcprov-lts8on:2.73.12.1
|    \--- org.jspecify:jspecify:1.0.0
+--- org.apache.kafka:kafka-clients:4.3.1
|    +--- com.github.luben:zstd-jni:1.5.6-10
|    +--- at.yawk.lz4:lz4-java:1.10.2
|    +--- org.xerial.snappy:snappy-java:1.1.10.7
|    \--- org.slf4j:slf4j-api:1.7.36 -> 2.0.17
+--- org.apache.kafka:kafka-streams:4.3.1
|    +--- com.fasterxml.jackson.core:jackson-annotations:2.21 -> 2.22
|    +--- com.fasterxml.jackson.core:jackson-databind:2.21.2 -> 2.22.3 (*)
|    +--- org.slf4j:slf4j-api:1.7.36 -> 2.0.17
|    +--- org.apache.kafka:kafka-clients:4.3.1 (*)
|    \--- org.rocksdb:rocksdbjni:10.1.3
+--- com.google.protobuf:protobuf-java:4.36.2
+--- org.jetbrains.kotlin:kotlin-stdlib:2.4.20 (c)
+--- org.apache.kafka:kafka-streams-test-utils:4.3.1
|    +--- org.slf4j:slf4j-api:1.7.36 -> 2.0.17
|    +--- org.apache.kafka:kafka-streams:4.3.1 (*)
|    \--- org.apache.kafka:kafka-clients:4.3.1 (*)
+--- org.jetbrains.kotlin:kotlin-test -> 2.4.20
|    +--- org.jetbrains.kotlin:kotlin-stdlib:2.4.20 (*)
|    \--- org.jetbrains.kotlin:kotlin-test-junit5:2.4.20
|         +--- org.jetbrains.kotlin:kotlin-test:2.4.20 (*)
|         +--- org.junit.jupiter:junit-jupiter-engine:5.10.1
|         |    +--- org.junit:junit-bom:5.10.1
|         |    |    +--- org.junit.jupiter:junit-jupiter-api:5.10.1 (c)
|         |    |    +--- org.junit.jupiter:junit-jupiter-engine:5.10.1 (c)
|         |    |    +--- org.junit.platform:junit-platform-engine:1.10.1 (c)
|         |    |    +--- org.junit.platform:junit-platform-launcher:1.10.1 (c)
|         |    |    \--- org.junit.platform:junit-platform-commons:1.10.1 (c)
|         |    +--- org.junit.platform:junit-platform-engine:1.10.1
|         |    |    +--- org.junit:junit-bom:5.10.1 (*)
|         |    |    +--- org.opentest4j:opentest4j:1.3.0
|         |    |    \--- org.junit.platform:junit-platform-commons:1.10.1
|         |    |         \--- org.junit:junit-bom:5.10.1 (*)
|         |    \--- org.junit.jupiter:junit-jupiter-api:5.10.1
|         |         +--- org.junit:junit-bom:5.10.1 (*)
|         |         +--- org.opentest4j:opentest4j:1.3.0
|         |         \--- org.junit.platform:junit-platform-commons:1.10.1 (*)
|         \--- org.junit.platform:junit-platform-launcher:1.10.1
|              +--- org.junit:junit-bom:5.10.1 (*)
|              \--- org.junit.platform:junit-platform-engine:1.10.1 (*)
+--- org.jetbrains.kotlin:kotlin-test:2.4.20 (*)
\--- org.jetbrains.kotlin:kotlin-test:2.4.20 (c)

(c) - A dependency constraint, not a dependency. The dependency affected by the constraint occurs elsewhere in the tree.
(*) - Indicates repeated occurrences of a transitive dependency subtree. Gradle expands transitive dependency subtrees only once per project; repeat occurrences only display the root of the subtree, followed by this annotation.

A web-based, searchable dependency report is available by adding the --scan option.

BUILD SUCCESSFUL in 3s
1 actionable task: 1 executed
Consider enabling configuration cache to speed up this build: https://docs.gradle.org/9.8.0/userguide/configuration_cache_enabling.html
