SLF4J(W): No SLF4J providers were found.
SLF4J(W): Defaulting to no-operation (NOP) logger implementation
SLF4J(W): See https://www.slf4j.org/codes.html#noProviders for further details.
STATE CREATED -> REBALANCING
STATE REBALANCING -> RUNNING
{"partition":0,"stats":{"generation":1,"partition":0,"sourceCursor":6,"stagedInputOffset":638,"resolvedCount":639,"pendingCount":0,"indexedCount":1400,"decodedCount":7,"outputBytes":1296990,"faultSuffixCount":0,"faultInputOffset":-1,"fault":""}}
{"partition":1,"stats":{"generation":1,"partition":1,"sourceCursor":-1,"stagedInputOffset":-1,"resolvedCount":0,"pendingCount":0,"indexedCount":0,"decodedCount":0,"outputBytes":0,"faultSuffixCount":0,"faultInputOffset":-1,"fault":""}}
{"partition":0,"stats":{"generation":1,"partition":0,"sourceCursor":14,"stagedInputOffset":1405,"resolvedCount":1406,"pendingCount":0,"indexedCount":3000,"decodedCount":15,"outputBytes":2865794,"faultSuffixCount":0,"faultInputOffset":-1,"fault":""}}
{"partition":1,"stats":{"generation":1,"partition":1,"sourceCursor":-1,"stagedInputOffset":-1,"resolvedCount":0,"pendingCount":0,"indexedCount":0,"decodedCount":0,"outputBytes":0,"faultSuffixCount":0,"faultInputOffset":-1,"fault":""}}
{"partition":0,"stats":{"generation":1,"partition":0,"sourceCursor":21,"stagedInputOffset":2188,"resolvedCount":2189,"pendingCount":0,"indexedCount":4400,"decodedCount":22,"outputBytes":4477228,"faultSuffixCount":0,"faultInputOffset":-1,"fault":""}}
{"partition":1,"stats":{"generation":1,"partition":1,"sourceCursor":-1,"stagedInputOffset":-1,"resolvedCount":0,"pendingCount":0,"indexedCount":0,"decodedCount":0,"outputBytes":0,"faultSuffixCount":0,"faultInputOffset":-1,"fault":""}}
{"partition":0,"stats":{"generation":1,"partition":0,"sourceCursor":29,"stagedInputOffset":2979,"resolvedCount":2980,"pendingCount":0,"indexedCount":6000,"decodedCount":30,"outputBytes":6105120,"faultSuffixCount":0,"faultInputOffset":-1,"fault":""}}
{"partition":1,"stats":{"generation":1,"partition":1,"sourceCursor":-1,"stagedInputOffset":-1,"resolvedCount":0,"pendingCount":0,"indexedCount":0,"decodedCount":0,"outputBytes":0,"faultSuffixCount":0,"faultInputOffset":-1,"fault":""}}
{"partition":0,"stats":{"generation":1,"partition":0,"sourceCursor":37,"stagedInputOffset":3740,"resolvedCount":3741,"pendingCount":0,"indexedCount":7600,"decodedCount":38,"outputBytes":7671281,"faultSuffixCount":0,"faultInputOffset":-1,"fault":""}}
{"partition":1,"stats":{"generation":1,"partition":1,"sourceCursor":-1,"stagedInputOffset":-1,"resolvedCount":0,"pendingCount":0,"indexedCount":0,"decodedCount":0,"outputBytes":0,"faultSuffixCount":0,"faultInputOffset":-1,"fault":""}}
{"partition":0,"stats":{"generation":1,"partition":0,"sourceCursor":45,"stagedInputOffset":4530,"resolvedCount":4531,"pendingCount":0,"indexedCount":9200,"decodedCount":46,"outputBytes":9297143,"faultSuffixCount":0,"faultInputOffset":-1,"fault":""}}
{"partition":1,"stats":{"generation":1,"partition":1,"sourceCursor":-1,"stagedInputOffset":-1,"resolvedCount":0,"pendingCount":0,"indexedCount":0,"decodedCount":0,"outputBytes":0,"faultSuffixCount":0,"faultInputOffset":-1,"fault":""}}
{"partition":0,"stats":{"generation":1,"partition":0,"sourceCursor":52,"stagedInputOffset":5286,"resolvedCount":5287,"pendingCount":0,"indexedCount":10600,"decodedCount":53,"outputBytes":10853032,"faultSuffixCount":0,"faultInputOffset":-1,"fault":""}}
{"partition":1,"stats":{"generation":1,"partition":1,"sourceCursor":-1,"stagedInputOffset":-1,"resolvedCount":0,"pendingCount":0,"indexedCount":0,"decodedCount":0,"outputBytes":0,"faultSuffixCount":0,"faultInputOffset":-1,"fault":""}}
{"partition":0,"stats":{"generation":1,"partition":0,"sourceCursor":60,"stagedInputOffset":6073,"resolvedCount":6074,"pendingCount":0,"indexedCount":12200,"decodedCount":61,"outputBytes":12472684,"faultSuffixCount":0,"faultInputOffset":-1,"fault":""}}
{"partition":1,"stats":{"generation":1,"partition":1,"sourceCursor":-1,"stagedInputOffset":-1,"resolvedCount":0,"pendingCount":0,"indexedCount":0,"decodedCount":0,"outputBytes":0,"faultSuffixCount":0,"faultInputOffset":-1,"fault":""}}
{"partition":0,"stats":{"generation":1,"partition":0,"sourceCursor":68,"stagedInputOffset":6876,"resolvedCount":6877,"pendingCount":0,"indexedCount":13800,"decodedCount":69,"outputBytes":14125296,"faultSuffixCount":0,"faultInputOffset":-1,"fault":""}}
{"partition":1,"stats":{"generation":1,"partition":1,"sourceCursor":-1,"stagedInputOffset":-1,"resolvedCount":0,"pendingCount":0,"indexedCount":0,"decodedCount":0,"outputBytes":0,"faultSuffixCount":0,"faultInputOffset":-1,"fault":""}}
{"partition":0,"stats":{"generation":1,"partition":0,"sourceCursor":76,"stagedInputOffset":7655,"resolvedCount":7656,"pendingCount":0,"indexedCount":15400,"decodedCount":77,"outputBytes":15728492,"faultSuffixCount":0,"faultInputOffset":-1,"fault":""}}
{"partition":1,"stats":{"generation":1,"partition":1,"sourceCursor":-1,"stagedInputOffset":-1,"resolvedCount":0,"pendingCount":0,"indexedCount":0,"decodedCount":0,"outputBytes":0,"faultSuffixCount":0,"faultInputOffset":-1,"fault":""}}
{"partition":0,"stats":{"generation":1,"partition":0,"sourceCursor":84,"stagedInputOffset":8437,"resolvedCount":8438,"pendingCount":0,"indexedCount":17000,"decodedCount":85,"outputBytes":17337898,"faultSuffixCount":0,"faultInputOffset":-1,"fault":""}}
{"partition":1,"stats":{"generation":1,"partition":1,"sourceCursor":-1,"stagedInputOffset":-1,"resolvedCount":0,"pendingCount":0,"indexedCount":0,"decodedCount":0,"outputBytes":0,"faultSuffixCount":0,"faultInputOffset":-1,"fault":""}}
{"partition":0,"stats":{"generation":1,"partition":0,"sourceCursor":92,"stagedInputOffset":9246,"resolvedCount":9247,"pendingCount":0,"indexedCount":18600,"decodedCount":93,"outputBytes":19002843,"faultSuffixCount":0,"faultInputOffset":-1,"fault":""}}
{"partition":1,"stats":{"generation":1,"partition":1,"sourceCursor":-1,"stagedInputOffset":-1,"resolvedCount":0,"pendingCount":0,"indexedCount":0,"decodedCount":0,"outputBytes":0,"faultSuffixCount":0,"faultInputOffset":-1,"fault":""}}
{"partition":0,"stats":{"generation":1,"partition":0,"sourceCursor":100,"stagedInputOffset":10008,"resolvedCount":10009,"pendingCount":0,"indexedCount":20200,"decodedCount":101,"outputBytes":20571352,"faultSuffixCount":0,"faultInputOffset":-1,"fault":""}}
{"partition":1,"stats":{"generation":1,"partition":1,"sourceCursor":-1,"stagedInputOffset":-1,"resolvedCount":0,"pendingCount":0,"indexedCount":0,"decodedCount":0,"outputBytes":0,"faultSuffixCount":0,"faultInputOffset":-1,"fault":""}}
{"partition":0,"stats":{"generation":1,"partition":0,"sourceCursor":108,"stagedInputOffset":10800,"resolvedCount":10801,"pendingCount":0,"indexedCount":21800,"decodedCount":109,"outputBytes":22222712,"faultSuffixCount":0,"faultInputOffset":-1,"fault":""}}
{"partition":1,"stats":{"generation":1,"partition":1,"sourceCursor":-1,"stagedInputOffset":-1,"resolvedCount":0,"pendingCount":0,"indexedCount":0,"decodedCount":0,"outputBytes":0,"faultSuffixCount":0,"faultInputOffset":-1,"fault":""}}
{"partition":0,"stats":{"generation":1,"partition":0,"sourceCursor":115,"stagedInputOffset":11591,"resolvedCount":11592,"pendingCount":0,"indexedCount":23200,"decodedCount":116,"outputBytes":23871968,"faultSuffixCount":0,"faultInputOffset":-1,"fault":""}}
{"partition":1,"stats":{"generation":1,"partition":1,"sourceCursor":-1,"stagedInputOffset":-1,"resolvedCount":0,"pendingCount":0,"indexedCount":0,"decodedCount":0,"outputBytes":0,"faultSuffixCount":0,"faultInputOffset":-1,"fault":""}}
{"partition":1,"stats":{"generation":1,"partition":1,"sourceCursor":-1,"stagedInputOffset":-1,"resolvedCount":0,"pendingCount":0,"indexedCount":0,"decodedCount":0,"outputBytes":0,"faultSuffixCount":0,"faultInputOffset":-1,"fault":""}}
{"partition":0,"stats":{"generation":1,"partition":0,"sourceCursor":123,"stagedInputOffset":12360,"resolvedCount":12361,"pendingCount":0,"indexedCount":24800,"decodedCount":124,"outputBytes":25475312,"faultSuffixCount":0,"faultInputOffset":-1,"fault":""}}
{"partition":0,"stats":{"generation":1,"partition":0,"sourceCursor":131,"stagedInputOffset":13138,"resolvedCount":13139,"pendingCount":0,"indexedCount":26400,"decodedCount":132,"outputBytes":27098852,"faultSuffixCount":0,"faultInputOffset":-1,"fault":""}}
{"partition":1,"stats":{"generation":1,"partition":1,"sourceCursor":-1,"stagedInputOffset":-1,"resolvedCount":0,"pendingCount":0,"indexedCount":0,"decodedCount":0,"outputBytes":0,"faultSuffixCount":0,"faultInputOffset":-1,"fault":""}}
{"partition":0,"stats":{"generation":1,"partition":0,"sourceCursor":139,"stagedInputOffset":13940,"resolvedCount":13941,"pendingCount":0,"indexedCount":28000,"decodedCount":140,"outputBytes":28774260,"faultSuffixCount":0,"faultInputOffset":-1,"fault":""}}
{"partition":1,"stats":{"generation":1,"partition":1,"sourceCursor":-1,"stagedInputOffset":-1,"resolvedCount":0,"pendingCount":0,"indexedCount":0,"decodedCount":0,"outputBytes":0,"faultSuffixCount":0,"faultInputOffset":-1,"fault":""}}
{"partition":0,"stats":{"generation":1,"partition":0,"sourceCursor":147,"stagedInputOffset":14729,"resolvedCount":14730,"pendingCount":0,"indexedCount":29600,"decodedCount":148,"outputBytes":30422524,"faultSuffixCount":0,"faultInputOffset":-1,"fault":""}}
{"partition":1,"stats":{"generation":1,"partition":1,"sourceCursor":-1,"stagedInputOffset":-1,"resolvedCount":0,"pendingCount":0,"indexedCount":0,"decodedCount":0,"outputBytes":0,"faultSuffixCount":0,"faultInputOffset":-1,"fault":""}}
{"partition":0,"stats":{"generation":1,"partition":0,"sourceCursor":155,"stagedInputOffset":15527,"resolvedCount":15528,"pendingCount":0,"indexedCount":31200,"decodedCount":156,"outputBytes":32089580,"faultSuffixCount":0,"faultInputOffset":-1,"fault":""}}
{"partition":1,"stats":{"generation":1,"partition":1,"sourceCursor":-1,"stagedInputOffset":-1,"resolvedCount":0,"pendingCount":0,"indexedCount":0,"decodedCount":0,"outputBytes":0,"faultSuffixCount":0,"faultInputOffset":-1,"fault":""}}
{"partition":0,"stats":{"generation":1,"partition":0,"sourceCursor":162,"stagedInputOffset":16264,"resolvedCount":16265,"pendingCount":0,"indexedCount":32600,"decodedCount":163,"outputBytes":33629167,"faultSuffixCount":0,"faultInputOffset":-1,"fault":""}}
{"partition":1,"stats":{"generation":1,"partition":1,"sourceCursor":-1,"stagedInputOffset":-1,"resolvedCount":0,"pendingCount":0,"indexedCount":0,"decodedCount":0,"outputBytes":0,"faultSuffixCount":0,"faultInputOffset":-1,"fault":""}}
{"partition":0,"stats":{"generation":1,"partition":0,"sourceCursor":170,"stagedInputOffset":17055,"resolvedCount":17056,"pendingCount":0,"indexedCount":34200,"decodedCount":171,"outputBytes":35281604,"faultSuffixCount":0,"faultInputOffset":-1,"fault":""}}
{"partition":1,"stats":{"generation":1,"partition":1,"sourceCursor":-1,"stagedInputOffset":-1,"resolvedCount":0,"pendingCount":0,"indexedCount":0,"decodedCount":0,"outputBytes":0,"faultSuffixCount":0,"faultInputOffset":-1,"fault":""}}
{"partition":0,"stats":{"generation":1,"partition":0,"sourceCursor":178,"stagedInputOffset":17825,"resolvedCount":17826,"pendingCount":0,"indexedCount":35800,"decodedCount":179,"outputBytes":36890196,"faultSuffixCount":0,"faultInputOffset":-1,"fault":""}}
{"partition":1,"stats":{"generation":1,"partition":1,"sourceCursor":-1,"stagedInputOffset":-1,"resolvedCount":0,"pendingCount":0,"indexedCount":0,"decodedCount":0,"outputBytes":0,"faultSuffixCount":0,"faultInputOffset":-1,"fault":""}}
{"partition":0,"stats":{"generation":1,"partition":0,"sourceCursor":186,"stagedInputOffset":18626,"resolvedCount":18627,"pendingCount":0,"indexedCount":37400,"decodedCount":187,"outputBytes":38563516,"faultSuffixCount":0,"faultInputOffset":-1,"fault":""}}
{"partition":1,"stats":{"generation":1,"partition":1,"sourceCursor":-1,"stagedInputOffset":-1,"resolvedCount":0,"pendingCount":0,"indexedCount":0,"decodedCount":0,"outputBytes":0,"faultSuffixCount":0,"faultInputOffset":-1,"fault":""}}
STATE RUNNING -> PENDING_SHUTDOWN
{"partition":1,"stats":{}}
{"partition":0,"stats":{}}
STATE PENDING_SHUTDOWN -> NOT_RUNNING
