SLF4J(W): No SLF4J providers were found.
SLF4J(W): Defaulting to no-operation (NOP) logger implementation
SLF4J(W): See https://www.slf4j.org/codes.html#noProviders for further details.
STATE CREATED -> REBALANCING
STATE REBALANCING -> RUNNING
{"partition":0,"stats":{"generation":1,"partition":0,"sourceCursor":5,"stagedInputOffset":590,"resolvedCount":591,"pendingCount":0,"indexedCount":1200,"decodedCount":6,"outputBytes":1201300,"faultSuffixCount":0,"faultInputOffset":-1,"fault":""}}
{"partition":1,"stats":{"generation":1,"partition":1,"sourceCursor":6,"stagedInputOffset":608,"resolvedCount":609,"pendingCount":0,"indexedCount":1400,"decodedCount":7,"outputBytes":1256532,"faultSuffixCount":0,"faultInputOffset":-1,"fault":""}}
{"partition":0,"stats":{"generation":1,"partition":0,"sourceCursor":12,"stagedInputOffset":1274,"resolvedCount":1275,"pendingCount":0,"indexedCount":2600,"decodedCount":13,"outputBytes":2602677,"faultSuffixCount":0,"faultInputOffset":-1,"fault":""}}
{"partition":1,"stats":{"generation":1,"partition":1,"sourceCursor":13,"stagedInputOffset":1318,"resolvedCount":1319,"pendingCount":0,"indexedCount":2800,"decodedCount":14,"outputBytes":2734153,"faultSuffixCount":0,"faultInputOffset":-1,"fault":""}}
{"partition":0,"stats":{"generation":1,"partition":0,"sourceCursor":19,"stagedInputOffset":1934,"resolvedCount":1935,"pendingCount":0,"indexedCount":4000,"decodedCount":20,"outputBytes":3962972,"faultSuffixCount":0,"faultInputOffset":-1,"fault":""}}
{"partition":1,"stats":{"generation":1,"partition":1,"sourceCursor":19,"stagedInputOffset":1999,"resolvedCount":2000,"pendingCount":0,"indexedCount":4000,"decodedCount":20,"outputBytes":4161580,"faultSuffixCount":0,"faultInputOffset":-1,"fault":""}}
{"partition":0,"stats":{"generation":1,"partition":0,"sourceCursor":27,"stagedInputOffset":2701,"resolvedCount":2702,"pendingCount":0,"indexedCount":5600,"decodedCount":28,"outputBytes":5543824,"faultSuffixCount":0,"faultInputOffset":-1,"fault":""}}
{"partition":1,"stats":{"generation":1,"partition":1,"sourceCursor":19,"stagedInputOffset":1999,"resolvedCount":2000,"pendingCount":0,"indexedCount":4000,"decodedCount":20,"outputBytes":4161580,"faultSuffixCount":0,"faultInputOffset":-1,"fault":""}}
{"partition":0,"stats":{"generation":1,"partition":0,"sourceCursor":34,"stagedInputOffset":3420,"resolvedCount":3421,"pendingCount":0,"indexedCount":7000,"decodedCount":35,"outputBytes":7025692,"faultSuffixCount":0,"faultInputOffset":-1,"fault":""}}
{"partition":1,"stats":{"generation":1,"partition":1,"sourceCursor":19,"stagedInputOffset":1999,"resolvedCount":2000,"pendingCount":0,"indexedCount":4000,"decodedCount":20,"outputBytes":4161580,"faultSuffixCount":0,"faultInputOffset":-1,"fault":""}}
{"partition":0,"stats":{"generation":1,"partition":0,"sourceCursor":41,"stagedInputOffset":4162,"resolvedCount":4163,"pendingCount":0,"indexedCount":8400,"decodedCount":42,"outputBytes":8554940,"faultSuffixCount":0,"faultInputOffset":-1,"fault":""}}
{"partition":1,"stats":{"generation":1,"partition":1,"sourceCursor":19,"stagedInputOffset":1999,"resolvedCount":2000,"pendingCount":0,"indexedCount":4000,"decodedCount":20,"outputBytes":4161580,"faultSuffixCount":0,"faultInputOffset":-1,"fault":""}}
{"partition":0,"stats":{"generation":1,"partition":0,"sourceCursor":47,"stagedInputOffset":4767,"resolvedCount":4768,"pendingCount":0,"indexedCount":9600,"decodedCount":48,"outputBytes":9801876,"faultSuffixCount":0,"faultInputOffset":-1,"fault":""}}
{"partition":1,"stats":{"generation":1,"partition":1,"sourceCursor":19,"stagedInputOffset":1999,"resolvedCount":2000,"pendingCount":0,"indexedCount":4000,"decodedCount":20,"outputBytes":4161580,"faultSuffixCount":0,"faultInputOffset":-1,"fault":""}}
{"partition":0,"stats":{"generation":1,"partition":0,"sourceCursor":55,"stagedInputOffset":5535,"resolvedCount":5536,"pendingCount":0,"indexedCount":11200,"decodedCount":56,"outputBytes":11384776,"faultSuffixCount":0,"faultInputOffset":-1,"fault":""}}
{"partition":1,"stats":{"generation":1,"partition":1,"sourceCursor":19,"stagedInputOffset":1999,"resolvedCount":2000,"pendingCount":0,"indexedCount":4000,"decodedCount":20,"outputBytes":4161580,"faultSuffixCount":0,"faultInputOffset":-1,"fault":""}}
{"partition":0,"stats":{"generation":1,"partition":0,"sourceCursor":63,"stagedInputOffset":6324,"resolvedCount":6325,"pendingCount":0,"indexedCount":12800,"decodedCount":64,"outputBytes":13010948,"faultSuffixCount":0,"faultInputOffset":-1,"fault":""}}
{"partition":1,"stats":{"generation":1,"partition":1,"sourceCursor":19,"stagedInputOffset":1999,"resolvedCount":2000,"pendingCount":0,"indexedCount":4000,"decodedCount":20,"outputBytes":4161580,"faultSuffixCount":0,"faultInputOffset":-1,"fault":""}}
{"partition":0,"stats":{"generation":1,"partition":0,"sourceCursor":70,"stagedInputOffset":7088,"resolvedCount":7089,"pendingCount":0,"indexedCount":14200,"decodedCount":71,"outputBytes":14585591,"faultSuffixCount":0,"faultInputOffset":-1,"fault":""}}
{"partition":1,"stats":{"generation":1,"partition":1,"sourceCursor":19,"stagedInputOffset":1999,"resolvedCount":2000,"pendingCount":0,"indexedCount":4000,"decodedCount":20,"outputBytes":4161580,"faultSuffixCount":0,"faultInputOffset":-1,"fault":""}}
{"partition":0,"stats":{"generation":1,"partition":0,"sourceCursor":78,"stagedInputOffset":7879,"resolvedCount":7880,"pendingCount":0,"indexedCount":15800,"decodedCount":79,"outputBytes":16215856,"faultSuffixCount":0,"faultInputOffset":-1,"fault":""}}
{"partition":1,"stats":{"generation":1,"partition":1,"sourceCursor":19,"stagedInputOffset":1999,"resolvedCount":2000,"pendingCount":0,"indexedCount":4000,"decodedCount":20,"outputBytes":4161580,"faultSuffixCount":0,"faultInputOffset":-1,"fault":""}}
{"partition":0,"stats":{"generation":1,"partition":0,"sourceCursor":86,"stagedInputOffset":8610,"resolvedCount":8611,"pendingCount":0,"indexedCount":17400,"decodedCount":87,"outputBytes":17722500,"faultSuffixCount":0,"faultInputOffset":-1,"fault":""}}
{"partition":1,"stats":{"generation":1,"partition":1,"sourceCursor":19,"stagedInputOffset":1999,"resolvedCount":2000,"pendingCount":0,"indexedCount":4000,"decodedCount":20,"outputBytes":4161580,"faultSuffixCount":0,"faultInputOffset":-1,"fault":""}}
{"partition":0,"stats":{"generation":1,"partition":0,"sourceCursor":93,"stagedInputOffset":9372,"resolvedCount":9373,"pendingCount":0,"indexedCount":18800,"decodedCount":94,"outputBytes":19303046,"faultSuffixCount":0,"faultInputOffset":-1,"fault":""}}
{"partition":1,"stats":{"generation":1,"partition":1,"sourceCursor":19,"stagedInputOffset":1999,"resolvedCount":2000,"pendingCount":0,"indexedCount":4000,"decodedCount":20,"outputBytes":4161580,"faultSuffixCount":0,"faultInputOffset":-1,"fault":""}}
{"partition":0,"stats":{"generation":1,"partition":0,"sourceCursor":101,"stagedInputOffset":10171,"resolvedCount":10172,"pendingCount":0,"indexedCount":20400,"decodedCount":102,"outputBytes":20971388,"faultSuffixCount":0,"faultInputOffset":-1,"fault":""}}
{"partition":1,"stats":{"generation":1,"partition":1,"sourceCursor":19,"stagedInputOffset":1999,"resolvedCount":2000,"pendingCount":0,"indexedCount":4000,"decodedCount":20,"outputBytes":4161580,"faultSuffixCount":0,"faultInputOffset":-1,"fault":""}}
{"partition":0,"stats":{"generation":1,"partition":0,"sourceCursor":109,"stagedInputOffset":10938,"resolvedCount":10939,"pendingCount":0,"indexedCount":22000,"decodedCount":110,"outputBytes":22572925,"faultSuffixCount":0,"faultInputOffset":-1,"fault":""}}
{"partition":1,"stats":{"generation":1,"partition":1,"sourceCursor":19,"stagedInputOffset":1999,"resolvedCount":2000,"pendingCount":0,"indexedCount":4000,"decodedCount":20,"outputBytes":4161580,"faultSuffixCount":0,"faultInputOffset":-1,"fault":""}}
{"partition":0,"stats":{"generation":1,"partition":0,"sourceCursor":116,"stagedInputOffset":11681,"resolvedCount":11682,"pendingCount":0,"indexedCount":23400,"decodedCount":117,"outputBytes":24124348,"faultSuffixCount":0,"faultInputOffset":-1,"fault":""}}
{"partition":1,"stats":{"generation":1,"partition":1,"sourceCursor":19,"stagedInputOffset":1999,"resolvedCount":2000,"pendingCount":0,"indexedCount":4000,"decodedCount":20,"outputBytes":4161580,"faultSuffixCount":0,"faultInputOffset":-1,"fault":""}}
{"partition":0,"stats":{"generation":1,"partition":0,"sourceCursor":124,"stagedInputOffset":12457,"resolvedCount":12458,"pendingCount":0,"indexedCount":25000,"decodedCount":125,"outputBytes":25744638,"faultSuffixCount":0,"faultInputOffset":-1,"fault":""}}
{"partition":1,"stats":{"generation":1,"partition":1,"sourceCursor":19,"stagedInputOffset":1999,"resolvedCount":2000,"pendingCount":0,"indexedCount":4000,"decodedCount":20,"outputBytes":4161580,"faultSuffixCount":0,"faultInputOffset":-1,"fault":""}}
{"partition":0,"stats":{"generation":1,"partition":0,"sourceCursor":132,"stagedInputOffset":13236,"resolvedCount":13237,"pendingCount":0,"indexedCount":26600,"decodedCount":133,"outputBytes":27372991,"faultSuffixCount":0,"faultInputOffset":-1,"fault":""}}
{"partition":1,"stats":{"generation":1,"partition":1,"sourceCursor":19,"stagedInputOffset":1999,"resolvedCount":2000,"pendingCount":0,"indexedCount":4000,"decodedCount":20,"outputBytes":4161580,"faultSuffixCount":0,"faultInputOffset":-1,"fault":""}}
{"partition":0,"stats":{"generation":1,"partition":0,"sourceCursor":140,"stagedInputOffset":14015,"resolvedCount":14016,"pendingCount":0,"indexedCount":28200,"decodedCount":141,"outputBytes":29002712,"faultSuffixCount":0,"faultInputOffset":-1,"fault":""}}
{"partition":1,"stats":{"generation":1,"partition":1,"sourceCursor":19,"stagedInputOffset":1999,"resolvedCount":2000,"pendingCount":0,"indexedCount":4000,"decodedCount":20,"outputBytes":4161580,"faultSuffixCount":0,"faultInputOffset":-1,"fault":""}}
{"partition":0,"stats":{"generation":1,"partition":0,"sourceCursor":147,"stagedInputOffset":14732,"resolvedCount":14733,"pendingCount":0,"indexedCount":29600,"decodedCount":148,"outputBytes":30502687,"faultSuffixCount":0,"faultInputOffset":-1,"fault":""}}
{"partition":1,"stats":{"generation":1,"partition":1,"sourceCursor":19,"stagedInputOffset":1999,"resolvedCount":2000,"pendingCount":0,"indexedCount":4000,"decodedCount":20,"outputBytes":4161580,"faultSuffixCount":0,"faultInputOffset":-1,"fault":""}}
{"partition":0,"stats":{"generation":1,"partition":0,"sourceCursor":154,"stagedInputOffset":15479,"resolvedCount":15480,"pendingCount":0,"indexedCount":31000,"decodedCount":155,"outputBytes":32065440,"faultSuffixCount":0,"faultInputOffset":-1,"fault":""}}
{"partition":1,"stats":{"generation":1,"partition":1,"sourceCursor":19,"stagedInputOffset":1999,"resolvedCount":2000,"pendingCount":0,"indexedCount":4000,"decodedCount":20,"outputBytes":4161580,"faultSuffixCount":0,"faultInputOffset":-1,"fault":""}}
{"partition":0,"stats":{"generation":1,"partition":0,"sourceCursor":162,"stagedInputOffset":16260,"resolvedCount":16261,"pendingCount":0,"indexedCount":32600,"decodedCount":163,"outputBytes":33699295,"faultSuffixCount":0,"faultInputOffset":-1,"fault":""}}
{"partition":1,"stats":{"generation":1,"partition":1,"sourceCursor":19,"stagedInputOffset":1999,"resolvedCount":2000,"pendingCount":0,"indexedCount":4000,"decodedCount":20,"outputBytes":4161580,"faultSuffixCount":0,"faultInputOffset":-1,"fault":""}}
{"partition":0,"stats":{"generation":1,"partition":0,"sourceCursor":170,"stagedInputOffset":17042,"resolvedCount":17043,"pendingCount":0,"indexedCount":34200,"decodedCount":171,"outputBytes":35335289,"faultSuffixCount":0,"faultInputOffset":-1,"fault":""}}
{"partition":1,"stats":{"generation":1,"partition":1,"sourceCursor":19,"stagedInputOffset":1999,"resolvedCount":2000,"pendingCount":0,"indexedCount":4000,"decodedCount":20,"outputBytes":4161580,"faultSuffixCount":0,"faultInputOffset":-1,"fault":""}}
{"partition":1,"stats":{"generation":1,"partition":1,"sourceCursor":19,"stagedInputOffset":1999,"resolvedCount":2000,"pendingCount":0,"indexedCount":4000,"decodedCount":20,"outputBytes":4161580,"faultSuffixCount":0,"faultInputOffset":-1,"fault":""}}
{"partition":0,"stats":{"generation":1,"partition":0,"sourceCursor":178,"stagedInputOffset":17821,"resolvedCount":17822,"pendingCount":0,"indexedCount":35800,"decodedCount":179,"outputBytes":36965010,"faultSuffixCount":0,"faultInputOffset":-1,"fault":""}}
STATE RUNNING -> PENDING_SHUTDOWN
{"partition":1,"stats":{}}
{"partition":0,"stats":{}}
STATE PENDING_SHUTDOWN -> NOT_RUNNING
