4	/var/lib/redpanda/data/cloud_storage_cache
16	/var/lib/redpanda/data/redpanda/controller/0_0
20	/var/lib/redpanda/data/redpanda/controller
16408	/var/lib/redpanda/data/redpanda/kvstore/0_0
16412	/var/lib/redpanda/data/redpanda/kvstore
16436	/var/lib/redpanda/data/redpanda
8284	/var/lib/redpanda/data/kafka/financial-s1-97924e15-bounded-f56b30b1-golden-happy-app-financial-state-changelog/0_42
8288	/var/lib/redpanda/data/kafka/financial-s1-97924e15-bounded-f56b30b1-golden-happy-app-financial-state-changelog
8264	/var/lib/redpanda/data/kafka/financial-s1-97924e15-bounded-f56b30b1-golden-happy-input/0_37
8268	/var/lib/redpanda/data/kafka/financial-s1-97924e15-bounded-f56b30b1-golden-happy-input
8608	/var/lib/redpanda/data/kafka/financial-s1-97924e15-bounded-f56b30b1-core-happy-input/0_35
8612	/var/lib/redpanda/data/kafka/financial-s1-97924e15-bounded-f56b30b1-core-happy-input
8592	/var/lib/redpanda/data/kafka/financial-s1-97924e15-bounded-f56b30b1-golden-happy-results/0_38
8596	/var/lib/redpanda/data/kafka/financial-s1-97924e15-bounded-f56b30b1-golden-happy-results
7976	/var/lib/redpanda/data/kafka/__consumer_offsets/0_41
8472	/var/lib/redpanda/data/kafka/__consumer_offsets/2_41
8496	/var/lib/redpanda/data/kafka/__consumer_offsets/1_41
24948	/var/lib/redpanda/data/kafka/__consumer_offsets
8264	/var/lib/redpanda/data/kafka/financial-s1-97924e15-bounded-f56b30b1-core-happy-results/0_36
8268	/var/lib/redpanda/data/kafka/financial-s1-97924e15-bounded-f56b30b1-core-happy-results
8028	/var/lib/redpanda/data/kafka/financial-s1-97924e15-bounded-f56b30b1-core-happy-app-financial-state-changelog/0_43
8032	/var/lib/redpanda/data/kafka/financial-s1-97924e15-bounded-f56b30b1-core-happy-app-financial-state-changelog
75016	/var/lib/redpanda/data/kafka
4	/var/lib/redpanda/data/crash_reports
8452	/var/lib/redpanda/data/kafka_internal/tx/37_39
8220	/var/lib/redpanda/data/kafka_internal/tx/10_39
8232	/var/lib/redpanda/data/kafka_internal/tx/39_39
8140	/var/lib/redpanda/data/kafka_internal/tx/23_39
7876	/var/lib/redpanda/data/kafka_internal/tx/20_39
8116	/var/lib/redpanda/data/kafka_internal/tx/7_39
8328	/var/lib/redpanda/data/kafka_internal/tx/17_39
8156	/var/lib/redpanda/data/kafka_internal/tx/13_39
8452	/var/lib/redpanda/data/kafka_internal/tx/16_39
8172	/var/lib/redpanda/data/kafka_internal/tx/2_39
8352	/var/lib/redpanda/data/kafka_internal/tx/41_39
8404	/var/lib/redpanda/data/kafka_internal/tx/3_39
7876	/var/lib/redpanda/data/kafka_internal/tx/45_39
8420	/var/lib/redpanda/data/kafka_internal/tx/24_39
7984	/var/lib/redpanda/data/kafka_internal/tx/12_39
8164	/var/lib/redpanda/data/kafka_internal/tx/30_39
7912	/var/lib/redpanda/data/kafka_internal/tx/29_39
8632	/var/lib/redpanda/data/kafka_internal/tx/31_39
8108	/var/lib/redpanda/data/kafka_internal/tx/4_39
8584	/var/lib/redpanda/data/kafka_internal/tx/47_39
7828	/var/lib/redpanda/data/kafka_internal/tx/5_39
8404	/var/lib/redpanda/data/kafka_internal/tx/9_39
8632	/var/lib/redpanda/data/kafka_internal/tx/26_39
8468	/var/lib/redpanda/data/kafka_internal/tx/48_39
8592	/var/lib/redpanda/data/kafka_internal/tx/25_39
8548	/var/lib/redpanda/data/kafka_internal/tx/27_39
8524	/var/lib/redpanda/data/kafka_internal/tx/40_39
8016	/var/lib/redpanda/data/kafka_internal/tx/19_39
7876	/var/lib/redpanda/data/kafka_internal/tx/21_39
8212	/var/lib/redpanda/data/kafka_internal/tx/14_39
8396	/var/lib/redpanda/data/kafka_internal/tx/22_39
8484	/var/lib/redpanda/data/kafka_internal/tx/42_39
8212	/var/lib/redpanda/data/kafka_internal/tx/6_39
8376	/var/lib/redpanda/data/kafka_internal/tx/28_39
8304	/var/lib/redpanda/data/kafka_internal/tx/35_39
8576	/var/lib/redpanda/data/kafka_internal/tx/33_39
8264	/var/lib/redpanda/data/kafka_internal/tx/34_39
8352	/var/lib/redpanda/data/kafka_internal/tx/32_39
8516	/var/lib/redpanda/data/kafka_internal/tx/11_39
7968	/var/lib/redpanda/data/kafka_internal/tx/1_39
8288	/var/lib/redpanda/data/kafka_internal/tx/0_39
8500	/var/lib/redpanda/data/kafka_internal/tx/46_39
8524	/var/lib/redpanda/data/kafka_internal/tx/49_39
8124	/var/lib/redpanda/data/kafka_internal/tx/8_39
8092	/var/lib/redpanda/data/kafka_internal/tx/15_39
7820	/var/lib/redpanda/data/kafka_internal/tx/36_39
8352	/var/lib/redpanda/data/kafka_internal/tx/43_39
7836	/var/lib/redpanda/data/kafka_internal/tx/18_39
8492	/var/lib/redpanda/data/kafka_internal/tx/44_39
7992	/var/lib/redpanda/data/kafka_internal/tx/38_39
413152	/var/lib/redpanda/data/kafka_internal/tx
8004	/var/lib/redpanda/data/kafka_internal/id_allocator/0_40
8008	/var/lib/redpanda/data/kafka_internal/id_allocator
421164	/var/lib/redpanda/data/kafka_internal
512636	/var/lib/redpanda/data
