 Volume reef-calcify-financial-s1-bounded-pilot_rp1-data Creating 
 Volume reef-calcify-financial-s1-bounded-pilot_rp2-data Creating 
 Volume reef-calcify-financial-s1-bounded-pilot_rp2-data Creating 
 Network reef-calcify-financial-s1-bounded-pilot_default Creating 
 Volume reef-calcify-financial-s1-bounded-pilot_rp1-data Creating 
 Volume reef-calcify-financial-s1-bounded-pilot_rp0-data Creating 
 Volume reef-calcify-financial-s1-bounded-pilot_rp0-data Creating 
 Network reef-calcify-financial-s1-bounded-pilot_default Creating 
 Volume reef-calcify-financial-s1-bounded-pilot_rp2-data Created 
 Volume reef-calcify-financial-s1-bounded-pilot_rp2-data Created 
 Volume reef-calcify-financial-s1-bounded-pilot_rp0-data Created 
 Volume reef-calcify-financial-s1-bounded-pilot_rp0-data Created 
 Volume reef-calcify-financial-s1-bounded-pilot_rp1-data Created 
 Volume reef-calcify-financial-s1-bounded-pilot_rp1-data Created 
 Network reef-calcify-financial-s1-bounded-pilot_default Created 
 Network reef-calcify-financial-s1-bounded-pilot_default Created 
 Container reef-calcify-financial-s1-bounded-pilot-rp2-1 Creating 
 Container reef-calcify-financial-s1-bounded-pilot-rp1-1 Creating 
 Container reef-calcify-financial-s1-bounded-pilot-rp0-1 Creating 
 Container reef-calcify-financial-s1-bounded-pilot-rp2-1 Created 
 Container reef-calcify-financial-s1-bounded-pilot-rp0-1 Created 
 Container reef-calcify-financial-s1-bounded-pilot-rp1-1 Created 
 Container reef-calcify-financial-s1-bounded-pilot-rp0-1 Starting 
 Container reef-calcify-financial-s1-bounded-pilot-rp2-1 Starting 
 Container reef-calcify-financial-s1-bounded-pilot-rp1-1 Starting 
 Container reef-calcify-financial-s1-bounded-pilot-rp0-1 Started 
 Container reef-calcify-financial-s1-bounded-pilot-rp2-1 Started 
 Container reef-calcify-financial-s1-bounded-pilot-rp1-1 Started 
 Container reef-calcify-financial-s1-bounded-pilot-rp2-1 Waiting 
 Container reef-calcify-financial-s1-bounded-pilot-rp0-1 Waiting 
 Container reef-calcify-financial-s1-bounded-pilot-rp1-1 Waiting 
 Container reef-calcify-financial-s1-bounded-pilot-rp0-1 Healthy 
 Container reef-calcify-financial-s1-bounded-pilot-rp1-1 Healthy 
 Container reef-calcify-financial-s1-bounded-pilot-rp2-1 Healthy 
