TAP version 13
# Subtest: preparation stops until E3 correctness and real calibration plus indexed/bounded adapter exist
ok 1 - preparation stops until E3 correctness and real calibration plus indexed/bounded adapter exist
  ---
  duration_ms: 1.008583
  type: 'test'
  ...
# Subtest: source/fixture mismatches and fabricated zero-byte calibration cannot freeze runnable policy
ok 2 - source/fixture mismatches and fabricated zero-byte calibration cannot freeze runnable policy
  ---
  duration_ms: 0.157125
  type: 'test'
  ...
# Subtest: aged estimate retains proposed 1m identities; over-budget case explicitly shrinks diagnostic only
ok 3 - aged estimate retains proposed 1m identities; over-budget case explicitly shrinks diagnostic only
  ---
  duration_ms: 0.145375
  type: 'test'
  ...
# Subtest: disk space gate and exact prefunding bound all declared timed plus pending work
ok 4 - disk space gate and exact prefunding bound all declared timed plus pending work
  ---
  duration_ms: 0.651209
  type: 'test'
  ...
# Subtest: measurement separates stage rates; complete parity and all telemetry permit diagnostic pass
ok 5 - measurement separates stage rates; complete parity and all telemetry permit diagnostic pass
  ---
  duration_ms: 0.769125
  type: 'test'
  ...
# Subtest: producer duration miss fails even when output is exact after drain
ok 6 - producer duration miss fails even when output is exact after drain
  ---
  duration_ms: 0.347625
  type: 'test'
  ...
# Subtest: late drain cannot be counted as deadline output or settled financial throughput
ok 7 - late drain cannot be counted as deadline output or settled financial throughput
  ---
  duration_ms: 0.251875
  type: 'test'
  ...
# Subtest: cumulative offered cannot roll back between deadline and final cuts
ok 8 - cumulative offered cannot roll back between deadline and final cuts
  ---
  duration_ms: 0.183834
  type: 'test'
  ...
# Subtest: cumulative admitted cannot roll back between deadline and final cuts
ok 9 - cumulative admitted cannot roll back between deadline and final cuts
  ---
  duration_ms: 0.3945
  type: 'test'
  ...
# Subtest: cumulative decided cannot roll back between deadline and final cuts
ok 10 - cumulative decided cannot roll back between deadline and final cuts
  ---
  duration_ms: 0.583792
  type: 'test'
  ...
# Subtest: cumulative settled cannot roll back between deadline and final cuts
ok 11 - cumulative settled cannot roll back between deadline and final cuts
  ---
  duration_ms: 0.24775
  type: 'test'
  ...
# Subtest: deadline offers cannot exceed frozen expected workload even if final agrees
ok 12 - deadline offers cannot exceed frozen expected workload even if final agrees
  ---
  duration_ms: 0.539541
  type: 'test'
  ...
# Subtest: each cut rejects admission ordering and settlement accounting violations
ok 13 - each cut rejects admission ordering and settlement accounting violations
  ---
  duration_ms: 0.828334
  type: 'test'
  ...
# Subtest: pending may decrease during drain; only missed deadline settlement fails
ok 14 - pending may decrease during drain; only missed deadline settlement fails
  ---
  duration_ms: 0.435667
  type: 'test'
  ...
# Subtest: missing accounting or resource metrics are explicit limited attempt; count inconsistency fails
ok 15 - missing accounting or resource metrics are explicit limited attempt; count inconsistency fails
  ---
  duration_ms: 0.302416
  type: 'test'
  ...
# Subtest: lag growth, over-budget disk and unsupported latency clock cannot silently pass
ok 16 - lag growth, over-budget disk and unsupported latency clock cannot silently pass
  ---
  duration_ms: 0.141208
  type: 'test'
  ...
# Subtest: highest stable measured arm creates fresh/aged 300s pair with same business workload
ok 17 - highest stable measured arm creates fresh/aged 300s pair with same business workload
  ---
  duration_ms: 0.083625
  type: 'test'
  ...
# Subtest: missing restore cost, partial monitoring and observer slowdown remain limited preflight
ok 18 - missing restore cost, partial monitoring and observer slowdown remain limited preflight
  ---
  duration_ms: 0.140458
  type: 'test'
  ...
# Subtest: load and calibration entrypoints refuse before filesystem or adapter work without authorization
ok 19 - load and calibration entrypoints refuse before filesystem or adapter work without authorization
  ---
  duration_ms: 0.361541
  type: 'test'
  ...
# Subtest: calibration overrides cannot undercut measured physical byte budget or use invalid numbers
ok 20 - calibration overrides cannot undercut measured physical byte budget or use invalid numbers
  ---
  duration_ms: 0.364667
  type: 'test'
  ...
# Subtest: valid byte override preserves conservative floor and may increase budget only
ok 21 - valid byte override preserves conservative floor and may increase budget only
  ---
  duration_ms: 0.097667
  type: 'test'
  ...
# Subtest: derived per-trade budget must remain safe integer before policy freezes
ok 22 - derived per-trade budget must remain safe integer before policy freezes
  ---
  duration_ms: 0.072333
  type: 'test'
  ...
# Subtest: invalid telemetry produces null derived metrics instead of non-finite values
ok 23 - invalid telemetry produces null derived metrics instead of non-finite values
  ---
  duration_ms: 1.045458
  type: 'test'
  ...
# Subtest: invalid duration and zero trades cannot publish non-finite derived metrics
ok 24 - invalid duration and zero trades cannot publish non-finite derived metrics
  ---
  duration_ms: 0.630334
  type: 'test'
  ...
# Subtest: M3H missing conservative heap evidence blocks legacy real calibration
ok 25 - M3H missing conservative heap evidence blocks legacy real calibration
  ---
  duration_ms: 0.070041
  type: 'test'
  ...
# Subtest: M3H oversized retained heap cannot freeze despite fitting physical budget
ok 26 - M3H oversized retained heap cannot freeze despite fitting physical budget
  ---
  duration_ms: 0.068292
  type: 'test'
  ...
# Subtest: M3H finite checked formula includes timed+aged identities, pending and both reserves
ok 27 - M3H finite checked formula includes timed+aged identities, pending and both reserves
  ---
  duration_ms: 0.182417
  type: 'test'
  ...
# Subtest: M3H numeric controls reject missing, string, negative, NaN, infinity, unsafe and fractional values
ok 28 - M3H numeric controls reject missing, string, negative, NaN, infinity, unsafe and fractional values
  ---
  duration_ms: 1.87525
  type: 'test'
  ...
# Subtest: M3H child lower max recomputes limit, higher unauthorized max cannot raise request cap
ok 29 - M3H child lower max recomputes limit, higher unauthorized max cannot raise request cap
  ---
  duration_ms: 0.155125
  type: 'test'
  ...
# Subtest: M3H equality, unsupported counts and multiplication/addition overflow refuse
ok 30 - M3H equality, unsupported counts and multiplication/addition overflow refuse
  ---
  duration_ms: 0.182958
  type: 'test'
  ...
# Subtest: M3H fresh and aged overrun block without silently shrinking original heap workload
ok 31 - M3H fresh and aged overrun block without silently shrinking original heap workload
  ---
  duration_ms: 0.150625
  type: 'test'
  ...
# Subtest: M3H candidate/config/fixture/build/VM/review mismatch or legacy averages refuse
ok 32 - M3H candidate/config/fixture/build/VM/review mismatch or legacy averages refuse
  ---
  duration_ms: 0.439167
  type: 'test'
  ...
# Subtest: M3H executable raw bound/capability/review/fixture bytes hash and exact scope verified before adapter read
ok 33 - M3H executable raw bound/capability/review/fixture bytes hash and exact scope verified before adapter read
  ---
  duration_ms: 20.417708
  type: 'test'
  ...
# Subtest: M3H synthetic evidence and unpinned launcher cannot authorize executable load
ok 34 - M3H synthetic evidence and unpinned launcher cannot authorize executable load
  ---
  duration_ms: 3.199416
  type: 'test'
  ...
# Subtest: M3H runtime guard failure or missing lifecycle observation cannot publish diagnostic success
ok 35 - M3H runtime guard failure or missing lifecycle observation cannot publish diagnostic success
  ---
  duration_ms: 0.988709
  type: 'test'
  ...
# Subtest: M3H capability timeout escalates TERM to KILL with bounded output and retained process error
ok 36 - M3H capability timeout escalates TERM to KILL with bounded output and retained process error
  ---
  duration_ms: 19.869292
  type: 'test'
  ...
# Subtest: M3H symlink outside policy ownership and valid hash with changed raw identity refuse
ok 37 - M3H symlink outside policy ownership and valid hash with changed raw identity refuse
  ---
  duration_ms: 3.532708
  type: 'test'
  ...
1..37
# tests 37
# suites 0
# pass 37
# fail 0
# cancelled 0
# skipped 0
# todo 0
# duration_ms 111.661375
