TAP version 13
# Subtest: preparation stops until E3 correctness and real calibration plus indexed/bounded adapter exist
ok 1 - preparation stops until E3 correctness and real calibration plus indexed/bounded adapter exist
  ---
  duration_ms: 0.809792
  type: 'test'
  ...
# Subtest: source/fixture mismatches and fabricated zero-byte calibration cannot freeze runnable policy
ok 2 - source/fixture mismatches and fabricated zero-byte calibration cannot freeze runnable policy
  ---
  duration_ms: 0.161792
  type: 'test'
  ...
# Subtest: aged estimate retains proposed 1m identities; over-budget case explicitly shrinks diagnostic only
ok 3 - aged estimate retains proposed 1m identities; over-budget case explicitly shrinks diagnostic only
  ---
  duration_ms: 0.13275
  type: 'test'
  ...
# Subtest: disk space gate and exact prefunding bound all declared timed plus pending work
ok 4 - disk space gate and exact prefunding bound all declared timed plus pending work
  ---
  duration_ms: 0.338083
  type: 'test'
  ...
# Subtest: measurement separates stage rates; complete parity and all telemetry permit diagnostic pass
ok 5 - measurement separates stage rates; complete parity and all telemetry permit diagnostic pass
  ---
  duration_ms: 0.629125
  type: 'test'
  ...
# Subtest: producer duration miss fails even when output is exact after drain
ok 6 - producer duration miss fails even when output is exact after drain
  ---
  duration_ms: 0.875125
  type: 'test'
  ...
# Subtest: late drain cannot be counted as deadline output or settled financial throughput
ok 7 - late drain cannot be counted as deadline output or settled financial throughput
  ---
  duration_ms: 0.22475
  type: 'test'
  ...
# Subtest: cumulative stages cannot roll back between deadline and final cuts
ok 8 - cumulative stages cannot roll back between deadline and final cuts
  ---
  duration_ms: 0.593083
  type: 'test'
  ...
# Subtest: deadline offers cannot exceed frozen expected workload even if final agrees
ok 9 - deadline offers cannot exceed frozen expected workload even if final agrees
  ---
  duration_ms: 0.5145
  type: 'test'
  ...
# Subtest: each cut rejects admission ordering and settlement accounting violations
ok 10 - each cut rejects admission ordering and settlement accounting violations
  ---
  duration_ms: 0.609
  type: 'test'
  ...
# Subtest: pending may decrease during drain; only missed deadline settlement fails
ok 11 - pending may decrease during drain; only missed deadline settlement fails
  ---
  duration_ms: 0.492208
  type: 'test'
  ...
# Subtest: missing accounting or resource metrics are explicit limited attempt; count inconsistency fails
ok 12 - missing accounting or resource metrics are explicit limited attempt; count inconsistency fails
  ---
  duration_ms: 0.160417
  type: 'test'
  ...
# Subtest: lag growth, over-budget disk and unsupported latency clock cannot silently pass
ok 13 - lag growth, over-budget disk and unsupported latency clock cannot silently pass
  ---
  duration_ms: 0.086
  type: 'test'
  ...
# Subtest: highest stable measured arm creates fresh/aged 300s pair with same business workload
ok 14 - highest stable measured arm creates fresh/aged 300s pair with same business workload
  ---
  duration_ms: 0.113208
  type: 'test'
  ...
# Subtest: missing restore cost, partial monitoring and observer slowdown remain limited preflight
ok 15 - missing restore cost, partial monitoring and observer slowdown remain limited preflight
  ---
  duration_ms: 0.0985
  type: 'test'
  ...
# Subtest: load and calibration entrypoints refuse before filesystem or adapter work without authorization
ok 16 - load and calibration entrypoints refuse before filesystem or adapter work without authorization
  ---
  duration_ms: 0.349542
  type: 'test'
  ...
1..16
# tests 16
# suites 0
# pass 16
# fail 0
# cancelled 0
# skipped 0
# todo 0
# duration_ms 59.709542
