CREATE SCHEMA
CREATE SCHEMA
CREATE SCHEMA
CREATE SCHEMA
CREATE SCHEMA
CREATE SCHEMA
CREATE SCHEMA
CREATE SCHEMA
scripts/dev/db/migrations/runtime/0001_runtime_init.sql
BEGIN
COMMIT
scripts/dev/db/migrations/runtime/0002_event_backbone.sql
BEGIN
CREATE EXTENSION
CREATE TABLE
CREATE INDEX
CREATE INDEX
CREATE INDEX
CREATE TABLE
CREATE INDEX
CREATE FUNCTION
CREATE FUNCTION
CREATE FUNCTION
CREATE FUNCTION
CREATE FUNCTION
COMMIT
scripts/dev/db/migrations/runtime/0003_live_runtime_persistence.sql
BEGIN
NOTICE:  schema "runtime" already exists, skipping
CREATE SCHEMA
CREATE TABLE
CREATE TABLE
CREATE TABLE
CREATE TABLE
CREATE TABLE
CREATE TABLE
CREATE TABLE
NOTICE:  relation "runtime_events" already exists, skipping
ALTER TABLE
ALTER TABLE
ALTER TABLE
ALTER TABLE
NOTICE:  column "actor_id" of relation "runtime_events" already exists, skipping
ALTER TABLE
NOTICE:  column "payload_json" of relation "runtime_events" already exists, skipping
CREATE TABLE
CREATE INDEX
CREATE INDEX
CREATE INDEX
CREATE INDEX
CREATE INDEX
CREATE INDEX
CREATE TABLE
CREATE FUNCTION
CREATE FUNCTION
COMMIT
scripts/dev/db/migrations/runtime/0004_bulk_submit_outcomes.sql
BEGIN
CREATE FUNCTION
COMMIT
scripts/dev/db/migrations/runtime/0005_set_based_submit_outcomes.sql
BEGIN
CREATE FUNCTION
COMMIT
scripts/dev/db/migrations/runtime/0006_canonical_append_store.sql
BEGIN
CREATE TABLE
CREATE INDEX
CREATE INDEX
CREATE TABLE
CREATE INDEX
CREATE INDEX
CREATE FUNCTION
COMMIT
scripts/dev/db/migrations/runtime/0007_projection_watermarks.sql
BEGIN
CREATE TABLE
CREATE FUNCTION
COMMIT
scripts/dev/db/migrations/runtime/0008_partitioned_projection_batching.sql
BEGIN
DROP FUNCTION
CREATE FUNCTION
COMMIT
scripts/dev/db/migrations/runtime/0009_runtime_canonical_event_row_toggle.sql
BEGIN
CREATE FUNCTION
COMMIT
scripts/dev/db/migrations/runtime/0010_venue_event_batch_materialization.sql
BEGIN
CREATE TABLE
CREATE INDEX
CREATE TABLE
CREATE INDEX
CREATE INDEX
CREATE FUNCTION
COMMIT
scripts/dev/db/migrations/runtime/0011_canonical_command_outcome_projection.sql
BEGIN
CREATE FUNCTION
COMMIT
scripts/dev/db/migrations/runtime/0012_cap_command_outcome_projection_batch.sql
BEGIN
CREATE FUNCTION
COMMIT
scripts/dev/db/migrations/runtime/0013_scope_venue_event_batch_identity.sql
BEGIN
ALTER TABLE
ALTER TABLE
ALTER TABLE
NOTICE:  identifier "canonical_command_outcomes_event_stream_batch_id_stream_sequence_key" will be truncated to "canonical_command_outcomes_event_stream_batch_id_stream_sequenc"
ALTER TABLE
DROP INDEX
CREATE INDEX
CREATE FUNCTION
COMMIT
scripts/dev/db/migrations/runtime/0014_lifecycle_command_outcome_projection.sql
BEGIN
CREATE FUNCTION
COMMIT
scripts/dev/db/migrations/runtime/0015_market_data_snapshots.sql
BEGIN
CREATE TABLE
COMMIT
scripts/dev/db/migrations/runtime/0016_order_lifecycle_state.sql
BEGIN
CREATE TABLE
CREATE INDEX
COMMIT
scripts/dev/db/migrations/runtime/0017_project_execution_trade_fills.sql
BEGIN
CREATE FUNCTION
COMMIT
scripts/dev/db/migrations/runtime/0018_projector_fill_depth_toggle.sql
BEGIN
DROP FUNCTION
CREATE FUNCTION
COMMIT
scripts/dev/db/migrations/runtime/0019_reject_order_lifecycle.sql
BEGIN
CREATE FUNCTION
COMMIT
scripts/dev/db/migrations/runtime/0020_order_lifecycle_incremental.sql
BEGIN
CREATE TABLE
CREATE INDEX
CREATE FUNCTION
CREATE FUNCTION
CREATE FUNCTION
COMMIT
scripts/dev/db/migrations/runtime/0021_market_data_snapshot_incremental.sql
BEGIN
CREATE TABLE
CREATE INDEX
CREATE FUNCTION
CREATE FUNCTION
COMMIT
scripts/dev/db/migrations/runtime/0022_trade_tape.sql
BEGIN
ALTER TABLE
CREATE INDEX
COMMIT
scripts/dev/db/migrations/runtime/0023_project_orders_from_event_batch_payload.sql
BEGIN
CREATE FUNCTION
COMMIT
scripts/dev/db/migrations/runtime/0024_scope_command_outcome_projection_stream.sql
BEGIN
DROP FUNCTION
CREATE FUNCTION
COMMIT
scripts/dev/db/migrations/runtime/0025_orders_client_order_lookup.sql
BEGIN
ALTER TABLE
CREATE INDEX
CREATE FUNCTION
CREATE FUNCTION
COMMIT
scripts/dev/db/migrations/runtime/0026_contiguous_command_outcome_projection_watermarks.sql
BEGIN
DROP FUNCTION
CREATE FUNCTION
COMMIT
scripts/dev/db/migrations/runtime/0027_audit_persistence_hardening.sql
BEGIN
CREATE FUNCTION
CREATE FUNCTION
CREATE INDEX
COMMIT
scripts/dev/db/migrations/runtime/0028_typed_top_of_book_facts.sql
BEGIN
ALTER TABLE
ALTER TABLE
UPDATE 0
UPDATE 0
DROP INDEX
CREATE INDEX
CREATE INDEX
CREATE FUNCTION
CREATE FUNCTION
COMMIT
scripts/dev/db/migrations/runtime/0029_typed_runtime_event_facts.sql
BEGIN
ALTER TABLE
UPDATE 0
CREATE FUNCTION
DROP TRIGGER
NOTICE:  trigger "runtime_events_set_typed_facts" for relation "runtime.runtime_events" does not exist, skipping
CREATE TRIGGER
CREATE INDEX
CREATE INDEX
COMMIT
scripts/dev/db/migrations/runtime/0030_typed_submit_result_facts.sql
BEGIN
ALTER TABLE
UPDATE 0
CREATE FUNCTION
NOTICE:  trigger "submit_results_set_typed_facts" for relation "runtime.submit_results" does not exist, skipping
DROP TRIGGER
CREATE TRIGGER
CREATE INDEX
CREATE INDEX
COMMIT
scripts/dev/db/migrations/runtime/0031_typed_execution_trade_facts.sql
BEGIN
ALTER TABLE
ALTER TABLE
UPDATE 0
UPDATE 0
CREATE FUNCTION
CREATE FUNCTION
DROP TRIGGER
DROP TRIGGER
NOTICE:  trigger "executions_set_typed_facts" for relation "runtime.executions" does not exist, skipping
NOTICE:  trigger "trades_set_typed_facts" for relation "runtime.trades" does not exist, skipping
CREATE TRIGGER
CREATE TRIGGER
CREATE INDEX
CREATE INDEX
CREATE INDEX
CREATE INDEX
COMMIT
scripts/dev/db/migrations/runtime/0032_typed_order_facts.sql
BEGIN
ALTER TABLE
UPDATE 0
CREATE FUNCTION
NOTICE:  trigger "orders_set_typed_facts" for relation "runtime.orders" does not exist, skipping
DROP TRIGGER
CREATE TRIGGER
CREATE INDEX
CREATE INDEX
CREATE INDEX
COMMIT
scripts/dev/db/migrations/runtime/0033_typed_canonical_time_facts.sql
BEGIN
ALTER TABLE
ALTER TABLE
ALTER TABLE
ALTER TABLE
UPDATE 0
UPDATE 0
UPDATE 0
UPDATE 0
CREATE FUNCTION
CREATE FUNCTION
CREATE FUNCTION
CREATE FUNCTION
DROP TRIGGER
NOTICE:  trigger "canonical_command_results_set_typed_facts" for relation "runtime.canonical_command_results" does not exist, skipping
NOTICE:  trigger "canonical_venue_events_set_typed_facts" for relation "runtime.canonical_venue_events" does not exist, skipping
DROP TRIGGER
NOTICE:  trigger "canonical_venue_event_batches_set_typed_facts" for relation "runtime.canonical_venue_event_batches" does not exist, skipping
DROP TRIGGER
NOTICE:  trigger "canonical_command_outcomes_set_typed_facts" for relation "runtime.canonical_command_outcomes" does not exist, skipping
DROP TRIGGER
CREATE TRIGGER
CREATE TRIGGER
CREATE TRIGGER
CREATE TRIGGER
CREATE INDEX
CREATE INDEX
CREATE INDEX
CREATE INDEX
COMMIT
scripts/dev/db/migrations/runtime/0034_post_trade_profile_references.sql
BEGIN
CREATE TABLE
CREATE TABLE
COMMIT
scripts/dev/db/migrations/runtime/0035_drop_batch_payload_gin_lookup_index.sql
BEGIN
DROP INDEX
NOTICE:  index "idx_canonical_venue_event_batches_payload_json_gin" does not exist, skipping
COMMIT
scripts/dev/db/migrations/runtime/0036_canonical_archive_tables.sql
BEGIN
CREATE TABLE
CREATE TABLE
CREATE INDEX
CREATE INDEX
CREATE TABLE
CREATE TABLE
CREATE INDEX
CREATE INDEX
COMMIT
scripts/dev/db/migrations/runtime/0037_runtime_event_trade_archive_tables.sql
BEGIN
CREATE TABLE
CREATE TABLE
CREATE INDEX
CREATE INDEX
CREATE TABLE
CREATE TABLE
CREATE INDEX
CREATE INDEX
COMMIT
scripts/dev/db/migrations/runtime/0038_projection_dirty_lock_order.sql
BEGIN
CREATE FUNCTION
CREATE FUNCTION
COMMIT
scripts/dev/db/migrations/runtime/0039_command_outcome_projection_metadata.sql
BEGIN
NOTICE:  function runtime.runtime_project_canonical_command_outcomes(text,pg_catalog.int4,pg_catalog.int4[],pg_catalog.bool) does not exist, skipping
DROP FUNCTION
CREATE FUNCTION
COMMIT
scripts/dev/db/migrations/runtime/0040_split_submit_outcome_projection_stages.sql
BEGIN
CREATE FUNCTION
CREATE FUNCTION
CREATE FUNCTION
CREATE FUNCTION
COMMIT
scripts/dev/db/migrations/runtime/0041_deterministic_timeline_projection_sequence.sql
BEGIN
CREATE FUNCTION
CREATE FUNCTION
COMMIT
scripts/dev/db/migrations/runtime/0042_unlogged_projection_dirty_queues.sql
BEGIN
ALTER TABLE
ALTER TABLE
COMMIT
scripts/dev/db/migrations/runtime/0043_runtime_event_payload_cold_table.sql
BEGIN
CREATE TABLE
ALTER TABLE
INSERT 0 0
UPDATE 0
CREATE FUNCTION
DROP TRIGGER
CREATE TRIGGER
CREATE FUNCTION
CREATE FUNCTION
COMMIT
scripts/dev/db/migrations/runtime/0044_idempotent_lifecycle_projection.sql
BEGIN
CREATE FUNCTION
COMMIT
scripts/dev/db/migrations/runtime/0045_drop_legacy_runtime_event_indexes.sql
BEGIN
DROP INDEX
DROP INDEX
DROP INDEX
COMMIT
scripts/dev/db/migrations/runtime/0046_order_modified_lifecycle_index.sql
BEGIN
CREATE INDEX
DROP INDEX
CREATE FUNCTION
COMMIT
scripts/dev/db/migrations/runtime/0047_venue_event_batch_integrity.sql
BEGIN
DROP INDEX
CREATE FUNCTION
COMMIT
scripts/dev/db/migrations/runtime/0048_execution_liquidity_role.sql
BEGIN
ALTER TABLE
ALTER TABLE
CREATE FUNCTION
COMMIT
scripts/dev/db/migrations/runtime/0049_execution_replay_conflicts.sql
BEGIN
CREATE FUNCTION
CREATE FUNCTION
COMMIT
scripts/dev/db/migrations/runtime/0050_projection_batch_claims.sql
BEGIN
CREATE TABLE
CREATE TABLE
CREATE INDEX
CREATE FUNCTION
CREATE FUNCTION
CREATE FUNCTION
CREATE FUNCTION
ALTER FUNCTION
CREATE FUNCTION
CREATE FUNCTION
CREATE FUNCTION
DROP FUNCTION
COMMIT
scripts/dev/db/migrations/runtime/0051_lifecycle_terminal_numeric_parity.sql
BEGIN
CREATE FUNCTION
COMMIT
scripts/dev/db/migrations/runtime/0052_projection_dirty_serialization.sql
BEGIN
CREATE FUNCTION
CREATE FUNCTION
CREATE FUNCTION
COMMIT
scripts/dev/db/migrations/runtime/0053_market_data_indexed_top_of_book.sql
BEGIN
CREATE FUNCTION
COMMIT
scripts/dev/db/migrations/runtime/0054_projection_claim_cleanup_skip_locked.sql
BEGIN
CREATE FUNCTION
COMMIT
scripts/dev/db/migrations/runtime/0055_market_data_indexed_currency.sql
BEGIN
CREATE INDEX
CREATE FUNCTION
COMMIT
scripts/dev/db/migrations/runtime/0056_lifecycle_parameter_sensitive_plans.sql
BEGIN
ALTER FUNCTION
COMMIT
scripts/dev/db/migrations/runtime/0057_market_data_idle_metadata.sql
BEGIN
CREATE FUNCTION
COMMIT
scripts/dev/db/migrations/runtime/0058_canonical_status_covering_index.sql
BEGIN
DROP INDEX
CREATE INDEX
COMMIT
scripts/dev/db/migrations/runtime/0059_trade_replay_and_parse.sql
BEGIN
CREATE FUNCTION
CREATE FUNCTION
CREATE FUNCTION
COMMIT
scripts/dev/db/migrations/runtime/0060_canonical_sequence_prefix_guard.sql
BEGIN
CREATE FUNCTION
COMMIT
scripts/dev/db/migrations/runtime/0061_canonical_sequence_uniqueness.sql
BEGIN
SET
SET
DO
SET
CREATE INDEX
DO
COMMIT
scripts/dev/db/migrations/runtime/0062_consolidate_canonical_sequence_index.sql
BEGIN
SET
SET
CREATE INDEX
DO
DROP INDEX
ALTER INDEX
DROP INDEX
COMMIT
scripts/dev/db/migrations/runtime/0063_reuse_materialized_batch_outcomes.sql
BEGIN
CREATE FUNCTION
COMMIT
scripts/dev/db/migrations/runtime/0064_fail_closed_batch_outcome_insert.sql
BEGIN
CREATE FUNCTION
COMMIT
scripts/dev/db/migrations/runtime/0065_lock_only_projection_dirty_conflicts.sql
BEGIN
DO
COMMIT
scripts/dev/db/migrations/runtime/0066_drop_unused_order_event_time_index.sql
BEGIN
DROP INDEX
COMMIT
scripts/dev/db/migrations/runtime/0068_event_replay_conflicts.sql
BEGIN
ALTER TABLE
CREATE FUNCTION
CREATE FUNCTION
COMMIT
scripts/dev/db/migrations/runtime/0069_logged_projection_dirty_queues.sql
BEGIN
ALTER TABLE
ALTER TABLE
COMMIT
scripts/dev/db/migrations/runtime/0070_calcify_phase1_receipts.sql
BEGIN
CREATE TABLE
INSERT 0 1
CREATE TABLE
COMMIT
scripts/dev/db/migrations/runtime/0071_calcify_source_topic_identity.sql
BEGIN
ALTER TABLE
COMMIT
scripts/dev/db/migrations/runtime/0072_calcify_topic_identities.sql
BEGIN
CREATE TABLE
COMMIT
scripts/dev/db/migrations/runtime/0073_runtime_order_run_identity.sql
BEGIN
ALTER TABLE
NOTICE:  column "payload_sha256" of relation "runtime_events" already exists, skipping
CREATE FUNCTION
CREATE FUNCTION
CREATE FUNCTION
ALTER TABLE
ALTER TABLE
ALTER TABLE
ALTER TABLE
ALTER TABLE
ALTER TABLE
ALTER TABLE
CREATE TABLE
NOTICE:  relation "order_lifecycle_dirty" already exists, skipping
CREATE TABLE
NOTICE:  relation "market_data_snapshot_dirty" already exists, skipping
ALTER TABLE
DO
CREATE INDEX
CREATE INDEX
CREATE INDEX
CREATE INDEX
CREATE FUNCTION
CREATE FUNCTION
CREATE FUNCTION
ALTER FUNCTION
DO
CREATE FUNCTION
CREATE FUNCTION
COMMIT
scripts/dev/db/migrations/auth/0001_auth_init.sql
BEGIN
COMMIT
scripts/dev/db/migrations/auth/0002_live_auth_tables.sql
BEGIN
NOTICE:  schema "auth" already exists, skipping
CREATE SCHEMA
CREATE TABLE
CREATE TABLE
COMMIT
scripts/dev/db/migrations/admin/0001_admin_init.sql
BEGIN
COMMIT
scripts/dev/db/migrations/admin/0002_post_trade_profiles.sql
BEGIN
CREATE TABLE
CREATE INDEX
COMMIT
scripts/dev/db/migrations/admin/0003_admin_identity.sql
BEGIN
NOTICE:  schema "admin" already exists, skipping
CREATE SCHEMA
CREATE TABLE
CREATE TABLE
CREATE TABLE
CREATE TABLE
CREATE TABLE
CREATE TABLE
CREATE INDEX
CREATE INDEX
CREATE INDEX
CREATE INDEX
COMMIT
scripts/dev/db/migrations/admin/0004_admin_auth_sessions.sql
BEGIN
CREATE TABLE
CREATE TABLE
CREATE TABLE
CREATE INDEX
CREATE INDEX
CREATE INDEX
COMMIT
scripts/dev/db/migrations/admin/0004_remove_legacy_arena_entitlements.sql
BEGIN
DROP TABLE
DROP TABLE
COMMIT
scripts/dev/db/migrations/boundary/0001_boundary_init.sql
BEGIN
COMMIT
scripts/dev/db/migrations/boundary/0002_live_boundary_tables.sql
BEGIN
NOTICE:  schema "boundary" already exists, skipping
CREATE SCHEMA
CREATE TABLE
CREATE TABLE
CREATE INDEX
COMMIT
scripts/dev/db/migrations/boundary/0003_command_capture_live_shape.sql
BEGIN
ALTER TABLE
ALTER TABLE
ALTER TABLE
ALTER TABLE
ALTER TABLE
ALTER TABLE
ALTER TABLE
COMMIT
scripts/dev/db/migrations/boundary/0004_command_capture_legacy_defaults.sql
BEGIN
ALTER TABLE
ALTER TABLE
COMMIT
scripts/dev/db/migrations/boundary/0005_stream_command_intake.sql
BEGIN
CREATE TABLE
CREATE INDEX
COMMIT
scripts/dev/db/migrations/boundary/0006_account_risk_controls.sql
BEGIN
CREATE TABLE
CREATE TABLE
CREATE INDEX
COMMIT
scripts/dev/db/migrations/boundary/0007_command_circuit_breakers.sql
BEGIN
CREATE TABLE
COMMIT
scripts/dev/db/migrations/boundary/0008_account_risk_limits.sql
BEGIN
ALTER TABLE
ALTER TABLE
COMMIT
scripts/dev/db/migrations/boundary/0009_instrument_price_collars.sql
BEGIN
NOTICE:  schema "boundary" already exists, skipping
CREATE SCHEMA
CREATE TABLE
COMMIT
scripts/dev/db/migrations/boundary/0010_boundary_rejections.sql
BEGIN
CREATE SCHEMA
NOTICE:  schema "boundary" already exists, skipping
CREATE TABLE
CREATE INDEX
COMMIT
scripts/dev/db/migrations/boundary/0011_stream_command_intake_scope_columns.sql
BEGIN
ALTER TABLE
ALTER TABLE
COMMIT
scripts/dev/db/migrations/boundary/0012_restore_account_risk_tables.sql
BEGIN
NOTICE:  relation "account_risk_controls" already exists, skipping
CREATE TABLE
NOTICE:  relation "account_risk_decisions" already exists, skipping
CREATE TABLE
NOTICE:  column "max_quantity_units" of relation "account_risk_controls" already exists, skipping
NOTICE:  column "max_notional" of relation "account_risk_controls" already exists, skipping
NOTICE:  column "currency" of relation "account_risk_controls" already exists, skipping
ALTER TABLE
NOTICE:  column "quantity_units" of relation "account_risk_decisions" already exists, skipping
NOTICE:  column "limit_price" of relation "account_risk_decisions" already exists, skipping
NOTICE:  column "currency" of relation "account_risk_decisions" already exists, skipping
ALTER TABLE
NOTICE:  relation "idx_account_risk_decisions_scope_time" already exists, skipping
CREATE INDEX
COMMIT
scripts/dev/db/migrations/command_log/0001_commands.sql
BEGIN
CREATE SCHEMA
NOTICE:  schema "command_log" already exists, skipping
CREATE TABLE
CREATE INDEX
COMMIT
scripts/dev/db/migrations/command_log/0002_command_results.sql
BEGIN
ALTER TABLE
COMMIT
scripts/dev/db/migrations/command_log/0003_queue_result_split.sql
BEGIN
CREATE TABLE
CREATE INDEX
CREATE TABLE
INSERT 0 0
INSERT 0 0
COMMIT
scripts/dev/db/migrations/command_log/0004_terminal_results_active_queue.sql
BEGIN
ALTER TABLE
NOTICE:  constraint "command_results_status_check" of relation "command_results" does not exist, skipping
ALTER TABLE
ALTER TABLE
UPDATE 0
DELETE 0
CREATE INDEX
COMMIT
scripts/dev/db/migrations/command_log/0005_result_terminal_metadata.sql
BEGIN
ALTER TABLE
UPDATE 0
COMMIT
scripts/dev/db/migrations/command_log/0006_command_append_function.sql
BEGIN
NOTICE:  function command_log.command_append(text,text,text,text,text,text,text,text,timestamptz,jsonb) does not exist, skipping
DROP FUNCTION
CREATE FUNCTION
COMMIT
scripts/dev/db/migrations/command_log/0007_retention_pins.sql
BEGIN
CREATE TABLE
CREATE INDEX
COMMIT
scripts/dev/db/migrations/command_log/0008_command_append_queue_timestamp.sql
BEGIN
CREATE FUNCTION
COMMIT
scripts/dev/db/migrations/command_log/0009_run_metadata.sql
BEGIN
ALTER TABLE
ALTER TABLE
ALTER TABLE
DROP FUNCTION
DROP FUNCTION
NOTICE:  function command_log.command_append(text,text,text,text,text,text,text,text,text,text,text,timestamptz,jsonb) does not exist, skipping
CREATE FUNCTION
COMMIT
scripts/dev/db/migrations/command_log/0010_drop_legacy_status_index.sql
BEGIN
DROP INDEX
ALTER TABLE
DROP FUNCTION
CREATE FUNCTION
COMMIT
scripts/dev/db/migrations/command_log/0011_unlogged_active_queue.sql
BEGIN
ALTER TABLE
COMMIT
scripts/dev/db/migrations/command_log/0012_command_payloads.sql
BEGIN
CREATE TABLE
INSERT 0 0
DROP FUNCTION
CREATE FUNCTION
COMMIT
scripts/dev/db/migrations/command_log/0013_drop_hot_path_foreign_keys.sql
BEGIN
ALTER TABLE
ALTER TABLE
ALTER TABLE
COMMIT
scripts/dev/db/migrations/command_log/0014_integrity_audit_views.sql
BEGIN
CREATE VIEW
CREATE FUNCTION
COMMIT
scripts/dev/db/migrations/command_log/0015_command_results_archive.sql
BEGIN
CREATE TABLE
CREATE TABLE
CREATE INDEX
CREATE INDEX
COMMIT
scripts/dev/db/migrations/orchestration/0001_orchestration_init.sql
BEGIN
NOTICE:  extension "pgcrypto" already exists, skipping
CREATE EXTENSION
CREATE TABLE
CREATE TABLE
CREATE INDEX
CREATE TABLE
CREATE FUNCTION
CREATE FUNCTION
CREATE FUNCTION
CREATE FUNCTION
CREATE FUNCTION
CREATE FUNCTION
COMMIT
scripts/dev/db/migrations/settlement/0001_p2_exception_facts.sql
BEGIN
CREATE SCHEMA
NOTICE:  schema "settlement" already exists, skipping
CREATE TABLE
CREATE TABLE
CREATE TABLE
CREATE TABLE
CREATE TABLE
CREATE TABLE
NOTICE:  column "post_trade_profile_id" of relation "obligations" already exists, skipping
ALTER TABLE
NOTICE:  column "post_trade_policy_version" of relation "obligations" already exists, skipping
ALTER TABLE
NOTICE:  column "post_trade_profile_id" of relation "instructions" already exists, skipping
ALTER TABLE
NOTICE:  column "post_trade_policy_version" of relation "instructions" already exists, skipping
ALTER TABLE
NOTICE:  column "settlement_instruction_id" of relation "attempts" already exists, skipping
ALTER TABLE
NOTICE:  column "post_trade_profile_id" of relation "attempts" already exists, skipping
ALTER TABLE
NOTICE:  column "post_trade_policy_version" of relation "attempts" already exists, skipping
NOTICE:  column "post_trade_profile_id" of relation "breaks" already exists, skipping
ALTER TABLE
ALTER TABLE
NOTICE:  column "post_trade_policy_version" of relation "breaks" already exists, skipping
NOTICE:  column "post_trade_profile_id" of relation "repairs" already exists, skipping
ALTER TABLE
ALTER TABLE
NOTICE:  column "post_trade_policy_version" of relation "repairs" already exists, skipping
ALTER TABLE
ALTER TABLE
ALTER TABLE
NOTICE:  column "post_trade_profile_id" of relation "resolutions" already exists, skipping
NOTICE:  column "post_trade_policy_version" of relation "resolutions" already exists, skipping
CREATE INDEX
CREATE INDEX
CREATE INDEX
CREATE INDEX
CREATE INDEX
CREATE INDEX
COMMIT
scripts/dev/db/migrations/settlement/0002_instant_finality_facts.sql
BEGIN
CREATE TABLE
CREATE TABLE
CREATE TABLE
CREATE INDEX
CREATE INDEX
CREATE INDEX
COMMIT
scripts/dev/db/migrations/settlement/0003_resource_positions_and_fails.sql
BEGIN
CREATE TABLE
CREATE INDEX
DO
ALTER TABLE
ALTER TABLE
DO
ALTER TABLE
ALTER TABLE
COMMIT
scripts/dev/db/migrations/settlement/0004_security_repair_actions.sql
BEGIN
DO
ALTER TABLE
ALTER TABLE
COMMIT
scripts/dev/db/migrations/settlement/0005_operator_actions.sql
BEGIN
CREATE TABLE
CREATE INDEX
COMMIT
scripts/dev/db/migrations/settlement/0006_allocation_confirmation_affirmation_facts.sql
BEGIN
CREATE TABLE
CREATE TABLE
CREATE TABLE
CREATE INDEX
CREATE INDEX
CREATE INDEX
COMMIT
scripts/dev/db/migrations/settlement/0007_clearing_novation_facts.sql
BEGIN
CREATE TABLE
CREATE TABLE
CREATE TABLE
CREATE TABLE
CREATE INDEX
CREATE INDEX
CREATE INDEX
CREATE INDEX
COMMIT
scripts/dev/db/migrations/analytics/0001_simulation_run_exports.sql
BEGIN
CREATE SCHEMA
NOTICE:  schema "analytics" already exists, skipping
CREATE TABLE
CREATE INDEX
CREATE INDEX
COMMIT
scripts/dev/db/migrations/analytics/0002_run_bot_performance_summaries.sql
BEGIN
CREATE TABLE
CREATE INDEX
CREATE INDEX
COMMIT
