SLF4J(W): No SLF4J providers were found.
SLF4J(W): Defaulting to no-operation (NOP) logger implementation
SLF4J(W): See https://www.slf4j.org/codes.html#noProviders for further details.
OBSERVER_READY
{"window":{"elapsedMs":5090,"records":38919,"rate":7644.758283061421}}
{"window":{"elapsedMs":10105,"records":96412,"rate":11465.824463791952}}
{"window":{"elapsedMs":15115,"records":151011,"rate":10898.47558710998}}
{"window":{"elapsedMs":20196,"records":203216,"rate":10273.748848759826}}
{"window":{"elapsedMs":25233,"records":255616,"rate":10403.574216061368}}
{"window":{"elapsedMs":30272,"records":300616,"rate":8930.584132391146}}
{"window":{"elapsedMs":35295,"records":346814,"rate":9195.490001367307}}
{"window":{"elapsedMs":40324,"records":397116,"rate":10002.541465190938}}
{"window":{"elapsedMs":45330,"records":449216,"rate":10408.115580652402}}
{"window":{"elapsedMs":50403,"records":497716,"rate":9559.999857392399}}
{"window":{"elapsedMs":55421,"records":545016,"rate":9427.236424153924}}
{"window":{"elapsedMs":60476,"records":594122,"rate":9714.760390984156}}
{"window":{"elapsedMs":65552,"records":640517,"rate":9139.331367147546}}
{"window":{"elapsedMs":70605,"records":684251,"rate":8655.762370090397}}
{"window":{"elapsedMs":75608,"records":737300,"rate":10601.66569388838}}
{"window":{"elapsedMs":80633,"records":787912,"rate":10072.87143931112}}
{"window":{"elapsedMs":85691,"records":836316,"rate":9569.288128509665}}
{"window":{"elapsedMs":90719,"records":888945,"rate":10466.557628016013}}
{"window":{"elapsedMs":95766,"records":939139,"rate":9945.469969350372}}
{"window":{"elapsedMs":100836,"records":986785,"rate":9397.86082197995}}
{"window":{"elapsedMs":105862,"records":1036414,"rate":9874.534625448425}}
{"window":{"elapsedMs":110932,"records":1086454,"rate":9869.765949163177}}
{"window":{"elapsedMs":116029,"records":1138143,"rate":10140.962896090592}}
{"window":{"elapsedMs":121106,"records":1185217,"rate":9272.004181600221}}
{"window":{"elapsedMs":126137,"records":1235616,"rate":10017.703760584453}}
{"window":{"elapsedMs":131209,"records":1285316,"rate":9799.619229583808}}
{"window":{"elapsedMs":136262,"records":1334915,"rate":9815.055123496859}}
{"window":{"elapsedMs":141314,"records":1389420,"rate":10790.06259936626}}
{"window":{"elapsedMs":146317,"records":1442316,"rate":10573.006332890192}}
{"window":{"elapsedMs":151389,"records":1498621,"rate":11101.406823822881}}
{"window":{"elapsedMs":156437,"records":1553416,"rate":10853.446881870788}}
{"window":{"elapsedMs":161452,"records":1608616,"rate":11006.301730833165}}
{"window":{"elapsedMs":166487,"records":1659733,"rate":10154.106851727782}}
{"window":{"elapsedMs":171565,"records":1702316,"rate":8384.565866786657}}
{"window":{"elapsedMs":176569,"records":1743516,"rate":8234.42001280057}}
{"window":{"elapsedMs":181584,"records":1791713,"rate":9610.958051564055}}
{"window":{"elapsedMs":186587,"records":1840493,"rate":9748.846216705642}}
{"window":{"elapsedMs":191673,"records":1885122,"rate":8774.539586898145}}
{"window":{"elapsedMs":196767,"records":1925800,"rate":7985.331891901685}}
{"window":{"elapsedMs":201794,"records":1971116,"rate":9014.718318423966}}
{"window":{"elapsedMs":206815,"records":2010693,"rate":7882.807154329174}}
{"window":{"elapsedMs":211904,"records":2049416,"rate":7608.652403186073}}
{"window":{"elapsedMs":216962,"records":2096915,"rate":9392.159898568327}}
{"window":{"elapsedMs":222032,"records":2146034,"rate":9687.783997070332}}
{"window":{"elapsedMs":227086,"records":2195517,"rate":9789.99551508678}}
{"window":{"elapsedMs":232123,"records":2243079,"rate":9442.160007756302}}
{"window":{"elapsedMs":237132,"records":2291015,"rate":9571.113590111261}}
{"window":{"elapsedMs":242145,"records":2338716,"rate":9516.165496613477}}
{"window":{"elapsedMs":247172,"records":2383416,"rate":8891.035438999736}}
{"window":{"elapsedMs":252203,"records":2428044,"rate":8870.164868618313}}
{"window":{"elapsedMs":257208,"records":2479280,"rate":10236.60596655755}}
{"window":{"elapsedMs":262243,"records":2531417,"rate":10356.721759943026}}
{"window":{"elapsedMs":267313,"records":2582222,"rate":10019.819573892886}}
{"window":{"elapsedMs":272333,"records":2638617,"rate":11233.15300930781}}
{"window":{"elapsedMs":277338,"records":2696616,"rate":11588.543660485213}}
{"window":{"elapsedMs":282343,"records":2749614,"rate":10589.624133537844}}
{"window":{"elapsedMs":287426,"records":2800516,"rate":10013.343057980825}}
{"window":{"elapsedMs":292450,"records":2853821,"rate":10610.875110922983}}
{"window":{"elapsedMs":297450,"records":2908566,"rate":10948.944526077665}}
{"mark":{"records":2939509,"elapsedMs":300258}}
{"window":{"elapsedMs":302464,"records":2963554,"rate":10967.9796897877}}
{"window":{"elapsedMs":307507,"records":3016515,"rate":10501.456910833487}}
{"window":{"elapsedMs":312517,"records":3072233,"rate":11119.971173253953}}
{"window":{"elapsedMs":317536,"records":3127112,"rate":10936.084879417143}}
{"result":{"startedEpochMs":1790819278862,"expected":3150000,"records":3150000,"unique":3150000,"duplicates":0,"identityChecks":true,"outputBytes":6754923400,"elapsedMs":320095,"activeMs":318789,"durableRate":9881.139715467421,"pass":true,"windows":[{"elapsedMs":5090,"records":38919,"rate":7644.758283061421},{"elapsedMs":10105,"records":96412,"rate":11465.824463791952},{"elapsedMs":15115,"records":151011,"rate":10898.47558710998},{"elapsedMs":20196,"records":203216,"rate":10273.748848759826},{"elapsedMs":25233,"records":255616,"rate":10403.574216061368},{"elapsedMs":30272,"records":300616,"rate":8930.584132391146},{"elapsedMs":35295,"records":346814,"rate":9195.490001367307},{"elapsedMs":40324,"records":397116,"rate":10002.541465190938},{"elapsedMs":45330,"records":449216,"rate":10408.115580652402},{"elapsedMs":50403,"records":497716,"rate":9559.999857392399},{"elapsedMs":55421,"records":545016,"rate":9427.236424153924},{"elapsedMs":60476,"records":594122,"rate":9714.760390984156},{"elapsedMs":65552,"records":640517,"rate":9139.331367147546},{"elapsedMs":70605,"records":684251,"rate":8655.762370090397},{"elapsedMs":75608,"records":737300,"rate":10601.66569388838},{"elapsedMs":80633,"records":787912,"rate":10072.87143931112},{"elapsedMs":85691,"records":836316,"rate":9569.288128509665},{"elapsedMs":90719,"records":888945,"rate":10466.557628016013},{"elapsedMs":95766,"records":939139,"rate":9945.469969350372},{"elapsedMs":100836,"records":986785,"rate":9397.86082197995},{"elapsedMs":105862,"records":1036414,"rate":9874.534625448425},{"elapsedMs":110932,"records":1086454,"rate":9869.765949163177},{"elapsedMs":116029,"records":1138143,"rate":10140.962896090592},{"elapsedMs":121106,"records":1185217,"rate":9272.004181600221},{"elapsedMs":126137,"records":1235616,"rate":10017.703760584453},{"elapsedMs":131209,"records":1285316,"rate":9799.619229583808},{"elapsedMs":136262,"records":1334915,"rate":9815.055123496859},{"elapsedMs":141314,"records":1389420,"rate":10790.06259936626},{"elapsedMs":146317,"records":1442316,"rate":10573.006332890192},{"elapsedMs":151389,"records":1498621,"rate":11101.406823822881},{"elapsedMs":156437,"records":1553416,"rate":10853.446881870788},{"elapsedMs":161452,"records":1608616,"rate":11006.301730833165},{"elapsedMs":166487,"records":1659733,"rate":10154.106851727782},{"elapsedMs":171565,"records":1702316,"rate":8384.565866786657},{"elapsedMs":176569,"records":1743516,"rate":8234.42001280057},{"elapsedMs":181584,"records":1791713,"rate":9610.958051564055},{"elapsedMs":186587,"records":1840493,"rate":9748.846216705642},{"elapsedMs":191673,"records":1885122,"rate":8774.539586898145},{"elapsedMs":196767,"records":1925800,"rate":7985.331891901685},{"elapsedMs":201794,"records":1971116,"rate":9014.718318423966},{"elapsedMs":206815,"records":2010693,"rate":7882.807154329174},{"elapsedMs":211904,"records":2049416,"rate":7608.652403186073},{"elapsedMs":216962,"records":2096915,"rate":9392.159898568327},{"elapsedMs":222032,"records":2146034,"rate":9687.783997070332},{"elapsedMs":227086,"records":2195517,"rate":9789.99551508678},{"elapsedMs":232123,"records":2243079,"rate":9442.160007756302},{"elapsedMs":237132,"records":2291015,"rate":9571.113590111261},{"elapsedMs":242145,"records":2338716,"rate":9516.165496613477},{"elapsedMs":247172,"records":2383416,"rate":8891.035438999736},{"elapsedMs":252203,"records":2428044,"rate":8870.164868618313},{"elapsedMs":257208,"records":2479280,"rate":10236.60596655755},{"elapsedMs":262243,"records":2531417,"rate":10356.721759943026},{"elapsedMs":267313,"records":2582222,"rate":10019.819573892886},{"elapsedMs":272333,"records":2638617,"rate":11233.15300930781},{"elapsedMs":277338,"records":2696616,"rate":11588.543660485213},{"elapsedMs":282343,"records":2749614,"rate":10589.624133537844},{"elapsedMs":287426,"records":2800516,"rate":10013.343057980825},{"elapsedMs":292450,"records":2853821,"rate":10610.875110922983},{"elapsedMs":297450,"records":2908566,"rate":10948.944526077665},{"elapsedMs":302464,"records":2963554,"rate":10967.9796897877},{"elapsedMs":307507,"records":3016515,"rate":10501.456910833487},{"elapsedMs":312517,"records":3072233,"rate":11119.971173253953},{"elapsedMs":317536,"records":3127112,"rate":10936.084879417143}]}}
