SLF4J(W): No SLF4J providers were found.
SLF4J(W): Defaulting to no-operation (NOP) logger implementation
SLF4J(W): See https://www.slf4j.org/codes.html#noProviders for further details.
STATE CREATED -> REBALANCING
STATE REBALANCING -> RUNNING
{"partition":0,"stats":{"generation":1,"partition":0,"sourceCursor":332,"stagedInputOffset":33215,"resolvedCount":33216,"pendingCount":0,"indexedCount":66600,"decodedCount":333,"outputBytes":69339476,"acceptedCacheRows":256,"acceptedCacheBytes":181630,"faultSuffixCount":0,"faultInputOffset":-1,"fault":""}}
{"partition":1,"stats":{"generation":1,"partition":1,"sourceCursor":-1,"stagedInputOffset":-1,"resolvedCount":0,"pendingCount":0,"indexedCount":0,"decodedCount":0,"outputBytes":0,"acceptedCacheRows":0,"acceptedCacheBytes":0,"faultSuffixCount":0,"faultInputOffset":-1,"fault":""}}
{"partition":0,"stats":{"generation":1,"partition":0,"sourceCursor":898,"stagedInputOffset":89849,"resolvedCount":89850,"pendingCount":0,"indexedCount":179800,"decodedCount":899,"outputBytes":188159838,"acceptedCacheRows":256,"acceptedCacheBytes":181630,"faultSuffixCount":0,"faultInputOffset":-1,"fault":""}}
{"partition":1,"stats":{"generation":1,"partition":1,"sourceCursor":-1,"stagedInputOffset":-1,"resolvedCount":0,"pendingCount":0,"indexedCount":0,"decodedCount":0,"outputBytes":0,"acceptedCacheRows":0,"acceptedCacheBytes":0,"faultSuffixCount":0,"faultInputOffset":-1,"fault":""}}
{"partition":0,"stats":{"generation":1,"partition":0,"sourceCursor":1446,"stagedInputOffset":144621,"resolvedCount":144622,"pendingCount":0,"indexedCount":289400,"decodedCount":1447,"outputBytes":304278508,"acceptedCacheRows":256,"acceptedCacheBytes":184190,"faultSuffixCount":0,"faultInputOffset":-1,"fault":""}}
{"partition":1,"stats":{"generation":1,"partition":1,"sourceCursor":-1,"stagedInputOffset":-1,"resolvedCount":0,"pendingCount":0,"indexedCount":0,"decodedCount":0,"outputBytes":0,"acceptedCacheRows":0,"acceptedCacheBytes":0,"faultSuffixCount":0,"faultInputOffset":-1,"fault":""}}
{"partition":0,"stats":{"generation":1,"partition":0,"sourceCursor":1971,"stagedInputOffset":197116,"resolvedCount":197117,"pendingCount":0,"indexedCount":394400,"decodedCount":1972,"outputBytes":415832488,"acceptedCacheRows":256,"acceptedCacheBytes":184190,"faultSuffixCount":0,"faultInputOffset":-1,"fault":""}}
{"partition":1,"stats":{"generation":1,"partition":1,"sourceCursor":-1,"stagedInputOffset":-1,"resolvedCount":0,"pendingCount":0,"indexedCount":0,"decodedCount":0,"outputBytes":0,"acceptedCacheRows":0,"acceptedCacheBytes":0,"faultSuffixCount":0,"faultInputOffset":-1,"fault":""}}
{"partition":0,"stats":{"generation":1,"partition":0,"sourceCursor":2497,"stagedInputOffset":249789,"resolvedCount":249790,"pendingCount":0,"indexedCount":499600,"decodedCount":2498,"outputBytes":527764722,"acceptedCacheRows":256,"acceptedCacheBytes":184190,"faultSuffixCount":0,"faultInputOffset":-1,"fault":""}}
{"partition":1,"stats":{"generation":1,"partition":1,"sourceCursor":-1,"stagedInputOffset":-1,"resolvedCount":0,"pendingCount":0,"indexedCount":0,"decodedCount":0,"outputBytes":0,"acceptedCacheRows":0,"acceptedCacheBytes":0,"faultSuffixCount":0,"faultInputOffset":-1,"fault":""}}
{"partition":0,"stats":{"generation":1,"partition":0,"sourceCursor":2946,"stagedInputOffset":294615,"resolvedCount":294616,"pendingCount":0,"indexedCount":589400,"decodedCount":2947,"outputBytes":623021764,"acceptedCacheRows":256,"acceptedCacheBytes":184190,"faultSuffixCount":0,"faultInputOffset":-1,"fault":""}}
{"partition":1,"stats":{"generation":1,"partition":1,"sourceCursor":-1,"stagedInputOffset":-1,"resolvedCount":0,"pendingCount":0,"indexedCount":0,"decodedCount":0,"outputBytes":0,"acceptedCacheRows":0,"acceptedCacheBytes":0,"faultSuffixCount":0,"faultInputOffset":-1,"fault":""}}
{"partition":0,"stats":{"generation":1,"partition":0,"sourceCursor":3397,"stagedInputOffset":339716,"resolvedCount":339717,"pendingCount":0,"indexedCount":679600,"decodedCount":3398,"outputBytes":718863192,"acceptedCacheRows":256,"acceptedCacheBytes":184190,"faultSuffixCount":0,"faultInputOffset":-1,"fault":""}}
{"partition":1,"stats":{"generation":1,"partition":1,"sourceCursor":-1,"stagedInputOffset":-1,"resolvedCount":0,"pendingCount":0,"indexedCount":0,"decodedCount":0,"outputBytes":0,"acceptedCacheRows":0,"acceptedCacheBytes":0,"faultSuffixCount":0,"faultInputOffset":-1,"fault":""}}
{"partition":0,"stats":{"generation":1,"partition":0,"sourceCursor":3898,"stagedInputOffset":389818,"resolvedCount":389819,"pendingCount":0,"indexedCount":779800,"decodedCount":3899,"outputBytes":825331944,"acceptedCacheRows":256,"acceptedCacheBytes":184190,"faultSuffixCount":0,"faultInputOffset":-1,"fault":""}}
{"partition":1,"stats":{"generation":1,"partition":1,"sourceCursor":-1,"stagedInputOffset":-1,"resolvedCount":0,"pendingCount":0,"indexedCount":0,"decodedCount":0,"outputBytes":0,"acceptedCacheRows":0,"acceptedCacheBytes":0,"faultSuffixCount":0,"faultInputOffset":-1,"fault":""}}
{"partition":0,"stats":{"generation":1,"partition":0,"sourceCursor":4420,"stagedInputOffset":442015,"resolvedCount":442016,"pendingCount":0,"indexedCount":884200,"decodedCount":4421,"outputBytes":936252660,"acceptedCacheRows":256,"acceptedCacheBytes":184190,"faultSuffixCount":0,"faultInputOffset":-1,"fault":""}}
{"partition":1,"stats":{"generation":1,"partition":1,"sourceCursor":-1,"stagedInputOffset":-1,"resolvedCount":0,"pendingCount":0,"indexedCount":0,"decodedCount":0,"outputBytes":0,"acceptedCacheRows":0,"acceptedCacheBytes":0,"faultSuffixCount":0,"faultInputOffset":-1,"fault":""}}
{"partition":0,"stats":{"generation":1,"partition":0,"sourceCursor":4890,"stagedInputOffset":489013,"resolvedCount":489014,"pendingCount":0,"indexedCount":978200,"decodedCount":4891,"outputBytes":1036125292,"acceptedCacheRows":256,"acceptedCacheBytes":184190,"faultSuffixCount":0,"faultInputOffset":-1,"fault":""}}
{"partition":1,"stats":{"generation":1,"partition":1,"sourceCursor":-1,"stagedInputOffset":-1,"resolvedCount":0,"pendingCount":0,"indexedCount":0,"decodedCount":0,"outputBytes":0,"acceptedCacheRows":0,"acceptedCacheBytes":0,"faultSuffixCount":0,"faultInputOffset":-1,"fault":""}}
{"partition":0,"stats":{"generation":1,"partition":0,"sourceCursor":5363,"stagedInputOffset":536320,"resolvedCount":536321,"pendingCount":0,"indexedCount":1072800,"decodedCount":5364,"outputBytes":1136654552,"acceptedCacheRows":256,"acceptedCacheBytes":184190,"faultSuffixCount":0,"faultInputOffset":-1,"fault":""}}
{"partition":1,"stats":{"generation":1,"partition":1,"sourceCursor":-1,"stagedInputOffset":-1,"resolvedCount":0,"pendingCount":0,"indexedCount":0,"decodedCount":0,"outputBytes":0,"acceptedCacheRows":0,"acceptedCacheBytes":0,"faultSuffixCount":0,"faultInputOffset":-1,"fault":""}}
{"partition":0,"stats":{"generation":1,"partition":0,"sourceCursor":5840,"stagedInputOffset":584017,"resolvedCount":584018,"pendingCount":0,"indexedCount":1168200,"decodedCount":5841,"outputBytes":1238012588,"acceptedCacheRows":256,"acceptedCacheBytes":184190,"faultSuffixCount":0,"faultInputOffset":-1,"fault":""}}
{"partition":1,"stats":{"generation":1,"partition":1,"sourceCursor":-1,"stagedInputOffset":-1,"resolvedCount":0,"pendingCount":0,"indexedCount":0,"decodedCount":0,"outputBytes":0,"acceptedCacheRows":0,"acceptedCacheBytes":0,"faultSuffixCount":0,"faultInputOffset":-1,"fault":""}}
{"partition":0,"stats":{"generation":1,"partition":0,"sourceCursor":6314,"stagedInputOffset":631415,"resolvedCount":631416,"pendingCount":0,"indexedCount":1263000,"decodedCount":6315,"outputBytes":1338735236,"acceptedCacheRows":256,"acceptedCacheBytes":184190,"faultSuffixCount":0,"faultInputOffset":-1,"fault":""}}
{"partition":1,"stats":{"generation":1,"partition":1,"sourceCursor":-1,"stagedInputOffset":-1,"resolvedCount":0,"pendingCount":0,"indexedCount":0,"decodedCount":0,"outputBytes":0,"acceptedCacheRows":0,"acceptedCacheBytes":0,"faultSuffixCount":0,"faultInputOffset":-1,"fault":""}}
{"partition":0,"stats":{"generation":1,"partition":0,"sourceCursor":6751,"stagedInputOffset":675169,"resolvedCount":675170,"pendingCount":0,"indexedCount":1350400,"decodedCount":6752,"outputBytes":1431714198,"acceptedCacheRows":256,"acceptedCacheBytes":184190,"faultSuffixCount":0,"faultInputOffset":-1,"fault":""}}
{"partition":1,"stats":{"generation":1,"partition":1,"sourceCursor":-1,"stagedInputOffset":-1,"resolvedCount":0,"pendingCount":0,"indexedCount":0,"decodedCount":0,"outputBytes":0,"acceptedCacheRows":0,"acceptedCacheBytes":0,"faultSuffixCount":0,"faultInputOffset":-1,"fault":""}}
{"partition":0,"stats":{"generation":1,"partition":0,"sourceCursor":7253,"stagedInputOffset":725365,"resolvedCount":725366,"pendingCount":0,"indexedCount":1450800,"decodedCount":7254,"outputBytes":1538382698,"acceptedCacheRows":256,"acceptedCacheBytes":184190,"faultSuffixCount":0,"faultInputOffset":-1,"fault":""}}
{"partition":1,"stats":{"generation":1,"partition":1,"sourceCursor":-1,"stagedInputOffset":-1,"resolvedCount":0,"pendingCount":0,"indexedCount":0,"decodedCount":0,"outputBytes":0,"acceptedCacheRows":0,"acceptedCacheBytes":0,"faultSuffixCount":0,"faultInputOffset":-1,"fault":""}}
{"partition":0,"stats":{"generation":1,"partition":0,"sourceCursor":7777,"stagedInputOffset":777727,"resolvedCount":777728,"pendingCount":0,"indexedCount":1555600,"decodedCount":7778,"outputBytes":1649654076,"acceptedCacheRows":256,"acceptedCacheBytes":184190,"faultSuffixCount":0,"faultInputOffset":-1,"fault":""}}
{"partition":1,"stats":{"generation":1,"partition":1,"sourceCursor":-1,"stagedInputOffset":-1,"resolvedCount":0,"pendingCount":0,"indexedCount":0,"decodedCount":0,"outputBytes":0,"acceptedCacheRows":0,"acceptedCacheBytes":0,"faultSuffixCount":0,"faultInputOffset":-1,"fault":""}}
{"partition":0,"stats":{"generation":1,"partition":0,"sourceCursor":8255,"stagedInputOffset":825589,"resolvedCount":825590,"pendingCount":0,"indexedCount":1651200,"decodedCount":8256,"outputBytes":1751362754,"acceptedCacheRows":256,"acceptedCacheBytes":184190,"faultSuffixCount":0,"faultInputOffset":-1,"fault":""}}
{"partition":1,"stats":{"generation":1,"partition":1,"sourceCursor":-1,"stagedInputOffset":-1,"resolvedCount":0,"pendingCount":0,"indexedCount":0,"decodedCount":0,"outputBytes":0,"acceptedCacheRows":0,"acceptedCacheBytes":0,"faultSuffixCount":0,"faultInputOffset":-1,"fault":""}}
{"partition":0,"stats":{"generation":1,"partition":0,"sourceCursor":8760,"stagedInputOffset":876015,"resolvedCount":876016,"pendingCount":0,"indexedCount":1752200,"decodedCount":8761,"outputBytes":1858520020,"acceptedCacheRows":256,"acceptedCacheBytes":184190,"faultSuffixCount":0,"faultInputOffset":-1,"fault":""}}
{"partition":1,"stats":{"generation":1,"partition":1,"sourceCursor":-1,"stagedInputOffset":-1,"resolvedCount":0,"pendingCount":0,"indexedCount":0,"decodedCount":0,"outputBytes":0,"acceptedCacheRows":0,"acceptedCacheBytes":0,"faultSuffixCount":0,"faultInputOffset":-1,"fault":""}}
{"partition":0,"stats":{"generation":1,"partition":0,"sourceCursor":9265,"stagedInputOffset":926515,"resolvedCount":926516,"pendingCount":0,"indexedCount":1853200,"decodedCount":9266,"outputBytes":1965834540,"acceptedCacheRows":256,"acceptedCacheBytes":184190,"faultSuffixCount":0,"faultInputOffset":-1,"fault":""}}
{"partition":1,"stats":{"generation":1,"partition":1,"sourceCursor":-1,"stagedInputOffset":-1,"resolvedCount":0,"pendingCount":0,"indexedCount":0,"decodedCount":0,"outputBytes":0,"acceptedCacheRows":0,"acceptedCacheBytes":0,"faultSuffixCount":0,"faultInputOffset":-1,"fault":""}}
{"partition":0,"stats":{"generation":1,"partition":0,"sourceCursor":9750,"stagedInputOffset":975015,"resolvedCount":975016,"pendingCount":0,"indexedCount":1950200,"decodedCount":9751,"outputBytes":2068898980,"acceptedCacheRows":256,"acceptedCacheBytes":184190,"faultSuffixCount":0,"faultInputOffset":-1,"fault":""}}
{"partition":1,"stats":{"generation":1,"partition":1,"sourceCursor":-1,"stagedInputOffset":-1,"resolvedCount":0,"pendingCount":0,"indexedCount":0,"decodedCount":0,"outputBytes":0,"acceptedCacheRows":0,"acceptedCacheBytes":0,"faultSuffixCount":0,"faultInputOffset":-1,"fault":""}}
{"partition":0,"stats":{"generation":1,"partition":0,"sourceCursor":10237,"stagedInputOffset":1023714,"resolvedCount":1023715,"pendingCount":0,"indexedCount":2047600,"decodedCount":10238,"outputBytes":2173026609,"acceptedCacheRows":256,"acceptedCacheBytes":186750,"faultSuffixCount":0,"faultInputOffset":-1,"fault":""}}
{"partition":1,"stats":{"generation":1,"partition":1,"sourceCursor":-1,"stagedInputOffset":-1,"resolvedCount":0,"pendingCount":0,"indexedCount":0,"decodedCount":0,"outputBytes":0,"acceptedCacheRows":0,"acceptedCacheBytes":0,"faultSuffixCount":0,"faultInputOffset":-1,"fault":""}}
{"partition":0,"stats":{"generation":1,"partition":0,"sourceCursor":10736,"stagedInputOffset":1073689,"resolvedCount":1073690,"pendingCount":0,"indexedCount":2147400,"decodedCount":10737,"outputBytes":2280574808,"acceptedCacheRows":256,"acceptedCacheBytes":186750,"faultSuffixCount":0,"faultInputOffset":-1,"fault":""}}
{"partition":1,"stats":{"generation":1,"partition":1,"sourceCursor":-1,"stagedInputOffset":-1,"resolvedCount":0,"pendingCount":0,"indexedCount":0,"decodedCount":0,"outputBytes":0,"acceptedCacheRows":0,"acceptedCacheBytes":0,"faultSuffixCount":0,"faultInputOffset":-1,"fault":""}}
{"partition":0,"stats":{"generation":1,"partition":0,"sourceCursor":11223,"stagedInputOffset":1122325,"resolvedCount":1122326,"pendingCount":0,"indexedCount":2244800,"decodedCount":11224,"outputBytes":2385241414,"acceptedCacheRows":256,"acceptedCacheBytes":186750,"faultSuffixCount":0,"faultInputOffset":-1,"fault":""}}
{"partition":1,"stats":{"generation":1,"partition":1,"sourceCursor":-1,"stagedInputOffset":-1,"resolvedCount":0,"pendingCount":0,"indexedCount":0,"decodedCount":0,"outputBytes":0,"acceptedCacheRows":0,"acceptedCacheBytes":0,"faultSuffixCount":0,"faultInputOffset":-1,"fault":""}}
{"partition":0,"stats":{"generation":1,"partition":0,"sourceCursor":11699,"stagedInputOffset":1169915,"resolvedCount":1169916,"pendingCount":0,"indexedCount":2340000,"decodedCount":11700,"outputBytes":2487657008,"acceptedCacheRows":256,"acceptedCacheBytes":186750,"faultSuffixCount":0,"faultInputOffset":-1,"fault":""}}
{"partition":1,"stats":{"generation":1,"partition":1,"sourceCursor":-1,"stagedInputOffset":-1,"resolvedCount":0,"pendingCount":0,"indexedCount":0,"decodedCount":0,"outputBytes":0,"acceptedCacheRows":0,"acceptedCacheBytes":0,"faultSuffixCount":0,"faultInputOffset":-1,"fault":""}}
{"partition":1,"stats":{"generation":1,"partition":1,"sourceCursor":-1,"stagedInputOffset":-1,"resolvedCount":0,"pendingCount":0,"indexedCount":0,"decodedCount":0,"outputBytes":0,"acceptedCacheRows":0,"acceptedCacheBytes":0,"faultSuffixCount":0,"faultInputOffset":-1,"fault":""}}
{"partition":0,"stats":{"generation":1,"partition":0,"sourceCursor":12193,"stagedInputOffset":1219320,"resolvedCount":1219321,"pendingCount":0,"indexedCount":2438800,"decodedCount":12194,"outputBytes":2593978539,"acceptedCacheRows":256,"acceptedCacheBytes":186750,"faultSuffixCount":0,"faultInputOffset":-1,"fault":""}}
{"partition":0,"stats":{"generation":1,"partition":0,"sourceCursor":12678,"stagedInputOffset":1267820,"resolvedCount":1267821,"pendingCount":0,"indexedCount":2535800,"decodedCount":12679,"outputBytes":2698352479,"acceptedCacheRows":256,"acceptedCacheBytes":186750,"faultSuffixCount":0,"faultInputOffset":-1,"fault":""}}
{"partition":1,"stats":{"generation":1,"partition":1,"sourceCursor":-1,"stagedInputOffset":-1,"resolvedCount":0,"pendingCount":0,"indexedCount":0,"decodedCount":0,"outputBytes":0,"acceptedCacheRows":0,"acceptedCacheBytes":0,"faultSuffixCount":0,"faultInputOffset":-1,"fault":""}}
{"partition":0,"stats":{"generation":1,"partition":0,"sourceCursor":13173,"stagedInputOffset":1317321,"resolvedCount":1317322,"pendingCount":0,"indexedCount":2634800,"decodedCount":13174,"outputBytes":2804880610,"acceptedCacheRows":256,"acceptedCacheBytes":186750,"faultSuffixCount":0,"faultInputOffset":-1,"fault":""}}
{"partition":1,"stats":{"generation":1,"partition":1,"sourceCursor":-1,"stagedInputOffset":-1,"resolvedCount":0,"pendingCount":0,"indexedCount":0,"decodedCount":0,"outputBytes":0,"acceptedCacheRows":0,"acceptedCacheBytes":0,"faultSuffixCount":0,"faultInputOffset":-1,"fault":""}}
{"partition":0,"stats":{"generation":1,"partition":0,"sourceCursor":13703,"stagedInputOffset":1370317,"resolvedCount":1370318,"pendingCount":0,"indexedCount":2740800,"decodedCount":13704,"outputBytes":2918930126,"acceptedCacheRows":256,"acceptedCacheBytes":186750,"faultSuffixCount":0,"faultInputOffset":-1,"fault":""}}
{"partition":1,"stats":{"generation":1,"partition":1,"sourceCursor":-1,"stagedInputOffset":-1,"resolvedCount":0,"pendingCount":0,"indexedCount":0,"decodedCount":0,"outputBytes":0,"acceptedCacheRows":0,"acceptedCacheBytes":0,"faultSuffixCount":0,"faultInputOffset":-1,"fault":""}}
{"partition":0,"stats":{"generation":1,"partition":0,"sourceCursor":14228,"stagedInputOffset":1422821,"resolvedCount":1422822,"pendingCount":0,"indexedCount":2845800,"decodedCount":14229,"outputBytes":3031920830,"acceptedCacheRows":256,"acceptedCacheBytes":186750,"faultSuffixCount":0,"faultInputOffset":-1,"fault":""}}
{"partition":1,"stats":{"generation":1,"partition":1,"sourceCursor":-1,"stagedInputOffset":-1,"resolvedCount":0,"pendingCount":0,"indexedCount":0,"decodedCount":0,"outputBytes":0,"acceptedCacheRows":0,"acceptedCacheBytes":0,"faultSuffixCount":0,"faultInputOffset":-1,"fault":""}}
{"partition":0,"stats":{"generation":1,"partition":0,"sourceCursor":14780,"stagedInputOffset":1478015,"resolvedCount":1478016,"pendingCount":0,"indexedCount":2956200,"decodedCount":14781,"outputBytes":3150700532,"acceptedCacheRows":256,"acceptedCacheBytes":186750,"faultSuffixCount":0,"faultInputOffset":-1,"fault":""}}
{"partition":1,"stats":{"generation":1,"partition":1,"sourceCursor":-1,"stagedInputOffset":-1,"resolvedCount":0,"pendingCount":0,"indexedCount":0,"decodedCount":0,"outputBytes":0,"acceptedCacheRows":0,"acceptedCacheBytes":0,"faultSuffixCount":0,"faultInputOffset":-1,"fault":""}}
{"partition":0,"stats":{"generation":1,"partition":0,"sourceCursor":15319,"stagedInputOffset":1531983,"resolvedCount":1531984,"pendingCount":0,"indexedCount":3064000,"decodedCount":15320,"outputBytes":3266841816,"acceptedCacheRows":256,"acceptedCacheBytes":186750,"faultSuffixCount":0,"faultInputOffset":-1,"fault":""}}
{"partition":1,"stats":{"generation":1,"partition":1,"sourceCursor":-1,"stagedInputOffset":-1,"resolvedCount":0,"pendingCount":0,"indexedCount":0,"decodedCount":0,"outputBytes":0,"acceptedCacheRows":0,"acceptedCacheBytes":0,"faultSuffixCount":0,"faultInputOffset":-1,"fault":""}}
{"partition":0,"stats":{"generation":1,"partition":0,"sourceCursor":15879,"stagedInputOffset":1587918,"resolvedCount":1587919,"pendingCount":0,"indexedCount":3176000,"decodedCount":15880,"outputBytes":3387216181,"acceptedCacheRows":256,"acceptedCacheBytes":186750,"faultSuffixCount":0,"faultInputOffset":-1,"fault":""}}
{"partition":1,"stats":{"generation":1,"partition":1,"sourceCursor":-1,"stagedInputOffset":-1,"resolvedCount":0,"pendingCount":0,"indexedCount":0,"decodedCount":0,"outputBytes":0,"acceptedCacheRows":0,"acceptedCacheBytes":0,"faultSuffixCount":0,"faultInputOffset":-1,"fault":""}}
{"partition":0,"stats":{"generation":1,"partition":0,"sourceCursor":16407,"stagedInputOffset":1640724,"resolvedCount":1640725,"pendingCount":0,"indexedCount":3281600,"decodedCount":16408,"outputBytes":3500866099,"acceptedCacheRows":256,"acceptedCacheBytes":187006,"faultSuffixCount":0,"faultInputOffset":-1,"fault":""}}
{"partition":1,"stats":{"generation":1,"partition":1,"sourceCursor":-1,"stagedInputOffset":-1,"resolvedCount":0,"pendingCount":0,"indexedCount":0,"decodedCount":0,"outputBytes":0,"acceptedCacheRows":0,"acceptedCacheBytes":0,"faultSuffixCount":0,"faultInputOffset":-1,"fault":""}}
{"partition":0,"stats":{"generation":1,"partition":0,"sourceCursor":16841,"stagedInputOffset":1684115,"resolvedCount":1684116,"pendingCount":0,"indexedCount":3368400,"decodedCount":16842,"outputBytes":3594418840,"acceptedCacheRows":256,"acceptedCacheBytes":187006,"faultSuffixCount":0,"faultInputOffset":-1,"fault":""}}
{"partition":1,"stats":{"generation":1,"partition":1,"sourceCursor":-1,"stagedInputOffset":-1,"resolvedCount":0,"pendingCount":0,"indexedCount":0,"decodedCount":0,"outputBytes":0,"acceptedCacheRows":0,"acceptedCacheBytes":0,"faultSuffixCount":0,"faultInputOffset":-1,"fault":""}}
{"partition":0,"stats":{"generation":1,"partition":0,"sourceCursor":17259,"stagedInputOffset":1725917,"resolvedCount":1725918,"pendingCount":0,"indexedCount":3452000,"decodedCount":17260,"outputBytes":3684545622,"acceptedCacheRows":256,"acceptedCacheBytes":187006,"faultSuffixCount":0,"faultInputOffset":-1,"fault":""}}
{"partition":1,"stats":{"generation":1,"partition":1,"sourceCursor":-1,"stagedInputOffset":-1,"resolvedCount":0,"pendingCount":0,"indexedCount":0,"decodedCount":0,"outputBytes":0,"acceptedCacheRows":0,"acceptedCacheBytes":0,"faultSuffixCount":0,"faultInputOffset":-1,"fault":""}}
{"partition":0,"stats":{"generation":1,"partition":0,"sourceCursor":17708,"stagedInputOffset":1770866,"resolvedCount":1770867,"pendingCount":0,"indexedCount":3541800,"decodedCount":17709,"outputBytes":3781457422,"acceptedCacheRows":256,"acceptedCacheBytes":187006,"faultSuffixCount":0,"faultInputOffset":-1,"fault":""}}
{"partition":1,"stats":{"generation":1,"partition":1,"sourceCursor":-1,"stagedInputOffset":-1,"resolvedCount":0,"pendingCount":0,"indexedCount":0,"decodedCount":0,"outputBytes":0,"acceptedCacheRows":0,"acceptedCacheBytes":0,"faultSuffixCount":0,"faultInputOffset":-1,"fault":""}}
{"partition":0,"stats":{"generation":1,"partition":0,"sourceCursor":18186,"stagedInputOffset":1818615,"resolvedCount":1818616,"pendingCount":0,"indexedCount":3637400,"decodedCount":18187,"outputBytes":3884406220,"acceptedCacheRows":256,"acceptedCacheBytes":187006,"faultSuffixCount":0,"faultInputOffset":-1,"fault":""}}
{"partition":1,"stats":{"generation":1,"partition":1,"sourceCursor":-1,"stagedInputOffset":-1,"resolvedCount":0,"pendingCount":0,"indexedCount":0,"decodedCount":0,"outputBytes":0,"acceptedCacheRows":0,"acceptedCacheBytes":0,"faultSuffixCount":0,"faultInputOffset":-1,"fault":""}}
{"partition":0,"stats":{"generation":1,"partition":0,"sourceCursor":18704,"stagedInputOffset":1870450,"resolvedCount":1870451,"pendingCount":0,"indexedCount":3741000,"decodedCount":18705,"outputBytes":3996164517,"acceptedCacheRows":256,"acceptedCacheBytes":187006,"faultSuffixCount":0,"faultInputOffset":-1,"fault":""}}
{"partition":1,"stats":{"generation":1,"partition":1,"sourceCursor":-1,"stagedInputOffset":-1,"resolvedCount":0,"pendingCount":0,"indexedCount":0,"decodedCount":0,"outputBytes":0,"acceptedCacheRows":0,"acceptedCacheBytes":0,"faultSuffixCount":0,"faultInputOffset":-1,"fault":""}}
{"partition":0,"stats":{"generation":1,"partition":0,"sourceCursor":19078,"stagedInputOffset":1907823,"resolvedCount":1907824,"pendingCount":0,"indexedCount":3815800,"decodedCount":19079,"outputBytes":4076742228,"acceptedCacheRows":256,"acceptedCacheBytes":187006,"faultSuffixCount":0,"faultInputOffset":-1,"fault":""}}
{"partition":1,"stats":{"generation":1,"partition":1,"sourceCursor":-1,"stagedInputOffset":-1,"resolvedCount":0,"pendingCount":0,"indexedCount":0,"decodedCount":0,"outputBytes":0,"acceptedCacheRows":0,"acceptedCacheBytes":0,"faultSuffixCount":0,"faultInputOffset":-1,"fault":""}}
{"partition":0,"stats":{"generation":1,"partition":0,"sourceCursor":19494,"stagedInputOffset":1949416,"resolvedCount":1949417,"pendingCount":0,"indexedCount":3899000,"decodedCount":19495,"outputBytes":4166418407,"acceptedCacheRows":256,"acceptedCacheBytes":187006,"faultSuffixCount":0,"faultInputOffset":-1,"fault":""}}
{"partition":1,"stats":{"generation":1,"partition":1,"sourceCursor":-1,"stagedInputOffset":-1,"resolvedCount":0,"pendingCount":0,"indexedCount":0,"decodedCount":0,"outputBytes":0,"acceptedCacheRows":0,"acceptedCacheBytes":0,"faultSuffixCount":0,"faultInputOffset":-1,"fault":""}}
{"partition":0,"stats":{"generation":1,"partition":0,"sourceCursor":19955,"stagedInputOffset":1995580,"resolvedCount":1995581,"pendingCount":0,"indexedCount":3991200,"decodedCount":19956,"outputBytes":4265949822,"acceptedCacheRows":256,"acceptedCacheBytes":187006,"faultSuffixCount":0,"faultInputOffset":-1,"fault":""}}
{"partition":1,"stats":{"generation":1,"partition":1,"sourceCursor":-1,"stagedInputOffset":-1,"resolvedCount":0,"pendingCount":0,"indexedCount":0,"decodedCount":0,"outputBytes":0,"acceptedCacheRows":0,"acceptedCacheBytes":0,"faultSuffixCount":0,"faultInputOffset":-1,"fault":""}}
{"partition":1,"stats":{"generation":1,"partition":1,"sourceCursor":-1,"stagedInputOffset":-1,"resolvedCount":0,"pendingCount":0,"indexedCount":0,"decodedCount":0,"outputBytes":0,"acceptedCacheRows":0,"acceptedCacheBytes":0,"faultSuffixCount":0,"faultInputOffset":-1,"fault":""}}
{"partition":0,"stats":{"generation":1,"partition":0,"sourceCursor":20299,"stagedInputOffset":2029915,"resolvedCount":2029916,"pendingCount":0,"indexedCount":4060000,"decodedCount":20300,"outputBytes":4339977472,"acceptedCacheRows":256,"acceptedCacheBytes":187006,"faultSuffixCount":0,"faultInputOffset":-1,"fault":""}}
{"partition":0,"stats":{"generation":1,"partition":0,"sourceCursor":20729,"stagedInputOffset":2072923,"resolvedCount":2072924,"pendingCount":0,"indexedCount":4146000,"decodedCount":20730,"outputBytes":4432704432,"acceptedCacheRows":256,"acceptedCacheBytes":187006,"faultSuffixCount":0,"faultInputOffset":-1,"fault":""}}
{"partition":1,"stats":{"generation":1,"partition":1,"sourceCursor":-1,"stagedInputOffset":-1,"resolvedCount":0,"pendingCount":0,"indexedCount":0,"decodedCount":0,"outputBytes":0,"acceptedCacheRows":0,"acceptedCacheBytes":0,"faultSuffixCount":0,"faultInputOffset":-1,"fault":""}}
{"partition":0,"stats":{"generation":1,"partition":0,"sourceCursor":21219,"stagedInputOffset":2121989,"resolvedCount":2121990,"pendingCount":0,"indexedCount":4244000,"decodedCount":21220,"outputBytes":4538492700,"acceptedCacheRows":256,"acceptedCacheBytes":187006,"faultSuffixCount":0,"faultInputOffset":-1,"fault":""}}
{"partition":1,"stats":{"generation":1,"partition":1,"sourceCursor":-1,"stagedInputOffset":-1,"resolvedCount":0,"pendingCount":0,"indexedCount":0,"decodedCount":0,"outputBytes":0,"acceptedCacheRows":0,"acceptedCacheBytes":0,"faultSuffixCount":0,"faultInputOffset":-1,"fault":""}}
{"partition":0,"stats":{"generation":1,"partition":0,"sourceCursor":21697,"stagedInputOffset":2169717,"resolvedCount":2169718,"pendingCount":0,"indexedCount":4339600,"decodedCount":21698,"outputBytes":4641396174,"acceptedCacheRows":256,"acceptedCacheBytes":187006,"faultSuffixCount":0,"faultInputOffset":-1,"fault":""}}
{"partition":1,"stats":{"generation":1,"partition":1,"sourceCursor":-1,"stagedInputOffset":-1,"resolvedCount":0,"pendingCount":0,"indexedCount":0,"decodedCount":0,"outputBytes":0,"acceptedCacheRows":0,"acceptedCacheBytes":0,"faultSuffixCount":0,"faultInputOffset":-1,"fault":""}}
{"partition":0,"stats":{"generation":1,"partition":0,"sourceCursor":22171,"stagedInputOffset":2217115,"resolvedCount":2217116,"pendingCount":0,"indexedCount":4434400,"decodedCount":22172,"outputBytes":4743588160,"acceptedCacheRows":256,"acceptedCacheBytes":187006,"faultSuffixCount":0,"faultInputOffset":-1,"fault":""}}
{"partition":1,"stats":{"generation":1,"partition":1,"sourceCursor":-1,"stagedInputOffset":-1,"resolvedCount":0,"pendingCount":0,"indexedCount":0,"decodedCount":0,"outputBytes":0,"acceptedCacheRows":0,"acceptedCacheBytes":0,"faultSuffixCount":0,"faultInputOffset":-1,"fault":""}}
{"partition":0,"stats":{"generation":1,"partition":0,"sourceCursor":22653,"stagedInputOffset":2265314,"resolvedCount":2265315,"pendingCount":0,"indexedCount":4530800,"decodedCount":22654,"outputBytes":4847507133,"acceptedCacheRows":256,"acceptedCacheBytes":187006,"faultSuffixCount":0,"faultInputOffset":-1,"fault":""}}
{"partition":1,"stats":{"generation":1,"partition":1,"sourceCursor":-1,"stagedInputOffset":-1,"resolvedCount":0,"pendingCount":0,"indexedCount":0,"decodedCount":0,"outputBytes":0,"acceptedCacheRows":0,"acceptedCacheBytes":0,"faultSuffixCount":0,"faultInputOffset":-1,"fault":""}}
{"partition":0,"stats":{"generation":1,"partition":0,"sourceCursor":23126,"stagedInputOffset":2312615,"resolvedCount":2312616,"pendingCount":0,"indexedCount":4625400,"decodedCount":23127,"outputBytes":4949489980,"acceptedCacheRows":256,"acceptedCacheBytes":187006,"faultSuffixCount":0,"faultInputOffset":-1,"fault":""}}
{"partition":1,"stats":{"generation":1,"partition":1,"sourceCursor":-1,"stagedInputOffset":-1,"resolvedCount":0,"pendingCount":0,"indexedCount":0,"decodedCount":0,"outputBytes":0,"acceptedCacheRows":0,"acceptedCacheBytes":0,"faultSuffixCount":0,"faultInputOffset":-1,"fault":""}}
{"partition":0,"stats":{"generation":1,"partition":0,"sourceCursor":23597,"stagedInputOffset":2359715,"resolvedCount":2359716,"pendingCount":0,"indexedCount":4719600,"decodedCount":23598,"outputBytes":5051039464,"acceptedCacheRows":256,"acceptedCacheBytes":187006,"faultSuffixCount":0,"faultInputOffset":-1,"fault":""}}
{"partition":1,"stats":{"generation":1,"partition":1,"sourceCursor":-1,"stagedInputOffset":-1,"resolvedCount":0,"pendingCount":0,"indexedCount":0,"decodedCount":0,"outputBytes":0,"acceptedCacheRows":0,"acceptedCacheBytes":0,"faultSuffixCount":0,"faultInputOffset":-1,"fault":""}}
{"partition":0,"stats":{"generation":1,"partition":0,"sourceCursor":24021,"stagedInputOffset":2402150,"resolvedCount":2402151,"pendingCount":0,"indexedCount":4804400,"decodedCount":24022,"outputBytes":5142530985,"acceptedCacheRows":256,"acceptedCacheBytes":187006,"faultSuffixCount":0,"faultInputOffset":-1,"fault":""}}
{"partition":1,"stats":{"generation":1,"partition":1,"sourceCursor":-1,"stagedInputOffset":-1,"resolvedCount":0,"pendingCount":0,"indexedCount":0,"decodedCount":0,"outputBytes":0,"acceptedCacheRows":0,"acceptedCacheBytes":0,"faultSuffixCount":0,"faultInputOffset":-1,"fault":""}}
{"partition":0,"stats":{"generation":1,"partition":0,"sourceCursor":24515,"stagedInputOffset":2451518,"resolvedCount":2451519,"pendingCount":0,"indexedCount":4903200,"decodedCount":24516,"outputBytes":5248970401,"acceptedCacheRows":256,"acceptedCacheBytes":187006,"faultSuffixCount":0,"faultInputOffset":-1,"fault":""}}
{"partition":1,"stats":{"generation":1,"partition":1,"sourceCursor":-1,"stagedInputOffset":-1,"resolvedCount":0,"pendingCount":0,"indexedCount":0,"decodedCount":0,"outputBytes":0,"acceptedCacheRows":0,"acceptedCacheBytes":0,"faultSuffixCount":0,"faultInputOffset":-1,"fault":""}}
{"partition":0,"stats":{"generation":1,"partition":0,"sourceCursor":25022,"stagedInputOffset":2502215,"resolvedCount":2502216,"pendingCount":0,"indexedCount":5004600,"decodedCount":25023,"outputBytes":5358275164,"acceptedCacheRows":256,"acceptedCacheBytes":187006,"faultSuffixCount":0,"faultInputOffset":-1,"fault":""}}
{"partition":1,"stats":{"generation":1,"partition":1,"sourceCursor":-1,"stagedInputOffset":-1,"resolvedCount":0,"pendingCount":0,"indexedCount":0,"decodedCount":0,"outputBytes":0,"acceptedCacheRows":0,"acceptedCacheBytes":0,"faultSuffixCount":0,"faultInputOffset":-1,"fault":""}}
{"partition":0,"stats":{"generation":1,"partition":0,"sourceCursor":25529,"stagedInputOffset":2552916,"resolvedCount":2552917,"pendingCount":0,"indexedCount":5106000,"decodedCount":25530,"outputBytes":5467588547,"acceptedCacheRows":256,"acceptedCacheBytes":187006,"faultSuffixCount":0,"faultInputOffset":-1,"fault":""}}
{"partition":1,"stats":{"generation":1,"partition":1,"sourceCursor":-1,"stagedInputOffset":-1,"resolvedCount":0,"pendingCount":0,"indexedCount":0,"decodedCount":0,"outputBytes":0,"acceptedCacheRows":0,"acceptedCacheBytes":0,"faultSuffixCount":0,"faultInputOffset":-1,"fault":""}}
{"partition":0,"stats":{"generation":1,"partition":0,"sourceCursor":26068,"stagedInputOffset":2606817,"resolvedCount":2606818,"pendingCount":0,"indexedCount":5213800,"decodedCount":26069,"outputBytes":5583801258,"acceptedCacheRows":256,"acceptedCacheBytes":187006,"faultSuffixCount":0,"faultInputOffset":-1,"fault":""}}
{"partition":1,"stats":{"generation":1,"partition":1,"sourceCursor":-1,"stagedInputOffset":-1,"resolvedCount":0,"pendingCount":0,"indexedCount":0,"decodedCount":0,"outputBytes":0,"acceptedCacheRows":0,"acceptedCacheBytes":0,"faultSuffixCount":0,"faultInputOffset":-1,"fault":""}}
{"partition":1,"stats":{"generation":1,"partition":1,"sourceCursor":-1,"stagedInputOffset":-1,"resolvedCount":0,"pendingCount":0,"indexedCount":0,"decodedCount":0,"outputBytes":0,"acceptedCacheRows":0,"acceptedCacheBytes":0,"faultSuffixCount":0,"faultInputOffset":-1,"fault":""}}
{"partition":0,"stats":{"generation":1,"partition":0,"sourceCursor":26646,"stagedInputOffset":2664617,"resolvedCount":2664618,"pendingCount":0,"indexedCount":5329400,"decodedCount":26647,"outputBytes":5708420370,"acceptedCacheRows":256,"acceptedCacheBytes":187006,"faultSuffixCount":0,"faultInputOffset":-1,"fault":""}}
{"partition":0,"stats":{"generation":1,"partition":0,"sourceCursor":27205,"stagedInputOffset":2720566,"resolvedCount":2720567,"pendingCount":0,"indexedCount":5441200,"decodedCount":27206,"outputBytes":5829048610,"acceptedCacheRows":256,"acceptedCacheBytes":187006,"faultSuffixCount":0,"faultInputOffset":-1,"fault":""}}
{"partition":1,"stats":{"generation":1,"partition":1,"sourceCursor":-1,"stagedInputOffset":-1,"resolvedCount":0,"pendingCount":0,"indexedCount":0,"decodedCount":0,"outputBytes":0,"acceptedCacheRows":0,"acceptedCacheBytes":0,"faultSuffixCount":0,"faultInputOffset":-1,"fault":""}}
{"partition":0,"stats":{"generation":1,"partition":0,"sourceCursor":27705,"stagedInputOffset":2770515,"resolvedCount":2770516,"pendingCount":0,"indexedCount":5541200,"decodedCount":27706,"outputBytes":5936740696,"acceptedCacheRows":256,"acceptedCacheBytes":187006,"faultSuffixCount":0,"faultInputOffset":-1,"fault":""}}
{"partition":1,"stats":{"generation":1,"partition":1,"sourceCursor":-1,"stagedInputOffset":-1,"resolvedCount":0,"pendingCount":0,"indexedCount":0,"decodedCount":0,"outputBytes":0,"acceptedCacheRows":0,"acceptedCacheBytes":0,"faultSuffixCount":0,"faultInputOffset":-1,"fault":""}}
{"partition":0,"stats":{"generation":1,"partition":0,"sourceCursor":28227,"stagedInputOffset":2822732,"resolvedCount":2822733,"pendingCount":0,"indexedCount":5645600,"decodedCount":28228,"outputBytes":6049322619,"acceptedCacheRows":256,"acceptedCacheBytes":187006,"faultSuffixCount":0,"faultInputOffset":-1,"fault":""}}
{"partition":1,"stats":{"generation":1,"partition":1,"sourceCursor":-1,"stagedInputOffset":-1,"resolvedCount":0,"pendingCount":0,"indexedCount":0,"decodedCount":0,"outputBytes":0,"acceptedCacheRows":0,"acceptedCacheBytes":0,"faultSuffixCount":0,"faultInputOffset":-1,"fault":""}}
{"partition":0,"stats":{"generation":1,"partition":0,"sourceCursor":28765,"stagedInputOffset":2876517,"resolvedCount":2876518,"pendingCount":0,"indexedCount":5753200,"decodedCount":28766,"outputBytes":6165285246,"acceptedCacheRows":256,"acceptedCacheBytes":187006,"faultSuffixCount":0,"faultInputOffset":-1,"fault":""}}
{"partition":1,"stats":{"generation":1,"partition":1,"sourceCursor":-1,"stagedInputOffset":-1,"resolvedCount":0,"pendingCount":0,"indexedCount":0,"decodedCount":0,"outputBytes":0,"acceptedCacheRows":0,"acceptedCacheBytes":0,"faultSuffixCount":0,"faultInputOffset":-1,"fault":""}}
{"partition":0,"stats":{"generation":1,"partition":0,"sourceCursor":29319,"stagedInputOffset":2931913,"resolvedCount":2931914,"pendingCount":0,"indexedCount":5864000,"decodedCount":29320,"outputBytes":6284721242,"acceptedCacheRows":256,"acceptedCacheBytes":187006,"faultSuffixCount":0,"faultInputOffset":-1,"fault":""}}
{"partition":1,"stats":{"generation":1,"partition":1,"sourceCursor":-1,"stagedInputOffset":-1,"resolvedCount":0,"pendingCount":0,"indexedCount":0,"decodedCount":0,"outputBytes":0,"acceptedCacheRows":0,"acceptedCacheBytes":0,"faultSuffixCount":0,"faultInputOffset":-1,"fault":""}}
{"partition":0,"stats":{"generation":1,"partition":0,"sourceCursor":29847,"stagedInputOffset":2984715,"resolvedCount":2984716,"pendingCount":0,"indexedCount":5969600,"decodedCount":29848,"outputBytes":6398564464,"acceptedCacheRows":256,"acceptedCacheBytes":187006,"faultSuffixCount":0,"faultInputOffset":-1,"fault":""}}
{"partition":1,"stats":{"generation":1,"partition":1,"sourceCursor":-1,"stagedInputOffset":-1,"resolvedCount":0,"pendingCount":0,"indexedCount":0,"decodedCount":0,"outputBytes":0,"acceptedCacheRows":0,"acceptedCacheBytes":0,"faultSuffixCount":0,"faultInputOffset":-1,"fault":""}}
{"partition":0,"stats":{"generation":1,"partition":0,"sourceCursor":30387,"stagedInputOffset":3038716,"resolvedCount":3038717,"pendingCount":0,"indexedCount":6077600,"decodedCount":30388,"outputBytes":6514992779,"acceptedCacheRows":256,"acceptedCacheBytes":187006,"faultSuffixCount":0,"faultInputOffset":-1,"fault":""}}
{"partition":1,"stats":{"generation":1,"partition":1,"sourceCursor":-1,"stagedInputOffset":-1,"resolvedCount":0,"pendingCount":0,"indexedCount":0,"decodedCount":0,"outputBytes":0,"acceptedCacheRows":0,"acceptedCacheBytes":0,"faultSuffixCount":0,"faultInputOffset":-1,"fault":""}}
{"partition":0,"stats":{"generation":1,"partition":0,"sourceCursor":30947,"stagedInputOffset":3094718,"resolvedCount":3094719,"pendingCount":0,"indexedCount":6189600,"decodedCount":30948,"outputBytes":6635735329,"acceptedCacheRows":256,"acceptedCacheBytes":187006,"faultSuffixCount":0,"faultInputOffset":-1,"fault":""}}
{"partition":1,"stats":{"generation":1,"partition":1,"sourceCursor":-1,"stagedInputOffset":-1,"resolvedCount":0,"pendingCount":0,"indexedCount":0,"decodedCount":0,"outputBytes":0,"acceptedCacheRows":0,"acceptedCacheBytes":0,"faultSuffixCount":0,"faultInputOffset":-1,"fault":""}}
{"partition":0,"stats":{"generation":1,"partition":0,"sourceCursor":31485,"stagedInputOffset":3148517,"resolvedCount":3148518,"pendingCount":0,"indexedCount":6297200,"decodedCount":31486,"outputBytes":6751728126,"acceptedCacheRows":256,"acceptedCacheBytes":187006,"faultSuffixCount":0,"faultInputOffset":-1,"fault":""}}
{"partition":1,"stats":{"generation":1,"partition":1,"sourceCursor":-1,"stagedInputOffset":-1,"resolvedCount":0,"pendingCount":0,"indexedCount":0,"decodedCount":0,"outputBytes":0,"acceptedCacheRows":0,"acceptedCacheBytes":0,"faultSuffixCount":0,"faultInputOffset":-1,"fault":""}}
{"partition":1,"stats":{"generation":1,"partition":1,"sourceCursor":-1,"stagedInputOffset":-1,"resolvedCount":0,"pendingCount":0,"indexedCount":0,"decodedCount":0,"outputBytes":0,"acceptedCacheRows":0,"acceptedCacheBytes":0,"faultSuffixCount":0,"faultInputOffset":-1,"fault":""}}
{"partition":0,"stats":{"generation":1,"partition":0,"sourceCursor":31499,"stagedInputOffset":3149999,"resolvedCount":3150000,"pendingCount":0,"indexedCount":6300000,"decodedCount":31500,"outputBytes":6754923400,"acceptedCacheRows":256,"acceptedCacheBytes":187006,"faultSuffixCount":0,"faultInputOffset":-1,"fault":""}}
{"partition":1,"stats":{"generation":1,"partition":1,"sourceCursor":-1,"stagedInputOffset":-1,"resolvedCount":0,"pendingCount":0,"indexedCount":0,"decodedCount":0,"outputBytes":0,"acceptedCacheRows":0,"acceptedCacheBytes":0,"faultSuffixCount":0,"faultInputOffset":-1,"fault":""}}
{"partition":0,"stats":{"generation":1,"partition":0,"sourceCursor":31499,"stagedInputOffset":3149999,"resolvedCount":3150000,"pendingCount":0,"indexedCount":6300000,"decodedCount":31500,"outputBytes":6754923400,"acceptedCacheRows":256,"acceptedCacheBytes":187006,"faultSuffixCount":0,"faultInputOffset":-1,"fault":""}}
{"partition":0,"stats":{"generation":1,"partition":0,"sourceCursor":31499,"stagedInputOffset":3149999,"resolvedCount":3150000,"pendingCount":0,"indexedCount":6300000,"decodedCount":31500,"outputBytes":6754923400,"acceptedCacheRows":256,"acceptedCacheBytes":187006,"faultSuffixCount":0,"faultInputOffset":-1,"fault":""}}
{"partition":1,"stats":{"generation":1,"partition":1,"sourceCursor":-1,"stagedInputOffset":-1,"resolvedCount":0,"pendingCount":0,"indexedCount":0,"decodedCount":0,"outputBytes":0,"acceptedCacheRows":0,"acceptedCacheBytes":0,"faultSuffixCount":0,"faultInputOffset":-1,"fault":""}}
{"partition":1,"stats":{"generation":1,"partition":1,"sourceCursor":-1,"stagedInputOffset":-1,"resolvedCount":0,"pendingCount":0,"indexedCount":0,"decodedCount":0,"outputBytes":0,"acceptedCacheRows":0,"acceptedCacheBytes":0,"faultSuffixCount":0,"faultInputOffset":-1,"fault":""}}
{"partition":0,"stats":{"generation":1,"partition":0,"sourceCursor":31499,"stagedInputOffset":3149999,"resolvedCount":3150000,"pendingCount":0,"indexedCount":6300000,"decodedCount":31500,"outputBytes":6754923400,"acceptedCacheRows":256,"acceptedCacheBytes":187006,"faultSuffixCount":0,"faultInputOffset":-1,"fault":""}}
{"partition":1,"stats":{"generation":1,"partition":1,"sourceCursor":-1,"stagedInputOffset":-1,"resolvedCount":0,"pendingCount":0,"indexedCount":0,"decodedCount":0,"outputBytes":0,"acceptedCacheRows":0,"acceptedCacheBytes":0,"faultSuffixCount":0,"faultInputOffset":-1,"fault":""}}
{"partition":0,"stats":{"generation":1,"partition":0,"sourceCursor":31499,"stagedInputOffset":3149999,"resolvedCount":3150000,"pendingCount":0,"indexedCount":6300000,"decodedCount":31500,"outputBytes":6754923400,"acceptedCacheRows":256,"acceptedCacheBytes":187006,"faultSuffixCount":0,"faultInputOffset":-1,"fault":""}}
{"partition":0,"stats":{"generation":1,"partition":0,"sourceCursor":31499,"stagedInputOffset":3149999,"resolvedCount":3150000,"pendingCount":0,"indexedCount":6300000,"decodedCount":31500,"outputBytes":6754923400,"acceptedCacheRows":256,"acceptedCacheBytes":187006,"faultSuffixCount":0,"faultInputOffset":-1,"fault":""}}
{"partition":1,"stats":{"generation":1,"partition":1,"sourceCursor":-1,"stagedInputOffset":-1,"resolvedCount":0,"pendingCount":0,"indexedCount":0,"decodedCount":0,"outputBytes":0,"acceptedCacheRows":0,"acceptedCacheBytes":0,"faultSuffixCount":0,"faultInputOffset":-1,"fault":""}}
{"partition":1,"stats":{"generation":1,"partition":1,"sourceCursor":-1,"stagedInputOffset":-1,"resolvedCount":0,"pendingCount":0,"indexedCount":0,"decodedCount":0,"outputBytes":0,"acceptedCacheRows":0,"acceptedCacheBytes":0,"faultSuffixCount":0,"faultInputOffset":-1,"fault":""}}
{"partition":0,"stats":{"generation":1,"partition":0,"sourceCursor":31499,"stagedInputOffset":3149999,"resolvedCount":3150000,"pendingCount":0,"indexedCount":6300000,"decodedCount":31500,"outputBytes":6754923400,"acceptedCacheRows":256,"acceptedCacheBytes":187006,"faultSuffixCount":0,"faultInputOffset":-1,"fault":""}}
{"partition":0,"stats":{"generation":1,"partition":0,"sourceCursor":31499,"stagedInputOffset":3149999,"resolvedCount":3150000,"pendingCount":0,"indexedCount":6300000,"decodedCount":31500,"outputBytes":6754923400,"acceptedCacheRows":256,"acceptedCacheBytes":187006,"faultSuffixCount":0,"faultInputOffset":-1,"fault":""}}
{"partition":1,"stats":{"generation":1,"partition":1,"sourceCursor":-1,"stagedInputOffset":-1,"resolvedCount":0,"pendingCount":0,"indexedCount":0,"decodedCount":0,"outputBytes":0,"acceptedCacheRows":0,"acceptedCacheBytes":0,"faultSuffixCount":0,"faultInputOffset":-1,"fault":""}}
{"partition":1,"stats":{"generation":1,"partition":1,"sourceCursor":-1,"stagedInputOffset":-1,"resolvedCount":0,"pendingCount":0,"indexedCount":0,"decodedCount":0,"outputBytes":0,"acceptedCacheRows":0,"acceptedCacheBytes":0,"faultSuffixCount":0,"faultInputOffset":-1,"fault":""}}
{"partition":0,"stats":{"generation":1,"partition":0,"sourceCursor":31499,"stagedInputOffset":3149999,"resolvedCount":3150000,"pendingCount":0,"indexedCount":6300000,"decodedCount":31500,"outputBytes":6754923400,"acceptedCacheRows":256,"acceptedCacheBytes":187006,"faultSuffixCount":0,"faultInputOffset":-1,"fault":""}}
{"partition":0,"stats":{"generation":1,"partition":0,"sourceCursor":31499,"stagedInputOffset":3149999,"resolvedCount":3150000,"pendingCount":0,"indexedCount":6300000,"decodedCount":31500,"outputBytes":6754923400,"acceptedCacheRows":256,"acceptedCacheBytes":187006,"faultSuffixCount":0,"faultInputOffset":-1,"fault":""}}
{"partition":1,"stats":{"generation":1,"partition":1,"sourceCursor":-1,"stagedInputOffset":-1,"resolvedCount":0,"pendingCount":0,"indexedCount":0,"decodedCount":0,"outputBytes":0,"acceptedCacheRows":0,"acceptedCacheBytes":0,"faultSuffixCount":0,"faultInputOffset":-1,"fault":""}}
{"partition":0,"stats":{"generation":1,"partition":0,"sourceCursor":31499,"stagedInputOffset":3149999,"resolvedCount":3150000,"pendingCount":0,"indexedCount":6300000,"decodedCount":31500,"outputBytes":6754923400,"acceptedCacheRows":256,"acceptedCacheBytes":187006,"faultSuffixCount":0,"faultInputOffset":-1,"fault":""}}
{"partition":1,"stats":{"generation":1,"partition":1,"sourceCursor":-1,"stagedInputOffset":-1,"resolvedCount":0,"pendingCount":0,"indexedCount":0,"decodedCount":0,"outputBytes":0,"acceptedCacheRows":0,"acceptedCacheBytes":0,"faultSuffixCount":0,"faultInputOffset":-1,"fault":""}}
{"partition":1,"stats":{"generation":1,"partition":1,"sourceCursor":-1,"stagedInputOffset":-1,"resolvedCount":0,"pendingCount":0,"indexedCount":0,"decodedCount":0,"outputBytes":0,"acceptedCacheRows":0,"acceptedCacheBytes":0,"faultSuffixCount":0,"faultInputOffset":-1,"fault":""}}
{"partition":0,"stats":{"generation":1,"partition":0,"sourceCursor":31499,"stagedInputOffset":3149999,"resolvedCount":3150000,"pendingCount":0,"indexedCount":6300000,"decodedCount":31500,"outputBytes":6754923400,"acceptedCacheRows":256,"acceptedCacheBytes":187006,"faultSuffixCount":0,"faultInputOffset":-1,"fault":""}}
{"partition":0,"stats":{"generation":1,"partition":0,"sourceCursor":31499,"stagedInputOffset":3149999,"resolvedCount":3150000,"pendingCount":0,"indexedCount":6300000,"decodedCount":31500,"outputBytes":6754923400,"acceptedCacheRows":256,"acceptedCacheBytes":187006,"faultSuffixCount":0,"faultInputOffset":-1,"fault":""}}
{"partition":1,"stats":{"generation":1,"partition":1,"sourceCursor":-1,"stagedInputOffset":-1,"resolvedCount":0,"pendingCount":0,"indexedCount":0,"decodedCount":0,"outputBytes":0,"acceptedCacheRows":0,"acceptedCacheBytes":0,"faultSuffixCount":0,"faultInputOffset":-1,"fault":""}}
{"partition":1,"stats":{"generation":1,"partition":1,"sourceCursor":-1,"stagedInputOffset":-1,"resolvedCount":0,"pendingCount":0,"indexedCount":0,"decodedCount":0,"outputBytes":0,"acceptedCacheRows":0,"acceptedCacheBytes":0,"faultSuffixCount":0,"faultInputOffset":-1,"fault":""}}
{"partition":0,"stats":{"generation":1,"partition":0,"sourceCursor":31499,"stagedInputOffset":3149999,"resolvedCount":3150000,"pendingCount":0,"indexedCount":6300000,"decodedCount":31500,"outputBytes":6754923400,"acceptedCacheRows":256,"acceptedCacheBytes":187006,"faultSuffixCount":0,"faultInputOffset":-1,"fault":""}}
{"partition":1,"stats":{"generation":1,"partition":1,"sourceCursor":-1,"stagedInputOffset":-1,"resolvedCount":0,"pendingCount":0,"indexedCount":0,"decodedCount":0,"outputBytes":0,"acceptedCacheRows":0,"acceptedCacheBytes":0,"faultSuffixCount":0,"faultInputOffset":-1,"fault":""}}
{"partition":0,"stats":{"generation":1,"partition":0,"sourceCursor":31499,"stagedInputOffset":3149999,"resolvedCount":3150000,"pendingCount":0,"indexedCount":6300000,"decodedCount":31500,"outputBytes":6754923400,"acceptedCacheRows":256,"acceptedCacheBytes":187006,"faultSuffixCount":0,"faultInputOffset":-1,"fault":""}}
{"partition":1,"stats":{"generation":1,"partition":1,"sourceCursor":-1,"stagedInputOffset":-1,"resolvedCount":0,"pendingCount":0,"indexedCount":0,"decodedCount":0,"outputBytes":0,"acceptedCacheRows":0,"acceptedCacheBytes":0,"faultSuffixCount":0,"faultInputOffset":-1,"fault":""}}
{"partition":0,"stats":{"generation":1,"partition":0,"sourceCursor":31499,"stagedInputOffset":3149999,"resolvedCount":3150000,"pendingCount":0,"indexedCount":6300000,"decodedCount":31500,"outputBytes":6754923400,"acceptedCacheRows":256,"acceptedCacheBytes":187006,"faultSuffixCount":0,"faultInputOffset":-1,"fault":""}}
{"partition":0,"stats":{"generation":1,"partition":0,"sourceCursor":31499,"stagedInputOffset":3149999,"resolvedCount":3150000,"pendingCount":0,"indexedCount":6300000,"decodedCount":31500,"outputBytes":6754923400,"acceptedCacheRows":256,"acceptedCacheBytes":187006,"faultSuffixCount":0,"faultInputOffset":-1,"fault":""}}
{"partition":1,"stats":{"generation":1,"partition":1,"sourceCursor":-1,"stagedInputOffset":-1,"resolvedCount":0,"pendingCount":0,"indexedCount":0,"decodedCount":0,"outputBytes":0,"acceptedCacheRows":0,"acceptedCacheBytes":0,"faultSuffixCount":0,"faultInputOffset":-1,"fault":""}}
{"partition":0,"stats":{"generation":1,"partition":0,"sourceCursor":31499,"stagedInputOffset":3149999,"resolvedCount":3150000,"pendingCount":0,"indexedCount":6300000,"decodedCount":31500,"outputBytes":6754923400,"acceptedCacheRows":256,"acceptedCacheBytes":187006,"faultSuffixCount":0,"faultInputOffset":-1,"fault":""}}
{"partition":1,"stats":{"generation":1,"partition":1,"sourceCursor":-1,"stagedInputOffset":-1,"resolvedCount":0,"pendingCount":0,"indexedCount":0,"decodedCount":0,"outputBytes":0,"acceptedCacheRows":0,"acceptedCacheBytes":0,"faultSuffixCount":0,"faultInputOffset":-1,"fault":""}}
{"partition":1,"stats":{"generation":1,"partition":1,"sourceCursor":-1,"stagedInputOffset":-1,"resolvedCount":0,"pendingCount":0,"indexedCount":0,"decodedCount":0,"outputBytes":0,"acceptedCacheRows":0,"acceptedCacheBytes":0,"faultSuffixCount":0,"faultInputOffset":-1,"fault":""}}
{"partition":0,"stats":{"generation":1,"partition":0,"sourceCursor":31499,"stagedInputOffset":3149999,"resolvedCount":3150000,"pendingCount":0,"indexedCount":6300000,"decodedCount":31500,"outputBytes":6754923400,"acceptedCacheRows":256,"acceptedCacheBytes":187006,"faultSuffixCount":0,"faultInputOffset":-1,"fault":""}}
{"partition":1,"stats":{"generation":1,"partition":1,"sourceCursor":-1,"stagedInputOffset":-1,"resolvedCount":0,"pendingCount":0,"indexedCount":0,"decodedCount":0,"outputBytes":0,"acceptedCacheRows":0,"acceptedCacheBytes":0,"faultSuffixCount":0,"faultInputOffset":-1,"fault":""}}
{"partition":0,"stats":{"generation":1,"partition":0,"sourceCursor":31499,"stagedInputOffset":3149999,"resolvedCount":3150000,"pendingCount":0,"indexedCount":6300000,"decodedCount":31500,"outputBytes":6754923400,"acceptedCacheRows":256,"acceptedCacheBytes":187006,"faultSuffixCount":0,"faultInputOffset":-1,"fault":""}}
