{"mode":"init","prefix":"p2-cap-28900eca-hot","args":[],"code":0}
SLF4J(W): No SLF4J providers were found.
SLF4J(W): Defaulting to no-operation (NOP) logger implementation
SLF4J(W): See https://www.slf4j.org/codes.html#noProviders for further details.

{"mode":"paired-seed","prefix":"p2-cap-28900eca-hot","args":[1000,"hot"],"code":0}
{"startedEpochMs":1790816845644,"paceWavesPerSecond":0,"waves":1000,"trades":100000,"bytes":375157676,"elapsedMs":8113}
SLF4J(W): No SLF4J providers were found.
SLF4J(W): Defaulting to no-operation (NOP) logger implementation
SLF4J(W): See https://www.slf4j.org/codes.html#noProviders for further details.

{"mode":"measure","prefix":"p2-cap-28900eca-hot","args":[100000,120000],"code":0}
OBSERVER_READY
{"window":{"elapsedMs":5094,"records":18916,"rate":3713.063236362814}}
{"window":{"elapsedMs":10103,"records":63916,"rate":8982.987868457118}}
{"result":{"startedEpochMs":1790816854318,"expected":100000,"records":100000,"unique":100000,"duplicates":0,"identityChecks":true,"outputBytes":209455000,"elapsedMs":14635,"activeMs":11977,"durableRate":8348.928290921995,"pass":true,"windows":[{"elapsedMs":5094,"records":18916,"rate":3713.063236362814},{"elapsedMs":10103,"records":63916,"rate":8982.987868457118}]}}
SLF4J(W): No SLF4J providers were found.
SLF4J(W): Defaulting to no-operation (NOP) logger implementation
SLF4J(W): See https://www.slf4j.org/codes.html#noProviders for further details.

{"mode":"paired-oracle","prefix":"p2-cap-28900eca-hot","args":[100000],"code":0}
{"result":{"sourceTopicId":"tLcivZFgRfaXyAN9JNgQ2A","partitionSha256":{"0":"2ca52311d26a2183d4516cff1139c8556878b1573da626dbcc993227c2b476fb"},"records":100000,"expected":100000,"fullFactParity":true,"orderedUnique":true,"pass":true}}
SLF4J(W): No SLF4J providers were found.
SLF4J(W): Defaulting to no-operation (NOP) logger implementation
SLF4J(W): See https://www.slf4j.org/codes.html#noProviders for further details.

