 Network reef-calcify-financial-s1-bounded_default Creating 
 Network reef-calcify-financial-s1-bounded_default Creating 
 Volume reef-calcify-financial-s1-bounded_rp2-data Creating 
 Volume reef-calcify-financial-s1-bounded_rp2-data Creating 
 Volume reef-calcify-financial-s1-bounded_rp0-data Creating 
 Volume reef-calcify-financial-s1-bounded_rp1-data Creating 
 Volume reef-calcify-financial-s1-bounded_rp1-data Creating 
 Volume reef-calcify-financial-s1-bounded_rp0-data Creating 
 Volume reef-calcify-financial-s1-bounded_rp2-data Created 
 Volume reef-calcify-financial-s1-bounded_rp2-data Created 
 Volume reef-calcify-financial-s1-bounded_rp1-data Created 
 Volume reef-calcify-financial-s1-bounded_rp1-data Created 
 Volume reef-calcify-financial-s1-bounded_rp0-data Created 
 Volume reef-calcify-financial-s1-bounded_rp0-data Created 
 Network reef-calcify-financial-s1-bounded_default Created 
 Network reef-calcify-financial-s1-bounded_default Created 
 Container reef-calcify-financial-s1-bounded-rp2-1 Creating 
 Container reef-calcify-financial-s1-bounded-rp1-1 Creating 
 Container reef-calcify-financial-s1-bounded-rp0-1 Creating 
 Container reef-calcify-financial-s1-bounded-rp0-1 Created 
 Container reef-calcify-financial-s1-bounded-rp1-1 Created 
 Container reef-calcify-financial-s1-bounded-rp2-1 Created 
 Container reef-calcify-financial-s1-bounded-rp2-1 Starting 
 Container reef-calcify-financial-s1-bounded-rp0-1 Starting 
 Container reef-calcify-financial-s1-bounded-rp1-1 Starting 
 Container reef-calcify-financial-s1-bounded-rp0-1 Started 
 Container reef-calcify-financial-s1-bounded-rp2-1 Started 
 Container reef-calcify-financial-s1-bounded-rp1-1 Started 
 Container reef-calcify-financial-s1-bounded-rp1-1 Waiting 
 Container reef-calcify-financial-s1-bounded-rp2-1 Waiting 
 Container reef-calcify-financial-s1-bounded-rp0-1 Waiting 
 Container reef-calcify-financial-s1-bounded-rp0-1 Healthy 
 Container reef-calcify-financial-s1-bounded-rp1-1 Healthy 
 Container reef-calcify-financial-s1-bounded-rp2-1 Healthy 
