{"mode":"init","prefix":"p2-cap-9858d7fa-hot","args":[],"code":0}
SLF4J(W): No SLF4J providers were found.
SLF4J(W): Defaulting to no-operation (NOP) logger implementation
SLF4J(W): See https://www.slf4j.org/codes.html#noProviders for further details.

{"mode":"paired-seed","prefix":"p2-cap-9858d7fa-hot","args":[1000,"hot"],"code":0}
{"waves":1000,"trades":100000,"bytes":373057676,"elapsedMs":11616}
SLF4J(W): No SLF4J providers were found.
SLF4J(W): Defaulting to no-operation (NOP) logger implementation
SLF4J(W): See https://www.slf4j.org/codes.html#noProviders for further details.

{"mode":"measure","prefix":"p2-cap-9858d7fa-hot","args":[100000,120000],"code":0}
{"window":{"elapsedMs":5020,"records":12916,"rate":2572.666794659296}}
{"window":{"elapsedMs":10083,"records":37400,"rate":4835.82209679273}}
{"window":{"elapsedMs":15093,"records":64086,"rate":5326.594085351804}}
{"window":{"elapsedMs":20124,"records":89276,"rate":5007.166867861085}}
{"result":{"expected":100000,"records":100000,"unique":100000,"duplicates":0,"identityChecks":true,"outputBytes":208555000,"elapsedMs":22430,"activeMs":20242,"durableRate":4940.124232763156,"pass":true,"windows":[{"elapsedMs":5020,"records":12916,"rate":2572.666794659296},{"elapsedMs":10083,"records":37400,"rate":4835.82209679273},{"elapsedMs":15093,"records":64086,"rate":5326.594085351804},{"elapsedMs":20124,"records":89276,"rate":5007.166867861085}]}}
SLF4J(W): No SLF4J providers were found.
SLF4J(W): Defaulting to no-operation (NOP) logger implementation
SLF4J(W): See https://www.slf4j.org/codes.html#noProviders for further details.

{"mode":"paired-oracle","prefix":"p2-cap-9858d7fa-hot","args":[100000],"code":0}
{"result":{"records":100000,"expected":100000,"fullFactParity":true,"orderedUnique":true,"pass":true}}
SLF4J(W): No SLF4J providers were found.
SLF4J(W): Defaulting to no-operation (NOP) logger implementation
SLF4J(W): See https://www.slf4j.org/codes.html#noProviders for further details.

