[0.270s][info][jfr,startup] Started recording 1.
[0.270s][info][jfr,startup] 
[0.270s][info][jfr,startup] Use jcmd 13575 JFR.dump name=1 to copy recording data to file.
SLF4J(W): No SLF4J providers were found.
SLF4J(W): Defaulting to no-operation (NOP) logger implementation
SLF4J(W): See https://www.slf4j.org/codes.html#noProviders for further details.
STATE CREATED -> REBALANCING
STATE REBALANCING -> RUNNING
{"partition":0,"stats":{"generation":1,"partition":0,"sourceCursor":226,"stagedInputOffset":22647,"resolvedCount":22648,"pendingCount":0,"indexedCount":45400,"decodedCount":227,"outputBytes":46963524,"faultSuffixCount":0,"faultInputOffset":-1,"fault":""}}
{"partition":1,"stats":{"generation":1,"partition":1,"sourceCursor":-1,"stagedInputOffset":-1,"resolvedCount":0,"pendingCount":0,"indexedCount":0,"decodedCount":0,"outputBytes":0,"faultSuffixCount":0,"faultInputOffset":-1,"fault":""}}
{"partition":0,"stats":{"generation":1,"partition":0,"sourceCursor":461,"stagedInputOffset":46112,"resolvedCount":46113,"pendingCount":0,"indexedCount":92400,"decodedCount":462,"outputBytes":95982884,"faultSuffixCount":0,"faultInputOffset":-1,"fault":""}}
{"partition":1,"stats":{"generation":1,"partition":1,"sourceCursor":-1,"stagedInputOffset":-1,"resolvedCount":0,"pendingCount":0,"indexedCount":0,"decodedCount":0,"outputBytes":0,"faultSuffixCount":0,"faultInputOffset":-1,"fault":""}}
{"partition":0,"stats":{"generation":1,"partition":0,"sourceCursor":723,"stagedInputOffset":72309,"resolvedCount":72310,"pendingCount":0,"indexedCount":144800,"decodedCount":724,"outputBytes":150709468,"faultSuffixCount":0,"faultInputOffset":-1,"fault":""}}
{"partition":1,"stats":{"generation":1,"partition":1,"sourceCursor":-1,"stagedInputOffset":-1,"resolvedCount":0,"pendingCount":0,"indexedCount":0,"decodedCount":0,"outputBytes":0,"faultSuffixCount":0,"faultInputOffset":-1,"fault":""}}
{"partition":0,"stats":{"generation":1,"partition":0,"sourceCursor":981,"stagedInputOffset":98132,"resolvedCount":98133,"pendingCount":0,"indexedCount":196400,"decodedCount":982,"outputBytes":204654724,"faultSuffixCount":0,"faultInputOffset":-1,"fault":""}}
{"partition":1,"stats":{"generation":1,"partition":1,"sourceCursor":-1,"stagedInputOffset":-1,"resolvedCount":0,"pendingCount":0,"indexedCount":0,"decodedCount":0,"outputBytes":0,"faultSuffixCount":0,"faultInputOffset":-1,"fault":""}}
{"partition":1,"stats":{"generation":1,"partition":1,"sourceCursor":-1,"stagedInputOffset":-1,"resolvedCount":0,"pendingCount":0,"indexedCount":0,"decodedCount":0,"outputBytes":0,"faultSuffixCount":0,"faultInputOffset":-1,"fault":""}}
{"partition":0,"stats":{"generation":1,"partition":0,"sourceCursor":999,"stagedInputOffset":99999,"resolvedCount":100000,"pendingCount":0,"indexedCount":200000,"decodedCount":1000,"outputBytes":208555000,"faultSuffixCount":0,"faultInputOffset":-1,"fault":""}}
STATE RUNNING -> PENDING_SHUTDOWN
{"partition":1,"stats":{}}
{"partition":0,"stats":{}}
STATE PENDING_SHUTDOWN -> NOT_RUNNING
