TAP version 13
# Subtest: rate supervision binds exact command, output, allocation categories and finite timeout
ok 1 - rate supervision binds exact command, output, allocation categories and finite timeout
  ---
  duration_ms: 2.432917
  type: 'test'
  ...
# Subtest: actual financial runtime directories and full registry must match supervised resource identity
ok 2 - actual financial runtime directories and full registry must match supervised resource identity
  ---
  duration_ms: 0.983125
  type: 'test'
  ...
# Subtest: supervisor evidence mismatch refuses before dependency setup; failed supervision still closes
ok 3 - supervisor evidence mismatch refuses before dependency setup; failed supervision still closes
  ---
  duration_ms: 5.41975
  type: 'test'
  ...
# Subtest: actual supervised child receives frozen environment through owned launch
ok 4 - actual supervised child receives frozen environment through owned launch
  ---
  duration_ms: 287.569125
  type: 'test'
  ...
1..4
# tests 4
# suites 0
# pass 4
# fail 0
# cancelled 0
# skipped 0
# todo 0
# duration_ms 351.456
