TAP version 13
# Subtest: finite bootstrap freeze remains empirical and never manufactures heap costs
ok 1 - finite bootstrap freeze remains empirical and never manufactures heap costs
  ---
  duration_ms: 1.326
  type: 'test'
  ...
# Subtest: bootstrap refuses cohort expansion, changed caps, conventional arms and mismatched review
ok 2 - bootstrap refuses cohort expansion, changed caps, conventional arms and mismatched review
  ---
  duration_ms: 0.837875
  type: 'test'
  ...
# Subtest: executable bootstrap binds raw review, fixture, config and complete source bytes
ok 3 - executable bootstrap binds raw review, fixture, config and complete source bytes
  ---
  duration_ms: 42.278667
  type: 'test'
  ...
# Subtest: bootstrap measured validator binds counts recovery heap raw bytes and all physical receipts
ok 4 - bootstrap measured validator binds counts recovery heap raw bytes and all physical receipts
  ---
  duration_ms: 27.365291
  type: 'test'
  ...
# Subtest: bootstrap result refuses scope inflation identity drift incomplete counts and recovered fake timing
ok 5 - bootstrap result refuses scope inflation identity drift incomplete counts and recovered fake timing
  ---
  duration_ms: 23.686042
  type: 'test'
  ...
# Subtest: primary and recovery sampled heap both require actual pin strict80percent and finite observations
ok 6 - primary and recovery sampled heap both require actual pin strict80percent and finite observations
  ---
  duration_ms: 18.834333
  type: 'test'
  ...
# Subtest: retained encoded recovery and collector raw evidence reject byte hash ownership and checkpoint mutations
ok 7 - retained encoded recovery and collector raw evidence reject byte hash ownership and checkpoint mutations
  ---
  duration_ms: 31.713875
  type: 'test'
  ...
# Subtest: valid recomputed hashes cannot authorize fake JVM command or inconsistent physical measurements
ok 8 - valid recomputed hashes cannot authorize fake JVM command or inconsistent physical measurements
  ---
  duration_ms: 11.46325
  type: 'test'
  ...
1..8
# tests 8
# suites 0
# pass 8
# fail 0
# cancelled 0
# skipped 0
# todo 0
# duration_ms 210.195875
