TAP version 13
# Subtest: finite bootstrap freeze remains empirical and never manufactures heap costs
ok 1 - finite bootstrap freeze remains empirical and never manufactures heap costs
  ---
  duration_ms: 1.466417
  type: 'test'
  ...
# Subtest: bootstrap refuses cohort expansion, changed caps, conventional arms and mismatched review
ok 2 - bootstrap refuses cohort expansion, changed caps, conventional arms and mismatched review
  ---
  duration_ms: 1.088083
  type: 'test'
  ...
# Subtest: executable bootstrap binds raw review, fixture, config and complete source bytes
ok 3 - executable bootstrap binds raw review, fixture, config and complete source bytes
  ---
  duration_ms: 300.445958
  type: 'test'
  ...
# Subtest: bootstrap measured validator binds counts recovery heap raw bytes and all physical receipts
ok 4 - bootstrap measured validator binds counts recovery heap raw bytes and all physical receipts
  ---
  duration_ms: 45.705459
  type: 'test'
  ...
# Subtest: bootstrap result refuses scope inflation identity drift incomplete counts and recovered fake timing
ok 5 - bootstrap result refuses scope inflation identity drift incomplete counts and recovered fake timing
  ---
  duration_ms: 25.432333
  type: 'test'
  ...
# Subtest: primary and recovery sampled heap both require actual pin strict80percent and finite observations
ok 6 - primary and recovery sampled heap both require actual pin strict80percent and finite observations
  ---
  duration_ms: 21.703458
  type: 'test'
  ...
# Subtest: retained encoded recovery and collector raw evidence reject byte hash ownership and checkpoint mutations
ok 7 - retained encoded recovery and collector raw evidence reject byte hash ownership and checkpoint mutations
  ---
  duration_ms: 37.974208
  type: 'test'
  ...
# Subtest: valid recomputed hashes cannot authorize fake JVM command or inconsistent physical measurements
ok 8 - valid recomputed hashes cannot authorize fake JVM command or inconsistent physical measurements
  ---
  duration_ms: 17.560375
  type: 'test'
  ...
# Subtest: bounded inventory reader rejects oversize and invalid JSON
ok 9 - bounded inventory reader rejects oversize and invalid JSON
  ---
  duration_ms: 7.554417
  type: 'test'
  ...
# Subtest: adapter publishes collector evidence exclusively within frozen proof path
ok 10 - adapter publishes collector evidence exclusively within frozen proof path
  ---
  duration_ms: 12.667833
  type: 'test'
  ...
# Subtest: exact owned RF3 logical replicas distinct from measured broker/local allocation and unknown categories
ok 11 - exact owned RF3 logical replicas distinct from measured broker/local allocation and unknown categories
  ---
  duration_ms: 16.404041
  type: 'test'
  ...
# Subtest: manifest freezes clone and rejects prefix authority, nonRF3, duplicate topics/partitions/brokers/local paths
ok 12 - manifest freezes clone and rejects prefix authority, nonRF3, duplicate topics/partitions/brokers/local paths
  ---
  duration_ms: 2.263958
  type: 'test'
  ...
# Subtest: replica missing duplicate extra identity range API errors and unsafe integers fail with retained raw evidence
ok 13 - replica missing duplicate extra identity range API errors and unsafe integers fail with retained raw evidence
  ---
  duration_ms: 4.041416
  type: 'test'
  ...
# Subtest: stale future and spanning sample windows fail
ok 14 - stale future and spanning sample windows fail
  ---
  duration_ms: 2.296167
  type: 'test'
  ...
# Subtest: Docker exact ownership image mount drift stops before any exec; stopped broker never executed
ok 15 - Docker exact ownership image mount drift stops before any exec; stopped broker never executed
  ---
  duration_ms: 2.700625
  type: 'test'
  ...
# Subtest: strict du KiB conversion rejects unit path numeric errors; raw receipt hashes validated
ok 16 - strict du KiB conversion rejects unit path numeric errors; raw receipt hashes validated
  ---
  duration_ms: 0.841875
  type: 'test'
  ...
# Subtest: collector command failures, output overrun and hang have bounded failure evidence
ok 17 - collector command failures, output overrun and hang have bounded failure evidence
  ---
  duration_ms: 10.855292
  type: 'test'
  ...
# Subtest: signed deltas retain decreasing allocations as reclamation and keep baseline separate
ok 18 - signed deltas retain decreasing allocations as reclamation and keep baseline separate
  ---
  duration_ms: 3.160125
  type: 'test'
  ...
# Subtest: receipt unit and executable mutations fail even with recomputed input hash
ok 19 - receipt unit and executable mutations fail even with recomputed input hash
  ---
  duration_ms: 1.744208
  type: 'test'
  ...
# Subtest: actual local symlink escape rejected before host du
ok 20 - actual local symlink escape rejected before host du
  ---
  duration_ms: 5.260625
  type: 'test'
  ...
# Subtest: opaque category path mapping never authorizes category allocation
ok 21 - opaque category path mapping never authorizes category allocation
  ---
  duration_ms: 0.985125
  type: 'test'
  ...
# Subtest: raw actual operation JSON must semantically derive exact inventory sizes and topic incarnation
ok 22 - raw actual operation JSON must semantically derive exact inventory sizes and topic incarnation
  ---
  duration_ms: 2.240917
  type: 'test'
  ...
# Subtest: unregistered local categories remain explicitly unknown, registered zero allocation measured
ok 23 - unregistered local categories remain explicitly unknown, registered zero allocation measured
  ---
  duration_ms: 1.650167
  type: 'test'
  ...
# Subtest: unsupported measured missing and invented telemetry cannot enter validated evidence
ok 24 - unsupported measured missing and invented telemetry cannot enter validated evidence
  ---
  duration_ms: 5.739209
  type: 'test'
  ...
# Subtest: explicit lower frozen raw budget refuses actual output overflow without raising existing cap
ok 25 - explicit lower frozen raw budget refuses actual output overflow without raising existing cap
  ---
  duration_ms: 1.321
  type: 'test'
  ...
# Subtest: timeout never resumes later Docker/local commands from late executor completion
ok 26 - timeout never resumes later Docker/local commands from late executor completion
  ---
  duration_ms: 45.860042
  type: 'test'
  ...
# Subtest: metadata raw hash and normalized snapshot mutations, extra mounts and missing API receipts rejected
ok 27 - metadata raw hash and normalized snapshot mutations, extra mounts and missing API receipts rejected
  ---
  duration_ms: 3.025333
  type: 'test'
  ...
# Subtest: actual raw requests broker identity partition duplicates and registered ranges all fail closed
ok 28 - actual raw requests broker identity partition duplicates and registered ranges all fail closed
  ---
  duration_ms: 3.304625
  type: 'test'
  ...
# Subtest: capacity lock has fixed shared name in platform temporary directory
ok 29 - capacity lock has fixed shared name in platform temporary directory
  ---
  duration_ms: 1.040042
  type: 'test'
  ...
# Subtest: deadline CAPTURE decision may precede paired SETTLE durable admission
ok 30 - deadline CAPTURE decision may precede paired SETTLE durable admission
  ---
  duration_ms: 1.184375
  type: 'test'
  ...
# Subtest: stage counts reject decided beyond offered and settled beyond admission
ok 31 - stage counts reject decided beyond offered and settled beyond admission
  ---
  duration_ms: 1.390625
  type: 'test'
  ...
# Subtest: preparation stops until E3 correctness and real calibration plus indexed/bounded adapter exist
ok 32 - preparation stops until E3 correctness and real calibration plus indexed/bounded adapter exist
  ---
  duration_ms: 0.22
  type: 'test'
  ...
# Subtest: source/fixture mismatches and fabricated zero-byte calibration cannot freeze runnable policy
ok 33 - source/fixture mismatches and fabricated zero-byte calibration cannot freeze runnable policy
  ---
  duration_ms: 0.171333
  type: 'test'
  ...
# Subtest: aged estimate retains proposed 1m identities; over-budget case explicitly shrinks diagnostic only
ok 34 - aged estimate retains proposed 1m identities; over-budget case explicitly shrinks diagnostic only
  ---
  duration_ms: 0.077375
  type: 'test'
  ...
# Subtest: disk space gate and exact prefunding bound all declared timed plus pending work
ok 35 - disk space gate and exact prefunding bound all declared timed plus pending work
  ---
  duration_ms: 0.159125
  type: 'test'
  ...
# Subtest: measurement separates stage rates; complete parity and all telemetry permit diagnostic pass
ok 36 - measurement separates stage rates; complete parity and all telemetry permit diagnostic pass
  ---
  duration_ms: 0.289958
  type: 'test'
  ...
# Subtest: producer duration miss fails even when output is exact after drain
ok 37 - producer duration miss fails even when output is exact after drain
  ---
  duration_ms: 0.457208
  type: 'test'
  ...
# Subtest: late drain cannot be counted as deadline output or settled financial throughput
ok 38 - late drain cannot be counted as deadline output or settled financial throughput
  ---
  duration_ms: 0.759167
  type: 'test'
  ...
# Subtest: cumulative offered cannot roll back between deadline and final cuts
ok 39 - cumulative offered cannot roll back between deadline and final cuts
  ---
  duration_ms: 0.317792
  type: 'test'
  ...
# Subtest: cumulative admitted cannot roll back between deadline and final cuts
ok 40 - cumulative admitted cannot roll back between deadline and final cuts
  ---
  duration_ms: 0.159833
  type: 'test'
  ...
# Subtest: cumulative decided cannot roll back between deadline and final cuts
ok 41 - cumulative decided cannot roll back between deadline and final cuts
  ---
  duration_ms: 0.137958
  type: 'test'
  ...
# Subtest: cumulative settled cannot roll back between deadline and final cuts
ok 42 - cumulative settled cannot roll back between deadline and final cuts
  ---
  duration_ms: 0.143042
  type: 'test'
  ...
# Subtest: deadline offers cannot exceed frozen expected workload even if final agrees
ok 43 - deadline offers cannot exceed frozen expected workload even if final agrees
  ---
  duration_ms: 0.164625
  type: 'test'
  ...
# Subtest: each cut rejects admission ordering and settlement accounting violations
ok 44 - each cut rejects admission ordering and settlement accounting violations
  ---
  duration_ms: 1.75475
  type: 'test'
  ...
# Subtest: pending may decrease during drain; only missed deadline settlement fails
ok 45 - pending may decrease during drain; only missed deadline settlement fails
  ---
  duration_ms: 0.639083
  type: 'test'
  ...
# Subtest: missing accounting or resource metrics are explicit limited attempt; count inconsistency fails
ok 46 - missing accounting or resource metrics are explicit limited attempt; count inconsistency fails
  ---
  duration_ms: 0.8525
  type: 'test'
  ...
# Subtest: lag growth, over-budget disk and unsupported latency clock cannot silently pass
ok 47 - lag growth, over-budget disk and unsupported latency clock cannot silently pass
  ---
  duration_ms: 0.232041
  type: 'test'
  ...
# Subtest: highest stable measured arm creates fresh/aged 300s pair with same business workload
ok 48 - highest stable measured arm creates fresh/aged 300s pair with same business workload
  ---
  duration_ms: 0.118333
  type: 'test'
  ...
# Subtest: missing restore cost, partial monitoring and observer slowdown remain limited preflight
ok 49 - missing restore cost, partial monitoring and observer slowdown remain limited preflight
  ---
  duration_ms: 0.187292
  type: 'test'
  ...
# Subtest: load and calibration entrypoints refuse before filesystem or adapter work without authorization
ok 50 - load and calibration entrypoints refuse before filesystem or adapter work without authorization
  ---
  duration_ms: 0.429375
  type: 'test'
  ...
# Subtest: calibration overrides cannot undercut measured physical byte budget or use invalid numbers
ok 51 - calibration overrides cannot undercut measured physical byte budget or use invalid numbers
  ---
  duration_ms: 0.48925
  type: 'test'
  ...
# Subtest: valid byte override preserves conservative floor and may increase budget only
ok 52 - valid byte override preserves conservative floor and may increase budget only
  ---
  duration_ms: 0.159334
  type: 'test'
  ...
# Subtest: derived per-trade budget must remain safe integer before policy freezes
ok 53 - derived per-trade budget must remain safe integer before policy freezes
  ---
  duration_ms: 0.193042
  type: 'test'
  ...
# Subtest: invalid telemetry produces null derived metrics instead of non-finite values
ok 54 - invalid telemetry produces null derived metrics instead of non-finite values
  ---
  duration_ms: 0.790334
  type: 'test'
  ...
# Subtest: invalid duration and zero trades cannot publish non-finite derived metrics
ok 55 - invalid duration and zero trades cannot publish non-finite derived metrics
  ---
  duration_ms: 0.538834
  type: 'test'
  ...
# Subtest: M3H missing conservative heap evidence blocks legacy real calibration
ok 56 - M3H missing conservative heap evidence blocks legacy real calibration
  ---
  duration_ms: 0.071875
  type: 'test'
  ...
# Subtest: M3H oversized retained heap cannot freeze despite fitting physical budget
ok 57 - M3H oversized retained heap cannot freeze despite fitting physical budget
  ---
  duration_ms: 0.068833
  type: 'test'
  ...
# Subtest: M3H finite checked formula includes timed+aged identities, pending and both reserves
ok 58 - M3H finite checked formula includes timed+aged identities, pending and both reserves
  ---
  duration_ms: 0.191375
  type: 'test'
  ...
# Subtest: M3H numeric controls reject missing, string, negative, NaN, infinity, unsafe and fractional values
ok 59 - M3H numeric controls reject missing, string, negative, NaN, infinity, unsafe and fractional values
  ---
  duration_ms: 1.672167
  type: 'test'
  ...
# Subtest: M3H child lower max recomputes limit, higher unauthorized max cannot raise request cap
ok 60 - M3H child lower max recomputes limit, higher unauthorized max cannot raise request cap
  ---
  duration_ms: 0.152625
  type: 'test'
  ...
# Subtest: M3H equality, unsupported counts and multiplication/addition overflow refuse
ok 61 - M3H equality, unsupported counts and multiplication/addition overflow refuse
  ---
  duration_ms: 0.203167
  type: 'test'
  ...
# Subtest: M3H fresh and aged overrun block without silently shrinking original heap workload
ok 62 - M3H fresh and aged overrun block without silently shrinking original heap workload
  ---
  duration_ms: 0.154875
  type: 'test'
  ...
# Subtest: M3H candidate/config/fixture/build/VM/review mismatch or legacy averages refuse
ok 63 - M3H candidate/config/fixture/build/VM/review mismatch or legacy averages refuse
  ---
  duration_ms: 0.506458
  type: 'test'
  ...
# Subtest: M3H executable raw bound/capability/review/fixture bytes hash and exact scope verified before adapter read
ok 64 - M3H executable raw bound/capability/review/fixture bytes hash and exact scope verified before adapter read
  ---
  duration_ms: 61.5195
  type: 'test'
  ...
# Subtest: M3H synthetic evidence and unpinned launcher cannot authorize executable load
ok 65 - M3H synthetic evidence and unpinned launcher cannot authorize executable load
  ---
  duration_ms: 11.169625
  type: 'test'
  ...
# Subtest: M3H runtime guard failure or missing lifecycle observation cannot publish diagnostic success
ok 66 - M3H runtime guard failure or missing lifecycle observation cannot publish diagnostic success
  ---
  duration_ms: 1.237291
  type: 'test'
  ...
# Subtest: M3H capability timeout escalates TERM to KILL with bounded output and retained process error
ok 67 - M3H capability timeout escalates TERM to KILL with bounded output and retained process error
  ---
  duration_ms: 19.311208
  type: 'test'
  ...
# Subtest: M3H symlink outside policy ownership and valid hash with changed raw identity refuse
ok 68 - M3H symlink outside policy ownership and valid hash with changed raw identity refuse
  ---
  duration_ms: 10.446583
  type: 'test'
  ...
# Subtest: rate supervision binds exact command, output, allocation categories and finite timeout
ok 69 - rate supervision binds exact command, output, allocation categories and finite timeout
  ---
  duration_ms: 3.95225
  type: 'test'
  ...
# Subtest: actual financial runtime directories and full registry must match supervised resource identity
ok 70 - actual financial runtime directories and full registry must match supervised resource identity
  ---
  duration_ms: 1.072875
  type: 'test'
  ...
# Subtest: supervisor evidence mismatch refuses before dependency setup; failed supervision still closes
ok 71 - supervisor evidence mismatch refuses before dependency setup; failed supervision still closes
  ---
  duration_ms: 8.633125
  type: 'test'
  ...
# Subtest: actual supervised child receives frozen environment through owned launch
ok 72 - actual supervised child receives frozen environment through owned launch
  ---
  duration_ms: 315.819542
  type: 'test'
  ...
# Subtest: all actual financial modes reject raw unregistered config before dependency setup
ok 73 - all actual financial modes reject raw unregistered config before dependency setup
  ---
  duration_ms: 7.04175
  type: 'test'
  ...
# Subtest: actual financial runtime validates planned new paths and refuses symlinked registered directory before launch
ok 74 - actual financial runtime validates planned new paths and refuses symlinked registered directory before launch
  ---
  duration_ms: 7.856792
  type: 'test'
  ...
1..74
# tests 74
# suites 0
# pass 74
# fail 0
# cancelled 0
# skipped 0
# todo 0
# duration_ms 516.435333
