TAP version 13
# Subtest: declared Kafka endpoints freeze exact unique loopback ports and broker-ordered bootstrap literal
ok 1 - declared Kafka endpoints freeze exact unique loopback ports and broker-ordered bootstrap literal
  ---
  duration_ms: 1.780583
  type: 'test'
  ...
# Subtest: every pinned Kafka sample uses actual raw Docker port bindings, never declared summary metadata
ok 2 - every pinned Kafka sample uses actual raw Docker port bindings, never declared summary metadata
  ---
  duration_ms: 0.752167
  type: 'test'
  ...
# Subtest: fixed budgets retain bounded correctness profile
ok 3 - fixed budgets retain bounded correctness profile
  ---
  duration_ms: 0.387792
  type: 'test'
  ...
# Subtest: preflight rejects unsupported schema, duplicate IDs, scope and wrapper paths
ok 4 - preflight rejects unsupported schema, duplicate IDs, scope and wrapper paths
  ---
  duration_ms: 0.414417
  type: 'test'
  ...
# Subtest: frozen preflight clone prevents caller changing cleanup resources
ok 5 - frozen preflight clone prevents caller changing cleanup resources
  ---
  duration_ms: 0.104208
  type: 'test'
  ...
# Subtest: exact resource set and labels required on every sample
ok 6 - exact resource set and labels required on every sample
  ---
  duration_ms: 0.2165
  type: 'test'
  ...
# Subtest: negative/nonfinite readings and stale/future heartbeat fail closed
ok 7 - negative/nonfinite readings and stale/future heartbeat fail closed
  ---
  duration_ms: 0.883541
  type: 'test'
  ...
# Subtest: each resource budget aborts at exact threshold
ok 8 - each resource budget aborts at exact threshold
  ---
  duration_ms: 0.172541
  type: 'test'
  ...
# Subtest: host allocation joins broker allocation and cannot be absent, duplicated or logical
ok 9 - host allocation joins broker allocation and cannot be absent, duplicated or logical
  ---
  duration_ms: 0.546458
  type: 'test'
  ...
# Subtest: host allocation registration requires distinct owned categories and proof directory
ok 10 - host allocation registration requires distinct owned categories and proof directory
  ---
  duration_ms: 0.609458
  type: 'test'
  ...
# Subtest: host sampler measures actual allocated blocks and rejects symlink or missing paths
ok 11 - host sampler measures actual allocated blocks and rejects symlink or missing paths
  ---
  duration_ms: 13.287
  type: 'test'
  ...
# Subtest: intentional STOP charges evidenced conservative bound and requires healthy peers
ok 12 - intentional STOP charges evidenced conservative bound and requires healthy peers
  ---
  duration_ms: 0.284208
  type: 'test'
  ...
# Subtest: observer startup throw prevents launch, still stops registered brokers
ok 13 - observer startup throw prevents launch, still stops registered brokers
  ---
  duration_ms: 1.234292
  type: 'test'
  ...
# Subtest: observer throw/stale/hung and sample record failure kill owned group and brokers
ok 14 - observer throw/stale/hung and sample record failure kill owned group and brokers
  ---
  duration_ms: 12.41625
  type: 'test'
  ...
# Subtest: wrapper failure and proof timeout kill owned group and registered brokers
ok 15 - wrapper failure and proof timeout kill owned group and registered brokers
  ---
  duration_ms: 0.6245
  type: 'test'
  ...
# Subtest: success requires final sample and exit status handshake before completion
ok 16 - success requires final sample and exit status handshake before completion
  ---
  duration_ms: 0.307667
  type: 'test'
  ...
# Subtest: final sample failure cannot report successful wrapper as proof completion
ok 17 - final sample failure cannot report successful wrapper as proof completion
  ---
  duration_ms: 0.205958
  type: 'test'
  ...
# Subtest: cleanup failures are recorded and never relabel proof as successful
ok 18 - cleanup failures are recorded and never relabel proof as successful
  ---
  duration_ms: 0.281208
  type: 'test'
  ...
# Subtest: hanging journal, prelaunch interrupt and synchronous cleanup throws fail closed
ok 19 - hanging journal, prelaunch interrupt and synchronous cleanup throws fail closed
  ---
  duration_ms: 45.34575
  type: 'test'
  ...
# Subtest: monitor plus journal elapsed time cannot launch with stale initial sample
ok 20 - monitor plus journal elapsed time cannot launch with stale initial sample
  ---
  duration_ms: 0.253708
  type: 'test'
  ...
# Subtest: slow initial monitor anchors first and later sample starts to sample timestamp
ok 21 - slow initial monitor anchors first and later sample starts to sample timestamp
  ---
  duration_ms: 0.303292
  type: 'test'
  ...
# Subtest: polling clock jump past heartbeat deadline stops owned wrapper before new sample
ok 22 - polling clock jump past heartbeat deadline stops owned wrapper before new sample
  ---
  duration_ms: 0.185959
  type: 'test'
  ...
# Subtest: elapsed launch time cannot continue with stale heartbeat
ok 23 - elapsed launch time cannot continue with stale heartbeat
  ---
  duration_ms: 0.168125
  type: 'test'
  ...
# Subtest: hanging or throwing completion write returns failure after bounded cleanup
ok 24 - hanging or throwing completion write returns failure after bounded cleanup
  ---
  duration_ms: 10.657625
  type: 'test'
  ...
# Subtest: polling jitter within early sample lead keeps strict freshness and bounded cadence
ok 25 - polling jitter within early sample lead keeps strict freshness and bounded cadence
  ---
  duration_ms: 0.418667
  type: 'test'
  ...
# Subtest: real asynchronous monitor/write time and polling jitter stay within five-second sample window
ok 26 - real asynchronous monitor/write time and polling jitter stay within five-second sample window
  ---
  duration_ms: 5087.190166
  type: 'test'
  ...
# Subtest: timed-out completion receives cancellation and cannot publish after delayed data write
ok 27 - timed-out completion receives cancellation and cannot publish after delayed data write
  ---
  duration_ms: 61.809334
  type: 'test'
  ...
# Subtest: Attempt2 cycle2 preflight requires exactly one adjacent literal phase flag and directory
ok 28 - Attempt2 cycle2 preflight requires exactly one adjacent literal phase flag and directory
  ---
  duration_ms: 4.052958
  type: 'test'
  ...
# {"control":"three-second-parent-recovery","startingSamples":[27600,28400,29200],"grantAtMs":26800,"recoveryDeadlineMs":56800,"scope":"actual adapter and file protocol; injected Docker and monotonic clock"}
# Subtest: Attempt2 cycle2 three-second recovery records multiple measured starting samples; other phases keep five-second cadence
ok 29 - Attempt2 cycle2 three-second recovery records multiple measured starting samples; other phases keep five-second cadence
  ---
  duration_ms: 511.495292
  type: 'test'
  ...
# Subtest: Attempt2 group2 actual adapter and file protocol accept one STOP starting healthy cycle with stable reservation
ok 30 - Attempt2 group2 actual adapter and file protocol accept one STOP starting healthy cycle with stable reservation
  ---
  duration_ms: 273.377166
  type: 'test'
  ...
# {"control":"healthy-only-restriction-mutant","orderedObservations":["healthy","stopped","starting"],"rejectedAt":"starting","scope":"single predicate restriction mutation; not complete old source"}
# Subtest: Attempt2 healthy-only restriction mutant reaches STOP then rejects actual adapter starting observation
ok 31 - Attempt2 healthy-only restriction mutant reaches STOP then rejects actual adapter starting observation
  ---
  duration_ms: 4.550584
  type: 'test'
  ...
# Subtest: Attempt2 group1 initial stopped starting unhealthy and unconfigured fault reject before launch
ok 32 - Attempt2 group1 initial stopped starting unhealthy and unconfigured fault reject before launch
  ---
  duration_ms: 35.159875
  type: 'test'
  ...
# Subtest: Attempt2 group3 START requires authorized directly observed stopped barrier even without periodic STOP sample
ok 33 - Attempt2 group3 START requires authorized directly observed stopped barrier even without periodic STOP sample
  ---
  duration_ms: 3.013042
  type: 'test'
  ...
# Subtest: Attempt2 group4 exact identity artifacts immutable replay path and missing ACK fail closed
ok 34 - Attempt2 group4 exact identity artifacts immutable replay path and missing ACK fail closed
  ---
  duration_ms: 7.771959
  type: 'test'
  ...
# Subtest: Attempt2 group5 either peer lifecycle health and generation fail in every phase
ok 35 - Attempt2 group5 either peer lifecycle health and generation fail in every phase
  ---
  duration_ms: 57.399084
  type: 'test'
  ...
# Subtest: Attempt2 group6 target invalid grace second generation stopped-after-running and old probe fail
ok 36 - Attempt2 group6 target invalid grace second generation stopped-after-running and old probe fail
  ---
  duration_ms: 16.978791
  type: 'test'
  ...
# Subtest: Attempt2 group7 fixed recovery deadline boundaries persistence and starting never renew anchor
ok 37 - Attempt2 group7 fixed recovery deadline boundaries persistence and starting never renew anchor
  ---
  duration_ms: 7.823917
  type: 'test'
  ...
# Subtest: Attempt2 group8 target du bound strict malformed and observer hung retain fixed charged bytes
ok 38 - Attempt2 group8 target du bound strict malformed and observer hung retain fixed charged bytes
  ---
  duration_ms: 42.836125
  type: 'test'
  ...
# Subtest: Attempt2 group9 protocol read ACK and authorization evidence cannot suspend strict observer gate
ok 39 - Attempt2 group9 protocol read ACK and authorization evidence cannot suspend strict observer gate
  ---
  duration_ms: 294.80425
  type: 'test'
  ...
# Subtest: Attempt2 group10 incomplete cycle exit cannot complete and rejected raw inspect survives diagnostics failure
ok 40 - Attempt2 group10 incomplete cycle exit cannot complete and rejected raw inspect survives diagnostics failure
  ---
  duration_ms: 14.224625
  type: 'test'
  ...
# Subtest: Docker adapter samples running peers, reserves stopped target and retains registered volumes
ok 41 - Docker adapter samples running peers, reserves stopped target and retains registered volumes
  ---
  duration_ms: 1.559542
  type: 'test'
  ...
# Subtest: Docker adapter does not skip running du failure or accept changed image metadata
ok 42 - Docker adapter does not skip running du failure or accept changed image metadata
  ---
  duration_ms: 2.62625
  type: 'test'
  ...
# Subtest: adapter completion uses atomic synchronous commit rather than uncancellable asynchronous rename
ok 43 - adapter completion uses atomic synchronous commit rather than uncancellable asynchronous rename
  ---
  duration_ms: 23.341958
  type: 'test'
  ...
# Subtest: adapter timed-out temporary data write cannot publish late successful completion
ok 44 - adapter timed-out temporary data write cannot publish late successful completion
  ---
  duration_ms: 236.120084
  type: 'test'
  ...
# Subtest: adapter checks elapsed deadline before commit when write continuation delays timer callback
ok 45 - adapter checks elapsed deadline before commit when write continuation delays timer callback
  ---
  duration_ms: 217.57275
  type: 'test'
  ...
# Subtest: synchronous adapter commit cannot interleave with timeout callback at publication boundary
ok 46 - synchronous adapter commit cannot interleave with timeout callback at publication boundary
  ---
  duration_ms: 1081.173
  type: 'test'
  ...
# Subtest: observer failure stops active owned wrapper/STOP leaf while sentinel survives
ok 47 - observer failure stops active owned wrapper/STOP leaf while sentinel survives
  ---
  duration_ms: 482.001792
  type: 'test'
  ...
# Subtest: owned group kills stopped TERM-resistant leaf after leader exits; unrelated sentinel survives
ok 48 - owned group kills stopped TERM-resistant leaf after leader exits; unrelated sentinel survives
  ---
  duration_ms: 783.136459
  type: 'test'
  ...
1..48
# tests 48
# suites 0
# pass 48
# fail 0
# cancelled 0
# skipped 0
# todo 0
# duration_ms 9403.105666
