TAP version 13
# Subtest: declared Kafka endpoints freeze exact unique loopback ports and broker-ordered bootstrap literal
ok 1 - declared Kafka endpoints freeze exact unique loopback ports and broker-ordered bootstrap literal
  ---
  duration_ms: 2.011708
  type: 'test'
  ...
# Subtest: every pinned Kafka sample uses actual raw Docker port bindings, never declared summary metadata
ok 2 - every pinned Kafka sample uses actual raw Docker port bindings, never declared summary metadata
  ---
  duration_ms: 0.877875
  type: 'test'
  ...
# Subtest: actual Docker dependency factory rejects foreign published port before allocation and prelaunch
ok 3 - actual Docker dependency factory rejects foreign published port before allocation and prelaunch
  ---
  duration_ms: 6.441625
  type: 'test'
  ...
# Subtest: fixed budgets retain bounded correctness profile
ok 4 - fixed budgets retain bounded correctness profile
  ---
  duration_ms: 0.099875
  type: 'test'
  ...
# Subtest: preflight rejects unsupported schema, duplicate IDs, scope and wrapper paths
ok 5 - preflight rejects unsupported schema, duplicate IDs, scope and wrapper paths
  ---
  duration_ms: 0.30225
  type: 'test'
  ...
# Subtest: frozen preflight clone prevents caller changing cleanup resources
ok 6 - frozen preflight clone prevents caller changing cleanup resources
  ---
  duration_ms: 0.088917
  type: 'test'
  ...
# Subtest: exact resource set and labels required on every sample
ok 7 - exact resource set and labels required on every sample
  ---
  duration_ms: 0.218333
  type: 'test'
  ...
# Subtest: negative/nonfinite readings and stale/future heartbeat fail closed
ok 8 - negative/nonfinite readings and stale/future heartbeat fail closed
  ---
  duration_ms: 0.419292
  type: 'test'
  ...
# Subtest: each resource budget aborts at exact threshold
ok 9 - each resource budget aborts at exact threshold
  ---
  duration_ms: 0.35925
  type: 'test'
  ...
# Subtest: host allocation joins broker allocation and cannot be absent, duplicated or logical
ok 10 - host allocation joins broker allocation and cannot be absent, duplicated or logical
  ---
  duration_ms: 0.540209
  type: 'test'
  ...
# Subtest: host allocation registration requires distinct owned categories and proof directory
ok 11 - host allocation registration requires distinct owned categories and proof directory
  ---
  duration_ms: 0.413292
  type: 'test'
  ...
# Subtest: host sampler measures actual allocated blocks and rejects symlink or missing paths
ok 12 - host sampler measures actual allocated blocks and rejects symlink or missing paths
  ---
  duration_ms: 9.63525
  type: 'test'
  ...
# Subtest: intentional STOP charges evidenced conservative bound and requires healthy peers
ok 13 - intentional STOP charges evidenced conservative bound and requires healthy peers
  ---
  duration_ms: 0.288834
  type: 'test'
  ...
# Subtest: observer startup throw prevents launch, still stops registered brokers
ok 14 - observer startup throw prevents launch, still stops registered brokers
  ---
  duration_ms: 1.310041
  type: 'test'
  ...
# Subtest: observer throw/stale/hung and sample record failure kill owned group and brokers
ok 15 - observer throw/stale/hung and sample record failure kill owned group and brokers
  ---
  duration_ms: 12.406583
  type: 'test'
  ...
# Subtest: wrapper failure and proof timeout kill owned group and registered brokers
ok 16 - wrapper failure and proof timeout kill owned group and registered brokers
  ---
  duration_ms: 0.808542
  type: 'test'
  ...
# Subtest: success requires final sample and exit status handshake before completion
ok 17 - success requires final sample and exit status handshake before completion
  ---
  duration_ms: 0.830458
  type: 'test'
  ...
# Subtest: final sample failure cannot report successful wrapper as proof completion
ok 18 - final sample failure cannot report successful wrapper as proof completion
  ---
  duration_ms: 0.277458
  type: 'test'
  ...
# Subtest: cleanup failures are recorded and never relabel proof as successful
ok 19 - cleanup failures are recorded and never relabel proof as successful
  ---
  duration_ms: 0.355709
  type: 'test'
  ...
# Subtest: hanging journal, prelaunch interrupt and synchronous cleanup throws fail closed
ok 20 - hanging journal, prelaunch interrupt and synchronous cleanup throws fail closed
  ---
  duration_ms: 44.766417
  type: 'test'
  ...
# Subtest: monitor plus journal elapsed time cannot launch with stale initial sample
ok 21 - monitor plus journal elapsed time cannot launch with stale initial sample
  ---
  duration_ms: 0.204125
  type: 'test'
  ...
# Subtest: slow initial monitor anchors first and later sample starts to sample timestamp
ok 22 - slow initial monitor anchors first and later sample starts to sample timestamp
  ---
  duration_ms: 0.262333
  type: 'test'
  ...
# Subtest: polling clock jump past heartbeat deadline stops owned wrapper before new sample
ok 23 - polling clock jump past heartbeat deadline stops owned wrapper before new sample
  ---
  duration_ms: 0.133833
  type: 'test'
  ...
# Subtest: elapsed launch time cannot continue with stale heartbeat
ok 24 - elapsed launch time cannot continue with stale heartbeat
  ---
  duration_ms: 0.133167
  type: 'test'
  ...
# Subtest: hanging or throwing completion write returns failure after bounded cleanup
ok 25 - hanging or throwing completion write returns failure after bounded cleanup
  ---
  duration_ms: 11.139
  type: 'test'
  ...
# Subtest: polling jitter within early sample lead keeps strict freshness and bounded cadence
ok 26 - polling jitter within early sample lead keeps strict freshness and bounded cadence
  ---
  duration_ms: 0.346584
  type: 'test'
  ...
# Subtest: real asynchronous monitor/write time and polling jitter stay within five-second sample window
ok 27 - real asynchronous monitor/write time and polling jitter stay within five-second sample window
  ---
  duration_ms: 5088.176334
  type: 'test'
  ...
# Subtest: timed-out completion receives cancellation and cannot publish after delayed data write
ok 28 - timed-out completion receives cancellation and cannot publish after delayed data write
  ---
  duration_ms: 63.019875
  type: 'test'
  ...
# Subtest: Attempt2 cycle2 preflight requires exactly one adjacent literal phase flag and directory
ok 29 - Attempt2 cycle2 preflight requires exactly one adjacent literal phase flag and directory
  ---
  duration_ms: 1.318125
  type: 'test'
  ...
# {"control":"three-second-parent-recovery","startingSamples":[27600,28400,29200],"grantAtMs":26800,"recoveryDeadlineMs":56800,"scope":"actual adapter and file protocol; injected Docker and monotonic clock"}
# Subtest: Attempt2 cycle2 three-second recovery records multiple measured starting samples; other phases keep five-second cadence
ok 30 - Attempt2 cycle2 three-second recovery records multiple measured starting samples; other phases keep five-second cadence
  ---
  duration_ms: 488.334833
  type: 'test'
  ...
# Subtest: Attempt2 group2 actual adapter and file protocol accept one STOP starting healthy cycle with stable reservation
ok 31 - Attempt2 group2 actual adapter and file protocol accept one STOP starting healthy cycle with stable reservation
  ---
  duration_ms: 262.971208
  type: 'test'
  ...
# {"control":"healthy-only-restriction-mutant","orderedObservations":["healthy","stopped","starting"],"rejectedAt":"starting","scope":"single predicate restriction mutation; not complete old source"}
# Subtest: Attempt2 healthy-only restriction mutant reaches STOP then rejects actual adapter starting observation
ok 32 - Attempt2 healthy-only restriction mutant reaches STOP then rejects actual adapter starting observation
  ---
  duration_ms: 4.137541
  type: 'test'
  ...
# Subtest: Attempt2 group1 initial stopped starting unhealthy and unconfigured fault reject before launch
ok 33 - Attempt2 group1 initial stopped starting unhealthy and unconfigured fault reject before launch
  ---
  duration_ms: 37.894167
  type: 'test'
  ...
# Subtest: Attempt2 group3 START requires authorized directly observed stopped barrier even without periodic STOP sample
ok 34 - Attempt2 group3 START requires authorized directly observed stopped barrier even without periodic STOP sample
  ---
  duration_ms: 2.425417
  type: 'test'
  ...
# Subtest: Attempt2 group4 exact identity artifacts immutable replay path and missing ACK fail closed
ok 35 - Attempt2 group4 exact identity artifacts immutable replay path and missing ACK fail closed
  ---
  duration_ms: 8.910625
  type: 'test'
  ...
# Subtest: Attempt2 group5 either peer lifecycle health and generation fail in every phase
ok 36 - Attempt2 group5 either peer lifecycle health and generation fail in every phase
  ---
  duration_ms: 57.842583
  type: 'test'
  ...
# Subtest: Attempt2 group6 target invalid grace second generation stopped-after-running and old probe fail
ok 37 - Attempt2 group6 target invalid grace second generation stopped-after-running and old probe fail
  ---
  duration_ms: 17.194375
  type: 'test'
  ...
# Subtest: Attempt2 group7 fixed recovery deadline boundaries persistence and starting never renew anchor
ok 38 - Attempt2 group7 fixed recovery deadline boundaries persistence and starting never renew anchor
  ---
  duration_ms: 9.017625
  type: 'test'
  ...
# Subtest: Attempt2 group8 target du bound strict malformed and observer hung retain fixed charged bytes
ok 39 - Attempt2 group8 target du bound strict malformed and observer hung retain fixed charged bytes
  ---
  duration_ms: 47.321375
  type: 'test'
  ...
# Subtest: Attempt2 group9 protocol read ACK and authorization evidence cannot suspend strict observer gate
ok 40 - Attempt2 group9 protocol read ACK and authorization evidence cannot suspend strict observer gate
  ---
  duration_ms: 292.5975
  type: 'test'
  ...
# Subtest: Attempt2 group10 incomplete cycle exit cannot complete and rejected raw inspect survives diagnostics failure
ok 41 - Attempt2 group10 incomplete cycle exit cannot complete and rejected raw inspect survives diagnostics failure
  ---
  duration_ms: 11.291583
  type: 'test'
  ...
# Subtest: Docker adapter samples running peers, reserves stopped target and retains registered volumes
ok 42 - Docker adapter samples running peers, reserves stopped target and retains registered volumes
  ---
  duration_ms: 1.024709
  type: 'test'
  ...
# Subtest: Docker adapter does not skip running du failure or accept changed image metadata
ok 43 - Docker adapter does not skip running du failure or accept changed image metadata
  ---
  duration_ms: 1.328959
  type: 'test'
  ...
# Subtest: adapter completion uses atomic synchronous commit rather than uncancellable asynchronous rename
ok 44 - adapter completion uses atomic synchronous commit rather than uncancellable asynchronous rename
  ---
  duration_ms: 23.030667
  type: 'test'
  ...
# Subtest: adapter timed-out temporary data write cannot publish late successful completion
ok 45 - adapter timed-out temporary data write cannot publish late successful completion
  ---
  duration_ms: 234.766959
  type: 'test'
  ...
# Subtest: adapter checks elapsed deadline before commit when write continuation delays timer callback
ok 46 - adapter checks elapsed deadline before commit when write continuation delays timer callback
  ---
  duration_ms: 207.987667
  type: 'test'
  ...
# Subtest: synchronous adapter commit cannot interleave with timeout callback at publication boundary
ok 47 - synchronous adapter commit cannot interleave with timeout callback at publication boundary
  ---
  duration_ms: 1080.339333
  type: 'test'
  ...
# Subtest: observer failure stops active owned wrapper/STOP leaf while sentinel survives
ok 48 - observer failure stops active owned wrapper/STOP leaf while sentinel survives
  ---
  duration_ms: 478.555958
  type: 'test'
  ...
# Subtest: owned group kills stopped TERM-resistant leaf after leader exits; unrelated sentinel survives
ok 49 - owned group kills stopped TERM-resistant leaf after leader exits; unrelated sentinel survives
  ---
  duration_ms: 778.840125
  type: 'test'
  ...
# Subtest: fixed empirical disk profile leaves generic budgets strict and aborts at14GiB
ok 50 - fixed empirical disk profile leaves generic budgets strict and aborts at14GiB
  ---
  duration_ms: 0.8065
  type: 'test'
  ...
# Subtest: capacity lock has fixed shared name in platform temporary directory
ok 51 - capacity lock has fixed shared name in platform temporary directory
  ---
  duration_ms: 0.753333
  type: 'test'
  ...
# Subtest: deadline CAPTURE decision may precede paired SETTLE durable admission
ok 52 - deadline CAPTURE decision may precede paired SETTLE durable admission
  ---
  duration_ms: 1.133458
  type: 'test'
  ...
# Subtest: stage counts reject decided beyond offered and settled beyond admission
ok 53 - stage counts reject decided beyond offered and settled beyond admission
  ---
  duration_ms: 0.931792
  type: 'test'
  ...
# Subtest: preparation stops until E3 correctness and real calibration plus indexed/bounded adapter exist
ok 54 - preparation stops until E3 correctness and real calibration plus indexed/bounded adapter exist
  ---
  duration_ms: 0.177625
  type: 'test'
  ...
# Subtest: source/fixture mismatches and fabricated zero-byte calibration cannot freeze runnable policy
ok 55 - source/fixture mismatches and fabricated zero-byte calibration cannot freeze runnable policy
  ---
  duration_ms: 0.148208
  type: 'test'
  ...
# Subtest: aged estimate retains proposed 1m identities; over-budget case explicitly shrinks diagnostic only
ok 56 - aged estimate retains proposed 1m identities; over-budget case explicitly shrinks diagnostic only
  ---
  duration_ms: 0.109541
  type: 'test'
  ...
# Subtest: disk space gate and exact prefunding bound all declared timed plus pending work
ok 57 - disk space gate and exact prefunding bound all declared timed plus pending work
  ---
  duration_ms: 0.19775
  type: 'test'
  ...
# Subtest: measurement separates stage rates; complete parity and all telemetry permit diagnostic pass
ok 58 - measurement separates stage rates; complete parity and all telemetry permit diagnostic pass
  ---
  duration_ms: 0.203042
  type: 'test'
  ...
# Subtest: producer duration miss fails even when output is exact after drain
ok 59 - producer duration miss fails even when output is exact after drain
  ---
  duration_ms: 0.418292
  type: 'test'
  ...
# Subtest: late drain cannot be counted as deadline output or settled financial throughput
ok 60 - late drain cannot be counted as deadline output or settled financial throughput
  ---
  duration_ms: 0.595042
  type: 'test'
  ...
# Subtest: cumulative offered cannot roll back between deadline and final cuts
ok 61 - cumulative offered cannot roll back between deadline and final cuts
  ---
  duration_ms: 0.272791
  type: 'test'
  ...
# Subtest: cumulative admitted cannot roll back between deadline and final cuts
ok 62 - cumulative admitted cannot roll back between deadline and final cuts
  ---
  duration_ms: 0.151208
  type: 'test'
  ...
# Subtest: cumulative decided cannot roll back between deadline and final cuts
ok 63 - cumulative decided cannot roll back between deadline and final cuts
  ---
  duration_ms: 0.136792
  type: 'test'
  ...
# Subtest: cumulative settled cannot roll back between deadline and final cuts
ok 64 - cumulative settled cannot roll back between deadline and final cuts
  ---
  duration_ms: 0.14575
  type: 'test'
  ...
# Subtest: deadline offers cannot exceed frozen expected workload even if final agrees
ok 65 - deadline offers cannot exceed frozen expected workload even if final agrees
  ---
  duration_ms: 0.157416
  type: 'test'
  ...
# Subtest: each cut rejects admission ordering and settlement accounting violations
ok 66 - each cut rejects admission ordering and settlement accounting violations
  ---
  duration_ms: 0.833208
  type: 'test'
  ...
# Subtest: pending may decrease during drain; only missed deadline settlement fails
ok 67 - pending may decrease during drain; only missed deadline settlement fails
  ---
  duration_ms: 0.468208
  type: 'test'
  ...
# Subtest: missing accounting or resource metrics are explicit limited attempt; count inconsistency fails
ok 68 - missing accounting or resource metrics are explicit limited attempt; count inconsistency fails
  ---
  duration_ms: 0.346791
  type: 'test'
  ...
# Subtest: lag growth, over-budget disk and unsupported latency clock cannot silently pass
ok 69 - lag growth, over-budget disk and unsupported latency clock cannot silently pass
  ---
  duration_ms: 0.150875
  type: 'test'
  ...
# Subtest: highest stable measured arm creates fresh/aged 300s pair with same business workload
ok 70 - highest stable measured arm creates fresh/aged 300s pair with same business workload
  ---
  duration_ms: 0.092833
  type: 'test'
  ...
# Subtest: missing restore cost, partial monitoring and observer slowdown remain limited preflight
ok 71 - missing restore cost, partial monitoring and observer slowdown remain limited preflight
  ---
  duration_ms: 0.5025
  type: 'test'
  ...
# Subtest: load and calibration entrypoints refuse before filesystem or adapter work without authorization
ok 72 - load and calibration entrypoints refuse before filesystem or adapter work without authorization
  ---
  duration_ms: 0.370375
  type: 'test'
  ...
# Subtest: calibration overrides cannot undercut measured physical byte budget or use invalid numbers
ok 73 - calibration overrides cannot undercut measured physical byte budget or use invalid numbers
  ---
  duration_ms: 0.450084
  type: 'test'
  ...
# Subtest: valid byte override preserves conservative floor and may increase budget only
ok 74 - valid byte override preserves conservative floor and may increase budget only
  ---
  duration_ms: 0.1525
  type: 'test'
  ...
# Subtest: derived per-trade budget must remain safe integer before policy freezes
ok 75 - derived per-trade budget must remain safe integer before policy freezes
  ---
  duration_ms: 0.098958
  type: 'test'
  ...
# Subtest: invalid telemetry produces null derived metrics instead of non-finite values
ok 76 - invalid telemetry produces null derived metrics instead of non-finite values
  ---
  duration_ms: 0.736333
  type: 'test'
  ...
# Subtest: invalid duration and zero trades cannot publish non-finite derived metrics
ok 77 - invalid duration and zero trades cannot publish non-finite derived metrics
  ---
  duration_ms: 0.62225
  type: 'test'
  ...
# Subtest: M3H missing conservative heap evidence blocks legacy real calibration
ok 78 - M3H missing conservative heap evidence blocks legacy real calibration
  ---
  duration_ms: 0.09875
  type: 'test'
  ...
# Subtest: M3H oversized retained heap cannot freeze despite fitting physical budget
ok 79 - M3H oversized retained heap cannot freeze despite fitting physical budget
  ---
  duration_ms: 0.077833
  type: 'test'
  ...
# Subtest: M3H finite checked formula includes timed+aged identities, pending and both reserves
ok 80 - M3H finite checked formula includes timed+aged identities, pending and both reserves
  ---
  duration_ms: 0.217959
  type: 'test'
  ...
# Subtest: M3H numeric controls reject missing, string, negative, NaN, infinity, unsafe and fractional values
ok 81 - M3H numeric controls reject missing, string, negative, NaN, infinity, unsafe and fractional values
  ---
  duration_ms: 1.777458
  type: 'test'
  ...
# Subtest: M3H child lower max recomputes limit, higher unauthorized max cannot raise request cap
ok 82 - M3H child lower max recomputes limit, higher unauthorized max cannot raise request cap
  ---
  duration_ms: 0.168708
  type: 'test'
  ...
# Subtest: M3H equality, unsupported counts and multiplication/addition overflow refuse
ok 83 - M3H equality, unsupported counts and multiplication/addition overflow refuse
  ---
  duration_ms: 0.20925
  type: 'test'
  ...
# Subtest: M3H fresh and aged overrun block without silently shrinking original heap workload
ok 84 - M3H fresh and aged overrun block without silently shrinking original heap workload
  ---
  duration_ms: 0.165417
  type: 'test'
  ...
# Subtest: M3H candidate/config/fixture/build/VM/review mismatch or legacy averages refuse
ok 85 - M3H candidate/config/fixture/build/VM/review mismatch or legacy averages refuse
  ---
  duration_ms: 0.501208
  type: 'test'
  ...
# Subtest: M3H executable raw bound/capability/review/fixture bytes hash and exact scope verified before adapter read
ok 86 - M3H executable raw bound/capability/review/fixture bytes hash and exact scope verified before adapter read
  ---
  duration_ms: 21.921791
  type: 'test'
  ...
# Subtest: M3H synthetic evidence and unpinned launcher cannot authorize executable load
ok 87 - M3H synthetic evidence and unpinned launcher cannot authorize executable load
  ---
  duration_ms: 4.424542
  type: 'test'
  ...
# Subtest: M3H runtime guard failure or missing lifecycle observation cannot publish diagnostic success
ok 88 - M3H runtime guard failure or missing lifecycle observation cannot publish diagnostic success
  ---
  duration_ms: 0.795583
  type: 'test'
  ...
# Subtest: M3H capability timeout escalates TERM to KILL with bounded output and retained process error
ok 89 - M3H capability timeout escalates TERM to KILL with bounded output and retained process error
  ---
  duration_ms: 18.795042
  type: 'test'
  ...
# Subtest: M3H symlink outside policy ownership and valid hash with changed raw identity refuse
ok 90 - M3H symlink outside policy ownership and valid hash with changed raw identity refuse
  ---
  duration_ms: 3.7885
  type: 'test'
  ...
# Subtest: empirical timed profile cannot enter conservative or bootstrap admission
ok 91 - empirical timed profile cannot enter conservative or bootstrap admission
  ---
  duration_ms: 0.577167
  type: 'test'
  ...
# Subtest: empirical assessment keeps actual deadline rates and never grants capacity
ok 92 - empirical assessment keeps actual deadline rates and never grants capacity
  ---
  duration_ms: 1.905375
  type: 'test'
  ...
# Subtest: empirical executable boundary verifies owned raw evidence, config and unchanged proof sources
ok 93 - empirical executable boundary verifies owned raw evidence, config and unchanged proof sources
  ---
  duration_ms: 7.2555
  type: 'test'
  ...
# Subtest: rate supervision binds exact command, output, allocation categories and finite timeout
ok 94 - rate supervision binds exact command, output, allocation categories and finite timeout
  ---
  duration_ms: 2.449333
  type: 'test'
  ...
# Subtest: actual financial runtime directories and full registry must match supervised resource identity
ok 95 - actual financial runtime directories and full registry must match supervised resource identity
  ---
  duration_ms: 1.192792
  type: 'test'
  ...
# Subtest: foreign bootstrap endpoint cannot borrow same broker IDs and local resource allocations
ok 96 - foreign bootstrap endpoint cannot borrow same broker IDs and local resource allocations
  ---
  duration_ms: 1.1405
  type: 'test'
  ...
# Subtest: supervisor evidence mismatch refuses before dependency setup; failed supervision still closes
ok 97 - supervisor evidence mismatch refuses before dependency setup; failed supervision still closes
  ---
  duration_ms: 5.718959
  type: 'test'
  ...
# Subtest: actual supervised child receives frozen environment through owned launch
ok 98 - actual supervised child receives frozen environment through owned launch
  ---
  duration_ms: 291.832667
  type: 'test'
  ...
# Subtest: all actual financial modes reject raw unregistered config before dependency setup
ok 99 - all actual financial modes reject raw unregistered config before dependency setup
  ---
  duration_ms: 4.701542
  type: 'test'
  ...
# Subtest: all actual financial modes refuse foreign frozen bootstrap argument before dependencies
ok 100 - all actual financial modes refuse foreign frozen bootstrap argument before dependencies
  ---
  duration_ms: 3.070125
  type: 'test'
  ...
# Subtest: actual financial runtime validates planned new paths and refuses symlinked registered directory before launch
ok 101 - actual financial runtime validates planned new paths and refuses symlinked registered directory before launch
  ---
  duration_ms: 3.243416
  type: 'test'
  ...
# Subtest: empirical resource profile must match frozen policy hash and hard budget
ok 102 - empirical resource profile must match frozen policy hash and hard budget
  ---
  duration_ms: 0.629833
  type: 'test'
  ...
1..102
# tests 102
# suites 0
# pass 102
# fail 0
# cancelled 0
# skipped 0
# todo 0
# duration_ms 9348.002791
