.github/workflows/ci.yml
Makefile
docs/WORK_PLAN.md
docs/evidence/calcify-financial-sprint1/README.md
docs/evidence/calcify-financial-sprint1/recovery.json
docs/work/handoffs/2026-10-04-calcify-financial-sprint1-recovery.md
docs/work/handoffs/calcify-sprint1-unfinished-heap-guard.patch
scripts/dev/calcify-financial/broker-proof.mjs
scripts/dev/calcify-financial/freeze-fixtures.mjs
scripts/dev/calcify-financial/gate-model.mjs
scripts/dev/calcify-financial/gate-model.test.mjs
scripts/dev/calcify-financial/rate-proof.mjs
scripts/dev/calcify-financial/rate-proof.test.mjs
scripts/dev/calcify-financial/reservation-model.mjs
scripts/dev/calcify-financial/reservation-model.test.mjs
scripts/dev/script-surface-check.mjs
services/platform-runtime/src/test/kotlin/com/reef/platform/calcify/financial/FinancialBrokerProbe.kt
services/platform-runtime/src/test/kotlin/com/reef/platform/calcify/financial/FinancialKernel.kt
services/platform-runtime/src/test/kotlin/com/reef/platform/calcify/financial/FinancialKernelTest.kt
services/platform-runtime/src/test/kotlin/com/reef/platform/calcify/financial/FinancialOracle.kt
services/platform-runtime/src/test/kotlin/com/reef/platform/calcify/financial/FinancialOracleTest.kt
services/platform-runtime/src/test/kotlin/com/reef/platform/calcify/financial/FinancialRateProbe.kt
