SLF4J(W): No SLF4J providers were found.
SLF4J(W): Defaulting to no-operation (NOP) logger implementation
SLF4J(W): See https://www.slf4j.org/codes.html#noProviders for further details.
STATE CREATED -> REBALANCING
STATE REBALANCING -> RUNNING
STATE RUNNING -> REBALANCING
STATE REBALANCING -> RUNNING
{"partition":0,"stats":{"generation":1,"partition":0,"sourceCursor":4,"stagedInputOffset":129,"resolvedCount":130,"pendingCount":0,"indexedCount":131,"decodedCount":5,"outputBytes":166885,"fault":""}}
{"partition":0,"stats":{"generation":1,"partition":0,"sourceCursor":4,"stagedInputOffset":129,"resolvedCount":130,"pendingCount":0,"indexedCount":131,"decodedCount":5,"outputBytes":166885,"fault":""}}
{"partition":0,"stats":{"generation":1,"partition":0,"sourceCursor":4,"stagedInputOffset":129,"resolvedCount":130,"pendingCount":0,"indexedCount":131,"decodedCount":5,"outputBytes":166885,"fault":""}}
{"partition":0,"stats":{"generation":1,"partition":0,"sourceCursor":4,"stagedInputOffset":129,"resolvedCount":130,"pendingCount":0,"indexedCount":131,"decodedCount":5,"outputBytes":166885,"fault":"verification generation/lane mismatch"}}
{"partition":0,"stats":{"generation":1,"partition":0,"sourceCursor":4,"stagedInputOffset":129,"resolvedCount":130,"pendingCount":0,"indexedCount":131,"decodedCount":5,"outputBytes":166885,"fault":"verification generation/lane mismatch"}}
{"partition":0,"stats":{"generation":1,"partition":0,"sourceCursor":4,"stagedInputOffset":129,"resolvedCount":130,"pendingCount":0,"indexedCount":131,"decodedCount":5,"outputBytes":166885,"fault":"verification generation/lane mismatch"}}
{"partition":0,"stats":{"generation":1,"partition":0,"sourceCursor":4,"stagedInputOffset":129,"resolvedCount":130,"pendingCount":0,"indexedCount":131,"decodedCount":5,"outputBytes":166885,"fault":"verification generation/lane mismatch"}}
{"partition":0,"stats":{"generation":1,"partition":0,"sourceCursor":4,"stagedInputOffset":129,"resolvedCount":130,"pendingCount":0,"indexedCount":131,"decodedCount":5,"outputBytes":166885,"fault":"verification generation/lane mismatch"}}
{"partition":0,"stats":{"generation":1,"partition":0,"sourceCursor":4,"stagedInputOffset":129,"resolvedCount":130,"pendingCount":0,"indexedCount":131,"decodedCount":5,"outputBytes":166885,"fault":"verification generation/lane mismatch"}}
{"partition":0,"stats":{"generation":1,"partition":0,"sourceCursor":4,"stagedInputOffset":129,"resolvedCount":130,"pendingCount":0,"indexedCount":131,"decodedCount":5,"outputBytes":166885,"fault":"verification generation/lane mismatch"}}
{"partition":0,"stats":{"generation":1,"partition":0,"sourceCursor":4,"stagedInputOffset":129,"resolvedCount":130,"pendingCount":0,"indexedCount":131,"decodedCount":5,"outputBytes":166885,"fault":"verification generation/lane mismatch"}}
{"partition":0,"stats":{"generation":1,"partition":0,"sourceCursor":4,"stagedInputOffset":129,"resolvedCount":130,"pendingCount":0,"indexedCount":131,"decodedCount":5,"outputBytes":166885,"fault":"verification generation/lane mismatch"}}
{"partition":0,"stats":{"generation":1,"partition":0,"sourceCursor":4,"stagedInputOffset":129,"resolvedCount":130,"pendingCount":0,"indexedCount":131,"decodedCount":5,"outputBytes":166885,"fault":"verification generation/lane mismatch"}}
{"partition":0,"stats":{"generation":1,"partition":0,"sourceCursor":4,"stagedInputOffset":129,"resolvedCount":130,"pendingCount":0,"indexedCount":131,"decodedCount":5,"outputBytes":166885,"fault":"verification generation/lane mismatch"}}
STATE RUNNING -> REBALANCING
STATE REBALANCING -> RUNNING
{"partition":0,"stats":{"generation":1,"partition":0,"sourceCursor":4,"stagedInputOffset":129,"resolvedCount":130,"pendingCount":0,"indexedCount":131,"decodedCount":5,"outputBytes":166885,"fault":"verification generation/lane mismatch"}}
STATE RUNNING -> PENDING_SHUTDOWN
{"partition":0,"stats":{}}
{"partition":1,"stats":{}}
STATE PENDING_SHUTDOWN -> NOT_RUNNING
